r0 10s L=1.086 cov=[0.0045, 0.1563] ov=[0.00657, 0.08583] P=4 S=52 arc=0.00 lr=0.25 w_ov=0.1 iou=[0.959, 0.396] acc=10
r1 19s L=1.081 cov=[0.0067, 0.1426] ov=[0.00894, 0.08414] P=4 S=51 arc=0.10 lr=0.35 w_ov=0.102 iou=[0.933, 0.429] acc=14
r2 32s L=1.07 cov=[0.0136, 0.131] ov=[0.0128, 0.0796] P=4 S=52 arc=0.19 lr=0.18 w_ov=0.104 iou=[0.908, 0.47] acc=13
r3 42s L=1.022 cov=[0.005, 0.119] ov=[0.01604, 0.07364] P=4 S=50 arc=0.30 lr=0.18 w_ov=0.106 iou=[0.954, 0.513] acc=16
r4 53s L=1.065 cov=[0.0045, 0.1059] ov=[0.02463, 0.07074] P=4 S=48 arc=0.46 lr=0.18 w_ov=0.108 iou=[0.961, 0.563] acc=6
r5 63s L=1.023 cov=[0.0048, 0.0966] ov=[0.02724, 0.06486] P=4 S=47 arc=0.47 lr=0.25 w_ov=0.111 iou=[0.959, 0.599] acc=9
r6 72s L=1.015 cov=[0.0053, 0.0819] ov=[0.03524, 0.05745] P=4 S=49 arc=0.55 lr=0.35 w_ov=0.113 iou=[0.953, 0.653] acc=12
r7 83s L=0.9907 cov=[0.0128, 0.0552] ov=[0.04965, 0.04252] P=4 S=54 arc=0.56 lr=0.35 w_ov=0.115 iou=[0.915, 0.756] acc=20
r8 95s L=0.9047 cov=[0.012, 0.0353] ov=[0.05338, 0.03226] P=4 S=57 arc=0.63 lr=0.25 w_ov=0.117 iou=[0.917, 0.829] acc=8
r9 106s L=0.8516 cov=[0.0121, 0.026] ov=[0.05371, 0.02754] P=4 S=56 arc=0.64 lr=0.35 w_ov=0.12 iou=[0.916, 0.87] acc=10
r10 117s L=0.7899 cov=[0.0147, 0.0221] ov=[0.0521, 0.02312] P=4 S=61 arc=0.72 lr=0.35 w_ov=0.123 iou=[0.906, 0.884] acc=12
r11 131s L=0.7323 cov=[0.0131, 0.0174] ov=[0.04896, 0.02111] P=4 S=57 arc=0.77 lr=0.18 w_ov=0.125 iou=[0.911, 0.857] acc=7
r12 143s L=0.6294 cov=[0.0136, 0.0169] ov=[0.04204, 0.01775] P=4 S=53 arc=0.81 lr=0.25 w_ov=0.129 iou=[0.91, 0.902] acc=3
r13 156s L=0.6078 cov=[0.0131, 0.0151] ov=[0.04143, 0.01644] P=4 S=51 arc=0.84 lr=0.35 w_ov=0.132 iou=[0.914, 0.914] acc=4
r14 167s L=0.5755 cov=[0.0133, 0.0141] ov=[0.04007, 0.01464] P=4 S=42 arc=0.88 lr=0.35 w_ov=0.135 iou=[0.915, 0.86] acc=3
r15 178s L=0.3577 cov=[0.0139, 0.0248] ov=[0.0226, 0.00923] P=4 S=40 arc=0.75 lr=0.35 w_ov=0.138 iou=[0.911, 0.874] acc=9
r16 188s L=0.3508 cov=[0.0149, 0.0241] ov=[0.02248, 0.00861] P=4 S=45 arc=0.76 lr=0.35 w_ov=0.141 iou=[0.905, 0.878] acc=7
r17 199s L=0.3501 cov=[0.0139, 0.023] ov=[0.02193, 0.0093] P=4 S=43 arc=0.74 lr=0.13 w_ov=0.144 iou=[0.911, 0.881] acc=5
r18 211s L=0.3461 cov=[0.0136, 0.0227] ov=[0.0214, 0.0095] P=4 S=42 arc=0.76 lr=0.13 w_ov=0.147 iou=[0.912, 0.882] acc=3
r19 222s L=0.3371 cov=[0.0135, 0.0226] ov=[0.02072, 0.00929] P=4 S=40 arc=0.80 lr=0.13 w_ov=0.15 iou=[0.912, 0.882] acc=6
r20 233s L=0.3268 cov=[0.0134, 0.0225] ov=[0.02012, 0.00889] P=4 S=39 arc=0.87 lr=0.18 w_ov=0.153 iou=[0.913, 0.882] acc=1
r21 245s L=0.3199 cov=[0.0134, 0.0225] ov=[0.01973, 0.00859] P=4 S=39 arc=0.87 lr=0.088 w_ov=0.156 iou=[0.913, 0.883] acc=1
r22 255s L=0.3132 cov=[0.0132, 0.0226] ov=[0.01932, 0.00834] P=4 S=39 arc=0.87 lr=0.18 w_ov=0.16 iou=[0.915, 0.882] acc=1
r23 265s L=0.3041 cov=[0.0132, 0.0225] ov=[0.01876, 0.008] P=4 S=40 arc=0.88 lr=0.35 w_ov=0.163 iou=[0.915, 0.881] acc=2
r24 277s L=0.3012 cov=[0.0132, 0.0226] ov=[0.01844, 0.00802] P=4 S=40 arc=0.90 lr=0.18 w_ov=0.166 iou=[0.914, 0.882] acc=0
r25 287s L=0.2907 cov=[0.0132, 0.0225] ov=[0.01803, 0.00739] P=4 S=40 arc=0.88 lr=0.088 w_ov=0.17 iou=[0.915, 0.881] acc=3
r26 298s L=0.2847 cov=[0.0132, 0.0224] ov=[0.01767, 0.00716] P=4 S=40 arc=0.88 lr=0.18 w_ov=0.174 iou=[0.914, 0.881] acc=2
r27 310s L=0.2781 cov=[0.0132, 0.0225] ov=[0.01726, 0.00691] P=4 S=40 arc=0.78 lr=0.35 w_ov=0.177 iou=[0.914, 0.882] acc=8
r28 321s L=0.2703 cov=[0.0132, 0.0225] ov=[0.01671, 0.00666] P=4 S=40 arc=0.85 lr=0.088 w_ov=0.181 iou=[0.914, 0.882] acc=3
r29 333s L=0.2621 cov=[0.0132, 0.0225] ov=[0.01629, 0.00627] P=4 S=40 arc=0.88 lr=0.18 w_ov=0.185 iou=[0.916, 0.882] acc=2
r30 344s L=0.2539 cov=[0.0132, 0.0226] ov=[0.01579, 0.00595] P=4 S=40 arc=0.85 lr=0.35 w_ov=0.189 iou=[0.915, 0.881] acc=4
r31 355s L=0.2461 cov=[0.0131, 0.0226] ov=[0.01537, 0.00559] P=4 S=40 arc=0.88 lr=0.18 w_ov=0.194 iou=[0.916, 0.881] acc=2
r32 367s L=0.2378 cov=[0.0132, 0.0226] ov=[0.01489, 0.00523] P=4 S=40 arc=0.85 lr=0.35 w_ov=0.198 iou=[0.915, 0.88] acc=3
r33 379s L=0.2349 cov=[0.0131, 0.0227] ov=[0.0146, 0.00523] P=4 S=40 arc=0.88 lr=0.18 w_ov=0.202 iou=[0.915, 0.883] acc=1
r34 390s L=0.2308 cov=[0.0131, 0.0226] ov=[0.01439, 0.00503] P=4 S=40 arc=0.88 lr=0.088 w_ov=0.207 iou=[0.915, 0.881] acc=2
r35 401s L=0.2253 cov=[0.0133, 0.0225] ov=[0.01408, 0.00479] P=4 S=40 arc=0.82 lr=0.063 w_ov=0.211 iou=[0.915, 0.882] acc=4
r36 412s L=0.219 cov=[0.0132, 0.0227] ov=[0.01359, 0.00464] P=4 S=40 arc=0.85 lr=0.13 w_ov=0.216 iou=[0.915, 0.88] acc=2
r37 423s L=0.2133 cov=[0.0132, 0.0227] ov=[0.01327, 0.00439] P=4 S=40 arc=0.90 lr=0.25 w_ov=0.221 iou=[0.915, 0.879] acc=1
r38 435s L=0.2275 cov=[0.015, 0.023] ov=[0.01403, 0.00484] P=4 S=43 arc=0.81 lr=0.18 w_ov=0.225 iou=[0.905, 0.878] acc=8
r39 446s L=0.2075 cov=[0.0134, 0.0225] ov=[0.01289, 0.00419] P=4 S=40 arc=0.78 lr=0.25 w_ov=0.23 iou=[0.914, 0.879] acc=5
r40 457s L=0.2053 cov=[0.0134, 0.0226] ov=[0.01277, 0.00409] P=4 S=40 arc=0.80 lr=0.016 w_ov=0.236 iou=[0.915, 0.879] acc=3
r41 468s L=0.2052 cov=[0.0134, 0.0226] ov=[0.01276, 0.00409] P=4 S=40 arc=0.88 lr=0.0002 w_ov=0.241 iou=[0.915, 0.879] acc=1
r42 479s L=0.2052 cov=[0.0134, 0.0226] ov=[0.01276, 0.00409] P=4 S=40 arc=0.88 lr=0.0002 w_ov=0.246 iou=[0.915, 0.879] acc=1
r43 490s L=0.2052 cov=[0.0134, 0.0226] ov=[0.01276, 0.00409] P=4 S=40 arc=0.90 lr=0.0002 w_ov=0.251 iou=[0.915, 0.879] acc=0
r44 500s L=0.2052 cov=[0.0134, 0.0226] ov=[0.01276, 0.00409] P=4 S=40 arc=0.90 lr=0.0002 w_ov=0.256 iou=[0.915, 0.879] acc=0
r45 511s L=0.2052 cov=[0.0134, 0.0226] ov=[0.01275, 0.00409] P=4 S=40 arc=0.90 lr=0.0002 w_ov=0.261 iou=[0.915, 0.879] acc=0
r46 523s L=0.2051 cov=[0.0134, 0.0226] ov=[0.01275, 0.00409] P=4 S=40 arc=0.90 lr=0.0002 w_ov=0.267 iou=[0.915, 0.879] acc=0
r47 533s L=0.2051 cov=[0.0134, 0.0226] ov=[0.01275, 0.00409] P=4 S=40 arc=0.90 lr=0.0002 w_ov=0.273 iou=[0.915, 0.879] acc=1
r48 544s L=0.205 cov=[0.0134, 0.0226] ov=[0.01275, 0.00408] P=4 S=40 arc=0.88 lr=0.0002 w_ov=0.278 iou=[0.915, 0.879] acc=2
r49 555s L=0.2049 cov=[0.0134, 0.0226] ov=[0.01274, 0.00408] P=4 S=40 arc=0.88 lr=0.0002 w_ov=0.284 iou=[0.915, 0.879] acc=0
r50 566s L=0.2048 cov=[0.0134, 0.0226] ov=[0.01273, 0.00408] P=4 S=40 arc=0.88 lr=0.0002 w_ov=0.29 iou=[0.915, 0.879] acc=1
r51 577s L=0.2048 cov=[0.0134, 0.0226] ov=[0.01273, 0.00407] P=4 S=40 arc=0.90 lr=0.0002 w_ov=0.296 iou=[0.915, 0.879] acc=0
r52 588s L=0.2047 cov=[0.0134, 0.0226] ov=[0.01272, 0.00407] P=4 S=40 arc=0.93 lr=0.0002 w_ov=0.303 iou=[0.914, 0.879] acc=0
r53 599s L=0.2046 cov=[0.0134, 0.0226] ov=[0.01272, 0.00407] P=4 S=40 arc=0.93 lr=0.0002 w_ov=0.309 iou=[0.915, 0.879] acc=0
r54 609s L=0.2045 cov=[0.0134, 0.0226] ov=[0.01271, 0.00406] P=4 S=40 arc=0.93 lr=0.0002 w_ov=0.316 iou=[0.914, 0.879] acc=1
r55 620s L=0.2045 cov=[0.0134, 0.0226] ov=[0.01271, 0.00406] P=4 S=40 arc=0.95 lr=0.0002 w_ov=0.322 iou=[0.915, 0.879] acc=0
r56 631s L=0.2044 cov=[0.0134, 0.0226] ov=[0.0127, 0.00406] P=4 S=40 arc=0.95 lr=0.0002 w_ov=0.329 iou=[0.915, 0.879] acc=0
r57 642s L=0.2042 cov=[0.0134, 0.0226] ov=[0.0127, 0.00405] P=4 S=40 arc=0.95 lr=0.0002 w_ov=0.336 iou=[0.915, 0.879] acc=0
r58 653s L=0.2041 cov=[0.0134, 0.0226] ov=[0.01269, 0.00405] P=4 S=40 arc=0.93 lr=0.0002 w_ov=0.343 iou=[0.914, 0.879] acc=1
r59 664s L=0.204 cov=[0.0134, 0.0226] ov=[0.01268, 0.00404] P=4 S=40 arc=0.90 lr=0.0002 w_ov=0.35 iou=[0.915, 0.879] acc=1
r60 674s L=0.2039 cov=[0.0134, 0.0226] ov=[0.01268, 0.00404] P=4 S=40 arc=0.90 lr=0.0002 w_ov=0.357 iou=[0.915, 0.879] acc=1
r61 685s L=0.2037 cov=[0.0134, 0.0226] ov=[0.01267, 0.00403] P=4 S=40 arc=0.88 lr=0.0002 w_ov=0.365 iou=[0.915, 0.879] acc=2
r62 696s L=0.2036 cov=[0.0134, 0.0226] ov=[0.01266, 0.00402] P=4 S=40 arc=0.88 lr=0.0002 w_ov=0.372 iou=[0.915, 0.879] acc=1
r63 707s L=0.2034 cov=[0.0134, 0.0226] ov=[0.01265, 0.00402] P=4 S=40 arc=0.90 lr=0.0002 w_ov=0.38 iou=[0.915, 0.879] acc=1
r64 717s L=0.2033 cov=[0.0134, 0.0226] ov=[0.01264, 0.00401] P=4 S=40 arc=0.88 lr=0.0002 w_ov=0.388 iou=[0.915, 0.879] acc=2
r65 728s L=0.2031 cov=[0.0134, 0.0226] ov=[0.01263, 0.004] P=4 S=40 arc=0.85 lr=0.0002 w_ov=0.396 iou=[0.915, 0.879] acc=2
r66 739s L=0.203 cov=[0.0134, 0.0226] ov=[0.01262, 0.004] P=4 S=40 arc=0.88 lr=0.0002 w_ov=0.405 iou=[0.915, 0.879] acc=3
r67 750s L=0.2028 cov=[0.0134, 0.0226] ov=[0.01261, 0.00399] P=4 S=40 arc=0.88 lr=0.0002 w_ov=0.413 iou=[0.915, 0.879] acc=1
r68 762s L=0.2026 cov=[0.0134, 0.0226] ov=[0.0126, 0.00398] P=4 S=40 arc=0.85 lr=0.0002 w_ov=0.422 iou=[0.915, 0.879] acc=2
r69 772s L=0.2024 cov=[0.0134, 0.0226] ov=[0.01259, 0.00397] P=4 S=40 arc=0.88 lr=0.0002 w_ov=0.431 iou=[0.915, 0.879] acc=0
r70 783s L=0.2021 cov=[0.0134, 0.0226] ov=[0.01258, 0.00396] P=4 S=40 arc=0.90 lr=0.0002 w_ov=0.44 iou=[0.915, 0.879] acc=0
r71 794s L=0.2019 cov=[0.0134, 0.0226] ov=[0.01256, 0.00395] P=4 S=40 arc=0.88 lr=0.0002 w_ov=0.449 iou=[0.915, 0.879] acc=1
r72 804s L=0.2017 cov=[0.0134, 0.0226] ov=[0.01255, 0.00394] P=4 S=40 arc=0.88 lr=0.00028 w_ov=0.459 iou=[0.915, 0.879] acc=0
r73 814s L=0.2014 cov=[0.0134, 0.0226] ov=[0.01253, 0.00393] P=4 S=40 arc=0.88 lr=0.0002 w_ov=0.468 iou=[0.915, 0.879] acc=0
r74 825s L=0.2011 cov=[0.0134, 0.0226] ov=[0.01252, 0.00391] P=4 S=40 arc=0.88 lr=0.0002 w_ov=0.477 iou=[0.915, 0.879] acc=1
r75 836s L=0.2009 cov=[0.0134, 0.0226] ov=[0.0125, 0.0039] P=4 S=40 arc=0.88 lr=0.0002 w_ov=0.487 iou=[0.915, 0.879] acc=0
r76 847s L=0.2006 cov=[0.0134, 0.0227] ov=[0.01249, 0.00389] P=4 S=40 arc=0.88 lr=0.00028 w_ov=0.497 iou=[0.915, 0.879] acc=3
r77 858s L=0.2003 cov=[0.0134, 0.0227] ov=[0.01247, 0.00388] P=4 S=40 arc=0.90 lr=0.0002 w_ov=0.508 iou=[0.915, 0.879] acc=1
r78 869s L=0.2 cov=[0.0134, 0.0227] ov=[0.01245, 0.00386] P=4 S=40 arc=0.93 lr=0.0002 w_ov=0.519 iou=[0.915, 0.879] acc=0
r79 880s L=0.1997 cov=[0.0134, 0.0227] ov=[0.01243, 0.00385] P=4 S=40 arc=0.93 lr=0.0002 w_ov=0.53 iou=[0.915, 0.879] acc=0
r80 891s L=0.1994 cov=[0.0134, 0.0227] ov=[0.01241, 0.00384] P=4 S=40 arc=0.93 lr=0.0002 w_ov=0.541 iou=[0.915, 0.879] acc=1
r81 901s L=0.1991 cov=[0.0134, 0.0227] ov=[0.01239, 0.00382] P=4 S=40 arc=0.93 lr=0.0002 w_ov=0.552 iou=[0.914, 0.878] acc=0
r82 911s L=0.1987 cov=[0.0134, 0.0227] ov=[0.01237, 0.00381] P=4 S=40 arc=0.88 lr=0.0002 w_ov=0.563 iou=[0.914, 0.878] acc=3
r83 922s L=0.1984 cov=[0.0134, 0.0227] ov=[0.01236, 0.00379] P=4 S=40 arc=0.88 lr=0.0002 w_ov=0.575 iou=[0.915, 0.878] acc=0
r84 933s L=0.1981 cov=[0.0134, 0.0227] ov=[0.01234, 0.00378] P=4 S=40 arc=0.88 lr=0.0002 w_ov=0.586 iou=[0.915, 0.878] acc=0
r85 944s L=0.1977 cov=[0.0134, 0.0227] ov=[0.01231, 0.00376] P=4 S=39 arc=0.90 lr=0.00028 w_ov=0.599 iou=[0.913, 0.879] acc=2
r86 955s L=0.1952 cov=[0.0136, 0.0227] ov=[0.01229, 0.00352] P=4 S=39 arc=0.90 lr=0.0002 w_ov=0.612 iou=[0.913, 0.878] acc=0
r87 966s L=0.1948 cov=[0.0136, 0.0227] ov=[0.01226, 0.00351] P=4 S=39 arc=0.90 lr=0.0002 w_ov=0.625 iou=[0.913, 0.878] acc=1
r88 977s L=0.1944 cov=[0.0136, 0.0227] ov=[0.01224, 0.00349] P=4 S=39 arc=0.90 lr=0.0002 w_ov=0.639 iou=[0.913, 0.878] acc=1
r89 988s L=0.194 cov=[0.0136, 0.0227] ov=[0.01221, 0.00347] P=4 S=39 arc=0.92 lr=0.0002 w_ov=0.652 iou=[0.913, 0.878] acc=0
r90 1000s L=0.1936 cov=[0.0136, 0.0228] ov=[0.01219, 0.00346] P=4 S=39 arc=0.92 lr=0.0002 w_ov=0.666 iou=[0.913, 0.878] acc=0
r91 1011s L=0.1931 cov=[0.0136, 0.0228] ov=[0.01216, 0.00344] P=4 S=39 arc=0.92 lr=0.00028 w_ov=0.681 iou=[0.913, 0.878] acc=1
r92 1023s L=0.1926 cov=[0.0136, 0.0228] ov=[0.01213, 0.00342] P=4 S=39 arc=0.92 lr=0.00028 w_ov=0.696 iou=[0.913, 0.878] acc=2
r93 1033s L=0.1919 cov=[0.0136, 0.0228] ov=[0.01208, 0.00339] P=4 S=38 arc=0.89 lr=0.0002 w_ov=0.712 iou=[0.914, 0.877] acc=3
r94 1044s L=0.1891 cov=[0.0137, 0.0229] ov=[0.01205, 0.00312] P=4 S=38 arc=0.89 lr=0.00028 w_ov=0.726 iou=[0.913, 0.877] acc=1
r95 1055s L=0.1867 cov=[0.0137, 0.023] ov=[0.01186, 0.00306] P=4 S=38 arc=0.89 lr=0.0045 w_ov=0.742 iou=[0.914, 0.876] acc=0
r96 1065s L=0.1622 cov=[0.014, 0.0237] ov=[0.01004, 0.00234] P=4 S=39 arc=0.90 lr=0.072 w_ov=0.757 iou=[0.913, 0.873] acc=3
r97 1077s L=0.1184 cov=[0.0136, 0.0249] ov=[0.0066, 0.00131] P=4 S=39 arc=0.92 lr=0.1 w_ov=0.773 iou=[0.914, 0.865] acc=1
r98 1088s L=0.1102 cov=[0.0134, 0.0252] ov=[0.00598, 0.0011] P=4 S=39 arc=0.92 lr=0.1 w_ov=0.79 iou=[0.914, 0.863] acc=2
r99 1099s L=0.1063 cov=[0.0134, 0.0251] ov=[0.00572, 0.00098] P=4 S=39 arc=0.92 lr=0.1 w_ov=0.807 iou=[0.915, 0.864] acc=2
r100 1110s L=0.1021 cov=[0.0133, 0.0251] ov=[0.00535, 0.00094] P=4 S=40 arc=0.93 lr=0.2 w_ov=0.824 iou=[0.917, 0.863] acc=2
r101 1121s L=0.0976 cov=[0.0134, 0.025] ov=[0.00496, 0.00088] P=4 S=40 arc=0.93 lr=0.1 w_ov=0.842 iou=[0.916, 0.864] acc=0
r102 1132s L=0.09164 cov=[0.0135, 0.025] ov=[0.00449, 0.00074] P=4 S=40 arc=0.93 lr=0.1 w_ov=0.859 iou=[0.916, 0.867] acc=0
r103 1142s L=0.08769 cov=[0.0135, 0.0251] ov=[0.00418, 0.00065] P=4 S=40 arc=0.93 lr=0.14 w_ov=0.877 iou=[0.915, 0.865] acc=1
r104 1154s L=0.08632 cov=[0.0137, 0.0249] ov=[0.00405, 0.00064] P=4 S=40 arc=0.93 lr=0.2 w_ov=0.895 iou=[0.913, 0.866] acc=2
r105 1165s L=0.08339 cov=[0.0138, 0.0249] ov=[0.00378, 0.00061] P=4 S=40 arc=0.93 lr=0.2 w_ov=0.915 iou=[0.913, 0.866] acc=2
r106 1176s L=0.08164 cov=[0.0138, 0.0249] ov=[0.00364, 0.00058] P=4 S=40 arc=0.95 lr=0.072 w_ov=0.935 iou=[0.913, 0.866] acc=2
r107 1188s L=0.08037 cov=[0.0139, 0.0248] ov=[0.00349, 0.00061] P=4 S=40 arc=1.00 lr=0.1 w_ov=0.956 iou=[0.912, 0.866] acc=0
r108 1199s L=0.07918 cov=[0.014, 0.0247] ov=[0.00335, 0.00063] P=4 S=40 arc=0.97 lr=0.051 w_ov=0.977 iou=[0.912, 0.865] acc=1
r109 1210s L=0.07529 cov=[0.0141, 0.0248] ov=[0.00297, 0.00059] P=4 S=40 arc=0.97 lr=0.072 w_ov=0.998 iou=[0.911, 0.865] acc=0
r110 1221s L=0.07446 cov=[0.0142, 0.0248] ov=[0.00292, 0.00055] P=4 S=40 arc=0.97 lr=0.036 w_ov=1.02 iou=[0.911, 0.864] acc=0
r111 1232s L=0.07406 cov=[0.0142, 0.0248] ov=[0.00289, 0.00054] P=4 S=40 arc=0.97 lr=0.026 w_ov=1.04 iou=[0.911, 0.865] acc=0
r112 1244s L=0.0738 cov=[0.0142, 0.0248] ov=[0.00287, 0.00053] P=4 S=40 arc=0.97 lr=0.0023 w_ov=1.06 iou=[0.911, 0.865] acc=0
r113 1255s L=0.07378 cov=[0.0142, 0.0248] ov=[0.00287, 0.00053] P=4 S=40 arc=0.97 lr=0.0002 w_ov=1.09 iou=[0.911, 0.865] acc=0
r114 1266s L=0.07377 cov=[0.0142, 0.0248] ov=[0.00286, 0.00053] P=4 S=40 arc=0.97 lr=0.0002 w_ov=1.11 iou=[0.911, 0.865] acc=0
r115 1277s L=0.07376 cov=[0.0142, 0.0248] ov=[0.00286, 0.00053] P=4 S=40 arc=0.97 lr=0.0002 w_ov=1.14 iou=[0.911, 0.865] acc=0
r116 1288s L=0.07374 cov=[0.0142, 0.0248] ov=[0.00286, 0.00053] P=4 S=40 arc=0.97 lr=0.0002 w_ov=1.16 iou=[0.911, 0.865] acc=0
r117 1299s L=0.07372 cov=[0.0142, 0.0248] ov=[0.00286, 0.00053] P=4 S=40 arc=0.97 lr=0.0002 w_ov=1.18 iou=[0.911, 0.865] acc=1
r118 1311s L=0.0737 cov=[0.0142, 0.0248] ov=[0.00286, 0.00053] P=4 S=40 arc=0.97 lr=0.0002 w_ov=1.21 iou=[0.911, 0.865] acc=1
r119 1322s L=0.07366 cov=[0.0142, 0.0248] ov=[0.00286, 0.00053] P=4 S=40 arc=0.97 lr=0.0002 w_ov=1.24 iou=[0.911, 0.865] acc=0
r120 1333s L=0.07362 cov=[0.0142, 0.0248] ov=[0.00285, 0.00053] P=4 S=40 arc=0.97 lr=0.0002 w_ov=1.26 iou=[0.911, 0.865] acc=0
r121 1344s L=0.07358 cov=[0.0142, 0.0248] ov=[0.00285, 0.00053] P=4 S=40 arc=0.97 lr=0.0002 w_ov=1.29 iou=[0.911, 0.865] acc=1
r122 1355s L=0.07353 cov=[0.0142, 0.0248] ov=[0.00285, 0.00052] P=4 S=40 arc=0.97 lr=0.0002 w_ov=1.32 iou=[0.911, 0.865] acc=1
r123 1366s L=0.07348 cov=[0.0142, 0.0248] ov=[0.00284, 0.00052] P=4 S=40 arc=0.97 lr=0.0002 w_ov=1.35 iou=[0.911, 0.865] acc=0
r124 1377s L=0.07342 cov=[0.0142, 0.0248] ov=[0.00284, 0.00052] P=4 S=40 arc=0.97 lr=0.0002 w_ov=1.38 iou=[0.911, 0.865] acc=0
r125 1389s L=0.07336 cov=[0.0142, 0.0248] ov=[0.00283, 0.00052] P=4 S=40 arc=0.97 lr=0.0002 w_ov=1.4 iou=[0.911, 0.865] acc=0
r126 1400s L=0.07329 cov=[0.0142, 0.0248] ov=[0.00283, 0.00052] P=4 S=40 arc=0.97 lr=0.0002 w_ov=1.44 iou=[0.911, 0.864] acc=0
r127 1411s L=0.07322 cov=[0.0142, 0.0248] ov=[0.00282, 0.00051] P=4 S=40 arc=0.97 lr=0.0002 w_ov=1.47 iou=[0.911, 0.864] acc=0
r128 1423s L=0.07316 cov=[0.0142, 0.0248] ov=[0.00282, 0.00051] P=4 S=40 arc=0.97 lr=0.0002 w_ov=1.5 iou=[0.911, 0.864] acc=0
r129 1433s L=0.07309 cov=[0.0143, 0.0248] ov=[0.00281, 0.00051] P=4 S=40 arc=0.97 lr=0.0002 w_ov=1.53 iou=[0.91, 0.865] acc=0
r130 1444s L=0.07301 cov=[0.0143, 0.0248] ov=[0.0028, 0.00051] P=4 S=40 arc=0.97 lr=0.0002 w_ov=1.56 iou=[0.91, 0.865] acc=0
r131 1456s L=0.07293 cov=[0.0143, 0.0248] ov=[0.0028, 0.00051] P=4 S=40 arc=0.97 lr=0.0002 w_ov=1.6 iou=[0.91, 0.865] acc=0
r132 1467s L=0.07285 cov=[0.0143, 0.0249] ov=[0.00279, 0.0005] P=4 S=40 arc=0.97 lr=0.0002 w_ov=1.63 iou=[0.91, 0.865] acc=0
r133 1477s L=0.07276 cov=[0.0143, 0.0249] ov=[0.00278, 0.0005] P=4 S=40 arc=0.97 lr=0.00028 w_ov=1.67 iou=[0.91, 0.865] acc=0
r134 1489s L=0.07265 cov=[0.0143, 0.0249] ov=[0.00277, 0.0005] P=4 S=40 arc=0.97 lr=0.0002 w_ov=1.7 iou=[0.91, 0.864] acc=0
r135 1500s L=0.07254 cov=[0.0143, 0.0249] ov=[0.00276, 0.0005] P=4 S=40 arc=0.97 lr=0.0002 w_ov=1.74 iou=[0.91, 0.864] acc=0
r136 1512s L=0.07242 cov=[0.0143, 0.0249] ov=[0.00275, 0.0005] P=4 S=40 arc=0.97 lr=0.0002 w_ov=1.78 iou=[0.91, 0.864] acc=0
r137 1523s L=0.0723 cov=[0.0143, 0.0249] ov=[0.00274, 0.00049] P=4 S=40 arc=0.97 lr=0.0002 w_ov=1.82 iou=[0.91, 0.864] acc=0
r138 1534s L=0.07217 cov=[0.0143, 0.0249] ov=[0.00273, 0.00049] P=4 S=40 arc=0.97 lr=0.0002 w_ov=1.86 iou=[0.91, 0.864] acc=0
r139 1545s L=0.07205 cov=[0.0143, 0.0249] ov=[0.00272, 0.00049] P=4 S=40 arc=0.97 lr=0.0002 w_ov=1.9 iou=[0.91, 0.864] acc=0
r140 1556s L=0.07194 cov=[0.0143, 0.0249] ov=[0.0027, 0.00048] P=4 S=40 arc=0.97 lr=0.0002 w_ov=1.94 iou=[0.91, 0.864] acc=0
r141 1567s L=0.07182 cov=[0.0143, 0.0249] ov=[0.00269, 0.00048] P=4 S=40 arc=0.97 lr=0.0002 w_ov=1.98 iou=[0.91, 0.865] acc=0
r142 1577s L=0.07169 cov=[0.0143, 0.0249] ov=[0.00268, 0.00048] P=4 S=40 arc=0.97 lr=0.0002 w_ov=2.02 iou=[0.91, 0.864] acc=0
r143 1589s L=0.07157 cov=[0.0143, 0.025] ov=[0.00267, 0.00048] P=4 S=40 arc=0.97 lr=0.00028 w_ov=2.06 iou=[0.91, 0.864] acc=0
r144 1600s L=0.07142 cov=[0.0144, 0.025] ov=[0.00266, 0.00047] P=4 S=40 arc=0.97 lr=0.0002 w_ov=2.11 iou=[0.91, 0.864] acc=0
r145 1612s L=0.07127 cov=[0.0144, 0.025] ov=[0.00264, 0.00047] P=4 S=40 arc=0.97 lr=0.0002 w_ov=2.15 iou=[0.91, 0.864] acc=0
r146 1623s L=0.07112 cov=[0.0144, 0.025] ov=[0.00263, 0.00046] P=4 S=40 arc=0.97 lr=0.0002 w_ov=2.2 iou=[0.91, 0.864] acc=0
r147 1634s L=0.07098 cov=[0.0144, 0.025] ov=[0.00262, 0.00046] P=4 S=40 arc=0.97 lr=0.0002 w_ov=2.25 iou=[0.91, 0.864] acc=0
r148 1645s L=0.07082 cov=[0.0144, 0.025] ov=[0.0026, 0.00046] P=4 S=40 arc=0.97 lr=0.00028 w_ov=2.3 iou=[0.91, 0.864] acc=0
r149 1655s L=0.07054 cov=[0.0144, 0.025] ov=[0.00258, 0.00045] P=4 S=40 arc=0.97 lr=0.00057 w_ov=2.35 iou=[0.91, 0.864] acc=0
r150 1666s L=0.06895 cov=[0.0145, 0.0252] ov=[0.00242, 0.00042] P=4 S=40 arc=0.93 lr=0.0091 w_ov=2.4 iou=[0.909, 0.864] acc=2
r151 1677s L=0.06288 cov=[0.0154, 0.0253] ov=[0.00175, 0.00038] P=4 S=47 arc=0.91 lr=0.14 w_ov=2.45 iou=[0.904, 0.863] acc=10
r152 1690s L=0.04796 cov=[0.015, 0.026] ov=[0.00055, 7e-05] P=4 S=47 arc=0.91 lr=0.1 w_ov=2.5 iou=[0.907, 0.859] acc=4
r153 1702s L=0.04557 cov=[0.015, 0.026] ov=[0.00034, 4e-05] P=4 S=45 arc=0.93 lr=0.051 w_ov=2.56 iou=[0.906, 0.862] acc=3
r154 1714s L=0.04483 cov=[0.015, 0.026] ov=[0.00027, 3e-05] P=4 S=44 arc=0.95 lr=0.036 w_ov=2.62 iou=[0.906, 0.862] acc=2
r155 1725s L=0.04464 cov=[0.015, 0.0259] ov=[0.00026, 2e-05] P=4 S=44 arc=0.98 lr=0.018 w_ov=2.68 iou=[0.907, 0.86] acc=0
r156 1737s L=0.04459 cov=[0.015, 0.0259] ov=[0.00026, 2e-05] P=4 S=44 arc=0.98 lr=0.0032 w_ov=2.74 iou=[0.907, 0.861] acc=0
r157 1749s L=0.04458 cov=[0.015, 0.0259] ov=[0.00026, 2e-05] P=4 S=44 arc=0.98 lr=0.0002 w_ov=2.8 iou=[0.907, 0.861] acc=0
r158 1761s L=0.04458 cov=[0.015, 0.0259] ov=[0.00026, 2e-05] P=4 S=44 arc=0.98 lr=0.0002 w_ov=2.87 iou=[0.907, 0.861] acc=0
r159 1773s L=0.04457 cov=[0.015, 0.0259] ov=[0.00026, 2e-05] P=4 S=44 arc=0.98 lr=0.0002 w_ov=2.94 iou=[0.907, 0.861] acc=0
r160 1785s L=0.04457 cov=[0.015, 0.0259] ov=[0.00026, 2e-05] P=4 S=44 arc=0.98 lr=0.0002 w_ov=3 iou=[0.907, 0.861] acc=0
r161 1798s L=0.04457 cov=[0.015, 0.0259] ov=[0.00026, 2e-05] P=4 S=44 arc=0.98 lr=0.0002 w_ov=3.07 iou=[0.907, 0.861] acc=0
r162 1810s L=0.04456 cov=[0.015, 0.0259] ov=[0.00026, 2e-05] P=4 S=44 arc=0.98 lr=0.0002 w_ov=3.15 iou=[0.907, 0.861] acc=0
r163 1821s L=0.04456 cov=[0.015, 0.0259] ov=[0.00026, 2e-05] P=4 S=44 arc=0.98 lr=0.0002 w_ov=3.22 iou=[0.907, 0.861] acc=0
r164 1834s L=0.04455 cov=[0.015, 0.0259] ov=[0.00026, 2e-05] P=4 S=44 arc=0.98 lr=0.0002 w_ov=3.29 iou=[0.907, 0.861] acc=0
r165 1846s L=0.04455 cov=[0.015, 0.0259] ov=[0.00026, 2e-05] P=4 S=44 arc=0.98 lr=0.0002 w_ov=3.38 iou=[0.907, 0.861] acc=0
r166 1857s L=0.04454 cov=[0.015, 0.0259] ov=[0.00026, 2e-05] P=4 S=44 arc=0.98 lr=0.0002 w_ov=3.45 iou=[0.907, 0.861] acc=0
r167 1869s L=0.04453 cov=[0.015, 0.0259] ov=[0.00025, 2e-05] P=4 S=44 arc=0.98 lr=0.0002 w_ov=3.53 iou=[0.907, 0.861] acc=0
r168 1880s L=0.04453 cov=[0.015, 0.0259] ov=[0.00025, 2e-05] P=4 S=44 arc=0.98 lr=0.0002 w_ov=3.61 iou=[0.907, 0.861] acc=0
r169 1893s L=0.04452 cov=[0.015, 0.0259] ov=[0.00025, 2e-05] P=4 S=44 arc=0.98 lr=0.0002 w_ov=3.69 iou=[0.907, 0.861] acc=0
r170 1905s L=0.04451 cov=[0.015, 0.0259] ov=[0.00025, 2e-05] P=4 S=44 arc=0.98 lr=0.0002 w_ov=3.78 iou=[0.907, 0.861] acc=0
r171 1917s L=0.0445 cov=[0.015, 0.0259] ov=[0.00025, 2e-05] P=4 S=44 arc=0.98 lr=0.0002 w_ov=3.87 iou=[0.907, 0.861] acc=0
r172 1928s L=0.04449 cov=[0.015, 0.0259] ov=[0.00025, 2e-05] P=4 S=44 arc=0.98 lr=0.0002 w_ov=3.96 iou=[0.907, 0.861] acc=0
r173 1939s L=0.04448 cov=[0.015, 0.0259] ov=[0.00025, 2e-05] P=4 S=44 arc=0.98 lr=0.0002 w_ov=4.04 iou=[0.907, 0.861] acc=0
r174 1951s L=0.04447 cov=[0.015, 0.026] ov=[0.00025, 2e-05] P=4 S=44 arc=0.98 lr=0.0002 w_ov=4.13 iou=[0.907, 0.861] acc=0
r175 1962s L=0.04446 cov=[0.015, 0.026] ov=[0.00025, 1e-05] P=4 S=44 arc=0.98 lr=0.0002 w_ov=4.22 iou=[0.907, 0.861] acc=0
r176 1974s L=0.04445 cov=[0.015, 0.026] ov=[0.00025, 1e-05] P=4 S=44 arc=0.98 lr=0.0002 w_ov=4.32 iou=[0.907, 0.861] acc=0
r177 1985s L=0.04444 cov=[0.015, 0.026] ov=[0.00025, 1e-05] P=4 S=44 arc=0.98 lr=0.0002 w_ov=4.41 iou=[0.907, 0.861] acc=0
r178 1997s L=0.04443 cov=[0.015, 0.026] ov=[0.00025, 1e-05] P=4 S=44 arc=0.98 lr=0.0002 w_ov=4.51 iou=[0.907, 0.861] acc=0
r179 2009s L=0.04442 cov=[0.015, 0.026] ov=[0.00024, 1e-05] P=4 S=44 arc=0.98 lr=0.0002 w_ov=4.62 iou=[0.907, 0.861] acc=0
r180 2020s L=0.04441 cov=[0.015, 0.026] ov=[0.00024, 1e-05] P=4 S=44 arc=0.98 lr=0.0002 w_ov=4.72 iou=[0.907, 0.861] acc=0
r181 2032s L=0.0444 cov=[0.015, 0.026] ov=[0.00024, 1e-05] P=4 S=44 arc=0.98 lr=0.0002 w_ov=4.82 iou=[0.907, 0.861] acc=0
r182 2044s L=0.04439 cov=[0.015, 0.026] ov=[0.00024, 1e-05] P=4 S=44 arc=0.98 lr=0.0002 w_ov=4.93 iou=[0.907, 0.861] acc=0
r183 2056s L=0.04438 cov=[0.015, 0.026] ov=[0.00024, 1e-05] P=4 S=44 arc=0.98 lr=0.0002 w_ov=5.05 iou=[0.907, 0.861] acc=0
r184 2068s L=0.04437 cov=[0.015, 0.026] ov=[0.00024, 1e-05] P=4 S=44 arc=0.98 lr=0.0002 w_ov=5.17 iou=[0.907, 0.861] acc=0
r185 2081s L=0.04435 cov=[0.015, 0.026] ov=[0.00024, 1e-05] P=4 S=44 arc=0.98 lr=0.0002 w_ov=5.29 iou=[0.907, 0.861] acc=0
r186 2092s L=0.04434 cov=[0.015, 0.026] ov=[0.00024, 1e-05] P=4 S=44 arc=0.98 lr=0.0002 w_ov=5.42 iou=[0.907, 0.861] acc=0
r187 2105s L=0.04433 cov=[0.015, 0.026] ov=[0.00024, 1e-05] P=4 S=44 arc=0.98 lr=0.0002 w_ov=5.54 iou=[0.907, 0.861] acc=0
r188 2117s L=0.04432 cov=[0.0151, 0.026] ov=[0.00023, 1e-05] P=4 S=44 arc=0.98 lr=0.0002 w_ov=5.67 iou=[0.907, 0.861] acc=0
r189 2129s L=0.04431 cov=[0.0151, 0.026] ov=[0.00023, 1e-05] P=4 S=44 arc=0.98 lr=0.0002 w_ov=5.81 iou=[0.907, 0.861] acc=0
r190 2141s L=0.0443 cov=[0.0151, 0.026] ov=[0.00023, 1e-05] P=4 S=44 arc=0.98 lr=0.0002 w_ov=5.94 iou=[0.907, 0.861] acc=0
r191 2153s L=0.04429 cov=[0.0151, 0.026] ov=[0.00023, 1e-05] P=4 S=44 arc=0.98 lr=0.0002 w_ov=6.08 iou=[0.907, 0.861] acc=0
r192 2167s L=0.04428 cov=[0.0151, 0.026] ov=[0.00023, 1e-05] P=4 S=44 arc=0.98 lr=0.0002 w_ov=6.23 iou=[0.907, 0.861] acc=0
r193 2179s L=0.04427 cov=[0.0151, 0.026] ov=[0.00023, 1e-05] P=4 S=44 arc=0.98 lr=0.00028 w_ov=6.4 iou=[0.907, 0.861] acc=0
r194 2191s L=0.04426 cov=[0.0151, 0.026] ov=[0.00023, 1e-05] P=4 S=44 arc=0.98 lr=0.0002 w_ov=6.54 iou=[0.907, 0.861] acc=0
r195 2203s L=0.04425 cov=[0.0151, 0.026] ov=[0.00023, 1e-05] P=4 S=44 arc=0.98 lr=0.0002 w_ov=6.7 iou=[0.907, 0.861] acc=0
r196 2215s L=0.04423 cov=[0.0151, 0.026] ov=[0.00022, 1e-05] P=4 S=44 arc=0.98 lr=0.0002 w_ov=6.86 iou=[0.907, 0.861] acc=0
r197 2227s L=0.04422 cov=[0.0151, 0.026] ov=[0.00022, 1e-05] P=4 S=44 arc=0.98 lr=0.0002 w_ov=7.01 iou=[0.907, 0.861] acc=0
r198 2239s L=0.04421 cov=[0.0151, 0.026] ov=[0.00022, 1e-05] P=4 S=44 arc=0.98 lr=0.0002 w_ov=7.17 iou=[0.907, 0.861] acc=0
r199 2251s L=0.04419 cov=[0.0151, 0.026] ov=[0.00022, 1e-05] P=4 S=44 arc=0.98 lr=0.0002 w_ov=7.34 iou=[0.907, 0.861] acc=0
r200 2263s L=0.04418 cov=[0.0151, 0.026] ov=[0.00022, 1e-05] P=4 S=44 arc=0.98 lr=0.0002 w_ov=7.51 iou=[0.907, 0.861] acc=0
r201 2275s L=0.04416 cov=[0.0151, 0.026] ov=[0.00021, 0.0] P=4 S=44 arc=0.98 lr=0.0002 w_ov=7.69 iou=[0.907, 0.861] acc=0
r202 2287s L=0.04414 cov=[0.0151, 0.0261] ov=[0.00021, 0.0] P=4 S=44 arc=0.98 lr=0.0002 w_ov=7.87 iou=[0.907, 0.861] acc=0
r203 2299s L=0.04412 cov=[0.0151, 0.0261] ov=[0.00021, 0.0] P=4 S=44 arc=0.98 lr=0.0002 w_ov=8.05 iou=[0.907, 0.861] acc=0
r204 2311s L=0.04411 cov=[0.0151, 0.0261] ov=[0.00021, 0.0] P=4 S=44 arc=0.98 lr=0.0002 w_ov=8.24 iou=[0.907, 0.861] acc=0
r205 2323s L=0.04409 cov=[0.0151, 0.0261] ov=[0.0002, 0.0] P=4 S=44 arc=0.98 lr=0.0002 w_ov=8.43 iou=[0.906, 0.861] acc=0
r206 2335s L=0.04407 cov=[0.0151, 0.0261] ov=[0.0002, 0.0] P=4 S=44 arc=0.98 lr=0.0002 w_ov=8.63 iou=[0.906, 0.861] acc=0
r207 2346s L=0.04406 cov=[0.0151, 0.0261] ov=[0.0002, 0.0] P=4 S=44 arc=0.98 lr=0.0002 w_ov=8.83 iou=[0.906, 0.861] acc=0
r208 2357s L=0.04405 cov=[0.0151, 0.0261] ov=[0.0002, 0.0] P=4 S=44 arc=0.98 lr=0.0002 w_ov=9.02 iou=[0.906, 0.861] acc=0
r209 2368s L=0.04404 cov=[0.0151, 0.0261] ov=[0.0002, 0.0] P=4 S=44 arc=0.98 lr=0.0002 w_ov=9.21 iou=[0.906, 0.861] acc=0
r210 2379s L=0.04403 cov=[0.0151, 0.0261] ov=[0.0002, 0.0] P=4 S=44 arc=0.98 lr=0.0002 w_ov=9.41 iou=[0.906, 0.861] acc=0
r211 2390s L=0.04402 cov=[0.0151, 0.0261] ov=[0.00019, 0.0] P=4 S=44 arc=0.98 lr=0.0002 w_ov=9.6 iou=[0.906, 0.861] acc=0
r212 2401s L=0.04401 cov=[0.0151, 0.0261] ov=[0.00019, 0.0] P=4 S=44 arc=0.98 lr=0.0002 w_ov=9.81 iou=[0.906, 0.86] acc=0
{
 "SwapPoses": {
  "proposed": 797,
  "accepted": 0,
  "scope": "per-target",
  "rate": 0.0
 },
 "Split": {
  "proposed": 5434,
  "accepted": 48,
  "scope": "shared",
  "rate": 0.008833271991166729
 },
 "ToArc": {
  "proposed": 423,
  "accepted": 138,
  "scope": "shared",
  "rate": 0.3262411347517731
 },
 "Rotate": {
  "proposed": 2160,
  "accepted": 3,
  "scope": "per-target",
  "rate": 0.001388888888888889
 },
 "Merge": {
  "proposed": 731,
  "accepted": 38,
  "scope": "shared",
  "rate": 0.05198358413132695
 },
 "MergeClose": {
  "proposed": 80,
  "accepted": 5,
  "scope": "shared",
  "rate": 0.0625
 },
 "Flip": {
  "proposed": 860,
  "accepted": 0,
  "scope": "per-target",
  "rate": 0.0
 },
 "ToLine": {
  "proposed": 3147,
  "accepted": 89,
  "scope": "shared",
  "rate": 0.028280902446774708
 },
 "forced:RemoveSmallPart": {
  "proposed": 0,
  "accepted": 2,
  "scope": "shared",
  "rate": 2.0
 }
}
EVAL avg_chamfer=7.114 avg_hausdorff=29.051 pieces=4->4 loss=0.044011
