r0 11s L=0.5914 cov=[0.0411, 0.052] ov=[0.01941, 0.0303] P=5 S=55 arc=0.00 lr=0.5 w_ov=0.1 iou=[0.794, 0.763] acc=15
r1 20s L=0.6107 cov=[0.0413, 0.045] ov=[0.02371, 0.02862] P=5 S=47 arc=0.09 lr=0.25 w_ov=0.102 iou=[0.8, 0.783] acc=15
r2 29s L=0.6047 cov=[0.0342, 0.0418] ov=[0.02127, 0.03151] P=5 S=46 arc=0.22 lr=0.35 w_ov=0.104 iou=[0.835, 0.791] acc=13
r3 39s L=0.6165 cov=[0.0313, 0.0394] ov=[0.02033, 0.03416] P=5 S=45 arc=0.49 lr=0.5 w_ov=0.106 iou=[0.844, 0.803] acc=14
r4 49s L=0.6091 cov=[0.0297, 0.038] ov=[0.01893, 0.03512] P=5 S=48 arc=0.58 lr=0.5 w_ov=0.108 iou=[0.847, 0.811] acc=14
r5 60s L=0.603 cov=[0.0263, 0.0369] ov=[0.01874, 0.03515] P=5 S=47 arc=0.66 lr=0.18 w_ov=0.11 iou=[0.867, 0.817] acc=10
r6 70s L=0.6054 cov=[0.0245, 0.0366] ov=[0.01805, 0.03629] P=5 S=46 arc=0.78 lr=0.18 w_ov=0.112 iou=[0.873, 0.819] acc=4
r7 80s L=0.6104 cov=[0.0233, 0.0366] ov=[0.01794, 0.03701] P=5 S=47 arc=0.81 lr=0.18 w_ov=0.114 iou=[0.878, 0.82] acc=5
r8 90s L=0.6164 cov=[0.0205, 0.0369] ov=[0.01747, 0.03833] P=5 S=48 arc=0.85 lr=0.25 w_ov=0.116 iou=[0.889, 0.817] acc=3
r9 100s L=0.6184 cov=[0.019, 0.0373] ov=[0.01742, 0.03869] P=5 S=47 arc=0.83 lr=0.25 w_ov=0.119 iou=[0.896, 0.815] acc=3
r10 111s L=0.6171 cov=[0.0178, 0.0378] ov=[0.01701, 0.03904] P=5 S=46 arc=0.83 lr=0.25 w_ov=0.121 iou=[0.898, 0.816] acc=3
r11 120s L=0.6103 cov=[0.0172, 0.0381] ov=[0.01644, 0.03896] P=5 S=46 arc=0.74 lr=0.35 w_ov=0.124 iou=[0.898, 0.819] acc=6
r12 130s L=0.6121 cov=[0.0177, 0.0372] ov=[0.01646, 0.03917] P=5 S=46 arc=0.76 lr=0.35 w_ov=0.126 iou=[0.902, 0.82] acc=4
r13 141s L=0.6147 cov=[0.0183, 0.0366] ov=[0.01649, 0.0394] P=5 S=48 arc=0.79 lr=0.35 w_ov=0.128 iou=[0.896, 0.822] acc=7
r14 151s L=0.6179 cov=[0.0188, 0.0357] ov=[0.01634, 0.0399] P=5 S=53 arc=0.79 lr=0.35 w_ov=0.131 iou=[0.9, 0.823] acc=10
r15 164s L=0.6118 cov=[0.0184, 0.0352] ov=[0.01547, 0.04025] P=5 S=53 arc=0.75 lr=0.35 w_ov=0.134 iou=[0.901, 0.826] acc=9
r16 174s L=0.6031 cov=[0.0179, 0.0348] ov=[0.01464, 0.0403] P=5 S=54 arc=0.80 lr=0.35 w_ov=0.137 iou=[0.899, 0.828] acc=6
r17 186s L=0.6034 cov=[0.0172, 0.0347] ov=[0.0141, 0.04095] P=5 S=53 arc=0.77 lr=0.35 w_ov=0.14 iou=[0.903, 0.829] acc=4
r18 197s L=0.6031 cov=[0.0167, 0.0346] ov=[0.0137, 0.04138] P=5 S=53 arc=0.77 lr=0.35 w_ov=0.143 iou=[0.905, 0.829] acc=6
r19 209s L=0.5962 cov=[0.0167, 0.0345] ov=[0.01294, 0.04144] P=5 S=53 arc=0.74 lr=0.5 w_ov=0.146 iou=[0.901, 0.829] acc=10
r20 221s L=0.5892 cov=[0.0178, 0.0339] ov=[0.01236, 0.04129] P=5 S=52 arc=0.71 lr=0.18 w_ov=0.149 iou=[0.9, 0.831] acc=4
r21 233s L=0.582 cov=[0.017, 0.0337] ov=[0.01226, 0.04076] P=5 S=51 arc=0.75 lr=0.25 w_ov=0.153 iou=[0.902, 0.832] acc=3
r22 244s L=0.5735 cov=[0.0164, 0.0336] ov=[0.01195, 0.0403] P=5 S=51 arc=0.75 lr=0.13 w_ov=0.156 iou=[0.904, 0.834] acc=4
r23 255s L=0.5609 cov=[0.0165, 0.0335] ov=[0.01108, 0.03992] P=5 S=49 arc=0.76 lr=0.35 w_ov=0.16 iou=[0.904, 0.833] acc=9
r24 266s L=0.5497 cov=[0.0153, 0.0346] ov=[0.01081, 0.03905] P=5 S=48 arc=0.81 lr=0.35 w_ov=0.163 iou=[0.892, 0.843] acc=8
r25 276s L=0.5371 cov=[0.0186, 0.0319] ov=[0.01003, 0.03853] P=5 S=48 arc=0.77 lr=0.5 w_ov=0.167 iou=[0.9, 0.838] acc=8
r26 286s L=0.5266 cov=[0.0181, 0.032] ov=[0.00914, 0.03842] P=5 S=48 arc=0.77 lr=0.18 w_ov=0.17 iou=[0.896, 0.838] acc=3
r27 296s L=0.524 cov=[0.0169, 0.032] ov=[0.00918, 0.03824] P=5 S=48 arc=0.79 lr=0.25 w_ov=0.173 iou=[0.906, 0.831] acc=2
r28 305s L=0.4973 cov=[0.0115, 0.0146] ov=[0.01885, 0.02816] P=5 S=49 arc=0.76 lr=0.35 w_ov=0.177 iou=[0.928, 0.91] acc=7
r29 316s L=0.4993 cov=[0.0105, 0.0111] ov=[0.02057, 0.02709] P=5 S=55 arc=0.78 lr=0.5 w_ov=0.18 iou=[0.912, 0.929] acc=11
r30 326s L=0.5335 cov=[0.0183, 0.0101] ov=[0.02538, 0.02503] P=5 S=56 arc=0.75 lr=0.25 w_ov=0.183 iou=[0.884, 0.934] acc=8
r31 336s L=0.4842 cov=[0.0091, 0.0093] ov=[0.02091, 0.02556] P=5 S=56 arc=0.75 lr=0.35 w_ov=0.187 iou=[0.932, 0.94] acc=11
r32 349s L=0.4717 cov=[0.0077, 0.0087] ov=[0.01999, 0.02544] P=5 S=56 arc=0.80 lr=0.35 w_ov=0.191 iou=[0.934, 0.938] acc=7
r33 362s L=0.4649 cov=[0.0071, 0.0061] ov=[0.02253, 0.02254] P=5 S=57 arc=0.79 lr=0.35 w_ov=0.196 iou=[0.941, 0.953] acc=9
r34 375s L=0.4367 cov=[0.0086, 0.0057] ov=[0.02038, 0.02176] P=5 S=55 arc=0.78 lr=0.18 w_ov=0.201 iou=[0.931, 0.955] acc=5
r35 387s L=0.4365 cov=[0.0053, 0.0056] ov=[0.02081, 0.02165] P=5 S=54 arc=0.78 lr=0.25 w_ov=0.205 iou=[0.952, 0.955] acc=4
r36 399s L=0.4269 cov=[0.0051, 0.0056] ov=[0.02025, 0.02126] P=5 S=53 arc=0.83 lr=0.35 w_ov=0.21 iou=[0.952, 0.954] acc=1
r37 411s L=0.4159 cov=[0.005, 0.0056] ov=[0.01971, 0.02072] P=5 S=53 arc=0.83 lr=0.35 w_ov=0.215 iou=[0.952, 0.955] acc=2
r38 422s L=0.3991 cov=[0.0076, 0.0056] ov=[0.01872, 0.01976] P=5 S=55 arc=0.85 lr=0.18 w_ov=0.22 iou=[0.935, 0.958] acc=5
r39 434s L=0.3932 cov=[0.005, 0.0054] ov=[0.01897, 0.01921] P=5 S=54 arc=0.85 lr=0.25 w_ov=0.225 iou=[0.953, 0.957] acc=4
r40 445s L=0.3898 cov=[0.0047, 0.0052] ov=[0.01884, 0.01904] P=5 S=54 arc=0.85 lr=0.35 w_ov=0.23 iou=[0.956, 0.959] acc=1
r41 454s L=0.3869 cov=[0.0048, 0.0051] ov=[0.01891, 0.01868] P=5 S=53 arc=0.85 lr=0.18 w_ov=0.235 iou=[0.956, 0.959] acc=3
r42 466s L=0.3727 cov=[0.0053, 0.0051] ov=[0.01802, 0.01812] P=5 S=53 arc=0.85 lr=0.25 w_ov=0.239 iou=[0.954, 0.96] acc=6
r43 478s L=0.3728 cov=[0.0047, 0.005] ov=[0.01819, 0.01801] P=5 S=51 arc=0.88 lr=0.25 w_ov=0.245 iou=[0.957, 0.96] acc=3
r44 489s L=0.3676 cov=[0.0047, 0.0051] ov=[0.01787, 0.01782] P=5 S=51 arc=0.86 lr=0.13 w_ov=0.25 iou=[0.955, 0.959] acc=4
r45 502s L=0.3594 cov=[0.0047, 0.0051] ov=[0.01746, 0.01739] P=5 S=51 arc=0.92 lr=0.25 w_ov=0.256 iou=[0.954, 0.959] acc=0
r46 513s L=0.3483 cov=[0.0047, 0.0051] ov=[0.01693, 0.01683] P=5 S=51 arc=0.90 lr=0.088 w_ov=0.262 iou=[0.954, 0.959] acc=2
r47 524s L=0.3425 cov=[0.0048, 0.0052] ov=[0.01694, 0.01621] P=5 S=50 arc=0.92 lr=0.25 w_ov=0.268 iou=[0.958, 0.961] acc=5
r48 535s L=0.3362 cov=[0.0047, 0.0052] ov=[0.01649, 0.01604] P=5 S=50 arc=0.88 lr=0.25 w_ov=0.273 iou=[0.956, 0.96] acc=3
r49 547s L=0.3276 cov=[0.0048, 0.0052] ov=[0.01599, 0.01567] P=5 S=50 arc=0.88 lr=0.13 w_ov=0.279 iou=[0.953, 0.959] acc=3
r50 559s L=0.3206 cov=[0.0047, 0.0052] ov=[0.01569, 0.01527] P=5 S=50 arc=0.92 lr=0.25 w_ov=0.286 iou=[0.953, 0.957] acc=1
r51 571s L=0.3152 cov=[0.0053, 0.0058] ov=[0.01588, 0.01443] P=5 S=49 arc=0.92 lr=0.18 w_ov=0.292 iou=[0.959, 0.954] acc=2
r52 584s L=0.3045 cov=[0.0048, 0.0054] ov=[0.01492, 0.01442] P=5 S=49 arc=0.92 lr=0.088 w_ov=0.299 iou=[0.953, 0.955] acc=2
r53 595s L=0.2944 cov=[0.0049, 0.0055] ov=[0.0144, 0.01391] P=5 S=49 arc=0.96 lr=0.18 w_ov=0.307 iou=[0.954, 0.955] acc=2
r54 606s L=0.282 cov=[0.005, 0.0055] ov=[0.0138, 0.01325] P=5 S=49 arc=0.96 lr=0.35 w_ov=0.313 iou=[0.954, 0.954] acc=2
r55 617s L=0.2574 cov=[0.0053, 0.0057] ov=[0.0127, 0.01184] P=5 S=49 arc=0.96 lr=0.088 w_ov=0.32 iou=[0.954, 0.953] acc=1
r56 628s L=0.2513 cov=[0.0056, 0.0056] ov=[0.0119, 0.01201] P=5 S=49 arc=0.96 lr=0.13 w_ov=0.327 iou=[0.947, 0.952] acc=1
r57 640s L=0.2437 cov=[0.0054, 0.0056] ov=[0.01196, 0.01121] P=5 S=49 arc=0.96 lr=0.18 w_ov=0.334 iou=[0.95, 0.951] acc=1
r58 650s L=0.2339 cov=[0.0054, 0.0057] ov=[0.01139, 0.01078] P=5 S=49 arc=0.94 lr=0.25 w_ov=0.341 iou=[0.95, 0.951] acc=2
r59 662s L=0.2168 cov=[0.0056, 0.0058] ov=[0.01047, 0.00998] P=5 S=48 arc=0.94 lr=0.13 w_ov=0.348 iou=[0.951, 0.95] acc=1
r60 674s L=0.2068 cov=[0.0056, 0.0059] ov=[0.01001, 0.00942] P=5 S=48 arc=0.94 lr=0.18 w_ov=0.356 iou=[0.949, 0.951] acc=1
r61 685s L=0.1972 cov=[0.0056, 0.006] ov=[0.00951, 0.00895] P=5 S=49 arc=0.96 lr=0.18 w_ov=0.364 iou=[0.948, 0.949] acc=1
r62 695s L=0.1881 cov=[0.0057, 0.0061] ov=[0.00898, 0.00855] P=5 S=50 arc=0.96 lr=0.25 w_ov=0.372 iou=[0.949, 0.948] acc=3
r63 706s L=0.1803 cov=[0.0057, 0.006] ov=[0.00884, 0.00792] P=5 S=50 arc=0.98 lr=0.25 w_ov=0.38 iou=[0.947, 0.948] acc=1
r64 718s L=0.1758 cov=[0.0056, 0.0061] ov=[0.00853, 0.00777] P=5 S=49 arc=0.94 lr=0.25 w_ov=0.388 iou=[0.949, 0.949] acc=3
r65 728s L=0.1701 cov=[0.0057, 0.006] ov=[0.00833, 0.00742] P=5 S=48 arc=0.94 lr=0.18 w_ov=0.397 iou=[0.948, 0.949] acc=2
r66 740s L=0.1657 cov=[0.0057, 0.006] ov=[0.00813, 0.00718] P=5 S=48 arc=0.94 lr=0.088 w_ov=0.404 iou=[0.948, 0.948] acc=0
r67 751s L=0.1634 cov=[0.0057, 0.006] ov=[0.00805, 0.00702] P=5 S=47 arc=0.94 lr=0.13 w_ov=0.413 iou=[0.946, 0.948] acc=1
r68 761s L=0.1613 cov=[0.0058, 0.006] ov=[0.00793, 0.00692] P=5 S=47 arc=0.91 lr=0.18 w_ov=0.423 iou=[0.945, 0.949] acc=2
r69 770s L=0.1579 cov=[0.0058, 0.0061] ov=[0.00791, 0.0066] P=5 S=48 arc=0.90 lr=0.25 w_ov=0.43 iou=[0.944, 0.951] acc=3
r70 782s L=0.1559 cov=[0.0059, 0.0059] ov=[0.00774, 0.00658] P=5 S=48 arc=0.90 lr=0.088 w_ov=0.438 iou=[0.943, 0.951] acc=1
r71 792s L=0.1514 cov=[0.0059, 0.0059] ov=[0.00768, 0.00618] P=5 S=48 arc=0.92 lr=0.13 w_ov=0.448 iou=[0.944, 0.949] acc=1
r72 804s L=0.1481 cov=[0.0059, 0.0059] ov=[0.00753, 0.006] P=5 S=48 arc=0.94 lr=0.063 w_ov=0.457 iou=[0.942, 0.949] acc=1
r73 814s L=0.1455 cov=[0.006, 0.0059] ov=[0.00739, 0.00587] P=5 S=48 arc=0.96 lr=0.088 w_ov=0.467 iou=[0.942, 0.949] acc=2
r74 824s L=0.1434 cov=[0.006, 0.006] ov=[0.00726, 0.00578] P=5 S=48 arc=1.00 lr=0.13 w_ov=0.477 iou=[0.942, 0.949] acc=0
r75 835s L=0.1411 cov=[0.0061, 0.006] ov=[0.00714, 0.00567] P=5 S=48 arc=1.00 lr=0.063 w_ov=0.486 iou=[0.941, 0.949] acc=0
r76 845s L=0.1389 cov=[0.0061, 0.006] ov=[0.007, 0.00558] P=5 S=48 arc=1.00 lr=0.088 w_ov=0.496 iou=[0.941, 0.949] acc=0
r77 854s L=0.1371 cov=[0.0061, 0.0061] ov=[0.00687, 0.00552] P=5 S=48 arc=1.00 lr=0.13 w_ov=0.506 iou=[0.94, 0.949] acc=0
r78 865s L=0.1328 cov=[0.0062, 0.0062] ov=[0.00667, 0.00527] P=5 S=48 arc=1.00 lr=0.063 w_ov=0.515 iou=[0.94, 0.947] acc=0
r79 876s L=0.1294 cov=[0.0063, 0.0062] ov=[0.00651, 0.00508] P=5 S=48 arc=1.00 lr=0.13 w_ov=0.526 iou=[0.94, 0.948] acc=0
r80 886s L=0.1256 cov=[0.0063, 0.0063] ov=[0.00634, 0.00485] P=5 S=48 arc=1.00 lr=0.044 w_ov=0.538 iou=[0.939, 0.948] acc=0
r81 897s L=0.1243 cov=[0.0064, 0.0063] ov=[0.00627, 0.00479] P=5 S=48 arc=1.00 lr=0.088 w_ov=0.547 iou=[0.939, 0.948] acc=0
r82 907s L=0.1209 cov=[0.0064, 0.0064] ov=[0.00602, 0.00468] P=5 S=48 arc=1.00 lr=0.044 w_ov=0.559 iou=[0.939, 0.947] acc=0
r83 918s L=0.1189 cov=[0.0065, 0.0065] ov=[0.00587, 0.00463] P=5 S=48 arc=1.00 lr=0.063 w_ov=0.57 iou=[0.939, 0.947] acc=0
r84 928s L=0.1167 cov=[0.0065, 0.0065] ov=[0.00573, 0.00453] P=5 S=48 arc=1.00 lr=0.031 w_ov=0.582 iou=[0.939, 0.946] acc=0
r85 939s L=0.115 cov=[0.0066, 0.0066] ov=[0.00563, 0.00446] P=5 S=48 arc=1.00 lr=0.063 w_ov=0.593 iou=[0.939, 0.946] acc=0
r86 950s L=0.1126 cov=[0.0066, 0.0066] ov=[0.00549, 0.00435] P=5 S=48 arc=1.00 lr=0.031 w_ov=0.607 iou=[0.939, 0.946] acc=0
r87 961s L=0.1106 cov=[0.0067, 0.0067] ov=[0.00539, 0.00423] P=5 S=48 arc=1.00 lr=0.044 w_ov=0.619 iou=[0.938, 0.945] acc=0
r88 972s L=0.1085 cov=[0.0067, 0.0067] ov=[0.00528, 0.00413] P=5 S=48 arc=0.98 lr=0.063 w_ov=0.632 iou=[0.938, 0.944] acc=1
r89 982s L=0.1065 cov=[0.0068, 0.0068] ov=[0.0052, 0.004] P=5 S=48 arc=0.96 lr=0.063 w_ov=0.645 iou=[0.939, 0.944] acc=1
r90 992s L=0.1039 cov=[0.0068, 0.0069] ov=[0.00511, 0.00381] P=5 S=48 arc=0.96 lr=0.022 w_ov=0.658 iou=[0.939, 0.944] acc=0
r91 1002s L=0.1027 cov=[0.0069, 0.0069] ov=[0.00506, 0.00374] P=5 S=48 arc=0.96 lr=0.016 w_ov=0.671 iou=[0.938, 0.943] acc=2
r92 1014s L=0.1019 cov=[0.0069, 0.0069] ov=[0.00501, 0.0037] P=5 S=48 arc=1.00 lr=0.011 w_ov=0.684 iou=[0.938, 0.943] acc=0
r93 1025s L=0.1008 cov=[0.0069, 0.0069] ov=[0.00495, 0.00365] P=5 S=48 arc=1.00 lr=0.0078 w_ov=0.7 iou=[0.938, 0.943] acc=0
r94 1034s L=0.1002 cov=[0.007, 0.0069] ov=[0.00491, 0.00362] P=5 S=48 arc=1.00 lr=0.0055 w_ov=0.715 iou=[0.937, 0.943] acc=0
r95 1045s L=0.09984 cov=[0.007, 0.0069] ov=[0.00489, 0.0036] P=5 S=48 arc=1.00 lr=0.00049 w_ov=0.727 iou=[0.937, 0.942] acc=0
r96 1056s L=0.0998 cov=[0.007, 0.0069] ov=[0.00489, 0.0036] P=5 S=48 arc=1.00 lr=0.0002 w_ov=0.743 iou=[0.938, 0.942] acc=0
r97 1068s L=0.09976 cov=[0.007, 0.007] ov=[0.00489, 0.0036] P=5 S=48 arc=1.00 lr=0.0002 w_ov=0.759 iou=[0.938, 0.942] acc=0
r98 1078s L=0.09971 cov=[0.007, 0.007] ov=[0.00488, 0.00359] P=5 S=48 arc=1.00 lr=0.0002 w_ov=0.776 iou=[0.938, 0.942] acc=0
r99 1088s L=0.09964 cov=[0.007, 0.007] ov=[0.00488, 0.00359] P=5 S=48 arc=1.00 lr=0.0002 w_ov=0.791 iou=[0.938, 0.942] acc=0
r100 1098s L=0.09956 cov=[0.007, 0.007] ov=[0.00488, 0.00359] P=5 S=48 arc=1.00 lr=0.0002 w_ov=0.806 iou=[0.938, 0.942] acc=0
r101 1109s L=0.09947 cov=[0.007, 0.007] ov=[0.00487, 0.00358] P=5 S=48 arc=1.00 lr=0.0002 w_ov=0.822 iou=[0.938, 0.942] acc=0
r102 1119s L=0.09937 cov=[0.007, 0.007] ov=[0.00487, 0.00358] P=5 S=48 arc=1.00 lr=0.0002 w_ov=0.84 iou=[0.938, 0.942] acc=0
r103 1129s L=0.09925 cov=[0.007, 0.007] ov=[0.00486, 0.00357] P=5 S=48 arc=1.00 lr=0.0002 w_ov=0.856 iou=[0.938, 0.942] acc=0
r104 1139s L=0.09913 cov=[0.007, 0.007] ov=[0.00486, 0.00356] P=5 S=48 arc=1.00 lr=0.0002 w_ov=0.874 iou=[0.937, 0.942] acc=0
r105 1150s L=0.099 cov=[0.007, 0.007] ov=[0.00485, 0.00356] P=5 S=48 arc=1.00 lr=0.00028 w_ov=0.89 iou=[0.937, 0.942] acc=0
r106 1160s L=0.09884 cov=[0.007, 0.007] ov=[0.00484, 0.00355] P=5 S=48 arc=1.00 lr=0.0002 w_ov=0.909 iou=[0.937, 0.942] acc=0
r107 1170s L=0.09868 cov=[0.007, 0.007] ov=[0.00483, 0.00354] P=5 S=48 arc=1.00 lr=0.0002 w_ov=0.926 iou=[0.937, 0.942] acc=0
r108 1181s L=0.09851 cov=[0.007, 0.007] ov=[0.00482, 0.00353] P=5 S=48 arc=0.98 lr=0.0002 w_ov=0.944 iou=[0.937, 0.939] acc=1
r109 1192s L=0.09245 cov=[0.007, 0.0076] ov=[0.00416, 0.00352] P=5 S=48 arc=0.98 lr=0.00028 w_ov=0.964 iou=[0.937, 0.939] acc=1
r110 1203s L=0.09224 cov=[0.007, 0.0076] ov=[0.00415, 0.00351] P=5 S=48 arc=1.00 lr=0.0002 w_ov=0.984 iou=[0.937, 0.939] acc=0
r111 1214s L=0.09204 cov=[0.0071, 0.0076] ov=[0.00414, 0.0035] P=5 S=48 arc=1.00 lr=0.00028 w_ov=1.01 iou=[0.937, 0.939] acc=0
r112 1224s L=0.09172 cov=[0.0071, 0.0076] ov=[0.00412, 0.00348] P=5 S=48 arc=1.00 lr=0.0002 w_ov=1.03 iou=[0.937, 0.939] acc=0
r113 1234s L=0.09147 cov=[0.0071, 0.0076] ov=[0.00411, 0.00347] P=5 S=48 arc=1.00 lr=0.0002 w_ov=1.05 iou=[0.936, 0.939] acc=0
r114 1243s L=0.09119 cov=[0.0071, 0.0076] ov=[0.0041, 0.00345] P=5 S=48 arc=1.00 lr=0.0002 w_ov=1.07 iou=[0.936, 0.939] acc=0
r115 1254s L=0.09093 cov=[0.0071, 0.0077] ov=[0.00408, 0.00344] P=5 S=48 arc=1.00 lr=0.00028 w_ov=1.09 iou=[0.936, 0.939] acc=0
r116 1264s L=0.08939 cov=[0.0072, 0.0077] ov=[0.004, 0.00335] P=5 S=48 arc=1.00 lr=0.0045 w_ov=1.11 iou=[0.935, 0.938] acc=0
r117 1276s L=0.0792 cov=[0.0077, 0.0081] ov=[0.00339, 0.00285] P=5 S=48 arc=0.96 lr=0.051 w_ov=1.13 iou=[0.932, 0.936] acc=2
r118 1288s L=0.07273 cov=[0.008, 0.0083] ov=[0.00298, 0.00256] P=5 S=48 arc=0.96 lr=0.051 w_ov=1.16 iou=[0.929, 0.934] acc=0
r119 1299s L=0.06879 cov=[0.0081, 0.0085] ov=[0.00273, 0.00239] P=5 S=47 arc=0.94 lr=0.051 w_ov=1.18 iou=[0.926, 0.934] acc=2
r120 1310s L=0.06428 cov=[0.0085, 0.0084] ov=[0.00248, 0.00216] P=5 S=47 arc=0.91 lr=0.051 w_ov=1.21 iou=[0.924, 0.933] acc=1
r121 1320s L=0.06173 cov=[0.0086, 0.0086] ov=[0.00235, 0.00201] P=5 S=47 arc=0.89 lr=0.051 w_ov=1.23 iou=[0.923, 0.933] acc=2
r122 1331s L=0.05908 cov=[0.0087, 0.0086] ov=[0.00218, 0.0019] P=5 S=47 arc=0.91 lr=0.026 w_ov=1.26 iou=[0.923, 0.933] acc=1
r123 1339s L=0.05783 cov=[0.0088, 0.0087] ov=[0.00211, 0.00183] P=5 S=47 arc=0.94 lr=0.026 w_ov=1.28 iou=[0.922, 0.933] acc=1
r124 1350s L=0.05699 cov=[0.0088, 0.0087] ov=[0.00208, 0.00177] P=5 S=47 arc=0.96 lr=0.0091 w_ov=1.31 iou=[0.921, 0.933] acc=0
r125 1360s L=0.05644 cov=[0.0088, 0.0087] ov=[0.00205, 0.00174] P=5 S=47 arc=0.96 lr=0.013 w_ov=1.33 iou=[0.922, 0.933] acc=1
r126 1372s L=0.05576 cov=[0.0088, 0.0088] ov=[0.00202, 0.0017] P=5 S=47 arc=0.98 lr=0.018 w_ov=1.36 iou=[0.921, 0.932] acc=0
r127 1382s L=0.05501 cov=[0.0089, 0.0088] ov=[0.00198, 0.00166] P=5 S=47 arc=0.98 lr=0.0091 w_ov=1.39 iou=[0.921, 0.933] acc=1
r128 1392s L=0.05437 cov=[0.0089, 0.0088] ov=[0.00193, 0.00163] P=5 S=47 arc=0.98 lr=0.013 w_ov=1.42 iou=[0.921, 0.932] acc=1
r129 1404s L=0.05358 cov=[0.0089, 0.0089] ov=[0.00188, 0.0016] P=5 S=47 arc=0.98 lr=0.018 w_ov=1.45 iou=[0.921, 0.933] acc=0
r130 1415s L=0.05241 cov=[0.009, 0.009] ov=[0.00181, 0.00154] P=5 S=47 arc=0.98 lr=0.013 w_ov=1.48 iou=[0.921, 0.932] acc=0
r131 1425s L=0.05151 cov=[0.009, 0.009] ov=[0.00175, 0.0015] P=5 S=46 arc=0.98 lr=0.018 w_ov=1.51 iou=[0.921, 0.93] acc=1
r132 1434s L=0.0508 cov=[0.009, 0.0091] ov=[0.00171, 0.00145] P=5 S=46 arc=0.98 lr=0.013 w_ov=1.54 iou=[0.921, 0.93] acc=0
r133 1442s L=0.04995 cov=[0.0091, 0.0092] ov=[0.00166, 0.00141] P=5 S=46 arc=0.98 lr=0.026 w_ov=1.57 iou=[0.922, 0.93] acc=0
r134 1452s L=0.04927 cov=[0.0091, 0.0092] ov=[0.00162, 0.00138] P=5 S=46 arc=0.98 lr=0.013 w_ov=1.59 iou=[0.921, 0.93] acc=0
r135 1462s L=0.04834 cov=[0.0092, 0.0093] ov=[0.00157, 0.00133] P=5 S=46 arc=0.96 lr=0.013 w_ov=1.62 iou=[0.921, 0.93] acc=1
r136 1472s L=0.04752 cov=[0.0092, 0.0093] ov=[0.00152, 0.00128] P=5 S=46 arc=0.96 lr=0.018 w_ov=1.65 iou=[0.921, 0.929] acc=1
r137 1482s L=0.04681 cov=[0.0093, 0.0094] ov=[0.00146, 0.00126] P=5 S=46 arc=0.96 lr=0.0091 w_ov=1.69 iou=[0.92, 0.928] acc=2
r138 1492s L=0.04632 cov=[0.0093, 0.0094] ov=[0.00143, 0.00124] P=5 S=46 arc=0.98 lr=0.0091 w_ov=1.72 iou=[0.919, 0.928] acc=1
r139 1502s L=0.0456 cov=[0.0093, 0.0094] ov=[0.00137, 0.00122] P=5 S=46 arc=1.00 lr=0.0091 w_ov=1.75 iou=[0.92, 0.928] acc=0
r140 1513s L=0.04511 cov=[0.0094, 0.0095] ov=[0.00135, 0.00118] P=5 S=46 arc=1.00 lr=0.018 w_ov=1.79 iou=[0.919, 0.928] acc=0
r141 1523s L=0.04439 cov=[0.0094, 0.0095] ov=[0.00131, 0.00114] P=5 S=46 arc=1.00 lr=0.013 w_ov=1.82 iou=[0.919, 0.928] acc=0
r142 1534s L=0.04357 cov=[0.0095, 0.0096] ov=[0.00126, 0.0011] P=5 S=46 arc=1.00 lr=0.018 w_ov=1.86 iou=[0.919, 0.928] acc=0
r143 1543s L=0.04259 cov=[0.0096, 0.0096] ov=[0.0012, 0.00104] P=5 S=46 arc=1.00 lr=0.018 w_ov=1.9 iou=[0.918, 0.928] acc=0
r144 1554s L=0.04202 cov=[0.0096, 0.0097] ov=[0.00118, 0.001] P=5 S=46 arc=1.00 lr=0.0091 w_ov=1.93 iou=[0.918, 0.928] acc=0
r145 1564s L=0.04182 cov=[0.0096, 0.0097] ov=[0.00116, 0.00099] P=5 S=46 arc=1.00 lr=0.013 w_ov=1.97 iou=[0.918, 0.928] acc=0
r146 1574s L=0.04128 cov=[0.0097, 0.0097] ov=[0.00113, 0.00096] P=5 S=46 arc=1.00 lr=0.0091 w_ov=2.01 iou=[0.917, 0.928] acc=0
r147 1584s L=0.0408 cov=[0.0097, 0.0098] ov=[0.00111, 0.00094] P=5 S=46 arc=1.00 lr=0.0091 w_ov=2.05 iou=[0.918, 0.928] acc=0
r148 1595s L=0.04042 cov=[0.0097, 0.0098] ov=[0.00108, 0.00092] P=5 S=46 arc=1.00 lr=0.013 w_ov=2.09 iou=[0.918, 0.927] acc=0
r149 1604s L=0.03983 cov=[0.0097, 0.0098] ov=[0.00104, 0.00089] P=5 S=46 arc=1.00 lr=0.013 w_ov=2.13 iou=[0.918, 0.927] acc=0
r150 1613s L=0.03917 cov=[0.0098, 0.0099] ov=[0.001, 0.00085] P=5 S=46 arc=1.00 lr=0.018 w_ov=2.17 iou=[0.917, 0.926] acc=0
r151 1623s L=0.03764 cov=[0.0098, 0.0101] ov=[0.00091, 0.00077] P=5 S=46 arc=1.00 lr=0.018 w_ov=2.21 iou=[0.917, 0.926] acc=0
r152 1634s L=0.03597 cov=[0.0101, 0.0104] ov=[0.00083, 0.00063] P=5 S=46 arc=1.00 lr=0.026 w_ov=2.25 iou=[0.917, 0.925] acc=0
r153 1645s L=0.03487 cov=[0.01, 0.0102] ov=[0.00078, 0.00059] P=5 S=47 arc=1.00 lr=0.051 w_ov=2.3 iou=[0.918, 0.925] acc=1
r154 1655s L=0.03203 cov=[0.01, 0.0104] ov=[0.00058, 0.00049] P=5 S=47 arc=1.00 lr=0.051 w_ov=2.35 iou=[0.919, 0.923] acc=0
r155 1665s L=0.03045 cov=[0.0102, 0.0108] ov=[0.00047, 0.00038] P=5 S=47 arc=0.98 lr=0.026 w_ov=2.4 iou=[0.919, 0.923] acc=1
r156 1674s L=0.0306 cov=[0.0099, 0.0105] ov=[0.00054, 0.00038] P=5 S=47 arc=0.96 lr=0.018 w_ov=2.44 iou=[0.919, 0.923] acc=1
r157 1684s L=0.02957 cov=[0.01, 0.0104] ov=[0.00045, 0.00037] P=5 S=47 arc=0.94 lr=0.036 w_ov=2.48 iou=[0.918, 0.923] acc=2
r158 1694s L=0.02901 cov=[0.01, 0.0104] ov=[0.00042, 0.00034] P=5 S=47 arc=0.94 lr=0.013 w_ov=2.53 iou=[0.919, 0.923] acc=1
r159 1705s L=0.02868 cov=[0.01, 0.0105] ov=[0.0004, 0.00033] P=5 S=47 arc=0.94 lr=0.018 w_ov=2.58 iou=[0.92, 0.923] acc=0
r160 1715s L=0.02841 cov=[0.01, 0.0105] ov=[0.00038, 0.00031] P=5 S=47 arc=0.94 lr=0.0091 w_ov=2.64 iou=[0.921, 0.923] acc=1
r161 1725s L=0.02811 cov=[0.01, 0.0105] ov=[0.00036, 0.0003] P=5 S=47 arc=0.96 lr=0.0064 w_ov=2.69 iou=[0.921, 0.922] acc=2
r162 1735s L=0.02801 cov=[0.01, 0.0105] ov=[0.00036, 0.00029] P=5 S=47 arc=1.00 lr=0.0045 w_ov=2.74 iou=[0.921, 0.922] acc=0
r163 1746s L=0.02792 cov=[0.01, 0.0105] ov=[0.00035, 0.00028] P=5 S=47 arc=1.00 lr=0.0032 w_ov=2.79 iou=[0.921, 0.922] acc=0
r164 1755s L=0.02786 cov=[0.01, 0.0106] ov=[0.00035, 0.00028] P=5 S=47 arc=1.00 lr=0.00028 w_ov=2.85 iou=[0.921, 0.922] acc=0
r165 1765s L=0.02785 cov=[0.01, 0.0106] ov=[0.00035, 0.00028] P=5 S=47 arc=1.00 lr=0.0002 w_ov=2.9 iou=[0.921, 0.922] acc=0
r166 1776s L=0.02784 cov=[0.01, 0.0106] ov=[0.00035, 0.00028] P=5 S=47 arc=1.00 lr=0.0002 w_ov=2.96 iou=[0.921, 0.922] acc=0
r167 1786s L=0.02784 cov=[0.01, 0.0106] ov=[0.00035, 0.00028] P=5 S=47 arc=1.00 lr=0.0002 w_ov=3.02 iou=[0.921, 0.922] acc=0
r168 1797s L=0.02783 cov=[0.01, 0.0106] ov=[0.00035, 0.00028] P=5 S=47 arc=1.00 lr=0.0002 w_ov=3.08 iou=[0.921, 0.922] acc=0
r169 1806s L=0.02782 cov=[0.01, 0.0106] ov=[0.00035, 0.00028] P=5 S=47 arc=1.00 lr=0.0002 w_ov=3.14 iou=[0.921, 0.922] acc=0
r170 1815s L=0.0278 cov=[0.01, 0.0106] ov=[0.00035, 0.00027] P=5 S=47 arc=1.00 lr=0.0002 w_ov=3.2 iou=[0.921, 0.922] acc=0
r171 1825s L=0.02779 cov=[0.01, 0.0106] ov=[0.00035, 0.00027] P=5 S=47 arc=1.00 lr=0.0002 w_ov=3.26 iou=[0.921, 0.922] acc=0
r172 1834s L=0.02777 cov=[0.01, 0.0106] ov=[0.00035, 0.00027] P=5 S=47 arc=1.00 lr=0.0002 w_ov=3.32 iou=[0.921, 0.922] acc=0
r173 1843s L=0.02774 cov=[0.01, 0.0106] ov=[0.00035, 0.00027] P=5 S=47 arc=1.00 lr=0.0002 w_ov=3.37 iou=[0.921, 0.922] acc=0
r174 1853s L=0.02772 cov=[0.0101, 0.0106] ov=[0.00034, 0.00027] P=5 S=47 arc=1.00 lr=0.0002 w_ov=3.44 iou=[0.921, 0.922] acc=0
r175 1863s L=0.0277 cov=[0.0101, 0.0106] ov=[0.00034, 0.00027] P=5 S=47 arc=1.00 lr=0.0002 w_ov=3.5 iou=[0.921, 0.922] acc=0
r176 1872s L=0.02768 cov=[0.0101, 0.0106] ov=[0.00034, 0.00027] P=5 S=47 arc=1.00 lr=0.00028 w_ov=3.57 iou=[0.921, 0.922] acc=0
r177 1881s L=0.02765 cov=[0.0101, 0.0106] ov=[0.00034, 0.00026] P=5 S=47 arc=1.00 lr=0.0002 w_ov=3.63 iou=[0.921, 0.922] acc=0
r178 1891s L=0.02762 cov=[0.0101, 0.0106] ov=[0.00034, 0.00026] P=5 S=47 arc=1.00 lr=0.0002 w_ov=3.7 iou=[0.92, 0.922] acc=0
r179 1900s L=0.02759 cov=[0.0101, 0.0106] ov=[0.00033, 0.00026] P=5 S=47 arc=1.00 lr=0.0002 w_ov=3.77 iou=[0.92, 0.922] acc=0
r180 1909s L=0.02756 cov=[0.0101, 0.0106] ov=[0.00033, 0.00026] P=5 S=47 arc=1.00 lr=0.0002 w_ov=3.83 iou=[0.92, 0.922] acc=0
r181 1919s L=0.02753 cov=[0.0101, 0.0106] ov=[0.00033, 0.00026] P=5 S=47 arc=1.00 lr=0.0002 w_ov=3.9 iou=[0.92, 0.922] acc=0
r182 1930s L=0.0275 cov=[0.0101, 0.0106] ov=[0.00033, 0.00026] P=5 S=47 arc=1.00 lr=0.00028 w_ov=3.97 iou=[0.92, 0.922] acc=0
r183 1940s L=0.02745 cov=[0.0101, 0.0106] ov=[0.00032, 0.00025] P=5 S=47 arc=1.00 lr=0.0002 w_ov=4.06 iou=[0.92, 0.922] acc=0
r184 1950s L=0.02741 cov=[0.0101, 0.0106] ov=[0.00032, 0.00025] P=5 S=47 arc=1.00 lr=0.0002 w_ov=4.14 iou=[0.92, 0.922] acc=0
r185 1960s L=0.02737 cov=[0.0101, 0.0106] ov=[0.00032, 0.00025] P=5 S=47 arc=1.00 lr=0.0002 w_ov=4.22 iou=[0.92, 0.922] acc=0
r186 1970s L=0.02733 cov=[0.0101, 0.0107] ov=[0.00031, 0.00024] P=5 S=47 arc=1.00 lr=0.0002 w_ov=4.3 iou=[0.92, 0.922] acc=0
r187 1979s L=0.02729 cov=[0.0101, 0.0107] ov=[0.00031, 0.00024] P=5 S=47 arc=1.00 lr=0.0002 w_ov=4.38 iou=[0.92, 0.922] acc=0
r188 1988s L=0.02726 cov=[0.0101, 0.0107] ov=[0.00031, 0.00024] P=5 S=47 arc=1.00 lr=0.0002 w_ov=4.46 iou=[0.92, 0.922] acc=0
r189 1999s L=0.02722 cov=[0.0101, 0.0107] ov=[0.00031, 0.00024] P=5 S=47 arc=1.00 lr=0.0002 w_ov=4.54 iou=[0.92, 0.922] acc=0
r190 2007s L=0.02718 cov=[0.0102, 0.0107] ov=[0.0003, 0.00023] P=5 S=47 arc=0.98 lr=0.00028 w_ov=4.63 iou=[0.92, 0.921] acc=1
r191 2018s L=0.02695 cov=[0.0102, 0.0107] ov=[0.00028, 0.00022] P=5 S=47 arc=0.98 lr=0.0045 w_ov=4.71 iou=[0.919, 0.921] acc=0
r192 2028s L=0.02651 cov=[0.0104, 0.011] ov=[0.00026, 0.00016] P=5 S=47 arc=0.98 lr=0.0091 w_ov=4.81 iou=[0.918, 0.921] acc=0
r193 2038s L=0.02586 cov=[0.0104, 0.0109] ov=[0.00021, 0.00014] P=5 S=47 arc=0.98 lr=0.0091 w_ov=4.9 iou=[0.919, 0.92] acc=0
r194 2047s L=0.02595 cov=[0.0105, 0.0109] ov=[0.0002, 0.00016] P=5 S=48 arc=0.98 lr=0.013 w_ov=4.99 iou=[0.919, 0.921] acc=1
r195 2057s L=0.02548 cov=[0.0106, 0.011] ov=[0.00018, 0.00012] P=5 S=48 arc=0.96 lr=0.0023 w_ov=5.08 iou=[0.917, 0.92] acc=1
r196 2067s L=0.02535 cov=[0.0105, 0.0109] ov=[0.00017, 0.00012] P=5 S=48 arc=0.96 lr=0.0091 w_ov=5.18 iou=[0.919, 0.92] acc=0
r197 2077s L=0.02522 cov=[0.0105, 0.0109] ov=[0.00016, 0.00011] P=5 S=48 arc=0.96 lr=0.0023 w_ov=5.28 iou=[0.919, 0.919] acc=0
r198 2087s L=0.02518 cov=[0.0105, 0.0109] ov=[0.00016, 0.00011] P=5 S=48 arc=0.96 lr=0.0016 w_ov=5.38 iou=[0.919, 0.92] acc=1
r199 2097s L=0.02516 cov=[0.0105, 0.0109] ov=[0.00016, 0.00011] P=5 S=48 arc=0.96 lr=0.0011 w_ov=5.49 iou=[0.919, 0.919] acc=0
r200 2108s L=0.02514 cov=[0.0105, 0.0109] ov=[0.00016, 0.00011] P=5 S=48 arc=0.96 lr=0.0002 w_ov=5.59 iou=[0.919, 0.919] acc=0
r201 2118s L=0.02514 cov=[0.0105, 0.0109] ov=[0.00016, 0.00011] P=5 S=48 arc=0.96 lr=0.0002 w_ov=5.72 iou=[0.919, 0.919] acc=0
r202 2127s L=0.02513 cov=[0.0105, 0.0109] ov=[0.00016, 0.00011] P=5 S=48 arc=0.96 lr=0.0002 w_ov=5.82 iou=[0.918, 0.919] acc=0
r203 2138s L=0.02513 cov=[0.0106, 0.0109] ov=[0.00016, 0.00011] P=5 S=48 arc=0.96 lr=0.0002 w_ov=5.92 iou=[0.918, 0.919] acc=0
r204 2146s L=0.02513 cov=[0.0106, 0.0109] ov=[0.00015, 0.00011] P=5 S=48 arc=0.96 lr=0.0002 w_ov=6.05 iou=[0.918, 0.919] acc=0
r205 2156s L=0.02512 cov=[0.0106, 0.0109] ov=[0.00015, 0.00011] P=5 S=48 arc=0.96 lr=0.0002 w_ov=6.14 iou=[0.918, 0.919] acc=0
r206 2166s L=0.02512 cov=[0.0106, 0.0109] ov=[0.00015, 0.00011] P=5 S=48 arc=0.96 lr=0.0002 w_ov=6.26 iou=[0.918, 0.919] acc=0
r207 2176s L=0.02511 cov=[0.0106, 0.0109] ov=[0.00015, 0.00011] P=5 S=48 arc=0.96 lr=0.0002 w_ov=6.38 iou=[0.918, 0.919] acc=0
r208 2186s L=0.0251 cov=[0.0106, 0.0109] ov=[0.00015, 0.00011] P=5 S=48 arc=0.96 lr=0.00028 w_ov=6.51 iou=[0.918, 0.919] acc=0
r209 2196s L=0.0251 cov=[0.0106, 0.011] ov=[0.00015, 0.00011] P=5 S=48 arc=0.96 lr=0.0002 w_ov=6.63 iou=[0.918, 0.919] acc=0
r210 2205s L=0.02509 cov=[0.0106, 0.011] ov=[0.00015, 0.00011] P=5 S=48 arc=0.96 lr=0.0002 w_ov=6.76 iou=[0.918, 0.919] acc=0
r211 2215s L=0.02507 cov=[0.0106, 0.011] ov=[0.00015, 0.00011] P=5 S=48 arc=0.96 lr=0.00028 w_ov=6.88 iou=[0.918, 0.919] acc=0
r212 2225s L=0.02506 cov=[0.0106, 0.011] ov=[0.00015, 0.00011] P=5 S=48 arc=0.96 lr=0.0002 w_ov=7.01 iou=[0.918, 0.919] acc=0
r213 2235s L=0.02505 cov=[0.0106, 0.011] ov=[0.00014, 0.00011] P=5 S=48 arc=0.96 lr=0.00028 w_ov=7.15 iou=[0.917, 0.919] acc=1
r214 2246s L=0.02503 cov=[0.0106, 0.011] ov=[0.00014, 0.00011] P=5 S=48 arc=0.96 lr=0.0002 w_ov=7.29 iou=[0.917, 0.919] acc=0
r215 2256s L=0.02502 cov=[0.0106, 0.011] ov=[0.00014, 0.00011] P=5 S=48 arc=0.96 lr=0.0002 w_ov=7.44 iou=[0.917, 0.919] acc=0
r216 2266s L=0.02501 cov=[0.0106, 0.011] ov=[0.00014, 0.00011] P=5 S=48 arc=0.96 lr=0.0002 w_ov=7.59 iou=[0.917, 0.919] acc=0
r217 2276s L=0.02499 cov=[0.0106, 0.011] ov=[0.00014, 0.00011] P=5 S=48 arc=0.96 lr=0.0002 w_ov=7.74 iou=[0.917, 0.919] acc=0
r218 2287s L=0.02498 cov=[0.0106, 0.011] ov=[0.00013, 0.00011] P=5 S=48 arc=0.96 lr=0.0002 w_ov=7.89 iou=[0.917, 0.919] acc=0
r219 2298s L=0.02498 cov=[0.0106, 0.011] ov=[0.00013, 0.00011] P=5 S=48 arc=0.96 lr=0.0002 w_ov=8.05 iou=[0.916, 0.919] acc=0
r220 2308s L=0.02497 cov=[0.0106, 0.011] ov=[0.00013, 0.0001] P=5 S=48 arc=0.96 lr=0.0002 w_ov=8.22 iou=[0.916, 0.919] acc=0
r221 2319s L=0.02496 cov=[0.0106, 0.011] ov=[0.00013, 0.0001] P=5 S=48 arc=0.96 lr=0.0002 w_ov=8.39 iou=[0.916, 0.919] acc=0
r222 2330s L=0.02495 cov=[0.0106, 0.011] ov=[0.00013, 0.0001] P=5 S=48 arc=0.96 lr=0.00028 w_ov=8.56 iou=[0.916, 0.919] acc=0
r223 2340s L=0.02495 cov=[0.0107, 0.011] ov=[0.00013, 0.0001] P=5 S=48 arc=0.96 lr=0.0002 w_ov=8.74 iou=[0.916, 0.919] acc=0
r224 2350s L=0.02494 cov=[0.0107, 0.011] ov=[0.00013, 0.0001] P=5 S=48 arc=0.96 lr=0.00028 w_ov=8.91 iou=[0.916, 0.919] acc=0
r225 2358s L=0.02493 cov=[0.0107, 0.011] ov=[0.00013, 0.0001] P=5 S=48 arc=0.96 lr=0.0002 w_ov=9.08 iou=[0.916, 0.919] acc=1
r226 2368s L=0.02488 cov=[0.0107, 0.011] ov=[0.00012, 0.0001] P=5 S=48 arc=0.96 lr=0.0002 w_ov=9.23 iou=[0.916, 0.919] acc=0
r227 2378s L=0.02488 cov=[0.0107, 0.011] ov=[0.00012, 0.0001] P=5 S=48 arc=0.96 lr=0.0002 w_ov=9.41 iou=[0.916, 0.919] acc=1
r228 2389s L=0.02486 cov=[0.0107, 0.011] ov=[0.00012, 0.0001] P=5 S=48 arc=0.96 lr=0.0002 w_ov=9.58 iou=[0.916, 0.919] acc=0
r229 2400s L=0.02482 cov=[0.0107, 0.0111] ov=[0.00011, 9e-05] P=5 S=48 arc=0.96 lr=0.0008 w_ov=9.79 iou=[0.915, 0.918] acc=0
r230 2410s L=0.02476 cov=[0.0107, 0.0112] ov=[0.00011, 8e-05] P=5 S=48 arc=0.96 lr=0.0011 w_ov=10 iou=[0.914, 0.918] acc=1
{
 "ToArc": {
  "proposed": 313,
  "accepted": 152,
  "scope": "shared",
  "rate": 0.48562300319488816
 },
 "SwapPoses": {
  "proposed": 1730,
  "accepted": 0,
  "scope": "per-target",
  "rate": 0.0
 },
 "Split": {
  "proposed": 5506,
  "accepted": 51,
  "scope": "shared",
  "rate": 0.009262622593534326
 },
 "Merge": {
  "proposed": 823,
  "accepted": 53,
  "scope": "shared",
  "rate": 0.06439854191980558
 },
 "Flip": {
  "proposed": 977,
  "accepted": 1,
  "scope": "per-target",
  "rate": 0.0010235414534288639
 },
 "Rotate": {
  "proposed": 2214,
  "accepted": 5,
  "scope": "per-target",
  "rate": 0.002258355916892502
 },
 "forced:RemoveSmallPart": {
  "proposed": 0,
  "accepted": 3,
  "scope": "shared",
  "rate": 3.0
 },
 "MergeClose": {
  "proposed": 210,
  "accepted": 1,
  "scope": "shared",
  "rate": 0.004761904761904762
 },
 "ToLine": {
  "proposed": 3011,
  "accepted": 118,
  "scope": "shared",
  "rate": 0.03918963799402192
 }
}
EVAL avg_chamfer=5.018 avg_hausdorff=25.507 pieces=5->5 loss=0.024762
