r0 9s L=0.9251 cov=[0.0268, 0.0357] ov=[0.03172, 0.05441] P=6 S=59 arc=0.00 lr=0.5 w_ov=0.1 iou=[0.858, 0.821] acc=15
r1 19s L=0.6463 cov=[0.0086, 0.0216] ov=[0.02155, 0.03994] P=6 S=54 arc=0.17 lr=0.18 w_ov=0.102 iou=[0.934, 0.885] acc=15
r2 27s L=0.6366 cov=[0.005, 0.0199] ov=[0.02348, 0.03758] P=6 S=54 arc=0.33 lr=0.25 w_ov=0.104 iou=[0.949, 0.895] acc=12
r3 37s L=0.6491 cov=[0.0042, 0.017] ov=[0.02488, 0.03779] P=6 S=53 arc=0.51 lr=0.25 w_ov=0.105 iou=[0.95, 0.903] acc=13
r4 48s L=0.6707 cov=[0.0047, 0.0145] ov=[0.02741, 0.03763] P=6 S=51 arc=0.71 lr=0.25 w_ov=0.107 iou=[0.962, 0.914] acc=4
r5 58s L=0.6677 cov=[0.0034, 0.0132] ov=[0.02766, 0.03733] P=6 S=52 arc=0.75 lr=0.35 w_ov=0.11 iou=[0.953, 0.926] acc=5
r6 70s L=0.6886 cov=[0.0045, 0.0109] ov=[0.02931, 0.03789] P=6 S=51 arc=0.76 lr=0.18 w_ov=0.112 iou=[0.952, 0.933] acc=6
r7 80s L=0.7083 cov=[0.0073, 0.0097] ov=[0.02994, 0.03908] P=6 S=52 arc=0.81 lr=0.25 w_ov=0.114 iou=[0.943, 0.941] acc=4
r8 91s L=0.6495 cov=[0.0043, 0.0087] ov=[0.0283, 0.03524] P=6 S=53 arc=0.81 lr=0.25 w_ov=0.117 iou=[0.945, 0.945] acc=7
r9 102s L=0.6355 cov=[0.0052, 0.0073] ov=[0.02797, 0.03421] P=6 S=54 arc=0.76 lr=0.25 w_ov=0.119 iou=[0.946, 0.951] acc=5
r10 114s L=0.6213 cov=[0.0041, 0.0064] ov=[0.02777, 0.03319] P=6 S=53 arc=0.74 lr=0.13 w_ov=0.122 iou=[0.955, 0.956] acc=5
r11 125s L=0.5987 cov=[0.004, 0.0062] ov=[0.02692, 0.03181] P=6 S=52 arc=0.77 lr=0.18 w_ov=0.124 iou=[0.955, 0.957] acc=3
r12 137s L=0.5848 cov=[0.0042, 0.0058] ov=[0.02641, 0.03096] P=6 S=52 arc=0.75 lr=0.25 w_ov=0.127 iou=[0.955, 0.96] acc=3
r13 147s L=0.5695 cov=[0.0041, 0.0056] ov=[0.02573, 0.03015] P=6 S=52 arc=0.73 lr=0.25 w_ov=0.13 iou=[0.957, 0.96] acc=5
r14 159s L=0.5926 cov=[0.0119, 0.0063] ov=[0.0272, 0.03014] P=6 S=56 arc=0.75 lr=0.18 w_ov=0.133 iou=[0.923, 0.951] acc=6
r15 171s L=0.537 cov=[0.0043, 0.0049] ov=[0.02412, 0.02854] P=6 S=56 arc=0.75 lr=0.25 w_ov=0.136 iou=[0.954, 0.963] acc=2
r16 184s L=0.5213 cov=[0.0041, 0.0049] ov=[0.02345, 0.02766] P=6 S=56 arc=0.75 lr=0.25 w_ov=0.139 iou=[0.957, 0.962] acc=3
r17 196s L=0.5065 cov=[0.004, 0.0047] ov=[0.02278, 0.02688] P=6 S=56 arc=0.75 lr=0.25 w_ov=0.142 iou=[0.96, 0.963] acc=5
r18 208s L=0.4952 cov=[0.0036, 0.0047] ov=[0.02206, 0.02651] P=6 S=56 arc=0.77 lr=0.088 w_ov=0.146 iou=[0.96, 0.963] acc=5
r19 222s L=0.4771 cov=[0.0034, 0.0047] ov=[0.02103, 0.02575] P=6 S=54 arc=0.89 lr=0.18 w_ov=0.149 iou=[0.962, 0.963] acc=4
r20 233s L=0.467 cov=[0.0033, 0.0046] ov=[0.02046, 0.02534] P=6 S=53 arc=0.92 lr=0.25 w_ov=0.153 iou=[0.965, 0.964] acc=2
r21 245s L=0.4616 cov=[0.0034, 0.0046] ov=[0.01988, 0.02537] P=6 S=53 arc=0.91 lr=0.13 w_ov=0.157 iou=[0.957, 0.964] acc=4
r22 256s L=0.4515 cov=[0.0032, 0.0043] ov=[0.01942, 0.02487] P=6 S=53 arc=0.94 lr=0.13 w_ov=0.16 iou=[0.964, 0.965] acc=1
r23 267s L=0.437 cov=[0.0031, 0.0043] ov=[0.01856, 0.02429] P=6 S=52 arc=0.98 lr=0.18 w_ov=0.163 iou=[0.963, 0.965] acc=2
r24 278s L=0.4315 cov=[0.0032, 0.0041] ov=[0.01833, 0.02399] P=6 S=52 arc=0.98 lr=0.18 w_ov=0.167 iou=[0.963, 0.967] acc=1
r25 289s L=0.427 cov=[0.0032, 0.0039] ov=[0.01812, 0.02375] P=6 S=52 arc=0.98 lr=0.18 w_ov=0.17 iou=[0.962, 0.967] acc=0
r26 300s L=0.4253 cov=[0.0033, 0.0038] ov=[0.01805, 0.02366] P=6 S=52 arc=0.98 lr=0.13 w_ov=0.174 iou=[0.961, 0.968] acc=1
r27 311s L=0.4218 cov=[0.0033, 0.0037] ov=[0.01786, 0.02351] P=6 S=52 arc=1.00 lr=0.25 w_ov=0.178 iou=[0.961, 0.969] acc=0
r28 322s L=0.4226 cov=[0.0037, 0.0036] ov=[0.01767, 0.02374] P=6 S=52 arc=0.94 lr=0.13 w_ov=0.182 iou=[0.95, 0.97] acc=3
r29 333s L=0.4155 cov=[0.0033, 0.0036] ov=[0.0176, 0.02316] P=6 S=52 arc=0.94 lr=0.063 w_ov=0.186 iou=[0.962, 0.97] acc=1
r30 345s L=0.4113 cov=[0.0033, 0.0035] ov=[0.01744, 0.0229] P=6 S=52 arc=0.96 lr=0.25 w_ov=0.19 iou=[0.96, 0.97] acc=0
r31 357s L=0.4087 cov=[0.0034, 0.0035] ov=[0.0173, 0.02277] P=6 S=52 arc=0.94 lr=0.13 w_ov=0.194 iou=[0.958, 0.969] acc=2
r32 369s L=0.4061 cov=[0.0033, 0.0036] ov=[0.01721, 0.0226] P=6 S=52 arc=0.96 lr=0.25 w_ov=0.199 iou=[0.959, 0.968] acc=2
r33 381s L=0.4035 cov=[0.0033, 0.0036] ov=[0.01708, 0.02247] P=6 S=52 arc=1.00 lr=0.13 w_ov=0.203 iou=[0.959, 0.969] acc=0
r34 392s L=0.402 cov=[0.0033, 0.0035] ov=[0.01707, 0.02234] P=6 S=52 arc=1.00 lr=0.18 w_ov=0.208 iou=[0.96, 0.969] acc=0
r35 404s L=0.4009 cov=[0.0033, 0.0035] ov=[0.01701, 0.02229] P=6 S=52 arc=1.00 lr=0.088 w_ov=0.212 iou=[0.96, 0.97] acc=0
r36 415s L=0.3979 cov=[0.0033, 0.0035] ov=[0.01689, 0.0221] P=6 S=52 arc=1.00 lr=0.13 w_ov=0.217 iou=[0.959, 0.969] acc=0
r37 426s L=0.3952 cov=[0.0033, 0.0035] ov=[0.01672, 0.022] P=6 S=52 arc=1.00 lr=0.18 w_ov=0.222 iou=[0.958, 0.969] acc=0
r38 438s L=0.3917 cov=[0.0034, 0.0034] ov=[0.0166, 0.02178] P=6 S=52 arc=1.00 lr=0.088 w_ov=0.226 iou=[0.958, 0.969] acc=0
r39 449s L=0.3855 cov=[0.0035, 0.0034] ov=[0.01634, 0.02141] P=6 S=52 arc=0.98 lr=0.13 w_ov=0.232 iou=[0.958, 0.97] acc=1
r40 460s L=0.3844 cov=[0.0035, 0.0034] ov=[0.01628, 0.02136] P=6 S=52 arc=0.98 lr=0.18 w_ov=0.237 iou=[0.958, 0.971] acc=0
r41 472s L=0.381 cov=[0.0035, 0.0034] ov=[0.01614, 0.02115] P=6 S=52 arc=0.98 lr=0.063 w_ov=0.242 iou=[0.957, 0.97] acc=0
r42 483s L=0.3777 cov=[0.0036, 0.0034] ov=[0.01594, 0.02102] P=6 S=52 arc=0.98 lr=0.088 w_ov=0.247 iou=[0.956, 0.97] acc=0
r43 494s L=0.374 cov=[0.0035, 0.0034] ov=[0.0157, 0.02089] P=6 S=52 arc=0.98 lr=0.13 w_ov=0.253 iou=[0.957, 0.97] acc=0
r44 506s L=0.3708 cov=[0.0036, 0.0035] ov=[0.01555, 0.02071] P=6 S=52 arc=0.98 lr=0.063 w_ov=0.258 iou=[0.956, 0.97] acc=0
r45 517s L=0.3675 cov=[0.0036, 0.0035] ov=[0.01539, 0.02054] P=6 S=51 arc=0.96 lr=0.088 w_ov=0.264 iou=[0.956, 0.97] acc=2
r46 528s L=0.3613 cov=[0.0037, 0.0035] ov=[0.01505, 0.02024] P=6 S=51 arc=0.96 lr=0.13 w_ov=0.27 iou=[0.956, 0.97] acc=0
r47 539s L=0.3581 cov=[0.0038, 0.0035] ov=[0.01489, 0.02008] P=6 S=51 arc=0.96 lr=0.063 w_ov=0.276 iou=[0.955, 0.97] acc=0
r48 550s L=0.3547 cov=[0.0038, 0.0035] ov=[0.01472, 0.0199] P=6 S=51 arc=0.96 lr=0.088 w_ov=0.281 iou=[0.955, 0.97] acc=0
r49 560s L=0.352 cov=[0.0039, 0.0036] ov=[0.01452, 0.01983] P=6 S=51 arc=0.96 lr=0.13 w_ov=0.287 iou=[0.954, 0.97] acc=1
r50 571s L=0.3485 cov=[0.0039, 0.0036] ov=[0.01437, 0.01963] P=6 S=51 arc=0.98 lr=0.063 w_ov=0.293 iou=[0.954, 0.971] acc=1
r51 582s L=0.3452 cov=[0.0039, 0.0036] ov=[0.01419, 0.01946] P=6 S=51 arc=0.98 lr=0.088 w_ov=0.299 iou=[0.954, 0.97] acc=1
r52 593s L=0.3429 cov=[0.0039, 0.0036] ov=[0.01406, 0.01937] P=6 S=51 arc=0.96 lr=0.13 w_ov=0.306 iou=[0.954, 0.969] acc=1
r53 602s L=0.3394 cov=[0.0039, 0.0038] ov=[0.01381, 0.01925] P=6 S=52 arc=0.94 lr=0.18 w_ov=0.312 iou=[0.955, 0.968] acc=3
r54 614s L=0.3344 cov=[0.0039, 0.0037] ov=[0.0135, 0.01906] P=6 S=52 arc=0.94 lr=0.25 w_ov=0.318 iou=[0.955, 0.967] acc=1
r55 624s L=0.3302 cov=[0.0041, 0.0038] ov=[0.01321, 0.01892] P=6 S=52 arc=0.94 lr=0.063 w_ov=0.325 iou=[0.951, 0.967] acc=0
r56 635s L=0.3316 cov=[0.004, 0.0041] ov=[0.01347, 0.01877] P=6 S=51 arc=0.94 lr=0.13 w_ov=0.331 iou=[0.955, 0.966] acc=2
r57 646s L=0.3216 cov=[0.004, 0.0039] ov=[0.01283, 0.01842] P=6 S=51 arc=0.96 lr=0.063 w_ov=0.338 iou=[0.954, 0.967] acc=0
r58 657s L=0.317 cov=[0.0041, 0.004] ov=[0.01262, 0.01816] P=6 S=51 arc=0.96 lr=0.088 w_ov=0.345 iou=[0.954, 0.966] acc=1
r59 667s L=0.3132 cov=[0.0041, 0.004] ov=[0.01241, 0.01798] P=6 S=51 arc=0.98 lr=0.088 w_ov=0.353 iou=[0.953, 0.967] acc=0
r60 678s L=0.3104 cov=[0.0042, 0.004] ov=[0.01229, 0.01782] P=6 S=51 arc=0.98 lr=0.063 w_ov=0.36 iou=[0.952, 0.967] acc=0
r61 689s L=0.3092 cov=[0.0042, 0.004] ov=[0.01222, 0.01777] P=6 S=51 arc=0.98 lr=0.044 w_ov=0.367 iou=[0.952, 0.967] acc=1
r62 700s L=0.3064 cov=[0.0043, 0.0041] ov=[0.01206, 0.01764] P=6 S=51 arc=1.00 lr=0.088 w_ov=0.375 iou=[0.951, 0.967] acc=0
r63 712s L=0.3039 cov=[0.0043, 0.0041] ov=[0.0119, 0.01754] P=6 S=51 arc=1.00 lr=0.18 w_ov=0.383 iou=[0.95, 0.967] acc=0
r64 723s L=0.2988 cov=[0.0044, 0.0042] ov=[0.01158, 0.01733] P=6 S=51 arc=0.98 lr=0.18 w_ov=0.392 iou=[0.949, 0.967] acc=1
r65 735s L=0.2939 cov=[0.0045, 0.0042] ov=[0.01124, 0.01716] P=6 S=51 arc=0.98 lr=0.18 w_ov=0.401 iou=[0.95, 0.966] acc=0
r66 747s L=0.2896 cov=[0.0047, 0.0043] ov=[0.01099, 0.01697] P=6 S=51 arc=0.98 lr=0.088 w_ov=0.41 iou=[0.947, 0.965] acc=0
r67 758s L=0.2873 cov=[0.0047, 0.0043] ov=[0.01087, 0.01686] P=6 S=51 arc=0.98 lr=0.13 w_ov=0.42 iou=[0.949, 0.967] acc=0
r68 769s L=0.2837 cov=[0.0048, 0.0043] ov=[0.01067, 0.01668] P=6 S=51 arc=0.94 lr=0.18 w_ov=0.428 iou=[0.948, 0.966] acc=2
r69 781s L=0.2824 cov=[0.005, 0.0045] ov=[0.01067, 0.0165] P=6 S=51 arc=0.94 lr=0.088 w_ov=0.438 iou=[0.949, 0.964] acc=1
r70 792s L=0.2781 cov=[0.0048, 0.0044] ov=[0.01038, 0.0164] P=6 S=51 arc=0.96 lr=0.13 w_ov=0.448 iou=[0.947, 0.966] acc=0
r71 804s L=0.2743 cov=[0.005, 0.0044] ov=[0.0102, 0.01619] P=6 S=51 arc=0.96 lr=0.063 w_ov=0.457 iou=[0.946, 0.966] acc=1
r72 816s L=0.2717 cov=[0.005, 0.0044] ov=[0.01007, 0.01605] P=6 S=51 arc=0.98 lr=0.088 w_ov=0.468 iou=[0.947, 0.965] acc=0
r73 827s L=0.2682 cov=[0.0051, 0.0045] ov=[0.00985, 0.0159] P=6 S=51 arc=0.98 lr=0.13 w_ov=0.479 iou=[0.946, 0.964] acc=0
r74 838s L=0.263 cov=[0.0052, 0.0046] ov=[0.00961, 0.0156] P=6 S=51 arc=0.98 lr=0.063 w_ov=0.489 iou=[0.946, 0.963] acc=1
r75 849s L=0.2591 cov=[0.0052, 0.0047] ov=[0.00937, 0.01543] P=6 S=51 arc=1.00 lr=0.088 w_ov=0.499 iou=[0.945, 0.963] acc=0
r76 862s L=0.256 cov=[0.0053, 0.0048] ov=[0.00916, 0.01532] P=6 S=51 arc=1.00 lr=0.088 w_ov=0.51 iou=[0.945, 0.963] acc=0
r77 873s L=0.2536 cov=[0.0053, 0.0048] ov=[0.00902, 0.01521] P=6 S=51 arc=1.00 lr=0.13 w_ov=0.522 iou=[0.945, 0.962] acc=0
r78 883s L=0.2499 cov=[0.0054, 0.0049] ov=[0.00874, 0.01511] P=6 S=51 arc=1.00 lr=0.18 w_ov=0.534 iou=[0.944, 0.962] acc=0
r79 894s L=0.2461 cov=[0.0056, 0.0049] ov=[0.0085, 0.01494] P=6 S=51 arc=0.98 lr=0.18 w_ov=0.544 iou=[0.943, 0.962] acc=1
r80 905s L=0.2428 cov=[0.0056, 0.0051] ov=[0.00835, 0.01476] P=6 S=51 arc=0.98 lr=0.18 w_ov=0.556 iou=[0.943, 0.961] acc=0
r81 917s L=0.2377 cov=[0.0057, 0.0052] ov=[0.00805, 0.01452] P=6 S=52 arc=0.96 lr=0.18 w_ov=0.568 iou=[0.942, 0.96] acc=2
r82 928s L=0.2295 cov=[0.0059, 0.0051] ov=[0.00772, 0.01401] P=6 S=52 arc=0.96 lr=0.088 w_ov=0.581 iou=[0.941, 0.961] acc=1
r83 940s L=0.2251 cov=[0.0061, 0.0051] ov=[0.00743, 0.01384] P=6 S=52 arc=0.98 lr=0.13 w_ov=0.594 iou=[0.94, 0.961] acc=1
r84 952s L=0.2219 cov=[0.0062, 0.0052] ov=[0.00731, 0.01364] P=6 S=52 arc=1.00 lr=0.18 w_ov=0.607 iou=[0.939, 0.962] acc=0
r85 963s L=0.2159 cov=[0.0064, 0.0054] ov=[0.00703, 0.01327] P=6 S=53 arc=0.96 lr=0.18 w_ov=0.621 iou=[0.938, 0.959] acc=3
r86 974s L=0.2091 cov=[0.0066, 0.0055] ov=[0.00673, 0.01286] P=6 S=54 arc=0.94 lr=0.18 w_ov=0.634 iou=[0.938, 0.958] acc=2
r87 986s L=0.2052 cov=[0.0067, 0.0054] ov=[0.00658, 0.01261] P=6 S=54 arc=0.94 lr=0.063 w_ov=0.649 iou=[0.935, 0.96] acc=1
r88 996s L=0.2025 cov=[0.0068, 0.0055] ov=[0.00643, 0.01248] P=6 S=54 arc=0.93 lr=0.088 w_ov=0.663 iou=[0.935, 0.96] acc=2
r89 1007s L=0.2003 cov=[0.0069, 0.0055] ov=[0.00626, 0.01241] P=6 S=54 arc=0.93 lr=0.088 w_ov=0.676 iou=[0.935, 0.96] acc=3
r90 1018s L=0.1978 cov=[0.0069, 0.0055] ov=[0.00617, 0.01225] P=6 S=54 arc=0.98 lr=0.044 w_ov=0.69 iou=[0.934, 0.959] acc=0
r91 1029s L=0.1958 cov=[0.007, 0.0056] ov=[0.00606, 0.01215] P=6 S=54 arc=0.98 lr=0.063 w_ov=0.706 iou=[0.934, 0.959] acc=0
r92 1041s L=0.1922 cov=[0.0071, 0.0057] ov=[0.00589, 0.01194] P=6 S=54 arc=0.98 lr=0.088 w_ov=0.721 iou=[0.933, 0.958] acc=1
r93 1052s L=0.19 cov=[0.0072, 0.0057] ov=[0.0058, 0.01179] P=6 S=54 arc=1.00 lr=0.044 w_ov=0.737 iou=[0.932, 0.958] acc=0
r94 1062s L=0.1862 cov=[0.0074, 0.0058] ov=[0.0056, 0.01158] P=6 S=54 arc=1.00 lr=0.063 w_ov=0.752 iou=[0.931, 0.957] acc=0
r95 1073s L=0.1844 cov=[0.0074, 0.0059] ov=[0.0055, 0.0115] P=6 S=54 arc=1.00 lr=0.031 w_ov=0.768 iou=[0.931, 0.958] acc=0
r96 1085s L=0.1831 cov=[0.0075, 0.0059] ov=[0.00543, 0.01143] P=6 S=54 arc=1.00 lr=0.022 w_ov=0.783 iou=[0.931, 0.957] acc=0
r97 1096s L=0.1822 cov=[0.0075, 0.006] ov=[0.00539, 0.01138] P=6 S=54 arc=1.00 lr=0.002 w_ov=0.802 iou=[0.931, 0.957] acc=0
r98 1108s L=0.1822 cov=[0.0075, 0.006] ov=[0.00538, 0.01137] P=6 S=54 arc=1.00 lr=0.0002 w_ov=0.82 iou=[0.931, 0.957] acc=0
r99 1120s L=0.1821 cov=[0.0075, 0.006] ov=[0.00538, 0.01137] P=6 S=54 arc=1.00 lr=0.0002 w_ov=0.838 iou=[0.93, 0.957] acc=0
r100 1132s L=0.1821 cov=[0.0075, 0.006] ov=[0.00538, 0.01137] P=6 S=54 arc=1.00 lr=0.0002 w_ov=0.858 iou=[0.93, 0.957] acc=0
r101 1143s L=0.182 cov=[0.0075, 0.006] ov=[0.00538, 0.01137] P=6 S=54 arc=1.00 lr=0.0002 w_ov=0.877 iou=[0.93, 0.957] acc=0
r102 1154s L=0.1819 cov=[0.0075, 0.006] ov=[0.00537, 0.01136] P=6 S=54 arc=1.00 lr=0.0002 w_ov=0.897 iou=[0.93, 0.957] acc=0
r103 1165s L=0.1818 cov=[0.0075, 0.006] ov=[0.00537, 0.01136] P=6 S=54 arc=1.00 lr=0.0002 w_ov=0.916 iou=[0.93, 0.957] acc=0
r104 1177s L=0.1817 cov=[0.0075, 0.006] ov=[0.00536, 0.01135] P=6 S=54 arc=1.00 lr=0.0002 w_ov=0.936 iou=[0.931, 0.957] acc=0
r105 1189s L=0.1816 cov=[0.0075, 0.006] ov=[0.00535, 0.01134] P=6 S=54 arc=1.00 lr=0.0002 w_ov=0.957 iou=[0.931, 0.957] acc=0
r106 1201s L=0.1815 cov=[0.0075, 0.006] ov=[0.00535, 0.01134] P=6 S=54 arc=1.00 lr=0.0002 w_ov=0.979 iou=[0.931, 0.957] acc=0
r107 1212s L=0.1813 cov=[0.0075, 0.006] ov=[0.00534, 0.01133] P=6 S=54 arc=0.98 lr=0.0002 w_ov=1 iou=[0.931, 0.956] acc=1
r108 1223s L=0.1793 cov=[0.0076, 0.0062] ov=[0.00512, 0.01132] P=6 S=54 arc=0.98 lr=0.0002 w_ov=1.02 iou=[0.931, 0.956] acc=0
r109 1236s L=0.1791 cov=[0.0076, 0.0062] ov=[0.00511, 0.01131] P=6 S=54 arc=0.98 lr=0.0002 w_ov=1.05 iou=[0.931, 0.956] acc=1
r110 1248s L=0.1789 cov=[0.0076, 0.0062] ov=[0.0051, 0.01129] P=6 S=54 arc=1.00 lr=0.0002 w_ov=1.07 iou=[0.931, 0.956] acc=0
r111 1258s L=0.1786 cov=[0.0076, 0.0062] ov=[0.00509, 0.01128] P=6 S=54 arc=1.00 lr=0.00028 w_ov=1.1 iou=[0.93, 0.956] acc=0
r112 1270s L=0.1784 cov=[0.0076, 0.0062] ov=[0.00507, 0.01127] P=6 S=54 arc=1.00 lr=0.0002 w_ov=1.12 iou=[0.93, 0.956] acc=0
r113 1280s L=0.1781 cov=[0.0076, 0.0062] ov=[0.00506, 0.01125] P=6 S=54 arc=1.00 lr=0.0002 w_ov=1.14 iou=[0.93, 0.956] acc=0
r114 1292s L=0.1778 cov=[0.0077, 0.0062] ov=[0.00504, 0.01123] P=6 S=54 arc=0.98 lr=0.0002 w_ov=1.17 iou=[0.93, 0.956] acc=1
r115 1302s L=0.1775 cov=[0.0077, 0.0062] ov=[0.00503, 0.01122] P=6 S=54 arc=0.98 lr=0.0002 w_ov=1.19 iou=[0.93, 0.956] acc=0
r116 1314s L=0.1772 cov=[0.0077, 0.0063] ov=[0.00501, 0.0112] P=6 S=54 arc=0.98 lr=0.00028 w_ov=1.22 iou=[0.93, 0.956] acc=0
r117 1325s L=0.1753 cov=[0.0078, 0.0063] ov=[0.00492, 0.01108] P=6 S=54 arc=0.98 lr=0.0045 w_ov=1.24 iou=[0.93, 0.955] acc=0
r118 1336s L=0.1559 cov=[0.0088, 0.0072] ov=[0.00399, 0.00989] P=6 S=54 arc=0.98 lr=0.072 w_ov=1.27 iou=[0.925, 0.948] acc=0
r119 1348s L=0.1367 cov=[0.0102, 0.0077] ov=[0.00346, 0.00831] P=6 S=55 arc=0.96 lr=0.1 w_ov=1.3 iou=[0.917, 0.946] acc=2
r120 1360s L=0.124 cov=[0.0109, 0.0078] ov=[0.00301, 0.00739] P=6 S=53 arc=0.96 lr=0.1 w_ov=1.33 iou=[0.902, 0.936] acc=2
r121 1371s L=0.09413 cov=[0.013, 0.0083] ov=[0.00208, 0.00509] P=6 S=54 arc=0.98 lr=0.1 w_ov=1.36 iou=[0.903, 0.941] acc=2
r122 1382s L=0.08577 cov=[0.0133, 0.0081] ov=[0.00184, 0.00449] P=6 S=54 arc=0.93 lr=0.1 w_ov=1.39 iou=[0.904, 0.941] acc=4
r123 1393s L=0.07753 cov=[0.0132, 0.0082] ov=[0.00167, 0.00383] P=6 S=54 arc=0.93 lr=0.1 w_ov=1.42 iou=[0.903, 0.939] acc=1
r124 1404s L=0.07414 cov=[0.0133, 0.0082] ov=[0.00159, 0.00356] P=6 S=54 arc=0.94 lr=0.051 w_ov=1.45 iou=[0.904, 0.94] acc=0
r125 1416s L=0.07218 cov=[0.0135, 0.0081] ov=[0.00155, 0.0034] P=6 S=54 arc=0.94 lr=0.051 w_ov=1.48 iou=[0.905, 0.939] acc=1
r126 1428s L=0.06873 cov=[0.0138, 0.0082] ov=[0.00145, 0.0031] P=6 S=53 arc=0.96 lr=0.072 w_ov=1.51 iou=[0.903, 0.938] acc=1
r127 1439s L=0.06761 cov=[0.0139, 0.0083] ov=[0.00141, 0.00301] P=6 S=53 arc=0.96 lr=0.036 w_ov=1.55 iou=[0.902, 0.94] acc=1
r128 1451s L=0.06331 cov=[0.0142, 0.0084] ov=[0.00126, 0.00271] P=6 S=53 arc=0.98 lr=0.051 w_ov=1.58 iou=[0.902, 0.938] acc=0
r129 1461s L=0.06099 cov=[0.0143, 0.0084] ov=[0.0012, 0.00251] P=6 S=53 arc=0.98 lr=0.051 w_ov=1.62 iou=[0.901, 0.939] acc=0
r130 1472s L=0.05692 cov=[0.0147, 0.0085] ov=[0.00106, 0.00221] P=6 S=53 arc=0.98 lr=0.036 w_ov=1.65 iou=[0.9, 0.939] acc=0
r131 1482s L=0.05478 cov=[0.0149, 0.0085] ov=[0.00098, 0.00204] P=6 S=53 arc=0.98 lr=0.051 w_ov=1.68 iou=[0.898, 0.939] acc=0
r132 1494s L=0.05317 cov=[0.015, 0.0085] ov=[0.00094, 0.00191] P=6 S=53 arc=0.98 lr=0.026 w_ov=1.72 iou=[0.898, 0.938] acc=0
r133 1505s L=0.05091 cov=[0.0152, 0.0085] ov=[0.00089, 0.00171] P=6 S=53 arc=0.98 lr=0.036 w_ov=1.76 iou=[0.896, 0.939] acc=0
r134 1516s L=0.04823 cov=[0.0155, 0.0086] ov=[0.00084, 0.00146] P=6 S=53 arc=0.98 lr=0.051 w_ov=1.79 iou=[0.895, 0.938] acc=0
r135 1526s L=0.04632 cov=[0.0156, 0.0086] ov=[0.00079, 0.0013] P=6 S=53 arc=0.98 lr=0.026 w_ov=1.83 iou=[0.895, 0.938] acc=0
r136 1536s L=0.04533 cov=[0.0157, 0.0087] ov=[0.00075, 0.00124] P=6 S=52 arc=0.98 lr=0.036 w_ov=1.87 iou=[0.894, 0.938] acc=2
r137 1547s L=0.04458 cov=[0.0157, 0.0087] ov=[0.00073, 0.00118] P=6 S=52 arc=0.98 lr=0.036 w_ov=1.91 iou=[0.894, 0.939] acc=1
r138 1558s L=0.04259 cov=[0.0158, 0.0088] ov=[0.00068, 0.00101] P=6 S=52 arc=0.98 lr=0.036 w_ov=1.95 iou=[0.893, 0.938] acc=0
r139 1569s L=0.04091 cov=[0.0159, 0.0088] ov=[0.00065, 0.00086] P=6 S=52 arc=0.98 lr=0.018 w_ov=1.99 iou=[0.892, 0.938] acc=0
r140 1580s L=0.04016 cov=[0.016, 0.0088] ov=[0.00061, 0.00081] P=6 S=52 arc=0.98 lr=0.036 w_ov=2.03 iou=[0.892, 0.938] acc=0
r141 1590s L=0.0392 cov=[0.016, 0.0089] ov=[0.00055, 0.00077] P=6 S=52 arc=0.98 lr=0.018 w_ov=2.07 iou=[0.892, 0.938] acc=0
r142 1600s L=0.03872 cov=[0.0161, 0.0089] ov=[0.00053, 0.00074] P=6 S=52 arc=0.98 lr=0.026 w_ov=2.11 iou=[0.892, 0.938] acc=1
r143 1609s L=0.03785 cov=[0.0161, 0.0089] ov=[0.00048, 0.00069] P=6 S=52 arc=1.00 lr=0.026 w_ov=2.15 iou=[0.893, 0.936] acc=0
r144 1620s L=0.03762 cov=[0.0161, 0.0089] ov=[0.00047, 0.00068] P=6 S=52 arc=1.00 lr=0.026 w_ov=2.19 iou=[0.892, 0.937] acc=0
r145 1631s L=0.03705 cov=[0.0161, 0.0089] ov=[0.00044, 0.00065] P=6 S=52 arc=1.00 lr=0.013 w_ov=2.24 iou=[0.893, 0.937] acc=0
r146 1641s L=0.03678 cov=[0.0161, 0.0089] ov=[0.00043, 0.00063] P=6 S=52 arc=1.00 lr=0.018 w_ov=2.29 iou=[0.893, 0.937] acc=0
r147 1652s L=0.03649 cov=[0.0161, 0.0089] ov=[0.00042, 0.00061] P=6 S=52 arc=1.00 lr=0.026 w_ov=2.33 iou=[0.893, 0.938] acc=0
r148 1663s L=0.03611 cov=[0.0162, 0.009] ov=[0.0004, 0.00059] P=6 S=52 arc=1.00 lr=0.026 w_ov=2.38 iou=[0.893, 0.938] acc=0
r149 1673s L=0.03543 cov=[0.0162, 0.009] ov=[0.00037, 0.00054] P=6 S=52 arc=1.00 lr=0.018 w_ov=2.43 iou=[0.893, 0.937] acc=0
r150 1684s L=0.03361 cov=[0.0165, 0.0091] ov=[0.00033, 0.00036] P=6 S=51 arc=0.98 lr=0.026 w_ov=2.48 iou=[0.892, 0.937] acc=1
r151 1694s L=0.03302 cov=[0.0165, 0.0091] ov=[0.0003, 0.00033] P=6 S=51 arc=0.98 lr=0.018 w_ov=2.53 iou=[0.893, 0.938] acc=0
r152 1705s L=0.03268 cov=[0.0165, 0.0091] ov=[0.00027, 0.00032] P=6 S=51 arc=0.96 lr=0.0091 w_ov=2.58 iou=[0.892, 0.938] acc=2
r153 1714s L=0.03255 cov=[0.0165, 0.0091] ov=[0.00027, 0.00031] P=6 S=51 arc=0.98 lr=0.0064 w_ov=2.63 iou=[0.891, 0.938] acc=1
r154 1724s L=0.0324 cov=[0.0165, 0.0091] ov=[0.00027, 0.0003] P=6 S=51 arc=0.98 lr=0.013 w_ov=2.68 iou=[0.892, 0.937] acc=1
r155 1735s L=0.03218 cov=[0.0165, 0.0092] ov=[0.00025, 0.00029] P=6 S=51 arc=0.98 lr=0.0064 w_ov=2.73 iou=[0.892, 0.937] acc=1
r156 1745s L=0.03203 cov=[0.0165, 0.0092] ov=[0.00025, 0.00028] P=6 S=51 arc=1.00 lr=0.0091 w_ov=2.79 iou=[0.892, 0.937] acc=0
r157 1757s L=0.03187 cov=[0.0165, 0.0092] ov=[0.00024, 0.00027] P=6 S=51 arc=1.00 lr=0.0064 w_ov=2.85 iou=[0.892, 0.937] acc=0
r158 1767s L=0.03171 cov=[0.0165, 0.0092] ov=[0.00023, 0.00026] P=6 S=51 arc=1.00 lr=0.0091 w_ov=2.91 iou=[0.892, 0.937] acc=0
r159 1778s L=0.03155 cov=[0.0165, 0.0092] ov=[0.00022, 0.00025] P=6 S=51 arc=1.00 lr=0.0064 w_ov=2.97 iou=[0.892, 0.937] acc=0
r160 1790s L=0.03143 cov=[0.0165, 0.0092] ov=[0.00022, 0.00024] P=6 S=51 arc=1.00 lr=0.0045 w_ov=3.03 iou=[0.891, 0.937] acc=0
r161 1801s L=0.03133 cov=[0.0165, 0.0093] ov=[0.00021, 0.00023] P=6 S=51 arc=1.00 lr=0.0032 w_ov=3.1 iou=[0.891, 0.937] acc=0
r162 1812s L=0.03126 cov=[0.0165, 0.0093] ov=[0.00021, 0.00023] P=6 S=51 arc=1.00 lr=0.0023 w_ov=3.17 iou=[0.891, 0.937] acc=0
r163 1822s L=0.03121 cov=[0.0165, 0.0093] ov=[0.0002, 0.00023] P=6 S=51 arc=1.00 lr=0.0002 w_ov=3.23 iou=[0.891, 0.937] acc=0
r164 1832s L=0.03121 cov=[0.0165, 0.0093] ov=[0.0002, 0.00023] P=6 S=51 arc=1.00 lr=0.0002 w_ov=3.3 iou=[0.891, 0.937] acc=0
r165 1842s L=0.0312 cov=[0.0165, 0.0093] ov=[0.0002, 0.00023] P=6 S=51 arc=1.00 lr=0.0002 w_ov=3.36 iou=[0.891, 0.937] acc=0
r166 1852s L=0.03119 cov=[0.0165, 0.0093] ov=[0.0002, 0.00023] P=6 S=51 arc=1.00 lr=0.0002 w_ov=3.43 iou=[0.891, 0.937] acc=0
r167 1861s L=0.03118 cov=[0.0165, 0.0093] ov=[0.0002, 0.00022] P=6 S=51 arc=1.00 lr=0.0002 w_ov=3.49 iou=[0.891, 0.937] acc=0
r168 1871s L=0.03117 cov=[0.0165, 0.0093] ov=[0.0002, 0.00022] P=6 S=51 arc=1.00 lr=0.0002 w_ov=3.56 iou=[0.891, 0.937] acc=0
r169 1882s L=0.03116 cov=[0.0165, 0.0093] ov=[0.0002, 0.00022] P=6 S=51 arc=1.00 lr=0.0002 w_ov=3.63 iou=[0.891, 0.937] acc=0
r170 1892s L=0.03114 cov=[0.0165, 0.0093] ov=[0.0002, 0.00022] P=6 S=51 arc=1.00 lr=0.0002 w_ov=3.7 iou=[0.891, 0.937] acc=0
r171 1902s L=0.03113 cov=[0.0165, 0.0093] ov=[0.0002, 0.00022] P=6 S=51 arc=1.00 lr=0.0002 w_ov=3.78 iou=[0.891, 0.937] acc=0
r172 1912s L=0.03111 cov=[0.0165, 0.0093] ov=[0.00019, 0.00022] P=6 S=51 arc=1.00 lr=0.0002 w_ov=3.84 iou=[0.891, 0.937] acc=0
r173 1924s L=0.03109 cov=[0.0165, 0.0093] ov=[0.00019, 0.00022] P=6 S=51 arc=1.00 lr=0.00028 w_ov=3.92 iou=[0.891, 0.937] acc=0
r174 1935s L=0.03106 cov=[0.0165, 0.0093] ov=[0.00019, 0.00022] P=6 S=51 arc=1.00 lr=0.0002 w_ov=4.01 iou=[0.891, 0.937] acc=0
r175 1945s L=0.03104 cov=[0.0165, 0.0093] ov=[0.00019, 0.00022] P=6 S=51 arc=1.00 lr=0.00028 w_ov=4.1 iou=[0.891, 0.937] acc=0
r176 1955s L=0.03102 cov=[0.0165, 0.0093] ov=[0.00019, 0.00022] P=6 S=51 arc=1.00 lr=0.0002 w_ov=4.18 iou=[0.891, 0.936] acc=0
r177 1966s L=0.03099 cov=[0.0165, 0.0093] ov=[0.00019, 0.00021] P=6 S=51 arc=1.00 lr=0.0002 w_ov=4.26 iou=[0.891, 0.936] acc=0
r178 1977s L=0.03097 cov=[0.0165, 0.0093] ov=[0.00018, 0.00021] P=6 S=51 arc=1.00 lr=0.0002 w_ov=4.35 iou=[0.891, 0.936] acc=0
r179 1989s L=0.03095 cov=[0.0166, 0.0094] ov=[0.00018, 0.00021] P=6 S=51 arc=1.00 lr=0.0002 w_ov=4.44 iou=[0.891, 0.936] acc=0
r180 1999s L=0.03093 cov=[0.0166, 0.0094] ov=[0.00018, 0.00021] P=6 S=51 arc=1.00 lr=0.0002 w_ov=4.54 iou=[0.891, 0.936] acc=0
r181 2010s L=0.0309 cov=[0.0166, 0.0094] ov=[0.00018, 0.00021] P=6 S=51 arc=1.00 lr=0.0002 w_ov=4.63 iou=[0.891, 0.936] acc=0
r182 2021s L=0.03087 cov=[0.0166, 0.0094] ov=[0.00018, 0.00021] P=6 S=51 arc=1.00 lr=0.0002 w_ov=4.73 iou=[0.891, 0.936] acc=0
r183 2032s L=0.03085 cov=[0.0166, 0.0094] ov=[0.00017, 0.0002] P=6 S=51 arc=1.00 lr=0.0002 w_ov=4.83 iou=[0.891, 0.936] acc=0
r184 2042s L=0.03082 cov=[0.0166, 0.0094] ov=[0.00017, 0.0002] P=6 S=51 arc=1.00 lr=0.00028 w_ov=4.93 iou=[0.891, 0.935] acc=0
r185 2053s L=0.03078 cov=[0.0166, 0.0094] ov=[0.00017, 0.0002] P=6 S=51 arc=1.00 lr=0.0002 w_ov=5.03 iou=[0.891, 0.935] acc=0
r186 2063s L=0.03075 cov=[0.0166, 0.0094] ov=[0.00017, 0.0002] P=6 S=51 arc=0.98 lr=0.0002 w_ov=5.14 iou=[0.891, 0.935] acc=1
r187 2074s L=0.03071 cov=[0.0166, 0.0094] ov=[0.00016, 0.00019] P=6 S=51 arc=0.98 lr=0.0002 w_ov=5.23 iou=[0.89, 0.935] acc=0
r188 2085s L=0.03068 cov=[0.0166, 0.0094] ov=[0.00016, 0.00019] P=6 S=51 arc=0.98 lr=0.00028 w_ov=5.35 iou=[0.891, 0.935] acc=0
r189 2096s L=0.03061 cov=[0.0166, 0.0095] ov=[0.00016, 0.00019] P=6 S=51 arc=0.98 lr=0.00057 w_ov=5.47 iou=[0.891, 0.935] acc=0
r190 2106s L=0.03028 cov=[0.0167, 0.0096] ov=[0.00012, 0.00016] P=6 S=51 arc=0.98 lr=0.0032 w_ov=5.58 iou=[0.89, 0.935] acc=0
r191 2116s L=0.03005 cov=[0.0167, 0.0097] ov=[0.0001, 0.00015] P=6 S=51 arc=0.98 lr=0.0032 w_ov=5.69 iou=[0.891, 0.934] acc=0
r192 2126s L=0.02999 cov=[0.0167, 0.0097] ov=[0.0001, 0.00015] P=6 S=51 arc=0.98 lr=0.00057 w_ov=5.8 iou=[0.891, 0.934] acc=0
r193 2137s L=0.02998 cov=[0.0167, 0.0097] ov=[0.0001, 0.00015] P=6 S=51 arc=0.98 lr=0.0002 w_ov=5.91 iou=[0.891, 0.934] acc=0
r194 2147s L=0.02997 cov=[0.0167, 0.0097] ov=[0.0001, 0.00015] P=6 S=51 arc=0.98 lr=0.0002 w_ov=6.03 iou=[0.891, 0.934] acc=0
r195 2157s L=0.02996 cov=[0.0167, 0.0097] ov=[0.0001, 0.00015] P=6 S=51 arc=0.98 lr=0.00028 w_ov=6.16 iou=[0.891, 0.934] acc=0
r196 2168s L=0.02995 cov=[0.0167, 0.0097] ov=[0.0001, 0.00015] P=6 S=51 arc=0.98 lr=0.0002 w_ov=6.28 iou=[0.891, 0.934] acc=0
r197 2180s L=0.02995 cov=[0.0167, 0.0097] ov=[0.0001, 0.00015] P=6 S=51 arc=0.98 lr=0.0002 w_ov=6.41 iou=[0.891, 0.934] acc=0
r198 2189s L=0.02993 cov=[0.0167, 0.0097] ov=[9e-05, 0.00014] P=6 S=51 arc=0.98 lr=0.0002 w_ov=6.55 iou=[0.891, 0.934] acc=0
r199 2198s L=0.02992 cov=[0.0167, 0.0097] ov=[9e-05, 0.00014] P=6 S=51 arc=0.98 lr=0.0002 w_ov=6.67 iou=[0.891, 0.934] acc=0
r200 2209s L=0.02991 cov=[0.0167, 0.0097] ov=[9e-05, 0.00014] P=6 S=51 arc=0.98 lr=0.0002 w_ov=6.79 iou=[0.891, 0.934] acc=0
r201 2219s L=0.0299 cov=[0.0167, 0.0097] ov=[9e-05, 0.00014] P=6 S=51 arc=0.98 lr=0.0002 w_ov=6.93 iou=[0.891, 0.934] acc=0
r202 2231s L=0.02989 cov=[0.0167, 0.0097] ov=[9e-05, 0.00014] P=6 S=51 arc=0.98 lr=0.00028 w_ov=7.07 iou=[0.891, 0.934] acc=0
r203 2241s L=0.02987 cov=[0.0168, 0.0097] ov=[9e-05, 0.00014] P=6 S=51 arc=0.98 lr=0.0002 w_ov=7.23 iou=[0.891, 0.934] acc=0
r204 2251s L=0.02985 cov=[0.0168, 0.0097] ov=[9e-05, 0.00014] P=6 S=51 arc=0.98 lr=0.0002 w_ov=7.37 iou=[0.891, 0.934] acc=0
r205 2261s L=0.02984 cov=[0.0168, 0.0097] ov=[8e-05, 0.00014] P=6 S=51 arc=0.98 lr=0.0002 w_ov=7.52 iou=[0.891, 0.933] acc=0
r206 2272s L=0.02982 cov=[0.0168, 0.0097] ov=[8e-05, 0.00014] P=6 S=51 arc=0.98 lr=0.0002 w_ov=7.66 iou=[0.891, 0.933] acc=0
r207 2284s L=0.02981 cov=[0.0168, 0.0098] ov=[8e-05, 0.00014] P=6 S=51 arc=0.98 lr=0.00028 w_ov=7.83 iou=[0.89, 0.933] acc=0
r208 2295s L=0.02979 cov=[0.0168, 0.0098] ov=[8e-05, 0.00014] P=6 S=51 arc=0.98 lr=0.00028 w_ov=8 iou=[0.89, 0.933] acc=0
r209 2306s L=0.02977 cov=[0.0168, 0.0098] ov=[8e-05, 0.00013] P=6 S=51 arc=0.98 lr=0.0002 w_ov=8.17 iou=[0.89, 0.933] acc=0
r210 2316s L=0.02976 cov=[0.0168, 0.0098] ov=[7e-05, 0.00013] P=6 S=51 arc=0.98 lr=0.0002 w_ov=8.36 iou=[0.89, 0.933] acc=0
r211 2327s L=0.02975 cov=[0.0168, 0.0098] ov=[7e-05, 0.00013] P=6 S=51 arc=0.98 lr=0.00028 w_ov=8.52 iou=[0.89, 0.933] acc=1
r212 2337s L=0.02974 cov=[0.0168, 0.0098] ov=[7e-05, 0.00013] P=6 S=51 arc=0.98 lr=0.0002 w_ov=8.7 iou=[0.89, 0.933] acc=0
r213 2348s L=0.02973 cov=[0.0168, 0.0098] ov=[7e-05, 0.00013] P=6 S=51 arc=1.00 lr=0.0002 w_ov=8.87 iou=[0.89, 0.933] acc=0
r214 2358s L=0.02971 cov=[0.0168, 0.0098] ov=[7e-05, 0.00013] P=6 S=51 arc=0.98 lr=0.00028 w_ov=9.05 iou=[0.89, 0.933] acc=1
r215 2370s L=0.02962 cov=[0.0168, 0.0099] ov=[6e-05, 0.00012] P=6 S=51 arc=0.96 lr=0.0032 w_ov=9.23 iou=[0.89, 0.933] acc=2
r216 2381s L=0.02944 cov=[0.0169, 0.01] ov=[4e-05, 0.00011] P=6 S=51 arc=0.98 lr=0.0016 w_ov=9.44 iou=[0.89, 0.932] acc=0
r217 2391s L=0.0294 cov=[0.0169, 0.01] ov=[4e-05, 0.00011] P=6 S=51 arc=0.98 lr=0.0004 w_ov=9.64 iou=[0.89, 0.932] acc=0
r218 2401s L=0.02939 cov=[0.0169, 0.01] ov=[4e-05, 0.00011] P=6 S=51 arc=0.98 lr=0.0002 w_ov=9.83 iou=[0.89, 0.932] acc=0
{
 "ToArc": {
  "proposed": 217,
  "accepted": 104,
  "scope": "shared",
  "rate": 0.4792626728110599
 },
 "SwapPoses": {
  "proposed": 1274,
  "accepted": 1,
  "scope": "per-target",
  "rate": 0.0007849293563579278
 },
 "Split": {
  "proposed": 4933,
  "accepted": 22,
  "scope": "shared",
  "rate": 0.004459760794648287
 },
 "Rotate": {
  "proposed": 2216,
  "accepted": 2,
  "scope": "per-target",
  "rate": 0.0009025270758122744
 },
 "Flip": {
  "proposed": 958,
  "accepted": 1,
  "scope": "per-target",
  "rate": 0.0010438413361169101
 },
 "Merge": {
  "proposed": 1101,
  "accepted": 19,
  "scope": "shared",
  "rate": 0.01725703905540418
 },
 "forced:RemoveSmallPart": {
  "proposed": 0,
  "accepted": 2,
  "scope": "shared",
  "rate": 2.0
 },
 "MergeClose": {
  "proposed": 91,
  "accepted": 4,
  "scope": "shared",
  "rate": 0.04395604395604396
 },
 "ToLine": {
  "proposed": 3226,
  "accepted": 61,
  "scope": "shared",
  "rate": 0.018908865468071915
 }
}
EVAL avg_chamfer=7.359 avg_hausdorff=27.747 pieces=6->6 loss=0.029392
