r0 9s L=0.7917 cov=[0.0158, 0.0468] ov=[0.02445, 0.0483] P=8 S=66 arc=0.00 lr=0.71 w_ov=0.1 iou=[0.905, 0.791] acc=18
r1 16s L=0.7959 cov=[0.0147, 0.0307] ov=[0.0326, 0.04233] P=6 S=61 arc=0.07 lr=0.71 w_ov=0.102 iou=[0.9, 0.844] acc=11
r2 26s L=0.7199 cov=[0.0075, 0.0178] ov=[0.03526, 0.03408] P=6 S=57 arc=0.19 lr=0.25 w_ov=0.103 iou=[0.944, 0.903] acc=16
r3 35s L=0.678 cov=[0.0059, 0.0141] ov=[0.0361, 0.02958] P=6 S=60 arc=0.37 lr=0.5 w_ov=0.105 iou=[0.951, 0.922] acc=14
r4 44s L=0.6476 cov=[0.0045, 0.0125] ov=[0.03481, 0.02813] P=6 S=61 arc=0.51 lr=0.35 w_ov=0.107 iou=[0.95, 0.927] acc=14
r5 55s L=0.6308 cov=[0.004, 0.011] ov=[0.03359, 0.02787] P=6 S=61 arc=0.54 lr=0.35 w_ov=0.109 iou=[0.95, 0.934] acc=14
r6 65s L=0.5706 cov=[0.0037, 0.0091] ov=[0.0311, 0.02455] P=6 S=61 arc=0.62 lr=0.25 w_ov=0.111 iou=[0.96, 0.941] acc=6
r7 75s L=0.5471 cov=[0.0034, 0.0088] ov=[0.02975, 0.02362] P=6 S=60 arc=0.65 lr=0.18 w_ov=0.113 iou=[0.966, 0.944] acc=5
r8 86s L=0.526 cov=[0.0034, 0.0085] ov=[0.02854, 0.02274] P=6 S=58 arc=0.71 lr=0.18 w_ov=0.116 iou=[0.969, 0.945] acc=6
r9 96s L=0.5187 cov=[0.0035, 0.0083] ov=[0.02786, 0.02271] P=6 S=55 arc=0.80 lr=0.18 w_ov=0.118 iou=[0.961, 0.945] acc=5
r10 105s L=0.5036 cov=[0.0034, 0.0082] ov=[0.0274, 0.02168] P=6 S=55 arc=0.80 lr=0.18 w_ov=0.12 iou=[0.967, 0.947] acc=4
r11 114s L=0.499 cov=[0.0033, 0.008] ov=[0.02708, 0.02157] P=6 S=55 arc=0.85 lr=0.088 w_ov=0.122 iou=[0.967, 0.947] acc=1
r12 123s L=0.4905 cov=[0.0033, 0.008] ov=[0.02657, 0.02123] P=6 S=54 arc=0.89 lr=0.088 w_ov=0.124 iou=[0.965, 0.948] acc=2
r13 131s L=0.4847 cov=[0.0033, 0.0079] ov=[0.02622, 0.02102] P=6 S=54 arc=0.91 lr=0.13 w_ov=0.127 iou=[0.967, 0.949] acc=1
r14 141s L=0.4802 cov=[0.0033, 0.008] ov=[0.02589, 0.02088] P=6 S=54 arc=0.93 lr=0.063 w_ov=0.129 iou=[0.968, 0.949] acc=0
r15 151s L=0.4781 cov=[0.0033, 0.0079] ov=[0.02573, 0.02084] P=6 S=54 arc=0.93 lr=0.088 w_ov=0.131 iou=[0.969, 0.948] acc=2
r16 161s L=0.4715 cov=[0.0033, 0.0079] ov=[0.02544, 0.02048] P=6 S=54 arc=0.96 lr=0.13 w_ov=0.134 iou=[0.968, 0.948] acc=0
r17 170s L=0.4667 cov=[0.0033, 0.0079] ov=[0.02514, 0.0203] P=6 S=54 arc=0.94 lr=0.13 w_ov=0.136 iou=[0.968, 0.948] acc=1
r18 180s L=0.4632 cov=[0.0033, 0.0079] ov=[0.02487, 0.02022] P=6 S=54 arc=0.94 lr=0.13 w_ov=0.139 iou=[0.968, 0.949] acc=0
r19 190s L=0.461 cov=[0.0033, 0.0079] ov=[0.02468, 0.02019] P=6 S=54 arc=0.94 lr=0.063 w_ov=0.141 iou=[0.968, 0.949] acc=0
r20 200s L=0.457 cov=[0.0033, 0.0079] ov=[0.0245, 0.01996] P=6 S=54 arc=0.94 lr=0.13 w_ov=0.144 iou=[0.968, 0.949] acc=1
r21 209s L=0.4621 cov=[0.0033, 0.008] ov=[0.02429, 0.02068] P=6 S=54 arc=0.93 lr=0.25 w_ov=0.147 iou=[0.964, 0.949] acc=3
r22 218s L=0.4489 cov=[0.0033, 0.0078] ov=[0.02392, 0.01975] P=6 S=54 arc=0.94 lr=0.063 w_ov=0.149 iou=[0.966, 0.95] acc=0
r23 227s L=0.4451 cov=[0.0033, 0.0078] ov=[0.02365, 0.01965] P=6 S=54 arc=0.94 lr=0.088 w_ov=0.152 iou=[0.966, 0.95] acc=1
r24 236s L=0.441 cov=[0.0033, 0.0077] ov=[0.02342, 0.01947] P=6 S=54 arc=0.96 lr=0.088 w_ov=0.155 iou=[0.965, 0.95] acc=2
r25 245s L=0.4385 cov=[0.0033, 0.0076] ov=[0.02319, 0.01945] P=6 S=54 arc=1.00 lr=0.13 w_ov=0.157 iou=[0.966, 0.95] acc=0
r26 256s L=0.4344 cov=[0.0033, 0.0075] ov=[0.023, 0.01925] P=6 S=54 arc=1.00 lr=0.13 w_ov=0.16 iou=[0.966, 0.952] acc=0
r27 265s L=0.4309 cov=[0.0034, 0.0074] ov=[0.02287, 0.01903] P=6 S=54 arc=1.00 lr=0.063 w_ov=0.163 iou=[0.966, 0.952] acc=0
r28 274s L=0.4258 cov=[0.0034, 0.0073] ov=[0.0226, 0.0188] P=6 S=54 arc=1.00 lr=0.13 w_ov=0.166 iou=[0.966, 0.952] acc=0
r29 284s L=0.4212 cov=[0.0033, 0.0073] ov=[0.02239, 0.01856] P=6 S=54 arc=0.96 lr=0.25 w_ov=0.169 iou=[0.966, 0.952] acc=2
r30 293s L=0.4325 cov=[0.0036, 0.0072] ov=[0.02215, 0.01991] P=6 S=54 arc=0.93 lr=0.13 w_ov=0.172 iou=[0.953, 0.951] acc=2
r31 303s L=0.4078 cov=[0.0033, 0.0071] ov=[0.0215, 0.01812] P=6 S=54 arc=0.93 lr=0.13 w_ov=0.176 iou=[0.965, 0.952] acc=1
r32 313s L=0.4008 cov=[0.0033, 0.0071] ov=[0.02102, 0.01792] P=6 S=54 arc=0.91 lr=0.25 w_ov=0.179 iou=[0.968, 0.951] acc=2
r33 323s L=0.39 cov=[0.0031, 0.007] ov=[0.02035, 0.01753] P=6 S=53 arc=0.89 lr=0.063 w_ov=0.182 iou=[0.969, 0.953] acc=2
r34 332s L=0.381 cov=[0.0031, 0.007] ov=[0.01989, 0.01709] P=6 S=51 arc=0.90 lr=0.13 w_ov=0.186 iou=[0.969, 0.953] acc=2
r35 342s L=0.3718 cov=[0.0031, 0.007] ov=[0.0193, 0.01676] P=6 S=51 arc=0.92 lr=0.13 w_ov=0.189 iou=[0.968, 0.953] acc=1
r36 351s L=0.367 cov=[0.0031, 0.0069] ov=[0.01904, 0.01654] P=6 S=51 arc=0.94 lr=0.063 w_ov=0.193 iou=[0.968, 0.955] acc=0
r37 359s L=0.3617 cov=[0.0031, 0.0069] ov=[0.01877, 0.0163] P=6 S=51 arc=0.94 lr=0.13 w_ov=0.196 iou=[0.968, 0.955] acc=1
r38 369s L=0.3537 cov=[0.0031, 0.0068] ov=[0.01827, 0.016] P=6 S=51 arc=0.96 lr=0.18 w_ov=0.199 iou=[0.966, 0.957] acc=0
r39 379s L=0.3463 cov=[0.0032, 0.0066] ov=[0.01778, 0.01575] P=6 S=51 arc=0.94 lr=0.35 w_ov=0.203 iou=[0.966, 0.955] acc=3
r40 387s L=0.3461 cov=[0.0032, 0.0065] ov=[0.01788, 0.01565] P=6 S=49 arc=0.92 lr=0.063 w_ov=0.207 iou=[0.965, 0.956] acc=3
r41 396s L=0.3405 cov=[0.0032, 0.0064] ov=[0.01764, 0.01533] P=6 S=49 arc=0.88 lr=0.13 w_ov=0.21 iou=[0.966, 0.958] acc=4
r42 406s L=0.3355 cov=[0.0032, 0.0065] ov=[0.01734, 0.01514] P=6 S=48 arc=0.92 lr=0.13 w_ov=0.214 iou=[0.965, 0.957] acc=2
r43 415s L=0.3363 cov=[0.0032, 0.0064] ov=[0.01743, 0.01512] P=6 S=48 arc=0.92 lr=0.18 w_ov=0.218 iou=[0.966, 0.958] acc=0
r44 424s L=0.3464 cov=[0.0035, 0.0077] ov=[0.01754, 0.01586] P=6 S=51 arc=0.86 lr=0.13 w_ov=0.222 iou=[0.968, 0.951] acc=6
r45 433s L=0.3348 cov=[0.0032, 0.0064] ov=[0.01745, 0.01497] P=6 S=50 arc=0.86 lr=0.063 w_ov=0.226 iou=[0.966, 0.958] acc=2
r46 443s L=0.331 cov=[0.0031, 0.0064] ov=[0.01721, 0.01483] P=6 S=50 arc=0.86 lr=0.13 w_ov=0.23 iou=[0.967, 0.957] acc=1
r47 452s L=0.3298 cov=[0.0031, 0.0063] ov=[0.01717, 0.01475] P=6 S=50 arc=0.86 lr=0.13 w_ov=0.234 iou=[0.967, 0.958] acc=2
r48 462s L=0.3292 cov=[0.0032, 0.0063] ov=[0.01716, 0.0147] P=6 S=50 arc=0.90 lr=0.063 w_ov=0.238 iou=[0.966, 0.958] acc=1
r49 471s L=0.3283 cov=[0.0032, 0.0063] ov=[0.01713, 0.01465] P=6 S=50 arc=0.92 lr=0.088 w_ov=0.243 iou=[0.967, 0.958] acc=0
r50 481s L=0.3277 cov=[0.0031, 0.0063] ov=[0.01711, 0.01461] P=6 S=50 arc=0.92 lr=0.044 w_ov=0.247 iou=[0.966, 0.958] acc=0
r51 490s L=0.3271 cov=[0.0032, 0.0063] ov=[0.01708, 0.01457] P=6 S=50 arc=0.92 lr=0.031 w_ov=0.252 iou=[0.966, 0.958] acc=0
r52 498s L=0.3267 cov=[0.0032, 0.0063] ov=[0.01707, 0.01455] P=6 S=50 arc=0.92 lr=0.0028 w_ov=0.256 iou=[0.966, 0.958] acc=0
r53 508s L=0.3267 cov=[0.0032, 0.0063] ov=[0.01707, 0.01455] P=6 S=50 arc=0.92 lr=0.0002 w_ov=0.26 iou=[0.966, 0.958] acc=2
r54 517s L=0.3268 cov=[0.0032, 0.0063] ov=[0.01707, 0.01455] P=6 S=50 arc=0.96 lr=0.0002 w_ov=0.265 iou=[0.966, 0.958] acc=0
r55 527s L=0.3268 cov=[0.0032, 0.0063] ov=[0.01707, 0.01455] P=6 S=50 arc=0.96 lr=0.0002 w_ov=0.27 iou=[0.966, 0.958] acc=0
r56 535s L=0.3268 cov=[0.0032, 0.0063] ov=[0.01707, 0.01455] P=6 S=50 arc=0.94 lr=0.0002 w_ov=0.275 iou=[0.966, 0.958] acc=1
r57 544s L=0.3266 cov=[0.0032, 0.0063] ov=[0.01706, 0.01455] P=6 S=50 arc=0.94 lr=0.0002 w_ov=0.279 iou=[0.966, 0.958] acc=1
r58 553s L=0.3266 cov=[0.0032, 0.0063] ov=[0.01706, 0.01454] P=6 S=50 arc=0.96 lr=0.0002 w_ov=0.284 iou=[0.966, 0.958] acc=1
r59 562s L=0.3265 cov=[0.0032, 0.0063] ov=[0.01705, 0.01454] P=6 S=50 arc=0.98 lr=0.0002 w_ov=0.289 iou=[0.966, 0.958] acc=0
r60 571s L=0.3264 cov=[0.0032, 0.0063] ov=[0.01705, 0.01454] P=6 S=50 arc=0.98 lr=0.0002 w_ov=0.294 iou=[0.966, 0.958] acc=0
r61 580s L=0.3264 cov=[0.0032, 0.0063] ov=[0.01704, 0.01454] P=6 S=50 arc=0.96 lr=0.0002 w_ov=0.299 iou=[0.966, 0.958] acc=1
r62 589s L=0.3263 cov=[0.0032, 0.0063] ov=[0.01704, 0.01453] P=6 S=50 arc=0.96 lr=0.0002 w_ov=0.304 iou=[0.966, 0.958] acc=0
r63 599s L=0.3263 cov=[0.0032, 0.0063] ov=[0.01704, 0.01453] P=6 S=50 arc=0.96 lr=0.0002 w_ov=0.31 iou=[0.966, 0.958] acc=0
r64 609s L=0.3262 cov=[0.0032, 0.0063] ov=[0.01704, 0.01453] P=6 S=50 arc=0.96 lr=0.0002 w_ov=0.316 iou=[0.966, 0.958] acc=0
r65 617s L=0.3261 cov=[0.0032, 0.0063] ov=[0.01703, 0.01452] P=6 S=50 arc=0.96 lr=0.0002 w_ov=0.322 iou=[0.966, 0.958] acc=0
r66 626s L=0.3261 cov=[0.0032, 0.0063] ov=[0.01703, 0.01452] P=6 S=50 arc=0.96 lr=0.0002 w_ov=0.327 iou=[0.966, 0.958] acc=0
r67 636s L=0.326 cov=[0.0032, 0.0063] ov=[0.01703, 0.01452] P=6 S=50 arc=0.96 lr=0.0002 w_ov=0.333 iou=[0.966, 0.958] acc=0
r68 645s L=0.3258 cov=[0.0032, 0.0063] ov=[0.01701, 0.01451] P=6 S=50 arc=0.96 lr=0.0002 w_ov=0.339 iou=[0.966, 0.958] acc=1
r69 654s L=0.3258 cov=[0.0032, 0.0063] ov=[0.01701, 0.01451] P=6 S=50 arc=0.96 lr=0.0002 w_ov=0.345 iou=[0.966, 0.958] acc=1
r70 663s L=0.3252 cov=[0.0032, 0.0063] ov=[0.01696, 0.0145] P=6 S=50 arc=0.96 lr=0.0002 w_ov=0.351 iou=[0.966, 0.958] acc=1
r71 672s L=0.3251 cov=[0.0032, 0.0063] ov=[0.01696, 0.0145] P=6 S=50 arc=0.98 lr=0.0002 w_ov=0.357 iou=[0.966, 0.958] acc=0
r72 682s L=0.3249 cov=[0.0032, 0.0063] ov=[0.01694, 0.01449] P=6 S=50 arc=0.98 lr=0.0002 w_ov=0.363 iou=[0.965, 0.958] acc=0
r73 691s L=0.3248 cov=[0.0032, 0.0063] ov=[0.01694, 0.01448] P=6 S=50 arc=0.98 lr=0.0002 w_ov=0.37 iou=[0.965, 0.958] acc=0
r74 700s L=0.3246 cov=[0.0032, 0.0063] ov=[0.01693, 0.01448] P=6 S=50 arc=0.98 lr=0.0002 w_ov=0.377 iou=[0.965, 0.958] acc=0
r75 709s L=0.3245 cov=[0.0032, 0.0063] ov=[0.01692, 0.01447] P=6 S=50 arc=0.98 lr=0.0002 w_ov=0.383 iou=[0.965, 0.958] acc=0
r76 718s L=0.3244 cov=[0.0032, 0.0063] ov=[0.01691, 0.01446] P=6 S=50 arc=0.94 lr=0.0002 w_ov=0.39 iou=[0.965, 0.958] acc=2
r77 727s L=0.3243 cov=[0.0032, 0.0063] ov=[0.01691, 0.01446] P=6 S=50 arc=0.94 lr=0.0002 w_ov=0.397 iou=[0.965, 0.958] acc=3
r78 735s L=0.3241 cov=[0.0032, 0.0063] ov=[0.0169, 0.01445] P=6 S=50 arc=0.98 lr=0.0002 w_ov=0.404 iou=[0.965, 0.958] acc=1
r79 744s L=0.324 cov=[0.0032, 0.0063] ov=[0.01689, 0.01444] P=6 S=50 arc=0.94 lr=0.0002 w_ov=0.41 iou=[0.965, 0.958] acc=2
r80 753s L=0.3238 cov=[0.0032, 0.0063] ov=[0.01688, 0.01444] P=6 S=50 arc=0.94 lr=0.0002 w_ov=0.417 iou=[0.965, 0.958] acc=1
r81 763s L=0.3237 cov=[0.0032, 0.0063] ov=[0.01687, 0.01443] P=6 S=50 arc=0.96 lr=0.0002 w_ov=0.424 iou=[0.965, 0.958] acc=1
r82 772s L=0.3235 cov=[0.0032, 0.0063] ov=[0.01686, 0.01442] P=6 S=50 arc=0.98 lr=0.0002 w_ov=0.432 iou=[0.966, 0.958] acc=0
r83 782s L=0.3233 cov=[0.0032, 0.0064] ov=[0.01685, 0.01441] P=6 S=50 arc=0.98 lr=0.00028 w_ov=0.44 iou=[0.966, 0.958] acc=0
r84 791s L=0.3231 cov=[0.0032, 0.0064] ov=[0.01684, 0.01441] P=6 S=50 arc=0.98 lr=0.0002 w_ov=0.448 iou=[0.966, 0.958] acc=0
r85 800s L=0.3229 cov=[0.0032, 0.0064] ov=[0.01683, 0.0144] P=6 S=50 arc=0.98 lr=0.0002 w_ov=0.456 iou=[0.966, 0.958] acc=0
r86 809s L=0.3227 cov=[0.0032, 0.0064] ov=[0.01682, 0.01439] P=6 S=50 arc=0.96 lr=0.0002 w_ov=0.464 iou=[0.966, 0.958] acc=1
r87 819s L=0.3225 cov=[0.0032, 0.0064] ov=[0.0168, 0.01438] P=6 S=50 arc=0.96 lr=0.0002 w_ov=0.472 iou=[0.966, 0.958] acc=0
r88 828s L=0.3223 cov=[0.0032, 0.0064] ov=[0.01679, 0.01437] P=6 S=50 arc=0.96 lr=0.0002 w_ov=0.481 iou=[0.966, 0.958] acc=0
r89 838s L=0.3221 cov=[0.0032, 0.0064] ov=[0.01678, 0.01436] P=6 S=50 arc=0.96 lr=0.0002 w_ov=0.49 iou=[0.966, 0.958] acc=0
r90 848s L=0.3218 cov=[0.0032, 0.0064] ov=[0.01676, 0.01435] P=6 S=50 arc=0.96 lr=0.0002 w_ov=0.499 iou=[0.966, 0.958] acc=0
r91 857s L=0.3216 cov=[0.0032, 0.0064] ov=[0.01675, 0.01434] P=6 S=50 arc=0.94 lr=0.0002 w_ov=0.509 iou=[0.965, 0.958] acc=2
r92 867s L=0.3208 cov=[0.0032, 0.0064] ov=[0.01674, 0.01427] P=6 S=50 arc=0.96 lr=0.0002 w_ov=0.518 iou=[0.965, 0.957] acc=2
r93 875s L=0.3205 cov=[0.0033, 0.0064] ov=[0.01672, 0.01426] P=6 S=50 arc=0.98 lr=0.0002 w_ov=0.527 iou=[0.965, 0.957] acc=0
r94 885s L=0.3203 cov=[0.0033, 0.0064] ov=[0.01671, 0.01425] P=6 S=50 arc=0.98 lr=0.0002 w_ov=0.536 iou=[0.965, 0.957] acc=0
r95 895s L=0.32 cov=[0.0033, 0.0064] ov=[0.01669, 0.01423] P=6 S=50 arc=0.98 lr=0.0002 w_ov=0.546 iou=[0.965, 0.957] acc=0
r96 903s L=0.3197 cov=[0.0033, 0.0064] ov=[0.01667, 0.01422] P=6 S=50 arc=0.98 lr=0.0002 w_ov=0.557 iou=[0.965, 0.957] acc=0
r97 913s L=0.3193 cov=[0.0033, 0.0064] ov=[0.01665, 0.0142] P=6 S=50 arc=0.98 lr=0.0002 w_ov=0.566 iou=[0.965, 0.957] acc=0
r98 922s L=0.319 cov=[0.0033, 0.0064] ov=[0.01664, 0.01419] P=6 S=50 arc=0.96 lr=0.0002 w_ov=0.576 iou=[0.965, 0.954] acc=1
r99 931s L=0.3102 cov=[0.0033, 0.0068] ov=[0.01578, 0.01412] P=6 S=50 arc=0.92 lr=0.0032 w_ov=0.586 iou=[0.965, 0.956] acc=2
r100 939s L=0.2955 cov=[0.0036, 0.0069] ov=[0.01495, 0.01344] P=6 S=50 arc=0.94 lr=0.051 w_ov=0.596 iou=[0.963, 0.956] acc=0
r101 948s L=0.2581 cov=[0.0043, 0.0076] ov=[0.01249, 0.01201] P=6 S=50 arc=0.90 lr=0.072 w_ov=0.607 iou=[0.958, 0.952] acc=2
r102 956s L=0.2466 cov=[0.0046, 0.0075] ov=[0.01202, 0.01132] P=6 S=50 arc=0.88 lr=0.1 w_ov=0.616 iou=[0.955, 0.952] acc=1
r103 965s L=0.2326 cov=[0.0049, 0.0077] ov=[0.011, 0.01089] P=6 S=50 arc=0.86 lr=0.072 w_ov=0.626 iou=[0.952, 0.95] acc=3
r104 974s L=0.2276 cov=[0.005, 0.0077] ov=[0.01087, 0.01052] P=6 S=50 arc=0.90 lr=0.1 w_ov=0.637 iou=[0.952, 0.95] acc=0
r105 983s L=0.2223 cov=[0.0051, 0.0077] ov=[0.01059, 0.01026] P=6 S=50 arc=0.90 lr=0.072 w_ov=0.648 iou=[0.951, 0.95] acc=1
r106 992s L=0.2204 cov=[0.0051, 0.0077] ov=[0.01052, 0.01012] P=6 S=50 arc=0.92 lr=0.026 w_ov=0.659 iou=[0.951, 0.949] acc=2
r107 1000s L=0.2194 cov=[0.0051, 0.0077] ov=[0.01047, 0.01007] P=6 S=50 arc=0.94 lr=0.013 w_ov=0.671 iou=[0.951, 0.95] acc=1
r108 1009s L=0.2183 cov=[0.0052, 0.0077] ov=[0.01039, 0.01004] P=6 S=50 arc=0.94 lr=0.026 w_ov=0.682 iou=[0.95, 0.95] acc=1
r109 1019s L=0.2171 cov=[0.0052, 0.0077] ov=[0.01031, 0.00999] P=6 S=50 arc=0.96 lr=0.018 w_ov=0.693 iou=[0.949, 0.95] acc=1
r110 1029s L=0.2146 cov=[0.0053, 0.0078] ov=[0.01022, 0.00982] P=6 S=50 arc=0.98 lr=0.036 w_ov=0.707 iou=[0.949, 0.95] acc=0
r111 1037s L=0.2119 cov=[0.0054, 0.0078] ov=[0.01, 0.00975] P=6 S=50 arc=0.98 lr=0.018 w_ov=0.72 iou=[0.948, 0.949] acc=0
r112 1045s L=0.2111 cov=[0.0055, 0.0078] ov=[0.00995, 0.00972] P=6 S=50 arc=0.98 lr=0.036 w_ov=0.731 iou=[0.948, 0.95] acc=0
r113 1054s L=0.2098 cov=[0.0055, 0.0078] ov=[0.00989, 0.00965] P=6 S=50 arc=0.98 lr=0.026 w_ov=0.743 iou=[0.948, 0.95] acc=0
r114 1062s L=0.2081 cov=[0.0055, 0.0078] ov=[0.00983, 0.00954] P=6 S=50 arc=0.96 lr=0.072 w_ov=0.755 iou=[0.949, 0.949] acc=1
r115 1071s L=0.2068 cov=[0.0056, 0.0078] ov=[0.00976, 0.00947] P=6 S=50 arc=0.96 lr=0.018 w_ov=0.767 iou=[0.949, 0.948] acc=0
r116 1080s L=0.2062 cov=[0.0056, 0.0079] ov=[0.00972, 0.00945] P=6 S=50 arc=0.96 lr=0.0045 w_ov=0.781 iou=[0.948, 0.948] acc=1
r117 1088s L=0.2061 cov=[0.0056, 0.0079] ov=[0.00971, 0.00944] P=6 S=50 arc=0.98 lr=0.0002 w_ov=0.794 iou=[0.949, 0.948] acc=1
r118 1096s L=0.2061 cov=[0.0056, 0.0079] ov=[0.00971, 0.00944] P=6 S=50 arc=1.00 lr=0.0002 w_ov=0.807 iou=[0.949, 0.948] acc=0
r119 1106s L=0.2061 cov=[0.0056, 0.0079] ov=[0.00971, 0.00944] P=6 S=49 arc=0.98 lr=0.0002 w_ov=0.82 iou=[0.946, 0.948] acc=2
r120 1115s L=0.2037 cov=[0.0058, 0.0079] ov=[0.00971, 0.00918] P=6 S=49 arc=0.98 lr=0.0002 w_ov=0.834 iou=[0.946, 0.948] acc=0
r121 1124s L=0.2036 cov=[0.0058, 0.0079] ov=[0.0097, 0.00918] P=6 S=49 arc=0.98 lr=0.0002 w_ov=0.85 iou=[0.946, 0.948] acc=0
r122 1132s L=0.2036 cov=[0.0058, 0.0079] ov=[0.0097, 0.00918] P=6 S=49 arc=0.98 lr=0.0002 w_ov=0.864 iou=[0.946, 0.948] acc=0
r123 1141s L=0.2035 cov=[0.0058, 0.0079] ov=[0.0097, 0.00918] P=6 S=49 arc=0.96 lr=0.0002 w_ov=0.878 iou=[0.946, 0.948] acc=0
r124 1149s L=0.2034 cov=[0.0058, 0.0079] ov=[0.00969, 0.00917] P=6 S=49 arc=0.96 lr=0.0002 w_ov=0.893 iou=[0.946, 0.948] acc=1
r125 1158s L=0.2033 cov=[0.0058, 0.0079] ov=[0.00968, 0.00917] P=6 S=49 arc=0.96 lr=0.0002 w_ov=0.907 iou=[0.946, 0.948] acc=2
r126 1167s L=0.2032 cov=[0.0058, 0.0079] ov=[0.00968, 0.00917] P=6 S=49 arc=0.96 lr=0.0002 w_ov=0.923 iou=[0.946, 0.948] acc=0
r127 1176s L=0.2031 cov=[0.0058, 0.0079] ov=[0.00967, 0.00916] P=6 S=49 arc=0.94 lr=0.0002 w_ov=0.939 iou=[0.946, 0.948] acc=1
r128 1184s L=0.2026 cov=[0.0058, 0.0079] ov=[0.00962, 0.00915] P=6 S=49 arc=0.94 lr=0.0002 w_ov=0.955 iou=[0.946, 0.948] acc=0
r129 1192s L=0.2025 cov=[0.0058, 0.0079] ov=[0.00961, 0.00915] P=6 S=49 arc=0.94 lr=0.0002 w_ov=0.97 iou=[0.946, 0.948] acc=0
r130 1202s L=0.2024 cov=[0.0058, 0.0079] ov=[0.00961, 0.00914] P=6 S=49 arc=0.94 lr=0.0002 w_ov=0.985 iou=[0.945, 0.948] acc=0
r131 1211s L=0.2022 cov=[0.0059, 0.0079] ov=[0.0096, 0.00914] P=6 S=49 arc=0.94 lr=0.0002 w_ov=1 iou=[0.945, 0.948] acc=1
r132 1219s L=0.2021 cov=[0.0059, 0.0079] ov=[0.00959, 0.00913] P=6 S=49 arc=0.96 lr=0.0002 w_ov=1.02 iou=[0.945, 0.948] acc=0
r133 1228s L=0.2019 cov=[0.0059, 0.0079] ov=[0.00958, 0.00912] P=6 S=49 arc=0.96 lr=0.0002 w_ov=1.04 iou=[0.945, 0.948] acc=0
r134 1236s L=0.2017 cov=[0.0059, 0.008] ov=[0.00957, 0.00912] P=6 S=49 arc=0.96 lr=0.0002 w_ov=1.05 iou=[0.945, 0.948] acc=0
r135 1246s L=0.2015 cov=[0.0059, 0.008] ov=[0.00955, 0.00911] P=6 S=49 arc=0.96 lr=0.0002 w_ov=1.07 iou=[0.945, 0.948] acc=1
r136 1255s L=0.2014 cov=[0.0059, 0.008] ov=[0.00954, 0.0091] P=6 S=49 arc=0.96 lr=0.0002 w_ov=1.09 iou=[0.944, 0.948] acc=1
r137 1263s L=0.2012 cov=[0.0059, 0.008] ov=[0.00953, 0.00909] P=6 S=49 arc=0.94 lr=0.0002 w_ov=1.11 iou=[0.944, 0.947] acc=1
r138 1273s L=0.201 cov=[0.0059, 0.008] ov=[0.00952, 0.00908] P=6 S=49 arc=0.94 lr=0.0002 w_ov=1.13 iou=[0.944, 0.947] acc=0
r139 1282s L=0.2008 cov=[0.0059, 0.008] ov=[0.00951, 0.00906] P=6 S=49 arc=0.92 lr=0.0002 w_ov=1.15 iou=[0.944, 0.947] acc=3
r140 1292s L=0.2006 cov=[0.0059, 0.008] ov=[0.0095, 0.00905] P=6 S=49 arc=0.96 lr=0.0002 w_ov=1.17 iou=[0.944, 0.947] acc=0
r141 1300s L=0.2003 cov=[0.0059, 0.008] ov=[0.00949, 0.00904] P=6 S=49 arc=0.92 lr=0.0002 w_ov=1.19 iou=[0.944, 0.947] acc=2
r142 1309s L=0.2001 cov=[0.0059, 0.008] ov=[0.00947, 0.00903] P=6 S=49 arc=0.92 lr=0.00028 w_ov=1.21 iou=[0.944, 0.947] acc=0
r143 1318s L=0.1998 cov=[0.006, 0.008] ov=[0.00946, 0.00901] P=6 S=49 arc=0.92 lr=0.0002 w_ov=1.23 iou=[0.944, 0.947] acc=1
r144 1327s L=0.1996 cov=[0.006, 0.008] ov=[0.00944, 0.009] P=6 S=49 arc=0.92 lr=0.0002 w_ov=1.25 iou=[0.944, 0.947] acc=1
r145 1335s L=0.1993 cov=[0.006, 0.0081] ov=[0.00943, 0.00899] P=6 S=49 arc=0.96 lr=0.00028 w_ov=1.28 iou=[0.944, 0.947] acc=1
r146 1344s L=0.199 cov=[0.006, 0.0081] ov=[0.00941, 0.00897] P=6 S=49 arc=0.96 lr=0.00028 w_ov=1.3 iou=[0.944, 0.947] acc=1
r147 1353s L=0.1987 cov=[0.006, 0.0081] ov=[0.00939, 0.00896] P=6 S=49 arc=0.94 lr=0.00028 w_ov=1.32 iou=[0.944, 0.947] acc=1
r148 1362s L=0.1982 cov=[0.006, 0.0081] ov=[0.00936, 0.00893] P=6 S=49 arc=0.92 lr=0.0002 w_ov=1.34 iou=[0.943, 0.948] acc=2
r149 1370s L=0.1976 cov=[0.0062, 0.008] ov=[0.00935, 0.00888] P=6 S=49 arc=0.92 lr=0.0002 w_ov=1.36 iou=[0.943, 0.948] acc=1
r150 1379s L=0.1973 cov=[0.0062, 0.008] ov=[0.00933, 0.00887] P=6 S=49 arc=0.90 lr=0.0002 w_ov=1.39 iou=[0.942, 0.946] acc=2
r151 1389s L=0.1924 cov=[0.0064, 0.0086] ov=[0.0088, 0.00883] P=6 S=49 arc=0.90 lr=0.0011 w_ov=1.41 iou=[0.941, 0.945] acc=2
r152 1398s L=0.1841 cov=[0.0069, 0.009] ov=[0.00827, 0.00845] P=6 S=49 arc=0.92 lr=0.018 w_ov=1.44 iou=[0.94, 0.941] acc=0
r153 1407s L=0.1475 cov=[0.0091, 0.0099] ov=[0.00673, 0.00601] P=6 S=49 arc=0.86 lr=0.072 w_ov=1.46 iou=[0.927, 0.934] acc=4
r154 1415s L=0.1147 cov=[0.0114, 0.0105] ov=[0.00575, 0.00342] P=6 S=49 arc=0.86 lr=0.072 w_ov=1.49 iou=[0.914, 0.933] acc=2
r155 1424s L=0.09625 cov=[0.0123, 0.011] ov=[0.00494, 0.00225] P=6 S=50 arc=0.86 lr=0.1 w_ov=1.51 iou=[0.912, 0.929] acc=2
r156 1432s L=0.08896 cov=[0.0117, 0.0113] ov=[0.0043, 0.00219] P=6 S=50 arc=0.88 lr=0.1 w_ov=1.54 iou=[0.916, 0.925] acc=1
r157 1442s L=0.07941 cov=[0.012, 0.0121] ov=[0.00339, 0.00202] P=6 S=51 arc=0.86 lr=0.1 w_ov=1.56 iou=[0.915, 0.921] acc=4
r158 1451s L=0.07462 cov=[0.0115, 0.0122] ov=[0.00295, 0.00203] P=6 S=51 arc=0.88 lr=0.051 w_ov=1.59 iou=[0.917, 0.92] acc=0
r159 1460s L=0.07076 cov=[0.0116, 0.0125] ov=[0.00251, 0.00204] P=6 S=51 arc=0.86 lr=0.051 w_ov=1.62 iou=[0.916, 0.918] acc=3
r160 1469s L=0.0678 cov=[0.0116, 0.0128] ov=[0.00224, 0.002] P=6 S=51 arc=0.86 lr=0.051 w_ov=1.65 iou=[0.917, 0.917] acc=2
r161 1478s L=0.06513 cov=[0.0116, 0.0129] ov=[0.00198, 0.00196] P=6 S=51 arc=0.86 lr=0.051 w_ov=1.67 iou=[0.916, 0.917] acc=0
r162 1487s L=0.06371 cov=[0.0116, 0.013] ov=[0.00186, 0.00194] P=6 S=51 arc=0.86 lr=0.018 w_ov=1.71 iou=[0.916, 0.917] acc=4
r163 1495s L=0.06257 cov=[0.0117, 0.0131] ov=[0.00177, 0.0019] P=6 S=51 arc=0.94 lr=0.051 w_ov=1.73 iou=[0.916, 0.916] acc=0
r164 1504s L=0.06119 cov=[0.0117, 0.0132] ov=[0.00167, 0.00185] P=6 S=51 arc=0.94 lr=0.036 w_ov=1.76 iou=[0.918, 0.916] acc=0
r165 1513s L=0.06001 cov=[0.0117, 0.0133] ov=[0.00158, 0.00181] P=6 S=51 arc=0.94 lr=0.036 w_ov=1.79 iou=[0.917, 0.916] acc=0
r166 1521s L=0.05894 cov=[0.0117, 0.0134] ov=[0.00148, 0.00179] P=6 S=51 arc=0.94 lr=0.026 w_ov=1.82 iou=[0.917, 0.916] acc=1
r167 1531s L=0.05791 cov=[0.0117, 0.0135] ov=[0.00139, 0.00177] P=6 S=51 arc=0.96 lr=0.018 w_ov=1.85 iou=[0.917, 0.914] acc=0
r168 1539s L=0.05706 cov=[0.0118, 0.0135] ov=[0.00134, 0.00173] P=6 S=51 arc=0.96 lr=0.026 w_ov=1.89 iou=[0.917, 0.915] acc=0
r169 1548s L=0.05631 cov=[0.0118, 0.0135] ov=[0.00129, 0.0017] P=6 S=51 arc=0.96 lr=0.026 w_ov=1.92 iou=[0.917, 0.915] acc=0
r170 1555s L=0.05565 cov=[0.0118, 0.0136] ov=[0.00123, 0.00168] P=6 S=51 arc=0.96 lr=0.036 w_ov=1.95 iou=[0.917, 0.914] acc=1
r171 1564s L=0.05483 cov=[0.0118, 0.0137] ov=[0.00119, 0.00163] P=6 S=51 arc=0.98 lr=0.026 w_ov=1.98 iou=[0.917, 0.913] acc=1
r172 1572s L=0.05426 cov=[0.0118, 0.0137] ov=[0.00117, 0.0016] P=6 S=51 arc=1.00 lr=0.051 w_ov=2.01 iou=[0.917, 0.914] acc=0
r173 1581s L=0.05322 cov=[0.0119, 0.0138] ov=[0.00112, 0.00152] P=6 S=51 arc=1.00 lr=0.036 w_ov=2.04 iou=[0.915, 0.914] acc=0
r174 1589s L=0.05245 cov=[0.0119, 0.0138] ov=[0.0011, 0.00146] P=6 S=51 arc=1.00 lr=0.026 w_ov=2.08 iou=[0.916, 0.914] acc=0
r175 1598s L=0.05158 cov=[0.0119, 0.0139] ov=[0.00104, 0.00143] P=6 S=51 arc=1.00 lr=0.018 w_ov=2.11 iou=[0.916, 0.914] acc=0
r176 1606s L=0.05072 cov=[0.012, 0.0139] ov=[0.00097, 0.00139] P=6 S=51 arc=1.00 lr=0.036 w_ov=2.14 iou=[0.916, 0.913] acc=0
r177 1614s L=0.04956 cov=[0.0121, 0.0141] ov=[0.00094, 0.00128] P=6 S=51 arc=0.98 lr=0.018 w_ov=2.18 iou=[0.915, 0.913] acc=1
r178 1622s L=0.04816 cov=[0.0122, 0.0142] ov=[0.00081, 0.00126] P=6 S=51 arc=0.98 lr=0.018 w_ov=2.21 iou=[0.915, 0.912] acc=0
r179 1631s L=0.04759 cov=[0.0122, 0.0142] ov=[0.00077, 0.00124] P=6 S=51 arc=0.96 lr=0.0091 w_ov=2.25 iou=[0.916, 0.912] acc=1
r180 1640s L=0.04733 cov=[0.0122, 0.0142] ov=[0.00075, 0.00123] P=6 S=51 arc=0.94 lr=0.0064 w_ov=2.29 iou=[0.915, 0.912] acc=2
r181 1649s L=0.04707 cov=[0.0122, 0.0142] ov=[0.00073, 0.00122] P=6 S=51 arc=0.94 lr=0.0045 w_ov=2.33 iou=[0.915, 0.912] acc=1
r182 1659s L=0.04668 cov=[0.0122, 0.0143] ov=[0.0007, 0.00121] P=6 S=51 arc=0.94 lr=0.013 w_ov=2.37 iou=[0.914, 0.912] acc=0
r183 1667s L=0.04612 cov=[0.0122, 0.0144] ov=[0.00065, 0.00119] P=6 S=51 arc=0.94 lr=0.013 w_ov=2.41 iou=[0.915, 0.912] acc=0
r184 1676s L=0.04544 cov=[0.0122, 0.0144] ov=[0.0006, 0.00117] P=6 S=51 arc=0.94 lr=0.013 w_ov=2.45 iou=[0.915, 0.912] acc=0
r185 1686s L=0.04514 cov=[0.0122, 0.0145] ov=[0.00058, 0.00116] P=6 S=51 arc=0.94 lr=0.013 w_ov=2.49 iou=[0.915, 0.912] acc=2
r186 1694s L=0.04475 cov=[0.0122, 0.0145] ov=[0.00055, 0.00114] P=6 S=51 arc=0.98 lr=0.0045 w_ov=2.54 iou=[0.915, 0.912] acc=1
r187 1702s L=0.04464 cov=[0.0122, 0.0145] ov=[0.00054, 0.00114] P=6 S=51 arc=1.00 lr=0.0032 w_ov=2.58 iou=[0.915, 0.913] acc=0
r188 1710s L=0.04453 cov=[0.0122, 0.0145] ov=[0.00054, 0.00113] P=6 S=51 arc=0.98 lr=0.0008 w_ov=2.62 iou=[0.915, 0.913] acc=1
r189 1718s L=0.04451 cov=[0.0122, 0.0145] ov=[0.00053, 0.00113] P=6 S=51 arc=0.98 lr=0.0002 w_ov=2.66 iou=[0.915, 0.913] acc=0
r190 1727s L=0.0445 cov=[0.0122, 0.0145] ov=[0.00053, 0.00113] P=6 S=51 arc=0.98 lr=0.0002 w_ov=2.7 iou=[0.915, 0.913] acc=0
r191 1736s L=0.04449 cov=[0.0122, 0.0145] ov=[0.00053, 0.00113] P=6 S=51 arc=0.98 lr=0.0002 w_ov=2.75 iou=[0.915, 0.913] acc=0
r192 1743s L=0.04448 cov=[0.0122, 0.0145] ov=[0.00053, 0.00113] P=6 S=51 arc=0.98 lr=0.0002 w_ov=2.79 iou=[0.915, 0.913] acc=0
r193 1752s L=0.04446 cov=[0.0122, 0.0145] ov=[0.00053, 0.00113] P=6 S=51 arc=0.98 lr=0.0002 w_ov=2.84 iou=[0.915, 0.913] acc=0
r194 1761s L=0.04444 cov=[0.0122, 0.0145] ov=[0.00053, 0.00113] P=6 S=51 arc=0.98 lr=0.0002 w_ov=2.89 iou=[0.915, 0.913] acc=0
r195 1770s L=0.04442 cov=[0.0122, 0.0145] ov=[0.00053, 0.00113] P=6 S=51 arc=0.98 lr=0.0002 w_ov=2.94 iou=[0.915, 0.913] acc=0
r196 1779s L=0.04439 cov=[0.0122, 0.0145] ov=[0.00053, 0.00113] P=6 S=51 arc=0.98 lr=0.0002 w_ov=2.99 iou=[0.915, 0.913] acc=0
r197 1788s L=0.04436 cov=[0.0122, 0.0145] ov=[0.00053, 0.00112] P=6 S=51 arc=0.98 lr=0.0002 w_ov=3.04 iou=[0.915, 0.912] acc=0
r198 1797s L=0.04433 cov=[0.0122, 0.0145] ov=[0.00052, 0.00112] P=6 S=51 arc=0.98 lr=0.0002 w_ov=3.09 iou=[0.915, 0.912] acc=0
r199 1805s L=0.04429 cov=[0.0122, 0.0145] ov=[0.00052, 0.00112] P=6 S=51 arc=0.98 lr=0.00028 w_ov=3.14 iou=[0.915, 0.912] acc=0
r200 1814s L=0.04426 cov=[0.0123, 0.0146] ov=[0.00052, 0.00112] P=6 S=51 arc=0.98 lr=0.0002 w_ov=3.19 iou=[0.915, 0.912] acc=0
r201 1823s L=0.04422 cov=[0.0123, 0.0146] ov=[0.00052, 0.00111] P=6 S=51 arc=0.98 lr=0.0002 w_ov=3.25 iou=[0.915, 0.912] acc=0
r202 1831s L=0.04417 cov=[0.0123, 0.0146] ov=[0.00051, 0.00111] P=6 S=51 arc=0.98 lr=0.0002 w_ov=3.3 iou=[0.915, 0.912] acc=0
r203 1839s L=0.04413 cov=[0.0123, 0.0146] ov=[0.00051, 0.00111] P=6 S=51 arc=0.98 lr=0.0002 w_ov=3.35 iou=[0.915, 0.912] acc=0
r204 1847s L=0.04408 cov=[0.0123, 0.0146] ov=[0.00051, 0.0011] P=6 S=51 arc=0.98 lr=0.0002 w_ov=3.41 iou=[0.915, 0.912] acc=0
r205 1856s L=0.04403 cov=[0.0123, 0.0146] ov=[0.00051, 0.0011] P=6 S=51 arc=0.98 lr=0.0002 w_ov=3.46 iou=[0.915, 0.912] acc=0
r206 1864s L=0.04397 cov=[0.0123, 0.0146] ov=[0.0005, 0.00109] P=6 S=51 arc=0.98 lr=0.00028 w_ov=3.52 iou=[0.915, 0.912] acc=0
r207 1873s L=0.0439 cov=[0.0123, 0.0146] ov=[0.0005, 0.00109] P=6 S=51 arc=0.98 lr=0.0002 w_ov=3.57 iou=[0.915, 0.912] acc=0
r208 1881s L=0.04384 cov=[0.0123, 0.0146] ov=[0.0005, 0.00108] P=6 S=51 arc=0.98 lr=0.0002 w_ov=3.64 iou=[0.915, 0.912] acc=0
r209 1890s L=0.04378 cov=[0.0123, 0.0146] ov=[0.00049, 0.00108] P=6 S=51 arc=0.98 lr=0.00028 w_ov=3.7 iou=[0.915, 0.912] acc=0
r210 1898s L=0.04371 cov=[0.0123, 0.0147] ov=[0.00049, 0.00107] P=6 S=51 arc=0.98 lr=0.0002 w_ov=3.76 iou=[0.915, 0.912] acc=0
r211 1907s L=0.04365 cov=[0.0123, 0.0147] ov=[0.00049, 0.00107] P=6 S=51 arc=0.98 lr=0.0002 w_ov=3.82 iou=[0.915, 0.912] acc=0
r212 1915s L=0.04358 cov=[0.0123, 0.0147] ov=[0.00048, 0.00106] P=6 S=51 arc=0.98 lr=0.0002 w_ov=3.88 iou=[0.915, 0.912] acc=0
r213 1924s L=0.04352 cov=[0.0124, 0.0147] ov=[0.00048, 0.00105] P=6 S=51 arc=0.98 lr=0.0002 w_ov=3.94 iou=[0.915, 0.912] acc=0
r214 1933s L=0.04345 cov=[0.0124, 0.0147] ov=[0.00048, 0.00105] P=6 S=51 arc=0.98 lr=0.0002 w_ov=4.01 iou=[0.915, 0.912] acc=0
r215 1941s L=0.04338 cov=[0.0124, 0.0147] ov=[0.00048, 0.00104] P=6 S=51 arc=0.98 lr=0.00028 w_ov=4.08 iou=[0.915, 0.912] acc=0
r216 1949s L=0.04327 cov=[0.0124, 0.0148] ov=[0.00047, 0.00103] P=6 S=51 arc=0.98 lr=0.0002 w_ov=4.14 iou=[0.915, 0.912] acc=0
r217 1957s L=0.04319 cov=[0.0124, 0.0148] ov=[0.00047, 0.00102] P=6 S=51 arc=0.98 lr=0.0002 w_ov=4.21 iou=[0.915, 0.911] acc=0
r218 1965s L=0.04312 cov=[0.0124, 0.0148] ov=[0.00047, 0.00101] P=6 S=51 arc=0.98 lr=0.0002 w_ov=4.28 iou=[0.915, 0.911] acc=0
r219 1974s L=0.04304 cov=[0.0124, 0.0148] ov=[0.00046, 0.001] P=6 S=51 arc=0.98 lr=0.0002 w_ov=4.34 iou=[0.915, 0.911] acc=0
r220 1982s L=0.04296 cov=[0.0124, 0.0148] ov=[0.00046, 0.00099] P=6 S=51 arc=0.98 lr=0.0002 w_ov=4.41 iou=[0.914, 0.911] acc=0
r221 1991s L=0.04288 cov=[0.0125, 0.0149] ov=[0.00046, 0.00099] P=6 S=51 arc=0.98 lr=0.0002 w_ov=4.48 iou=[0.914, 0.911] acc=0
r222 1999s L=0.04281 cov=[0.0125, 0.0149] ov=[0.00046, 0.00098] P=6 S=51 arc=0.98 lr=0.0002 w_ov=4.56 iou=[0.914, 0.91] acc=0
r223 2008s L=0.04274 cov=[0.0125, 0.0149] ov=[0.00045, 0.00097] P=6 S=51 arc=0.98 lr=0.0002 w_ov=4.64 iou=[0.914, 0.91] acc=0
r224 2017s L=0.04267 cov=[0.0125, 0.0149] ov=[0.00045, 0.00096] P=6 S=51 arc=0.98 lr=0.0002 w_ov=4.71 iou=[0.914, 0.91] acc=0
r225 2025s L=0.0426 cov=[0.0125, 0.0149] ov=[0.00045, 0.00096] P=6 S=51 arc=0.98 lr=0.0002 w_ov=4.79 iou=[0.914, 0.91] acc=0
r226 2034s L=0.04254 cov=[0.0125, 0.015] ov=[0.00044, 0.00095] P=6 S=51 arc=0.98 lr=0.00028 w_ov=4.87 iou=[0.914, 0.91] acc=0
r227 2042s L=0.04223 cov=[0.0126, 0.015] ov=[0.00043, 0.00092] P=6 S=51 arc=0.98 lr=0.0045 w_ov=4.95 iou=[0.913, 0.909] acc=0
r228 2051s L=0.04088 cov=[0.0129, 0.0154] ov=[0.00034, 0.0008] P=6 S=51 arc=0.98 lr=0.013 w_ov=5.03 iou=[0.913, 0.907] acc=0
r229 2061s L=0.0399 cov=[0.013, 0.0155] ov=[0.00028, 0.00076] P=6 S=51 arc=0.96 lr=0.013 w_ov=5.12 iou=[0.912, 0.908] acc=2
r230 2069s L=0.03868 cov=[0.0131, 0.0157] ov=[0.00024, 0.00064] P=6 S=51 arc=0.94 lr=0.0064 w_ov=5.22 iou=[0.912, 0.906] acc=2
r231 2079s L=0.03787 cov=[0.0132, 0.0157] ov=[0.00019, 0.00061] P=6 S=51 arc=0.92 lr=0.0064 w_ov=5.3 iou=[0.91, 0.905] acc=1
r232 2087s L=0.03748 cov=[0.0133, 0.0157] ov=[0.00017, 0.00057] P=6 S=51 arc=0.92 lr=0.0091 w_ov=5.4 iou=[0.91, 0.905] acc=1
r233 2096s L=0.03693 cov=[0.0134, 0.0158] ov=[0.00013, 0.00054] P=6 S=51 arc=0.94 lr=0.0091 w_ov=5.49 iou=[0.91, 0.905] acc=2
r234 2105s L=0.03656 cov=[0.0134, 0.0158] ov=[0.00011, 0.00051] P=6 S=51 arc=0.96 lr=0.013 w_ov=5.58 iou=[0.912, 0.905] acc=1
r235 2114s L=0.03601 cov=[0.0133, 0.0157] ov=[0.0001, 0.00049] P=6 S=51 arc=0.96 lr=0.0064 w_ov=5.68 iou=[0.911, 0.905] acc=1
r236 2123s L=0.03548 cov=[0.0134, 0.0156] ov=[9e-05, 0.00044] P=6 S=51 arc=0.98 lr=0.0064 w_ov=5.78 iou=[0.91, 0.905] acc=1
r237 2132s L=0.03526 cov=[0.0134, 0.0155] ov=[9e-05, 0.00043] P=6 S=51 arc=1.00 lr=0.013 w_ov=5.87 iou=[0.91, 0.907] acc=0
r238 2141s L=0.03465 cov=[0.0134, 0.0155] ov=[6e-05, 0.0004] P=6 S=51 arc=0.98 lr=0.0091 w_ov=5.98 iou=[0.909, 0.907] acc=1
r239 2149s L=0.03419 cov=[0.0136, 0.0154] ov=[4e-05, 0.00037] P=6 S=51 arc=0.98 lr=0.0064 w_ov=6.09 iou=[0.909, 0.907] acc=0
r240 2158s L=0.03383 cov=[0.0135, 0.0154] ov=[5e-05, 0.00034] P=6 S=51 arc=0.98 lr=0.013 w_ov=6.18 iou=[0.909, 0.907] acc=0
r241 2167s L=0.03345 cov=[0.0135, 0.0153] ov=[4e-05, 0.00031] P=6 S=51 arc=0.98 lr=0.0064 w_ov=6.29 iou=[0.908, 0.908] acc=0
r242 2176s L=0.0333 cov=[0.0135, 0.0153] ov=[4e-05, 0.0003] P=6 S=51 arc=0.98 lr=0.0032 w_ov=6.39 iou=[0.909, 0.908] acc=0
r243 2184s L=0.03315 cov=[0.0135, 0.0153] ov=[3e-05, 0.00029] P=6 S=51 arc=0.98 lr=0.0023 w_ov=6.51 iou=[0.908, 0.908] acc=1
r244 2193s L=0.03307 cov=[0.0135, 0.0153] ov=[3e-05, 0.00029] P=6 S=51 arc=1.00 lr=0.0032 w_ov=6.61 iou=[0.908, 0.908] acc=0
r245 2203s L=0.03295 cov=[0.0135, 0.0153] ov=[3e-05, 0.00028] P=6 S=51 arc=1.00 lr=0.0016 w_ov=6.73 iou=[0.908, 0.908] acc=0
r246 2212s L=0.03288 cov=[0.0135, 0.0153] ov=[2e-05, 0.00027] P=6 S=51 arc=0.98 lr=0.0023 w_ov=6.85 iou=[0.908, 0.907] acc=1
r247 2220s L=0.03282 cov=[0.0135, 0.0152] ov=[2e-05, 0.00027] P=6 S=51 arc=0.98 lr=0.0032 w_ov=6.97 iou=[0.908, 0.908] acc=0
r248 2229s L=0.03257 cov=[0.0136, 0.0153] ov=[2e-05, 0.00024] P=6 S=51 arc=0.98 lr=0.0091 w_ov=7.08 iou=[0.909, 0.908] acc=0
r249 2237s L=0.03239 cov=[0.0135, 0.0152] ov=[2e-05, 0.00023] P=6 S=51 arc=0.98 lr=0.0091 w_ov=7.21 iou=[0.909, 0.909] acc=1
r250 2246s L=0.03216 cov=[0.0136, 0.0152] ov=[1e-05, 0.00022] P=6 S=51 arc=1.00 lr=0.0045 w_ov=7.32 iou=[0.908, 0.907] acc=0
r251 2254s L=0.03197 cov=[0.0135, 0.0151] ov=[1e-05, 0.00021] P=6 S=51 arc=1.00 lr=0.0064 w_ov=7.44 iou=[0.909, 0.908] acc=0
r252 2263s L=0.03183 cov=[0.0135, 0.0151] ov=[1e-05, 0.0002] P=6 S=51 arc=1.00 lr=0.0032 w_ov=7.56 iou=[0.908, 0.907] acc=0
r253 2273s L=0.03168 cov=[0.0135, 0.0151] ov=[1e-05, 0.00019] P=6 S=51 arc=0.98 lr=0.0045 w_ov=7.68 iou=[0.909, 0.908] acc=1
r254 2281s L=0.03158 cov=[0.0135, 0.015] ov=[1e-05, 0.00018] P=6 S=51 arc=0.98 lr=0.0023 w_ov=7.83 iou=[0.91, 0.908] acc=0
r255 2291s L=0.03151 cov=[0.0135, 0.015] ov=[1e-05, 0.00018] P=6 S=51 arc=0.98 lr=0.0045 w_ov=7.97 iou=[0.909, 0.908] acc=0
r256 2300s L=0.03142 cov=[0.0135, 0.015] ov=[1e-05, 0.00017] P=6 S=51 arc=0.98 lr=0.0032 w_ov=8.12 iou=[0.91, 0.908] acc=0
r257 2308s L=0.03134 cov=[0.0135, 0.015] ov=[1e-05, 0.00017] P=6 S=51 arc=0.98 lr=0.0023 w_ov=8.25 iou=[0.909, 0.908] acc=0
r258 2318s L=0.0313 cov=[0.0135, 0.015] ov=[0.0, 0.00017] P=6 S=51 arc=0.98 lr=0.0032 w_ov=8.39 iou=[0.909, 0.908] acc=1
r259 2326s L=0.03121 cov=[0.0135, 0.015] ov=[0.0, 0.00016] P=6 S=51 arc=1.00 lr=0.0016 w_ov=8.54 iou=[0.909, 0.908] acc=0
r260 2335s L=0.03115 cov=[0.0135, 0.015] ov=[0.0, 0.00015] P=6 S=51 arc=1.00 lr=0.0032 w_ov=8.69 iou=[0.909, 0.908] acc=0
r261 2345s L=0.03108 cov=[0.0135, 0.015] ov=[0.0, 0.00015] P=6 S=51 arc=1.00 lr=0.0016 w_ov=8.83 iou=[0.909, 0.908] acc=0
r262 2353s L=0.03103 cov=[0.0135, 0.015] ov=[0.0, 0.00014] P=6 S=51 arc=1.00 lr=0.0011 w_ov=9 iou=[0.909, 0.907] acc=0
r263 2362s L=0.03101 cov=[0.0135, 0.015] ov=[0.0, 0.00014] P=6 S=51 arc=1.00 lr=0.0008 w_ov=9.14 iou=[0.91, 0.908] acc=0
r264 2371s L=0.03099 cov=[0.0135, 0.015] ov=[0.0, 0.00014] P=6 S=51 arc=1.00 lr=0.00057 w_ov=9.29 iou=[0.909, 0.907] acc=0
r265 2380s L=0.03097 cov=[0.0135, 0.015] ov=[0.0, 0.00014] P=6 S=51 arc=1.00 lr=0.0002 w_ov=9.45 iou=[0.909, 0.907] acc=0
r266 2389s L=0.03097 cov=[0.0135, 0.015] ov=[0.0, 0.00014] P=6 S=51 arc=1.00 lr=0.00028 w_ov=9.62 iou=[0.909, 0.907] acc=0
r267 2398s L=0.03096 cov=[0.0135, 0.015] ov=[0.0, 0.00014] P=6 S=51 arc=1.00 lr=0.0002 w_ov=9.8 iou=[0.909, 0.908] acc=0
r268 2407s L=0.03095 cov=[0.0135, 0.015] ov=[0.0, 0.00014] P=6 S=51 arc=1.00 lr=0.00028 w_ov=9.96 iou=[0.909, 0.908] acc=0
{
 "Split": {
  "proposed": 5749,
  "accepted": 26,
  "scope": "shared",
  "rate": 0.004522525656635937
 },
 "Rotate": {
  "proposed": 2621,
  "accepted": 3,
  "scope": "per-target",
  "rate": 0.0011446012972148034
 },
 "ToArc": {
  "proposed": 312,
  "accepted": 137,
  "scope": "shared",
  "rate": 0.4391025641025641
 },
 "Merge": {
  "proposed": 1457,
  "accepted": 30,
  "scope": "shared",
  "rate": 0.02059025394646534
 },
 "Flip": {
  "proposed": 1154,
  "accepted": 0,
  "scope": "per-target",
  "rate": 0.0
 },
 "MergeClose": {
  "proposed": 23,
  "accepted": 1,
  "scope": "shared",
  "rate": 0.043478260869565216
 },
 "SwapPoses": {
  "proposed": 1858,
  "accepted": 3,
  "scope": "per-target",
  "rate": 0.0016146393972012918
 },
 "forced:RemoveSmallPart": {
  "proposed": 0,
  "accepted": 1,
  "scope": "shared",
  "rate": 1.0
 },
 "ToLine": {
  "proposed": 4042,
  "accepted": 83,
  "scope": "shared",
  "rate": 0.02053438891637803
 }
}
EVAL avg_chamfer=5.665 avg_hausdorff=28.213 pieces=6->6 loss=0.030948
