r0 16s L=1.216 cov=[0.01, 0.0409] ov=[0.04245, 0.07385] P=6 S=98 arc=0.00 lr=0.35 w_ov=0.1 iou=[0.945, 0.811] acc=13
r1 31s L=1.027 cov=[0.006, 0.0197] ov=[0.04291, 0.05705] P=6 S=88 arc=0.06 lr=0.35 w_ov=0.103 iou=[0.96, 0.906] acc=16
r2 43s L=1.056 cov=[0.0055, 0.0174] ov=[0.04487, 0.0583] P=5 S=81 arc=0.12 lr=0.35 w_ov=0.106 iou=[0.956, 0.916] acc=16
r3 56s L=1.005 cov=[0.0068, 0.0156] ov=[0.04462, 0.0535] P=5 S=80 arc=0.24 lr=0.35 w_ov=0.109 iou=[0.959, 0.917] acc=11
r4 70s L=0.923 cov=[0.0067, 0.0148] ov=[0.03806, 0.05196] P=5 S=76 arc=0.26 lr=0.35 w_ov=0.111 iou=[0.959, 0.92] acc=17
r5 83s L=0.8764 cov=[0.0068, 0.0142] ov=[0.03639, 0.04902] P=5 S=72 arc=0.39 lr=0.35 w_ov=0.114 iou=[0.961, 0.922] acc=13
r6 96s L=0.8155 cov=[0.0091, 0.0125] ov=[0.03302, 0.04625] P=5 S=74 arc=0.46 lr=0.35 w_ov=0.117 iou=[0.942, 0.932] acc=15
r7 110s L=0.7805 cov=[0.0091, 0.0102] ov=[0.03306, 0.04294] P=5 S=74 arc=0.50 lr=0.35 w_ov=0.12 iou=[0.941, 0.942] acc=13
r8 123s L=0.7679 cov=[0.0063, 0.0081] ov=[0.0326, 0.04263] P=5 S=72 arc=0.53 lr=0.25 w_ov=0.123 iou=[0.96, 0.952] acc=7
r9 136s L=0.7464 cov=[0.0062, 0.0073] ov=[0.03167, 0.04149] P=5 S=72 arc=0.60 lr=0.35 w_ov=0.127 iou=[0.961, 0.955] acc=6
r10 149s L=0.7437 cov=[0.0061, 0.0061] ov=[0.03203, 0.041] P=5 S=69 arc=0.62 lr=0.18 w_ov=0.13 iou=[0.961, 0.962] acc=6
r11 163s L=0.7084 cov=[0.0059, 0.0057] ov=[0.03046, 0.03911] P=5 S=66 arc=0.67 lr=0.18 w_ov=0.133 iou=[0.962, 0.963] acc=9
r12 177s L=0.6938 cov=[0.0059, 0.0053] ov=[0.02973, 0.03843] P=5 S=65 arc=0.77 lr=0.25 w_ov=0.137 iou=[0.962, 0.964] acc=3
r13 191s L=0.6864 cov=[0.0059, 0.005] ov=[0.02942, 0.03802] P=5 S=64 arc=0.75 lr=0.25 w_ov=0.14 iou=[0.961, 0.964] acc=6
r14 205s L=0.6828 cov=[0.0056, 0.0049] ov=[0.02943, 0.03769] P=5 S=65 arc=0.75 lr=0.13 w_ov=0.144 iou=[0.962, 0.966] acc=4
r15 220s L=0.6764 cov=[0.0056, 0.0044] ov=[0.02944, 0.03708] P=5 S=65 arc=0.78 lr=0.18 w_ov=0.148 iou=[0.962, 0.97] acc=1
r16 235s L=0.6804 cov=[0.0054, 0.0042] ov=[0.02995, 0.03701] P=5 S=64 arc=0.77 lr=0.088 w_ov=0.153 iou=[0.964, 0.971] acc=5
r17 249s L=0.6662 cov=[0.0053, 0.0043] ov=[0.02916, 0.03639] P=5 S=64 arc=0.80 lr=0.13 w_ov=0.157 iou=[0.965, 0.971] acc=1
r18 263s L=0.6569 cov=[0.0051, 0.0043] ov=[0.02868, 0.03596] P=5 S=64 arc=0.80 lr=0.13 w_ov=0.161 iou=[0.965, 0.971] acc=2
r19 277s L=0.647 cov=[0.005, 0.0042] ov=[0.02819, 0.03547] P=5 S=64 arc=0.81 lr=0.13 w_ov=0.166 iou=[0.965, 0.971] acc=2
r20 291s L=0.6424 cov=[0.005, 0.0041] ov=[0.02805, 0.03517] P=5 S=63 arc=0.84 lr=0.13 w_ov=0.17 iou=[0.966, 0.971] acc=1
r21 305s L=0.6346 cov=[0.005, 0.0041] ov=[0.02778, 0.03467] P=5 S=63 arc=0.83 lr=0.13 w_ov=0.175 iou=[0.965, 0.972] acc=2
r22 320s L=0.6248 cov=[0.0049, 0.004] ov=[0.02731, 0.03416] P=5 S=63 arc=0.83 lr=0.13 w_ov=0.18 iou=[0.965, 0.972] acc=4
r23 334s L=0.6165 cov=[0.0049, 0.0041] ov=[0.02689, 0.03374] P=5 S=62 arc=0.87 lr=0.25 w_ov=0.185 iou=[0.965, 0.972] acc=3
r24 349s L=0.6004 cov=[0.0051, 0.0044] ov=[0.02617, 0.0328] P=5 S=62 arc=0.84 lr=0.25 w_ov=0.19 iou=[0.966, 0.97] acc=4
r25 364s L=0.5952 cov=[0.0049, 0.0043] ov=[0.02582, 0.03267] P=5 S=62 arc=0.82 lr=0.088 w_ov=0.195 iou=[0.967, 0.971] acc=2
r26 379s L=0.5868 cov=[0.0049, 0.0042] ov=[0.02543, 0.03223] P=5 S=61 arc=0.85 lr=0.088 w_ov=0.201 iou=[0.966, 0.972] acc=4
r27 393s L=0.5801 cov=[0.0049, 0.0042] ov=[0.02511, 0.03188] P=5 S=61 arc=0.90 lr=0.13 w_ov=0.207 iou=[0.967, 0.972] acc=0
r28 408s L=0.5702 cov=[0.0049, 0.0043] ov=[0.02467, 0.03131] P=5 S=62 arc=0.90 lr=0.18 w_ov=0.213 iou=[0.966, 0.97] acc=1
r29 423s L=0.55 cov=[0.0048, 0.0044] ov=[0.0234, 0.03057] P=5 S=62 arc=0.89 lr=0.18 w_ov=0.219 iou=[0.967, 0.969] acc=2
r30 437s L=0.5411 cov=[0.0048, 0.0044] ov=[0.02288, 0.0302] P=5 S=62 arc=0.90 lr=0.18 w_ov=0.225 iou=[0.967, 0.969] acc=1
r31 453s L=0.5233 cov=[0.0048, 0.0044] ov=[0.02192, 0.02939] P=5 S=62 arc=0.90 lr=0.18 w_ov=0.231 iou=[0.966, 0.969] acc=1
r32 467s L=0.5146 cov=[0.0048, 0.0044] ov=[0.02159, 0.02884] P=5 S=62 arc=0.90 lr=0.088 w_ov=0.238 iou=[0.966, 0.969] acc=1
r33 483s L=0.5076 cov=[0.0048, 0.0043] ov=[0.02128, 0.02845] P=5 S=62 arc=0.92 lr=0.088 w_ov=0.245 iou=[0.967, 0.969] acc=1
r34 497s L=0.4975 cov=[0.0048, 0.0043] ov=[0.02077, 0.02797] P=5 S=62 arc=0.92 lr=0.13 w_ov=0.253 iou=[0.966, 0.97] acc=1
r35 512s L=0.4871 cov=[0.0048, 0.0043] ov=[0.02032, 0.02737] P=5 S=62 arc=0.92 lr=0.13 w_ov=0.26 iou=[0.965, 0.97] acc=1
r36 527s L=0.4724 cov=[0.0049, 0.0044] ov=[0.01951, 0.02668] P=5 S=62 arc=0.92 lr=0.18 w_ov=0.267 iou=[0.964, 0.969] acc=1
r37 541s L=0.4577 cov=[0.005, 0.0045] ov=[0.01865, 0.02606] P=5 S=63 arc=0.90 lr=0.18 w_ov=0.275 iou=[0.965, 0.97] acc=4
r38 556s L=0.4352 cov=[0.005, 0.0046] ov=[0.01754, 0.0249] P=5 S=63 arc=0.92 lr=0.18 w_ov=0.282 iou=[0.965, 0.967] acc=1
r39 571s L=0.4288 cov=[0.0051, 0.0046] ov=[0.01733, 0.02447] P=5 S=65 arc=0.89 lr=0.18 w_ov=0.291 iou=[0.965, 0.969] acc=4
r40 586s L=0.4196 cov=[0.0049, 0.0046] ov=[0.01699, 0.02391] P=5 S=65 arc=0.89 lr=0.18 w_ov=0.299 iou=[0.965, 0.968] acc=2
r41 602s L=0.4123 cov=[0.0049, 0.0045] ov=[0.01667, 0.0235] P=5 S=65 arc=0.91 lr=0.18 w_ov=0.308 iou=[0.965, 0.969] acc=1
r42 618s L=0.4018 cov=[0.0049, 0.0046] ov=[0.01626, 0.02284] P=5 S=64 arc=0.89 lr=0.18 w_ov=0.317 iou=[0.966, 0.969] acc=3
r43 634s L=0.3953 cov=[0.005, 0.0049] ov=[0.01599, 0.02243] P=5 S=65 arc=0.88 lr=0.18 w_ov=0.328 iou=[0.967, 0.967] acc=2
r44 649s L=0.3676 cov=[0.0055, 0.005] ov=[0.01451, 0.02108] P=5 S=64 arc=0.88 lr=0.088 w_ov=0.337 iou=[0.961, 0.967] acc=3
r45 666s L=0.3488 cov=[0.0054, 0.0049] ov=[0.01348, 0.02027] P=5 S=63 arc=0.90 lr=0.088 w_ov=0.348 iou=[0.965, 0.969] acc=3
r46 681s L=0.3374 cov=[0.0054, 0.005] ov=[0.01293, 0.01966] P=5 S=62 arc=0.92 lr=0.088 w_ov=0.359 iou=[0.965, 0.967] acc=3
r47 697s L=0.3222 cov=[0.0055, 0.0052] ov=[0.01188, 0.01916] P=5 S=62 arc=0.94 lr=0.088 w_ov=0.369 iou=[0.964, 0.966] acc=1
r48 711s L=0.3144 cov=[0.006, 0.0072] ov=[0.01067, 0.01934] P=5 S=62 arc=0.94 lr=0.25 w_ov=0.381 iou=[0.897, 0.954] acc=4
r49 726s L=0.2826 cov=[0.0062, 0.0053] ov=[0.00962, 0.01738] P=5 S=63 arc=0.87 lr=0.25 w_ov=0.392 iou=[0.96, 0.965] acc=7
r50 741s L=0.2812 cov=[0.0079, 0.0077] ov=[0.00872, 0.01773] P=5 S=61 arc=0.84 lr=0.13 w_ov=0.403 iou=[0.948, 0.95] acc=7
r51 755s L=0.2523 cov=[0.0061, 0.0056] ov=[0.00768, 0.01626] P=5 S=59 arc=0.88 lr=0.088 w_ov=0.415 iou=[0.959, 0.965] acc=5
r52 769s L=0.2427 cov=[0.0061, 0.0056] ov=[0.00746, 0.01552] P=5 S=59 arc=0.90 lr=0.18 w_ov=0.426 iou=[0.96, 0.965] acc=1
r53 784s L=0.2364 cov=[0.0062, 0.0057] ov=[0.0071, 0.01525] P=5 S=59 arc=0.88 lr=0.18 w_ov=0.438 iou=[0.959, 0.964] acc=1
r54 799s L=0.2269 cov=[0.0063, 0.0058] ov=[0.00667, 0.01469] P=5 S=59 arc=0.88 lr=0.088 w_ov=0.45 iou=[0.958, 0.964] acc=4
r55 813s L=0.2201 cov=[0.0064, 0.0059] ov=[0.0063, 0.01438] P=5 S=59 arc=0.93 lr=0.088 w_ov=0.464 iou=[0.957, 0.964] acc=2
r56 827s L=0.2132 cov=[0.0065, 0.006] ov=[0.006, 0.01397] P=5 S=59 arc=0.95 lr=0.13 w_ov=0.476 iou=[0.956, 0.962] acc=0
r57 841s L=0.2068 cov=[0.0066, 0.0061] ov=[0.00569, 0.01362] P=5 S=59 arc=0.95 lr=0.13 w_ov=0.489 iou=[0.956, 0.962] acc=1
r58 855s L=0.2005 cov=[0.0066, 0.0062] ov=[0.00534, 0.01331] P=5 S=59 arc=0.95 lr=0.13 w_ov=0.503 iou=[0.955, 0.961] acc=1
r59 870s L=0.1938 cov=[0.0067, 0.0064] ov=[0.00497, 0.01299] P=5 S=59 arc=0.95 lr=0.063 w_ov=0.516 iou=[0.955, 0.962] acc=1
r60 885s L=0.1882 cov=[0.0068, 0.0065] ov=[0.00467, 0.01271] P=5 S=59 arc=0.97 lr=0.088 w_ov=0.531 iou=[0.954, 0.96] acc=0
r61 900s L=0.184 cov=[0.007, 0.0064] ov=[0.00441, 0.01254] P=5 S=58 arc=0.97 lr=0.088 w_ov=0.547 iou=[0.954, 0.962] acc=1
r62 916s L=0.18 cov=[0.0071, 0.0065] ov=[0.00425, 0.01228] P=5 S=58 arc=0.97 lr=0.13 w_ov=0.563 iou=[0.954, 0.96] acc=1
r63 930s L=0.1776 cov=[0.0071, 0.0065] ov=[0.00415, 0.01214] P=5 S=58 arc=0.98 lr=0.063 w_ov=0.58 iou=[0.953, 0.959] acc=0
r64 944s L=0.1752 cov=[0.0071, 0.0066] ov=[0.00404, 0.012] P=5 S=58 arc=0.98 lr=0.088 w_ov=0.596 iou=[0.953, 0.959] acc=0
r65 959s L=0.1723 cov=[0.0072, 0.0067] ov=[0.00392, 0.01181] P=5 S=59 arc=0.97 lr=0.13 w_ov=0.612 iou=[0.952, 0.958] acc=2
r66 974s L=0.1667 cov=[0.0073, 0.0067] ov=[0.00365, 0.01152] P=5 S=59 arc=0.95 lr=0.13 w_ov=0.63 iou=[0.952, 0.958] acc=2
r67 988s L=0.1623 cov=[0.0072, 0.0067] ov=[0.00359, 0.01114] P=5 S=58 arc=0.97 lr=0.18 w_ov=0.648 iou=[0.951, 0.958] acc=1
r68 1004s L=0.1549 cov=[0.0073, 0.0068] ov=[0.00337, 0.0106] P=5 S=58 arc=0.95 lr=0.18 w_ov=0.666 iou=[0.951, 0.958] acc=1
r69 1019s L=0.1567 cov=[0.0076, 0.0084] ov=[0.00303, 0.01093] P=5 S=64 arc=0.92 lr=0.18 w_ov=0.687 iou=[0.948, 0.948] acc=10
r70 1035s L=0.1449 cov=[0.0076, 0.0076] ov=[0.00307, 0.00978] P=5 S=65 arc=0.85 lr=0.18 w_ov=0.707 iou=[0.949, 0.955] acc=10
r71 1050s L=0.132 cov=[0.0079, 0.0071] ov=[0.00225, 0.00934] P=5 S=63 arc=0.86 lr=0.063 w_ov=0.729 iou=[0.949, 0.956] acc=2
r72 1065s L=0.1282 cov=[0.0078, 0.0072] ov=[0.00217, 0.00904] P=5 S=63 arc=0.86 lr=0.088 w_ov=0.75 iou=[0.949, 0.956] acc=3
r73 1079s L=0.1257 cov=[0.0078, 0.0071] ov=[0.00212, 0.00884] P=5 S=63 arc=0.90 lr=0.063 w_ov=0.771 iou=[0.948, 0.956] acc=0
r74 1093s L=0.1236 cov=[0.0079, 0.0071] ov=[0.00205, 0.0087] P=5 S=61 arc=0.92 lr=0.063 w_ov=0.793 iou=[0.948, 0.956] acc=2
r75 1107s L=0.12 cov=[0.008, 0.0072] ov=[0.00202, 0.00836] P=5 S=60 arc=0.93 lr=0.031 w_ov=0.814 iou=[0.947, 0.955] acc=3
r76 1120s L=0.1156 cov=[0.0081, 0.0072] ov=[0.00198, 0.00794] P=5 S=60 arc=0.97 lr=0.063 w_ov=0.837 iou=[0.946, 0.955] acc=1
r77 1134s L=0.1135 cov=[0.0082, 0.0072] ov=[0.00195, 0.00775] P=5 S=60 arc=0.98 lr=0.022 w_ov=0.858 iou=[0.946, 0.956] acc=0
r78 1149s L=0.1114 cov=[0.0083, 0.0072] ov=[0.00189, 0.0076] P=5 S=60 arc=0.98 lr=0.031 w_ov=0.882 iou=[0.946, 0.955] acc=0
r79 1162s L=0.1099 cov=[0.0083, 0.0072] ov=[0.00187, 0.00746] P=5 S=60 arc=0.98 lr=0.031 w_ov=0.907 iou=[0.946, 0.954] acc=0
r80 1178s L=0.1084 cov=[0.0083, 0.0073] ov=[0.00186, 0.00731] P=5 S=60 arc=0.98 lr=0.044 w_ov=0.931 iou=[0.945, 0.954] acc=1
r81 1192s L=0.107 cov=[0.0084, 0.0073] ov=[0.00184, 0.00719] P=5 S=60 arc=1.00 lr=0.022 w_ov=0.958 iou=[0.946, 0.954] acc=0
r82 1207s L=0.1049 cov=[0.0084, 0.0075] ov=[0.00177, 0.00702] P=5 S=60 arc=0.98 lr=0.063 w_ov=0.984 iou=[0.946, 0.953] acc=1
r83 1221s L=0.1024 cov=[0.0086, 0.0075] ov=[0.00169, 0.00683] P=5 S=60 arc=0.98 lr=0.031 w_ov=1.01 iou=[0.945, 0.953] acc=0
r84 1235s L=0.1006 cov=[0.0086, 0.0075] ov=[0.00164, 0.00669] P=5 S=60 arc=0.98 lr=0.044 w_ov=1.04 iou=[0.945, 0.953] acc=0
r85 1248s L=0.09904 cov=[0.0087, 0.0074] ov=[0.00163, 0.00655] P=5 S=60 arc=0.97 lr=0.063 w_ov=1.07 iou=[0.945, 0.953] acc=1
r86 1262s L=0.0979 cov=[0.0088, 0.0074] ov=[0.0016, 0.00646] P=5 S=60 arc=0.97 lr=0.031 w_ov=1.1 iou=[0.944, 0.953] acc=0
r87 1275s L=0.09686 cov=[0.0088, 0.0075] ov=[0.00157, 0.00638] P=5 S=60 arc=0.97 lr=0.044 w_ov=1.13 iou=[0.944, 0.953] acc=0
r88 1289s L=0.09612 cov=[0.0089, 0.0075] ov=[0.00154, 0.00631] P=5 S=54 arc=0.96 lr=0.063 w_ov=1.16 iou=[0.915, 0.935] acc=2
r89 1303s L=0.06826 cov=[0.0174, 0.0106] ov=[0.00158, 0.00234] P=5 S=53 arc=0.92 lr=0.088 w_ov=1.19 iou=[0.913, 0.941] acc=3
r90 1316s L=0.06571 cov=[0.0176, 0.01] ov=[0.00153, 0.00218] P=5 S=53 arc=0.92 lr=0.031 w_ov=1.22 iou=[0.911, 0.944] acc=3
r91 1330s L=0.06437 cov=[0.0176, 0.0098] ov=[0.00151, 0.00209] P=5 S=53 arc=0.96 lr=0.044 w_ov=1.25 iou=[0.912, 0.944] acc=2
r92 1343s L=0.06364 cov=[0.0177, 0.0098] ov=[0.00148, 0.00203] P=5 S=53 arc=0.96 lr=0.022 w_ov=1.28 iou=[0.911, 0.946] acc=1
r93 1357s L=0.06127 cov=[0.0177, 0.0096] ov=[0.00142, 0.00188] P=5 S=53 arc=0.96 lr=0.031 w_ov=1.32 iou=[0.911, 0.945] acc=0
r94 1371s L=0.06069 cov=[0.0177, 0.0096] ov=[0.0014, 0.00183] P=5 S=53 arc=0.96 lr=0.016 w_ov=1.35 iou=[0.91, 0.945] acc=1
r95 1384s L=0.05981 cov=[0.0178, 0.0096] ov=[0.00138, 0.00176] P=5 S=53 arc=0.98 lr=0.011 w_ov=1.39 iou=[0.911, 0.945] acc=0
r96 1397s L=0.05886 cov=[0.0178, 0.0096] ov=[0.00135, 0.0017] P=5 S=53 arc=0.98 lr=0.016 w_ov=1.42 iou=[0.911, 0.945] acc=0
r97 1410s L=0.05801 cov=[0.0178, 0.0096] ov=[0.00132, 0.00164] P=5 S=53 arc=0.98 lr=0.011 w_ov=1.46 iou=[0.91, 0.945] acc=0
r98 1423s L=0.05744 cov=[0.0179, 0.0096] ov=[0.00129, 0.0016] P=5 S=53 arc=0.98 lr=0.022 w_ov=1.5 iou=[0.911, 0.945] acc=0
r99 1435s L=0.05637 cov=[0.0179, 0.0096] ov=[0.00127, 0.00152] P=5 S=53 arc=0.98 lr=0.022 w_ov=1.53 iou=[0.911, 0.944] acc=0
r100 1449s L=0.0554 cov=[0.0179, 0.0096] ov=[0.00124, 0.00144] P=5 S=53 arc=0.98 lr=0.022 w_ov=1.57 iou=[0.911, 0.944] acc=1
r101 1463s L=0.0544 cov=[0.018, 0.0097] ov=[0.0012, 0.00137] P=5 S=53 arc=1.00 lr=0.016 w_ov=1.61 iou=[0.91, 0.944] acc=0
r102 1476s L=0.05352 cov=[0.018, 0.0097] ov=[0.00117, 0.00131] P=5 S=53 arc=1.00 lr=0.031 w_ov=1.66 iou=[0.909, 0.944] acc=0
r103 1489s L=0.05339 cov=[0.018, 0.0097] ov=[0.00114, 0.00132] P=5 S=53 arc=1.00 lr=0.016 w_ov=1.7 iou=[0.909, 0.944] acc=0
r104 1502s L=0.05234 cov=[0.018, 0.0097] ov=[0.00113, 0.00123] P=5 S=53 arc=0.98 lr=0.022 w_ov=1.74 iou=[0.909, 0.944] acc=1
r105 1515s L=0.052 cov=[0.0181, 0.0097] ov=[0.00111, 0.00121] P=5 S=53 arc=0.98 lr=0.016 w_ov=1.78 iou=[0.909, 0.944] acc=0
r106 1529s L=0.05142 cov=[0.0181, 0.0098] ov=[0.00109, 0.00116] P=5 S=53 arc=0.98 lr=0.031 w_ov=1.83 iou=[0.908, 0.944] acc=0
r107 1542s L=0.05014 cov=[0.0181, 0.0097] ov=[0.00105, 0.00107] P=5 S=53 arc=0.98 lr=0.031 w_ov=1.88 iou=[0.908, 0.945] acc=0
r108 1555s L=0.04922 cov=[0.0181, 0.0097] ov=[0.00103, 0.001] P=5 S=53 arc=0.98 lr=0.022 w_ov=1.93 iou=[0.907, 0.944] acc=0
r109 1569s L=0.04867 cov=[0.0182, 0.0097] ov=[0.00101, 0.00096] P=5 S=53 arc=0.98 lr=0.011 w_ov=1.98 iou=[0.907, 0.944] acc=0
r110 1581s L=0.04826 cov=[0.0182, 0.0097] ov=[0.00099, 0.00094] P=5 S=53 arc=0.98 lr=0.0055 w_ov=2.03 iou=[0.907, 0.943] acc=0
r111 1594s L=0.04812 cov=[0.0182, 0.0098] ov=[0.00099, 0.00093] P=5 S=53 arc=0.98 lr=0.0014 w_ov=2.08 iou=[0.907, 0.943] acc=0
r112 1608s L=0.04809 cov=[0.0182, 0.0098] ov=[0.00098, 0.00093] P=5 S=53 arc=0.98 lr=0.0002 w_ov=2.13 iou=[0.907, 0.943] acc=0
r113 1621s L=0.04807 cov=[0.0182, 0.0098] ov=[0.00098, 0.00093] P=5 S=53 arc=0.98 lr=0.0002 w_ov=2.19 iou=[0.907, 0.943] acc=0
r114 1634s L=0.04805 cov=[0.0182, 0.0098] ov=[0.00098, 0.00092] P=5 S=53 arc=0.98 lr=0.0002 w_ov=2.24 iou=[0.907, 0.943] acc=0
r115 1646s L=0.04803 cov=[0.0182, 0.0098] ov=[0.00098, 0.00092] P=5 S=53 arc=0.98 lr=0.0002 w_ov=2.3 iou=[0.907, 0.943] acc=0
r116 1660s L=0.048 cov=[0.0182, 0.0098] ov=[0.00098, 0.00092] P=5 S=53 arc=0.98 lr=0.0002 w_ov=2.35 iou=[0.907, 0.943] acc=0
r117 1673s L=0.04797 cov=[0.0182, 0.0098] ov=[0.00098, 0.00092] P=5 S=53 arc=0.98 lr=0.0002 w_ov=2.42 iou=[0.907, 0.943] acc=0
r118 1687s L=0.04794 cov=[0.0182, 0.0098] ov=[0.00098, 0.00092] P=5 S=53 arc=0.98 lr=0.0002 w_ov=2.48 iou=[0.907, 0.943] acc=0
r119 1699s L=0.0479 cov=[0.0182, 0.0098] ov=[0.00097, 0.00091] P=5 S=53 arc=0.98 lr=0.00028 w_ov=2.54 iou=[0.907, 0.943] acc=0
r120 1712s L=0.04783 cov=[0.0182, 0.0098] ov=[0.00097, 0.00091] P=5 S=53 arc=0.98 lr=0.0002 w_ov=2.6 iou=[0.907, 0.943] acc=0
r121 1725s L=0.04771 cov=[0.0182, 0.0098] ov=[0.00097, 0.0009] P=5 S=53 arc=0.98 lr=0.0002 w_ov=2.67 iou=[0.907, 0.943] acc=0
r122 1738s L=0.04763 cov=[0.0182, 0.0098] ov=[0.00096, 0.00089] P=5 S=53 arc=0.98 lr=0.0002 w_ov=2.74 iou=[0.907, 0.943] acc=0
r123 1751s L=0.04751 cov=[0.0182, 0.0098] ov=[0.00096, 0.00088] P=5 S=53 arc=0.98 lr=0.0002 w_ov=2.81 iou=[0.907, 0.943] acc=0
r124 1763s L=0.04743 cov=[0.0182, 0.0098] ov=[0.00096, 0.00088] P=5 S=53 arc=0.98 lr=0.0002 w_ov=2.88 iou=[0.907, 0.943] acc=0
r125 1777s L=0.04731 cov=[0.0182, 0.0098] ov=[0.00095, 0.00087] P=5 S=53 arc=0.98 lr=0.00028 w_ov=2.95 iou=[0.907, 0.943] acc=0
r126 1789s L=0.04722 cov=[0.0183, 0.0098] ov=[0.00095, 0.00086] P=5 S=53 arc=0.98 lr=0.0002 w_ov=3.02 iou=[0.907, 0.943] acc=0
r127 1802s L=0.04716 cov=[0.0183, 0.0098] ov=[0.00094, 0.00086] P=5 S=53 arc=0.96 lr=0.0002 w_ov=3.1 iou=[0.907, 0.943] acc=1
r128 1816s L=0.04709 cov=[0.0183, 0.0098] ov=[0.00094, 0.00085] P=5 S=53 arc=0.96 lr=0.0002 w_ov=3.18 iou=[0.907, 0.943] acc=0
r129 1828s L=0.04701 cov=[0.0183, 0.0099] ov=[0.00093, 0.00085] P=5 S=53 arc=0.96 lr=0.0002 w_ov=3.26 iou=[0.907, 0.943] acc=0
r130 1841s L=0.04692 cov=[0.0183, 0.0099] ov=[0.00093, 0.00084] P=5 S=53 arc=0.96 lr=0.00028 w_ov=3.34 iou=[0.907, 0.943] acc=0
r131 1855s L=0.04647 cov=[0.0183, 0.0099] ov=[0.0009, 0.00082] P=5 S=53 arc=0.96 lr=0.0032 w_ov=3.42 iou=[0.907, 0.941] acc=0
r132 1868s L=0.04471 cov=[0.0186, 0.0102] ov=[0.0008, 0.00069] P=5 S=52 arc=0.98 lr=0.0091 w_ov=3.51 iou=[0.906, 0.941] acc=0
r133 1882s L=0.04362 cov=[0.0187, 0.0105] ov=[0.00071, 0.00063] P=5 S=52 arc=0.96 lr=0.018 w_ov=3.61 iou=[0.906, 0.939] acc=1
r134 1896s L=0.0415 cov=[0.0188, 0.0106] ov=[0.00064, 0.00047] P=5 S=52 arc=0.96 lr=0.018 w_ov=3.7 iou=[0.905, 0.938] acc=0
r135 1908s L=0.04079 cov=[0.0188, 0.0107] ov=[0.00061, 0.00041] P=5 S=52 arc=0.96 lr=0.0064 w_ov=3.8 iou=[0.904, 0.938] acc=0
r136 1921s L=0.04036 cov=[0.0189, 0.0107] ov=[0.00059, 0.00038] P=5 S=52 arc=0.96 lr=0.013 w_ov=3.89 iou=[0.904, 0.937] acc=1
r137 1935s L=0.04002 cov=[0.0189, 0.0108] ov=[0.00057, 0.00036] P=5 S=52 arc=0.96 lr=0.013 w_ov=3.99 iou=[0.904, 0.938] acc=1
r138 1948s L=0.03949 cov=[0.0191, 0.0106] ov=[0.00053, 0.00035] P=5 S=52 arc=0.96 lr=0.0064 w_ov=4.1 iou=[0.905, 0.937] acc=0
r139 1961s L=0.03902 cov=[0.0191, 0.0107] ov=[0.00051, 0.00032] P=5 S=52 arc=0.96 lr=0.0045 w_ov=4.2 iou=[0.904, 0.937] acc=0
r140 1974s L=0.03883 cov=[0.0191, 0.0107] ov=[0.0005, 0.00031] P=5 S=52 arc=0.96 lr=0.0045 w_ov=4.31 iou=[0.905, 0.937] acc=0
r141 1988s L=0.03868 cov=[0.0191, 0.0107] ov=[0.00049, 0.0003] P=5 S=52 arc=0.96 lr=0.0032 w_ov=4.42 iou=[0.904, 0.937] acc=0
r142 2001s L=0.03859 cov=[0.0191, 0.0107] ov=[0.00048, 0.0003] P=5 S=52 arc=0.96 lr=0.0023 w_ov=4.54 iou=[0.904, 0.937] acc=1
r143 2014s L=0.03848 cov=[0.0191, 0.0107] ov=[0.00047, 0.00029] P=5 S=52 arc=0.98 lr=0.0045 w_ov=4.65 iou=[0.904, 0.937] acc=0
r144 2029s L=0.03831 cov=[0.0191, 0.0107] ov=[0.00047, 0.00028] P=5 S=52 arc=0.98 lr=0.0023 w_ov=4.77 iou=[0.904, 0.937] acc=0
r145 2042s L=0.0381 cov=[0.0191, 0.0108] ov=[0.00045, 0.00026] P=5 S=52 arc=0.98 lr=0.0045 w_ov=4.91 iou=[0.903, 0.937] acc=0
r146 2056s L=0.0379 cov=[0.0192, 0.0108] ov=[0.00044, 0.00025] P=5 S=52 arc=0.98 lr=0.0064 w_ov=5.03 iou=[0.904, 0.936] acc=0
r147 2069s L=0.03749 cov=[0.0192, 0.0109] ov=[0.00042, 0.00021] P=5 S=52 arc=0.98 lr=0.0064 w_ov=5.16 iou=[0.904, 0.936] acc=0
r148 2082s L=0.03715 cov=[0.0192, 0.011] ov=[0.00041, 0.00018] P=5 S=52 arc=0.98 lr=0.0032 w_ov=5.3 iou=[0.904, 0.936] acc=0
r149 2096s L=0.03702 cov=[0.0193, 0.011] ov=[0.0004, 0.00017] P=5 S=52 arc=0.98 lr=0.0023 w_ov=5.44 iou=[0.903, 0.936] acc=0
r150 2109s L=0.0369 cov=[0.0193, 0.011] ov=[0.00039, 0.00017] P=5 S=52 arc=0.98 lr=0.0032 w_ov=5.58 iou=[0.903, 0.935] acc=0
r151 2122s L=0.03675 cov=[0.0193, 0.011] ov=[0.00038, 0.00016] P=5 S=52 arc=0.98 lr=0.0023 w_ov=5.73 iou=[0.903, 0.935] acc=0
r152 2136s L=0.03662 cov=[0.0193, 0.0111] ov=[0.00037, 0.00015] P=5 S=52 arc=0.98 lr=0.0032 w_ov=5.87 iou=[0.903, 0.935] acc=0
r153 2148s L=0.03646 cov=[0.0194, 0.0111] ov=[0.00035, 0.00014] P=5 S=52 arc=0.98 lr=0.0045 w_ov=6.02 iou=[0.904, 0.935] acc=0
r154 2162s L=0.03626 cov=[0.0194, 0.0111] ov=[0.00033, 0.00014] P=5 S=52 arc=0.98 lr=0.0023 w_ov=6.17 iou=[0.902, 0.935] acc=0
r155 2175s L=0.03602 cov=[0.0195, 0.0111] ov=[0.00031, 0.00013] P=5 S=52 arc=0.98 lr=0.0045 w_ov=6.33 iou=[0.902, 0.935] acc=0
r156 2188s L=0.0359 cov=[0.0195, 0.0111] ov=[0.0003, 0.00013] P=5 S=52 arc=0.98 lr=0.0064 w_ov=6.49 iou=[0.902, 0.935] acc=0
r157 2201s L=0.03583 cov=[0.0195, 0.0111] ov=[0.00029, 0.00013] P=5 S=52 arc=0.98 lr=0.0064 w_ov=6.66 iou=[0.902, 0.935] acc=0
r158 2214s L=0.03572 cov=[0.0196, 0.0112] ov=[0.00027, 0.00012] P=5 S=52 arc=0.96 lr=0.0002 w_ov=6.83 iou=[0.902, 0.934] acc=1
r159 2228s L=0.03563 cov=[0.0195, 0.0112] ov=[0.00027, 0.00012] P=5 S=52 arc=0.96 lr=0.0032 w_ov=7 iou=[0.902, 0.934] acc=0
r160 2243s L=0.03544 cov=[0.0196, 0.0112] ov=[0.00025, 0.00012] P=5 S=52 arc=0.96 lr=0.0032 w_ov=7.19 iou=[0.902, 0.935] acc=0
r161 2257s L=0.03534 cov=[0.0196, 0.0112] ov=[0.00024, 0.00012] P=5 S=52 arc=0.96 lr=0.0032 w_ov=7.4 iou=[0.902, 0.934] acc=1
r162 2270s L=0.03525 cov=[0.0196, 0.0112] ov=[0.00023, 0.00011] P=5 S=52 arc=0.98 lr=0.0032 w_ov=7.6 iou=[0.902, 0.935] acc=0
r163 2283s L=0.03513 cov=[0.0196, 0.0112] ov=[0.00022, 0.00011] P=5 S=52 arc=0.98 lr=0.0016 w_ov=7.79 iou=[0.902, 0.934] acc=0
r164 2296s L=0.035 cov=[0.0196, 0.0112] ov=[0.00021, 0.0001] P=5 S=52 arc=0.98 lr=0.0032 w_ov=7.99 iou=[0.901, 0.934] acc=0
r165 2309s L=0.03489 cov=[0.0197, 0.0114] ov=[0.00019, 9e-05] P=5 S=52 arc=0.98 lr=0.0032 w_ov=8.19 iou=[0.902, 0.934] acc=0
r166 2322s L=0.03487 cov=[0.0199, 0.0116] ov=[0.00015, 9e-05] P=5 S=52 arc=0.98 lr=0.0045 w_ov=8.4 iou=[0.901, 0.932] acc=0
r167 2334s L=0.03453 cov=[0.0198, 0.0116] ov=[0.00014, 7e-05] P=5 S=52 arc=0.98 lr=0.0008 w_ov=8.61 iou=[0.901, 0.933] acc=0
r168 2347s L=0.03424 cov=[0.0198, 0.0115] ov=[0.00013, 6e-05] P=5 S=52 arc=0.98 lr=0.0091 w_ov=8.82 iou=[0.902, 0.934] acc=0
r169 2360s L=0.03406 cov=[0.0198, 0.0116] ov=[0.00012, 5e-05] P=5 S=52 arc=0.98 lr=0.0032 w_ov=9.04 iou=[0.902, 0.934] acc=0
r170 2372s L=0.03397 cov=[0.0198, 0.0115] ov=[0.00012, 4e-05] P=5 S=52 arc=0.98 lr=0.0023 w_ov=9.27 iou=[0.901, 0.934] acc=0
r171 2386s L=0.03389 cov=[0.0198, 0.0115] ov=[0.00012, 4e-05] P=5 S=52 arc=0.98 lr=0.0016 w_ov=9.48 iou=[0.902, 0.934] acc=0
r172 2399s L=0.03386 cov=[0.0198, 0.0115] ov=[0.00012, 3e-05] P=5 S=52 arc=0.98 lr=0.0011 w_ov=9.73 iou=[0.902, 0.934] acc=0
r173 2412s L=0.03381 cov=[0.0198, 0.0115] ov=[0.00012, 3e-05] P=5 S=52 arc=0.98 lr=0.0016 w_ov=9.97 iou=[0.901, 0.934] acc=0
{
 "Merge": {
  "proposed": 1126,
  "accepted": 67,
  "scope": "shared",
  "rate": 0.05950266429840142
 },
 "MergeClose": {
  "proposed": 51,
  "accepted": 4,
  "scope": "shared",
  "rate": 0.0784313725490196
 },
 "Flip": {
  "proposed": 771,
  "accepted": 0,
  "scope": "per-target",
  "rate": 0.0
 },
 "Rotate": {
  "proposed": 1762,
  "accepted": 5,
  "scope": "per-target",
  "rate": 0.0028376844494892167
 },
 "Split": {
  "proposed": 4070,
  "accepted": 39,
  "scope": "shared",
  "rate": 0.009582309582309583
 },
 "ToArc": {
  "proposed": 326,
  "accepted": 132,
  "scope": "shared",
  "rate": 0.4049079754601227
 },
 "SwapPoses": {
  "proposed": 763,
  "accepted": 1,
  "scope": "per-target",
  "rate": 0.001310615989515072
 },
 "forced:RemoveSmallPart": {
  "proposed": 0,
  "accepted": 4,
  "scope": "shared",
  "rate": 4.0
 },
 "ToLine": {
  "proposed": 2267,
  "accepted": 68,
  "scope": "shared",
  "rate": 0.02999558888398765
 }
}
EVAL avg_chamfer=7.637 avg_hausdorff=36.579 pieces=5->5 loss=0.03381
