r0 15s L=1.119 cov=[0.0242, 0.0519] ov=[0.0353, 0.06878] P=6 S=90 arc=0.00 lr=0.35 w_ov=0.1 iou=[0.888, 0.791] acc=17
r1 29s L=0.8872 cov=[0.0164, 0.0441] ov=[0.02549, 0.05702] P=5 S=81 arc=0.09 lr=0.35 w_ov=0.103 iou=[0.896, 0.822] acc=13
r2 42s L=0.8344 cov=[0.0152, 0.0285] ov=[0.02916, 0.04979] P=5 S=73 arc=0.14 lr=0.18 w_ov=0.106 iou=[0.924, 0.873] acc=17
r3 55s L=0.8646 cov=[0.015, 0.0213] ov=[0.03459, 0.04812] P=5 S=69 arc=0.28 lr=0.18 w_ov=0.108 iou=[0.927, 0.902] acc=9
r4 68s L=0.8663 cov=[0.0146, 0.0173] ov=[0.03676, 0.04655] P=5 S=60 arc=0.37 lr=0.13 w_ov=0.111 iou=[0.927, 0.905] acc=7
r5 80s L=0.8199 cov=[0.0139, 0.0177] ov=[0.03523, 0.0435] P=5 S=57 arc=0.42 lr=0.13 w_ov=0.114 iou=[0.928, 0.917] acc=11
r6 91s L=0.8149 cov=[0.0133, 0.0148] ov=[0.03663, 0.04194] P=5 S=53 arc=0.53 lr=0.13 w_ov=0.117 iou=[0.931, 0.93] acc=10
r7 101s L=0.8354 cov=[0.0139, 0.0111] ov=[0.03781, 0.04313] P=5 S=54 arc=0.61 lr=0.18 w_ov=0.119 iou=[0.93, 0.941] acc=13
r8 112s L=0.8343 cov=[0.0134, 0.0087] ov=[0.03947, 0.04164] P=5 S=54 arc=0.72 lr=0.18 w_ov=0.121 iou=[0.933, 0.951] acc=6
r9 123s L=0.8238 cov=[0.0132, 0.0075] ov=[0.03896, 0.04123] P=5 S=52 arc=0.71 lr=0.25 w_ov=0.124 iou=[0.933, 0.956] acc=7
r10 134s L=0.813 cov=[0.0134, 0.0075] ov=[0.0391, 0.04001] P=5 S=54 arc=0.72 lr=0.25 w_ov=0.127 iou=[0.933, 0.956] acc=12
r11 144s L=0.7812 cov=[0.0134, 0.0065] ov=[0.03671, 0.03932] P=5 S=51 arc=0.78 lr=0.13 w_ov=0.129 iou=[0.934, 0.962] acc=9
r12 154s L=0.7539 cov=[0.0131, 0.0058] ov=[0.03669, 0.03672] P=5 S=50 arc=0.82 lr=0.18 w_ov=0.132 iou=[0.936, 0.967] acc=2
r13 165s L=0.7451 cov=[0.013, 0.0055] ov=[0.0366, 0.03596] P=5 S=49 arc=0.86 lr=0.18 w_ov=0.134 iou=[0.937, 0.967] acc=2
r14 175s L=0.7345 cov=[0.0129, 0.0053] ov=[0.03637, 0.03516] P=5 S=49 arc=0.88 lr=0.18 w_ov=0.137 iou=[0.937, 0.967] acc=1
r15 185s L=0.7259 cov=[0.013, 0.0051] ov=[0.03637, 0.03432] P=5 S=49 arc=0.86 lr=0.25 w_ov=0.14 iou=[0.938, 0.967] acc=3
r16 195s L=0.7066 cov=[0.0127, 0.0051] ov=[0.03524, 0.03354] P=5 S=50 arc=0.84 lr=0.25 w_ov=0.143 iou=[0.938, 0.968] acc=3
r17 206s L=0.6959 cov=[0.0126, 0.0051] ov=[0.03516, 0.03255] P=5 S=49 arc=0.86 lr=0.25 w_ov=0.145 iou=[0.932, 0.946] acc=5
r18 217s L=0.6549 cov=[0.0138, 0.009] ov=[0.03153, 0.03157] P=5 S=47 arc=0.87 lr=0.13 w_ov=0.149 iou=[0.931, 0.954] acc=3
r19 227s L=0.6088 cov=[0.0136, 0.0082] ov=[0.02939, 0.02921] P=5 S=46 arc=0.85 lr=0.18 w_ov=0.152 iou=[0.933, 0.955] acc=4
r20 237s L=0.5894 cov=[0.0136, 0.0078] ov=[0.0288, 0.0279] P=5 S=46 arc=0.80 lr=0.13 w_ov=0.154 iou=[0.933, 0.954] acc=5
r21 247s L=0.5539 cov=[0.0133, 0.0073] ov=[0.02713, 0.02611] P=5 S=46 arc=0.85 lr=0.18 w_ov=0.157 iou=[0.933, 0.958] acc=2
r22 258s L=0.5268 cov=[0.013, 0.0067] ov=[0.02662, 0.02398] P=5 S=45 arc=0.89 lr=0.18 w_ov=0.161 iou=[0.935, 0.959] acc=4
r23 268s L=0.4955 cov=[0.0127, 0.0064] ov=[0.02547, 0.02208] P=5 S=45 arc=0.91 lr=0.18 w_ov=0.164 iou=[0.934, 0.961] acc=0
r24 279s L=0.4845 cov=[0.0126, 0.0062] ov=[0.02485, 0.02163] P=5 S=45 arc=0.89 lr=0.088 w_ov=0.167 iou=[0.935, 0.961] acc=2
r25 290s L=0.4687 cov=[0.0125, 0.0061] ov=[0.02405, 0.02086] P=5 S=45 arc=0.91 lr=0.18 w_ov=0.171 iou=[0.936, 0.961] acc=1
r26 300s L=0.4544 cov=[0.0125, 0.0061] ov=[0.02328, 0.02021] P=5 S=46 arc=0.93 lr=0.25 w_ov=0.174 iou=[0.936, 0.961] acc=1
r27 311s L=0.4322 cov=[0.0124, 0.0061] ov=[0.02227, 0.019] P=5 S=46 arc=0.93 lr=0.25 w_ov=0.178 iou=[0.937, 0.962] acc=1
r28 322s L=0.4135 cov=[0.0125, 0.0061] ov=[0.02133, 0.01807] P=5 S=46 arc=0.96 lr=0.35 w_ov=0.182 iou=[0.936, 0.962] acc=0
r29 332s L=0.4123 cov=[0.0124, 0.006] ov=[0.02177, 0.01753] P=5 S=46 arc=0.96 lr=0.18 w_ov=0.185 iou=[0.936, 0.961] acc=1
r30 342s L=0.3887 cov=[0.0124, 0.0059] ov=[0.0202, 0.01674] P=5 S=46 arc=0.96 lr=0.088 w_ov=0.189 iou=[0.935, 0.961] acc=1
r31 352s L=0.3741 cov=[0.0124, 0.006] ov=[0.01945, 0.01602] P=5 S=45 arc=0.98 lr=0.13 w_ov=0.193 iou=[0.935, 0.961] acc=1
r32 363s L=0.3612 cov=[0.0124, 0.006] ov=[0.01883, 0.01535] P=5 S=45 arc=0.98 lr=0.25 w_ov=0.197 iou=[0.935, 0.962] acc=0
r33 373s L=0.3674 cov=[0.0143, 0.0063] ov=[0.02043, 0.01415] P=5 S=47 arc=0.87 lr=0.35 w_ov=0.201 iou=[0.919, 0.957] acc=11
r34 383s L=0.3403 cov=[0.0128, 0.0058] ov=[0.01786, 0.0142] P=5 S=46 arc=0.85 lr=0.13 w_ov=0.205 iou=[0.932, 0.961] acc=6
r35 394s L=0.3269 cov=[0.0127, 0.0058] ov=[0.01735, 0.01339] P=5 S=46 arc=0.93 lr=0.13 w_ov=0.209 iou=[0.933, 0.963] acc=1
r36 404s L=0.3137 cov=[0.0126, 0.0058] ov=[0.01666, 0.01277] P=5 S=45 arc=0.96 lr=0.13 w_ov=0.213 iou=[0.934, 0.963] acc=3
r37 413s L=0.3045 cov=[0.0126, 0.0058] ov=[0.01626, 0.01225] P=5 S=45 arc=1.00 lr=0.13 w_ov=0.217 iou=[0.933, 0.963] acc=0
r38 424s L=0.2975 cov=[0.0126, 0.0058] ov=[0.01605, 0.01176] P=5 S=45 arc=1.00 lr=0.18 w_ov=0.221 iou=[0.933, 0.962] acc=0
r39 434s L=0.2905 cov=[0.0126, 0.0059] ov=[0.0158, 0.01132] P=5 S=45 arc=1.00 lr=0.18 w_ov=0.225 iou=[0.933, 0.961] acc=0
r40 443s L=0.2853 cov=[0.0125, 0.0059] ov=[0.01563, 0.01096] P=5 S=45 arc=0.98 lr=0.18 w_ov=0.23 iou=[0.934, 0.961] acc=3
r41 453s L=0.2783 cov=[0.0124, 0.006] ov=[0.01518, 0.01072] P=5 S=45 arc=0.98 lr=0.088 w_ov=0.234 iou=[0.933, 0.961] acc=1
r42 462s L=0.2785 cov=[0.0123, 0.0061] ov=[0.0151, 0.01081] P=5 S=44 arc=1.00 lr=0.13 w_ov=0.238 iou=[0.933, 0.96] acc=1
r43 472s L=0.2659 cov=[0.0124, 0.0061] ov=[0.01455, 0.0101] P=5 S=44 arc=1.00 lr=0.063 w_ov=0.243 iou=[0.933, 0.959] acc=0
r44 481s L=0.2597 cov=[0.0123, 0.0062] ov=[0.01425, 0.00978] P=5 S=44 arc=1.00 lr=0.044 w_ov=0.247 iou=[0.933, 0.959] acc=0
r45 491s L=0.2505 cov=[0.0123, 0.0063] ov=[0.01382, 0.00928] P=5 S=44 arc=0.98 lr=0.088 w_ov=0.252 iou=[0.934, 0.957] acc=1
r46 501s L=0.2435 cov=[0.0122, 0.0064] ov=[0.0133, 0.00908] P=5 S=44 arc=0.98 lr=0.13 w_ov=0.257 iou=[0.933, 0.958] acc=0
r47 511s L=0.2389 cov=[0.0121, 0.0065] ov=[0.01306, 0.00887] P=5 S=44 arc=0.98 lr=0.18 w_ov=0.261 iou=[0.935, 0.958] acc=0
r48 520s L=0.2352 cov=[0.0121, 0.0066] ov=[0.01286, 0.00869] P=5 S=45 arc=0.96 lr=0.25 w_ov=0.266 iou=[0.935, 0.958] acc=2
r49 530s L=0.2313 cov=[0.0122, 0.0067] ov=[0.01249, 0.00866] P=5 S=43 arc=0.93 lr=0.25 w_ov=0.271 iou=[0.935, 0.957] acc=4
r50 539s L=0.2262 cov=[0.0121, 0.0067] ov=[0.01214, 0.00851] P=5 S=43 arc=0.91 lr=0.25 w_ov=0.277 iou=[0.933, 0.958] acc=2
r51 549s L=0.1766 cov=[0.0119, 0.0052] ov=[0.01077, 0.00508] P=5 S=42 arc=0.93 lr=0.088 w_ov=0.281 iou=[0.938, 0.962] acc=1
r52 558s L=0.1608 cov=[0.012, 0.0052] ov=[0.00968, 0.0046] P=5 S=42 arc=0.93 lr=0.088 w_ov=0.287 iou=[0.936, 0.964] acc=0
r53 567s L=0.1742 cov=[0.0127, 0.0061] ov=[0.00882, 0.00663] P=5 S=42 arc=0.90 lr=0.13 w_ov=0.292 iou=[0.93, 0.958] acc=2
r54 577s L=0.1537 cov=[0.0121, 0.0051] ov=[0.00917, 0.00439] P=5 S=42 arc=0.90 lr=0.063 w_ov=0.297 iou=[0.936, 0.963] acc=2
r55 586s L=0.1503 cov=[0.0121, 0.0051] ov=[0.00897, 0.00425] P=5 S=42 arc=0.93 lr=0.13 w_ov=0.302 iou=[0.936, 0.962] acc=0
r56 596s L=0.1479 cov=[0.012, 0.0051] ov=[0.00878, 0.0042] P=5 S=42 arc=0.93 lr=0.18 w_ov=0.308 iou=[0.937, 0.962] acc=1
r57 605s L=0.1457 cov=[0.012, 0.0051] ov=[0.00858, 0.00419] P=5 S=42 arc=0.90 lr=0.18 w_ov=0.314 iou=[0.937, 0.963] acc=2
r58 614s L=0.1423 cov=[0.012, 0.0051] ov=[0.00839, 0.00404] P=5 S=42 arc=0.90 lr=0.088 w_ov=0.319 iou=[0.937, 0.963] acc=0
r59 624s L=0.1399 cov=[0.0119, 0.0052] ov=[0.00825, 0.00394] P=5 S=41 arc=0.93 lr=0.18 w_ov=0.325 iou=[0.937, 0.964] acc=1
r60 633s L=0.1372 cov=[0.0118, 0.0052] ov=[0.00804, 0.00389] P=5 S=41 arc=0.93 lr=0.088 w_ov=0.331 iou=[0.938, 0.963] acc=2
r61 642s L=0.136 cov=[0.0118, 0.0052] ov=[0.00798, 0.00382] P=5 S=41 arc=0.95 lr=0.13 w_ov=0.337 iou=[0.938, 0.963] acc=1
r62 651s L=0.135 cov=[0.0118, 0.0052] ov=[0.00791, 0.0038] P=5 S=41 arc=0.95 lr=0.18 w_ov=0.343 iou=[0.938, 0.964] acc=0
r63 659s L=0.134 cov=[0.0118, 0.0052] ov=[0.00788, 0.00373] P=5 S=40 arc=0.97 lr=0.088 w_ov=0.349 iou=[0.939, 0.963] acc=1
r64 669s L=0.1325 cov=[0.0118, 0.0052] ov=[0.00781, 0.00364] P=5 S=40 arc=0.97 lr=0.13 w_ov=0.354 iou=[0.938, 0.963] acc=0
r65 677s L=0.131 cov=[0.0118, 0.0052] ov=[0.00776, 0.00354] P=5 S=40 arc=0.97 lr=0.18 w_ov=0.361 iou=[0.938, 0.963] acc=0
r66 686s L=0.1307 cov=[0.0118, 0.0052] ov=[0.00781, 0.00347] P=5 S=40 arc=0.97 lr=0.088 w_ov=0.367 iou=[0.938, 0.963] acc=0
r67 695s L=0.1261 cov=[0.0119, 0.0052] ov=[0.00752, 0.00329] P=5 S=40 arc=0.97 lr=0.18 w_ov=0.373 iou=[0.937, 0.963] acc=0
r68 704s L=0.1225 cov=[0.012, 0.0052] ov=[0.00725, 0.00318] P=5 S=40 arc=0.97 lr=0.18 w_ov=0.379 iou=[0.937, 0.963] acc=0
r69 713s L=0.1184 cov=[0.0121, 0.0053] ov=[0.00691, 0.0031] P=5 S=41 arc=0.95 lr=0.18 w_ov=0.386 iou=[0.936, 0.963] acc=2
r70 722s L=0.1158 cov=[0.0121, 0.0053] ov=[0.0068, 0.00295] P=5 S=40 arc=0.95 lr=0.063 w_ov=0.393 iou=[0.937, 0.963] acc=2
r71 731s L=0.1149 cov=[0.0121, 0.0053] ov=[0.00675, 0.00292] P=5 S=40 arc=0.97 lr=0.088 w_ov=0.399 iou=[0.937, 0.963] acc=0
r72 740s L=0.1134 cov=[0.0121, 0.0053] ov=[0.00668, 0.00284] P=5 S=40 arc=0.97 lr=0.13 w_ov=0.406 iou=[0.937, 0.963] acc=0
r73 748s L=0.1103 cov=[0.0121, 0.0053] ov=[0.00643, 0.00278] P=5 S=40 arc=0.97 lr=0.13 w_ov=0.413 iou=[0.936, 0.962] acc=0
r74 758s L=0.1072 cov=[0.0121, 0.0053] ov=[0.00621, 0.00267] P=5 S=40 arc=0.97 lr=0.13 w_ov=0.42 iou=[0.936, 0.961] acc=0
r75 767s L=0.1056 cov=[0.0121, 0.0054] ov=[0.00605, 0.00268] P=5 S=40 arc=0.97 lr=0.18 w_ov=0.428 iou=[0.936, 0.961] acc=0
r76 775s L=0.1042 cov=[0.0121, 0.0054] ov=[0.00599, 0.0026] P=5 S=40 arc=0.97 lr=0.063 w_ov=0.435 iou=[0.936, 0.961] acc=0
r77 784s L=0.1029 cov=[0.0121, 0.0054] ov=[0.00588, 0.00257] P=5 S=40 arc=0.97 lr=0.13 w_ov=0.442 iou=[0.936, 0.961] acc=0
r78 793s L=0.1017 cov=[0.0121, 0.0054] ov=[0.00583, 0.0025] P=5 S=40 arc=0.97 lr=0.063 w_ov=0.45 iou=[0.936, 0.962] acc=0
r79 802s L=0.1016 cov=[0.0121, 0.0054] ov=[0.00586, 0.00247] P=5 S=40 arc=0.97 lr=0.088 w_ov=0.458 iou=[0.936, 0.962] acc=0
r80 811s L=0.101 cov=[0.0121, 0.0054] ov=[0.00584, 0.00242] P=5 S=40 arc=0.97 lr=0.044 w_ov=0.466 iou=[0.936, 0.962] acc=0
r81 820s L=0.1003 cov=[0.0121, 0.0053] ov=[0.00583, 0.00236] P=5 S=40 arc=0.97 lr=0.063 w_ov=0.474 iou=[0.935, 0.962] acc=0
r82 830s L=0.0991 cov=[0.0121, 0.0053] ov=[0.00582, 0.00225] P=5 S=40 arc=0.97 lr=0.13 w_ov=0.483 iou=[0.935, 0.963] acc=0
r83 839s L=0.09723 cov=[0.0122, 0.0053] ov=[0.00573, 0.00216] P=5 S=40 arc=0.97 lr=0.13 w_ov=0.491 iou=[0.935, 0.963] acc=0
r84 848s L=0.09651 cov=[0.0122, 0.0053] ov=[0.00574, 0.00208] P=5 S=40 arc=0.97 lr=0.063 w_ov=0.5 iou=[0.934, 0.962] acc=0
r85 856s L=0.09556 cov=[0.0122, 0.0053] ov=[0.00569, 0.00203] P=5 S=40 arc=0.97 lr=0.088 w_ov=0.509 iou=[0.934, 0.962] acc=0
r86 865s L=0.09462 cov=[0.0122, 0.0053] ov=[0.00566, 0.00196] P=5 S=40 arc=0.97 lr=0.18 w_ov=0.517 iou=[0.934, 0.962] acc=1
r87 874s L=0.09384 cov=[0.0122, 0.0053] ov=[0.00562, 0.00192] P=5 S=40 arc=1.00 lr=0.044 w_ov=0.526 iou=[0.933, 0.962] acc=0
r88 883s L=0.09358 cov=[0.0122, 0.0053] ov=[0.00561, 0.00191] P=5 S=40 arc=1.00 lr=0.0039 w_ov=0.535 iou=[0.933, 0.962] acc=0
r89 892s L=0.09353 cov=[0.0122, 0.0053] ov=[0.0056, 0.00191] P=5 S=40 arc=1.00 lr=0.0002 w_ov=0.545 iou=[0.933, 0.962] acc=0
r90 901s L=0.09352 cov=[0.0122, 0.0053] ov=[0.0056, 0.00191] P=5 S=40 arc=1.00 lr=0.0002 w_ov=0.554 iou=[0.933, 0.962] acc=0
r91 910s L=0.09351 cov=[0.0122, 0.0053] ov=[0.0056, 0.00191] P=5 S=40 arc=1.00 lr=0.0002 w_ov=0.564 iou=[0.933, 0.962] acc=0
r92 919s L=0.09349 cov=[0.0122, 0.0053] ov=[0.0056, 0.00191] P=5 S=40 arc=1.00 lr=0.0002 w_ov=0.573 iou=[0.933, 0.962] acc=0
r93 927s L=0.09347 cov=[0.0122, 0.0053] ov=[0.0056, 0.0019] P=5 S=40 arc=1.00 lr=0.0002 w_ov=0.583 iou=[0.933, 0.962] acc=0
r94 936s L=0.09344 cov=[0.0122, 0.0053] ov=[0.0056, 0.0019] P=5 S=40 arc=1.00 lr=0.0002 w_ov=0.593 iou=[0.933, 0.962] acc=0
r95 944s L=0.09341 cov=[0.0122, 0.0053] ov=[0.0056, 0.0019] P=5 S=40 arc=1.00 lr=0.0002 w_ov=0.603 iou=[0.933, 0.962] acc=0
r96 953s L=0.09337 cov=[0.0122, 0.0053] ov=[0.00559, 0.0019] P=5 S=40 arc=1.00 lr=0.0002 w_ov=0.612 iou=[0.933, 0.961] acc=0
r97 962s L=0.09332 cov=[0.0122, 0.0053] ov=[0.00559, 0.0019] P=5 S=40 arc=1.00 lr=0.0002 w_ov=0.622 iou=[0.933, 0.961] acc=0
r98 971s L=0.09327 cov=[0.0122, 0.0053] ov=[0.00559, 0.0019] P=5 S=40 arc=1.00 lr=0.0002 w_ov=0.634 iou=[0.933, 0.961] acc=0
r99 981s L=0.09323 cov=[0.0122, 0.0054] ov=[0.00558, 0.00189] P=5 S=40 arc=1.00 lr=0.0002 w_ov=0.645 iou=[0.933, 0.961] acc=0
r100 989s L=0.09318 cov=[0.0122, 0.0054] ov=[0.00558, 0.00189] P=5 S=40 arc=1.00 lr=0.0002 w_ov=0.656 iou=[0.933, 0.961] acc=0
r101 999s L=0.09313 cov=[0.0122, 0.0054] ov=[0.00558, 0.00189] P=5 S=40 arc=1.00 lr=0.0002 w_ov=0.667 iou=[0.933, 0.961] acc=0
r102 1008s L=0.09308 cov=[0.0122, 0.0054] ov=[0.00557, 0.00189] P=5 S=40 arc=1.00 lr=0.0002 w_ov=0.68 iou=[0.933, 0.961] acc=0
r103 1017s L=0.09302 cov=[0.0122, 0.0054] ov=[0.00557, 0.00189] P=5 S=40 arc=1.00 lr=0.0002 w_ov=0.691 iou=[0.933, 0.961] acc=0
r104 1026s L=0.09295 cov=[0.0122, 0.0054] ov=[0.00557, 0.00188] P=5 S=40 arc=1.00 lr=0.0002 w_ov=0.704 iou=[0.933, 0.961] acc=0
r105 1035s L=0.09288 cov=[0.0122, 0.0054] ov=[0.00556, 0.00188] P=5 S=40 arc=1.00 lr=0.0002 w_ov=0.716 iou=[0.933, 0.961] acc=0
r106 1044s L=0.09281 cov=[0.0122, 0.0054] ov=[0.00556, 0.00188] P=5 S=40 arc=1.00 lr=0.0002 w_ov=0.729 iou=[0.933, 0.961] acc=0
r107 1053s L=0.09273 cov=[0.0122, 0.0054] ov=[0.00555, 0.00187] P=5 S=40 arc=1.00 lr=0.0002 w_ov=0.742 iou=[0.933, 0.961] acc=0
r108 1062s L=0.09265 cov=[0.0122, 0.0054] ov=[0.00555, 0.00187] P=5 S=40 arc=1.00 lr=0.0002 w_ov=0.754 iou=[0.933, 0.961] acc=0
r109 1071s L=0.09256 cov=[0.0122, 0.0054] ov=[0.00554, 0.00187] P=5 S=40 arc=1.00 lr=0.0002 w_ov=0.768 iou=[0.933, 0.961] acc=0
r110 1080s L=0.09247 cov=[0.0122, 0.0054] ov=[0.00553, 0.00186] P=5 S=40 arc=1.00 lr=0.0002 w_ov=0.781 iou=[0.933, 0.961] acc=0
r111 1089s L=0.09237 cov=[0.0122, 0.0054] ov=[0.00553, 0.00186] P=5 S=40 arc=1.00 lr=0.0002 w_ov=0.794 iou=[0.933, 0.961] acc=0
r112 1098s L=0.09228 cov=[0.0122, 0.0054] ov=[0.00552, 0.00185] P=5 S=40 arc=1.00 lr=0.0002 w_ov=0.808 iou=[0.933, 0.961] acc=0
r113 1107s L=0.09217 cov=[0.0122, 0.0054] ov=[0.00552, 0.00185] P=5 S=40 arc=1.00 lr=0.0002 w_ov=0.822 iou=[0.933, 0.961] acc=0
r114 1116s L=0.09206 cov=[0.0122, 0.0054] ov=[0.00551, 0.00185] P=5 S=40 arc=1.00 lr=0.0002 w_ov=0.837 iou=[0.933, 0.961] acc=0
r115 1125s L=0.09195 cov=[0.0122, 0.0054] ov=[0.0055, 0.00184] P=5 S=40 arc=1.00 lr=0.00028 w_ov=0.851 iou=[0.933, 0.961] acc=0
r116 1133s L=0.09181 cov=[0.0122, 0.0054] ov=[0.00549, 0.00183] P=5 S=40 arc=1.00 lr=0.0002 w_ov=0.866 iou=[0.933, 0.961] acc=0
r117 1142s L=0.0917 cov=[0.0122, 0.0054] ov=[0.00548, 0.00183] P=5 S=40 arc=1.00 lr=0.00028 w_ov=0.879 iou=[0.933, 0.961] acc=0
r118 1151s L=0.09156 cov=[0.0122, 0.0054] ov=[0.00548, 0.00182] P=5 S=40 arc=1.00 lr=0.0002 w_ov=0.895 iou=[0.933, 0.961] acc=0
r119 1160s L=0.09143 cov=[0.0122, 0.0054] ov=[0.00547, 0.00182] P=5 S=40 arc=1.00 lr=0.0002 w_ov=0.91 iou=[0.933, 0.961] acc=0
r120 1168s L=0.0913 cov=[0.0122, 0.0054] ov=[0.00546, 0.00181] P=5 S=40 arc=1.00 lr=0.0002 w_ov=0.926 iou=[0.933, 0.961] acc=0
r121 1177s L=0.09116 cov=[0.0123, 0.0054] ov=[0.00545, 0.00181] P=5 S=40 arc=1.00 lr=0.0002 w_ov=0.941 iou=[0.933, 0.961] acc=0
r122 1187s L=0.09103 cov=[0.0123, 0.0054] ov=[0.00544, 0.0018] P=5 S=40 arc=1.00 lr=0.0002 w_ov=0.958 iou=[0.933, 0.961] acc=0
r123 1196s L=0.09088 cov=[0.0123, 0.0055] ov=[0.00543, 0.0018] P=5 S=40 arc=1.00 lr=0.0002 w_ov=0.975 iou=[0.933, 0.961] acc=0
r124 1205s L=0.09073 cov=[0.0123, 0.0055] ov=[0.00542, 0.00179] P=5 S=40 arc=1.00 lr=0.0002 w_ov=0.992 iou=[0.933, 0.961] acc=0
r125 1214s L=0.09058 cov=[0.0123, 0.0055] ov=[0.00541, 0.00178] P=5 S=40 arc=1.00 lr=0.0002 w_ov=1.01 iou=[0.933, 0.961] acc=0
r126 1224s L=0.09044 cov=[0.0123, 0.0055] ov=[0.0054, 0.00178] P=5 S=40 arc=1.00 lr=0.0002 w_ov=1.03 iou=[0.933, 0.961] acc=0
r127 1233s L=0.09029 cov=[0.0123, 0.0055] ov=[0.00539, 0.00177] P=5 S=40 arc=0.97 lr=0.0002 w_ov=1.05 iou=[0.933, 0.961] acc=1
r128 1242s L=0.08951 cov=[0.0123, 0.0055] ov=[0.00531, 0.00176] P=5 S=40 arc=0.97 lr=0.00028 w_ov=1.06 iou=[0.933, 0.961] acc=0
r129 1252s L=0.08933 cov=[0.0123, 0.0055] ov=[0.0053, 0.00176] P=5 S=40 arc=0.97 lr=0.0002 w_ov=1.08 iou=[0.933, 0.961] acc=0
r130 1261s L=0.08917 cov=[0.0123, 0.0055] ov=[0.00529, 0.00175] P=5 S=40 arc=0.97 lr=0.0002 w_ov=1.1 iou=[0.933, 0.961] acc=0
r131 1270s L=0.08899 cov=[0.0123, 0.0055] ov=[0.00528, 0.00174] P=5 S=40 arc=0.97 lr=0.0002 w_ov=1.12 iou=[0.933, 0.961] acc=0
r132 1280s L=0.08881 cov=[0.0124, 0.0055] ov=[0.00527, 0.00173] P=5 S=40 arc=0.97 lr=0.0002 w_ov=1.14 iou=[0.933, 0.96] acc=0
r133 1289s L=0.08863 cov=[0.0124, 0.0056] ov=[0.00525, 0.00173] P=5 S=40 arc=0.97 lr=0.0002 w_ov=1.17 iou=[0.933, 0.96] acc=0
r134 1298s L=0.08844 cov=[0.0124, 0.0056] ov=[0.00524, 0.00172] P=5 S=40 arc=0.97 lr=0.00028 w_ov=1.19 iou=[0.933, 0.96] acc=0
r135 1307s L=0.08824 cov=[0.0124, 0.0056] ov=[0.00523, 0.00171] P=5 S=40 arc=0.97 lr=0.00028 w_ov=1.21 iou=[0.932, 0.96] acc=1
r136 1316s L=0.08721 cov=[0.0124, 0.0056] ov=[0.00516, 0.00167] P=5 S=40 arc=0.97 lr=0.0045 w_ov=1.23 iou=[0.932, 0.961] acc=1
r137 1325s L=0.08042 cov=[0.0128, 0.0059] ov=[0.00471, 0.00138] P=5 S=40 arc=0.95 lr=0.051 w_ov=1.25 iou=[0.929, 0.96] acc=1
r138 1335s L=0.07507 cov=[0.013, 0.006] ov=[0.00433, 0.00119] P=5 S=40 arc=0.95 lr=0.051 w_ov=1.27 iou=[0.928, 0.958] acc=1
r139 1344s L=0.07122 cov=[0.0133, 0.0061] ov=[0.00397, 0.00111] P=5 S=40 arc=0.97 lr=0.051 w_ov=1.3 iou=[0.925, 0.957] acc=0
r140 1353s L=0.06952 cov=[0.0133, 0.0062] ov=[0.00381, 0.0011] P=5 S=40 arc=0.97 lr=0.013 w_ov=1.32 iou=[0.925, 0.957] acc=0
r141 1361s L=0.06848 cov=[0.0134, 0.0062] ov=[0.00371, 0.00108] P=5 S=40 arc=0.97 lr=0.0091 w_ov=1.34 iou=[0.925, 0.956] acc=0
r142 1370s L=0.06795 cov=[0.0134, 0.0063] ov=[0.00367, 0.00107] P=5 S=40 arc=0.97 lr=0.013 w_ov=1.36 iou=[0.925, 0.956] acc=0
r143 1379s L=0.06742 cov=[0.0134, 0.0063] ov=[0.00363, 0.00105] P=5 S=40 arc=0.97 lr=0.018 w_ov=1.39 iou=[0.926, 0.956] acc=0
r144 1389s L=0.06679 cov=[0.0134, 0.0064] ov=[0.00359, 0.00102] P=5 S=40 arc=0.97 lr=0.0091 w_ov=1.41 iou=[0.925, 0.956] acc=1
r145 1398s L=0.06641 cov=[0.0135, 0.0064] ov=[0.00357, 0.00099] P=5 S=40 arc=1.00 lr=0.0064 w_ov=1.44 iou=[0.925, 0.956] acc=0
r146 1407s L=0.06608 cov=[0.0135, 0.0064] ov=[0.00356, 0.00097] P=5 S=40 arc=1.00 lr=0.013 w_ov=1.46 iou=[0.925, 0.956] acc=0
r147 1416s L=0.06554 cov=[0.0135, 0.0064] ov=[0.00353, 0.00094] P=5 S=40 arc=1.00 lr=0.0091 w_ov=1.49 iou=[0.925, 0.956] acc=0
r148 1425s L=0.06502 cov=[0.0135, 0.0064] ov=[0.00349, 0.00092] P=5 S=40 arc=1.00 lr=0.0064 w_ov=1.51 iou=[0.925, 0.956] acc=0
r149 1433s L=0.06449 cov=[0.0136, 0.0065] ov=[0.00346, 0.0009] P=5 S=40 arc=1.00 lr=0.013 w_ov=1.54 iou=[0.924, 0.956] acc=0
r150 1442s L=0.06383 cov=[0.0136, 0.0065] ov=[0.00341, 0.00087] P=5 S=40 arc=1.00 lr=0.0045 w_ov=1.56 iou=[0.924, 0.955] acc=0
r151 1451s L=0.06341 cov=[0.0136, 0.0065] ov=[0.00338, 0.00086] P=5 S=40 arc=1.00 lr=0.0091 w_ov=1.59 iou=[0.924, 0.955] acc=0
r152 1460s L=0.06235 cov=[0.0137, 0.0066] ov=[0.00331, 0.00081] P=5 S=40 arc=1.00 lr=0.018 w_ov=1.62 iou=[0.924, 0.955] acc=0
r153 1468s L=0.0606 cov=[0.0138, 0.0067] ov=[0.00318, 0.00074] P=5 S=40 arc=1.00 lr=0.0091 w_ov=1.65 iou=[0.922, 0.955] acc=0
r154 1477s L=0.06005 cov=[0.0139, 0.0067] ov=[0.00313, 0.00072] P=5 S=40 arc=1.00 lr=0.013 w_ov=1.67 iou=[0.922, 0.955] acc=0
r155 1487s L=0.05914 cov=[0.0139, 0.0068] ov=[0.00306, 0.00069] P=5 S=40 arc=1.00 lr=0.0064 w_ov=1.7 iou=[0.922, 0.955] acc=0
r156 1496s L=0.05846 cov=[0.014, 0.0068] ov=[0.00302, 0.00066] P=5 S=40 arc=1.00 lr=0.013 w_ov=1.73 iou=[0.922, 0.955] acc=0
r157 1505s L=0.05721 cov=[0.0141, 0.0069] ov=[0.00292, 0.00061] P=5 S=40 arc=0.97 lr=0.013 w_ov=1.76 iou=[0.92, 0.95] acc=1
r158 1513s L=0.04972 cov=[0.0142, 0.0081] ov=[0.00209, 0.00056] P=5 S=40 arc=0.97 lr=0.018 w_ov=1.8 iou=[0.921, 0.95] acc=0
r159 1523s L=0.04924 cov=[0.0143, 0.008] ov=[0.00207, 0.00053] P=5 S=40 arc=0.97 lr=0.0091 w_ov=1.82 iou=[0.921, 0.949] acc=0
r160 1532s L=0.04914 cov=[0.0143, 0.008] ov=[0.00207, 0.00052] P=5 S=40 arc=0.97 lr=0.0032 w_ov=1.86 iou=[0.921, 0.95] acc=0
r161 1541s L=0.04909 cov=[0.0143, 0.008] ov=[0.00207, 0.00052] P=5 S=40 arc=0.97 lr=0.00028 w_ov=1.89 iou=[0.921, 0.95] acc=0
r162 1549s L=0.04908 cov=[0.0143, 0.008] ov=[0.00207, 0.00052] P=5 S=40 arc=0.97 lr=0.0002 w_ov=1.92 iou=[0.921, 0.95] acc=0
r163 1559s L=0.04907 cov=[0.0143, 0.008] ov=[0.00207, 0.00052] P=5 S=40 arc=0.97 lr=0.0002 w_ov=1.95 iou=[0.921, 0.95] acc=0
r164 1568s L=0.04906 cov=[0.0143, 0.008] ov=[0.00206, 0.00052] P=5 S=40 arc=0.97 lr=0.0002 w_ov=1.99 iou=[0.921, 0.95] acc=0
r165 1576s L=0.04905 cov=[0.0143, 0.008] ov=[0.00206, 0.00052] P=5 S=39 arc=0.97 lr=0.0002 w_ov=2.03 iou=[0.922, 0.949] acc=1
r166 1585s L=0.04903 cov=[0.0141, 0.0082] ov=[0.00206, 0.00052] P=5 S=39 arc=0.97 lr=0.0002 w_ov=2.06 iou=[0.922, 0.949] acc=0
r167 1593s L=0.04901 cov=[0.0141, 0.0083] ov=[0.00206, 0.00052] P=5 S=39 arc=0.97 lr=0.0002 w_ov=2.09 iou=[0.922, 0.949] acc=1
r168 1602s L=0.04899 cov=[0.0141, 0.0083] ov=[0.00206, 0.00052] P=5 S=39 arc=1.00 lr=0.0002 w_ov=2.13 iou=[0.922, 0.949] acc=0
r169 1610s L=0.04897 cov=[0.0141, 0.0083] ov=[0.00206, 0.00051] P=5 S=39 arc=0.97 lr=0.0002 w_ov=2.16 iou=[0.922, 0.949] acc=1
r170 1618s L=0.04895 cov=[0.0141, 0.0083] ov=[0.00206, 0.00051] P=5 S=39 arc=0.97 lr=0.0002 w_ov=2.2 iou=[0.922, 0.949] acc=0
r171 1627s L=0.04893 cov=[0.0141, 0.0083] ov=[0.00206, 0.00051] P=5 S=39 arc=0.97 lr=0.0002 w_ov=2.23 iou=[0.922, 0.949] acc=0
r172 1635s L=0.0489 cov=[0.0141, 0.0083] ov=[0.00205, 0.00051] P=5 S=39 arc=0.97 lr=0.0002 w_ov=2.27 iou=[0.922, 0.949] acc=0
r173 1643s L=0.04887 cov=[0.0141, 0.0083] ov=[0.00205, 0.00051] P=5 S=39 arc=0.97 lr=0.0002 w_ov=2.3 iou=[0.922, 0.949] acc=0
r174 1652s L=0.04884 cov=[0.0141, 0.0083] ov=[0.00205, 0.00051] P=5 S=39 arc=0.97 lr=0.0002 w_ov=2.34 iou=[0.922, 0.949] acc=0
r175 1660s L=0.04881 cov=[0.0141, 0.0083] ov=[0.00205, 0.00051] P=5 S=39 arc=0.97 lr=0.0002 w_ov=2.38 iou=[0.922, 0.949] acc=1
r176 1668s L=0.04878 cov=[0.0141, 0.0083] ov=[0.00205, 0.0005] P=5 S=39 arc=1.00 lr=0.0002 w_ov=2.42 iou=[0.922, 0.949] acc=0
r177 1676s L=0.04873 cov=[0.0141, 0.0083] ov=[0.00204, 0.0005] P=5 S=39 arc=0.97 lr=0.0002 w_ov=2.46 iou=[0.922, 0.949] acc=1
r178 1685s L=0.04868 cov=[0.0141, 0.0083] ov=[0.00204, 0.0005] P=5 S=39 arc=0.97 lr=0.0002 w_ov=2.49 iou=[0.922, 0.949] acc=0
r179 1694s L=0.04863 cov=[0.0141, 0.0083] ov=[0.00204, 0.0005] P=5 S=39 arc=0.97 lr=0.0002 w_ov=2.53 iou=[0.922, 0.949] acc=1
r180 1702s L=0.04857 cov=[0.0141, 0.0083] ov=[0.00203, 0.00049] P=5 S=39 arc=1.00 lr=0.0002 w_ov=2.58 iou=[0.921, 0.949] acc=0
r181 1711s L=0.04852 cov=[0.0141, 0.0083] ov=[0.00203, 0.00049] P=5 S=39 arc=1.00 lr=0.0002 w_ov=2.62 iou=[0.921, 0.949] acc=0
r182 1720s L=0.04844 cov=[0.0142, 0.0083] ov=[0.00202, 0.00049] P=5 S=39 arc=0.97 lr=0.0002 w_ov=2.67 iou=[0.921, 0.949] acc=1
r183 1729s L=0.04825 cov=[0.0142, 0.0083] ov=[0.002, 0.00048] P=5 S=39 arc=0.95 lr=0.0002 w_ov=2.71 iou=[0.921, 0.949] acc=1
r184 1738s L=0.04812 cov=[0.0142, 0.0084] ov=[0.00199, 0.00048] P=5 S=39 arc=0.95 lr=0.00028 w_ov=2.76 iou=[0.922, 0.949] acc=0
r185 1747s L=0.04803 cov=[0.0142, 0.0084] ov=[0.00198, 0.00048] P=5 S=39 arc=0.95 lr=0.0002 w_ov=2.81 iou=[0.921, 0.949] acc=0
r186 1756s L=0.04797 cov=[0.0142, 0.0084] ov=[0.00198, 0.00047] P=5 S=39 arc=0.95 lr=0.00028 w_ov=2.86 iou=[0.921, 0.949] acc=0
r187 1764s L=0.04787 cov=[0.0142, 0.0084] ov=[0.00197, 0.00047] P=5 S=39 arc=0.95 lr=0.0002 w_ov=2.91 iou=[0.921, 0.949] acc=0
r188 1773s L=0.0478 cov=[0.0142, 0.0084] ov=[0.00196, 0.00046] P=5 S=39 arc=0.95 lr=0.0002 w_ov=2.95 iou=[0.921, 0.949] acc=2
r189 1782s L=0.04774 cov=[0.0143, 0.0084] ov=[0.00196, 0.00046] P=5 S=39 arc=1.00 lr=0.00028 w_ov=3 iou=[0.921, 0.949] acc=0
r190 1791s L=0.04766 cov=[0.0143, 0.0084] ov=[0.00195, 0.00045] P=5 S=39 arc=0.97 lr=0.0002 w_ov=3.06 iou=[0.921, 0.949] acc=1
r191 1800s L=0.04757 cov=[0.0143, 0.0084] ov=[0.00195, 0.00045] P=5 S=39 arc=0.97 lr=0.00028 w_ov=3.11 iou=[0.921, 0.949] acc=1
r192 1808s L=0.04714 cov=[0.0143, 0.0085] ov=[0.00192, 0.00043] P=5 S=39 arc=1.00 lr=0.0045 w_ov=3.16 iou=[0.921, 0.949] acc=0
r193 1817s L=0.04467 cov=[0.0149, 0.0088] ov=[0.00168, 0.00033] P=5 S=39 arc=1.00 lr=0.013 w_ov=3.21 iou=[0.917, 0.948] acc=0
r194 1825s L=0.04352 cov=[0.015, 0.0089] ov=[0.00157, 0.0003] P=5 S=40 arc=1.00 lr=0.018 w_ov=3.27 iou=[0.917, 0.946] acc=1
r195 1835s L=0.04133 cov=[0.0149, 0.0092] ov=[0.00135, 0.00029] P=5 S=40 arc=1.00 lr=0.013 w_ov=3.32 iou=[0.917, 0.945] acc=0
r196 1843s L=0.04024 cov=[0.015, 0.0093] ov=[0.00124, 0.00027] P=5 S=40 arc=1.00 lr=0.0064 w_ov=3.38 iou=[0.917, 0.945] acc=0
r197 1851s L=0.03965 cov=[0.015, 0.0093] ov=[0.00118, 0.00026] P=5 S=40 arc=1.00 lr=0.0064 w_ov=3.44 iou=[0.917, 0.944] acc=0
r198 1860s L=0.0392 cov=[0.015, 0.0094] ov=[0.00115, 0.00025] P=5 S=40 arc=1.00 lr=0.0064 w_ov=3.49 iou=[0.916, 0.944] acc=0
r199 1868s L=0.03879 cov=[0.015, 0.0095] ov=[0.0011, 0.00024] P=5 S=40 arc=1.00 lr=0.0091 w_ov=3.55 iou=[0.916, 0.945] acc=0
r200 1877s L=0.03794 cov=[0.015, 0.0096] ov=[0.00103, 0.00022] P=5 S=40 arc=1.00 lr=0.0064 w_ov=3.61 iou=[0.917, 0.944] acc=0
r201 1886s L=0.0376 cov=[0.015, 0.0096] ov=[0.00099, 0.00021] P=5 S=40 arc=0.97 lr=0.0045 w_ov=3.67 iou=[0.917, 0.944] acc=1
r202 1894s L=0.03737 cov=[0.015, 0.0096] ov=[0.00098, 0.0002] P=5 S=40 arc=0.97 lr=0.0023 w_ov=3.73 iou=[0.917, 0.944] acc=1
r203 1903s L=0.03709 cov=[0.015, 0.0097] ov=[0.00095, 0.0002] P=5 S=40 arc=1.00 lr=0.0032 w_ov=3.79 iou=[0.917, 0.944] acc=0
r204 1912s L=0.03695 cov=[0.015, 0.0097] ov=[0.00094, 0.00019] P=5 S=40 arc=1.00 lr=0.0016 w_ov=3.85 iou=[0.917, 0.944] acc=0
r205 1921s L=0.03689 cov=[0.015, 0.0097] ov=[0.00094, 0.00019] P=5 S=40 arc=1.00 lr=0.0004 w_ov=3.92 iou=[0.917, 0.944] acc=0
r206 1930s L=0.03687 cov=[0.015, 0.0097] ov=[0.00094, 0.00018] P=5 S=40 arc=1.00 lr=0.0002 w_ov=3.99 iou=[0.917, 0.944] acc=0
r207 1938s L=0.03686 cov=[0.015, 0.0097] ov=[0.00094, 0.00018] P=5 S=40 arc=1.00 lr=0.00028 w_ov=4.06 iou=[0.917, 0.944] acc=0
r208 1947s L=0.03685 cov=[0.015, 0.0097] ov=[0.00093, 0.00018] P=5 S=40 arc=1.00 lr=0.0002 w_ov=4.13 iou=[0.917, 0.944] acc=0
r209 1956s L=0.03683 cov=[0.0151, 0.0097] ov=[0.00093, 0.00018] P=5 S=40 arc=1.00 lr=0.00028 w_ov=4.19 iou=[0.917, 0.944] acc=0
r210 1964s L=0.03681 cov=[0.0151, 0.0097] ov=[0.00093, 0.00018] P=5 S=40 arc=1.00 lr=0.0002 w_ov=4.26 iou=[0.917, 0.944] acc=0
r211 1973s L=0.03679 cov=[0.0151, 0.0097] ov=[0.00093, 0.00018] P=5 S=40 arc=1.00 lr=0.0002 w_ov=4.33 iou=[0.917, 0.944] acc=0
r212 1983s L=0.03677 cov=[0.0151, 0.0097] ov=[0.00093, 0.00018] P=5 S=40 arc=1.00 lr=0.0002 w_ov=4.41 iou=[0.917, 0.944] acc=0
r213 1992s L=0.03675 cov=[0.0151, 0.0098] ov=[0.00093, 0.00018] P=5 S=40 arc=1.00 lr=0.0002 w_ov=4.5 iou=[0.917, 0.944] acc=0
r214 2001s L=0.03673 cov=[0.0151, 0.0098] ov=[0.00092, 0.00018] P=5 S=40 arc=1.00 lr=0.0002 w_ov=4.57 iou=[0.917, 0.944] acc=0
r215 2010s L=0.0367 cov=[0.0151, 0.0098] ov=[0.00092, 0.00017] P=5 S=40 arc=1.00 lr=0.0002 w_ov=4.65 iou=[0.917, 0.944] acc=0
r216 2019s L=0.03667 cov=[0.0151, 0.0098] ov=[0.00092, 0.00017] P=5 S=40 arc=1.00 lr=0.00028 w_ov=4.73 iou=[0.917, 0.944] acc=0
r217 2027s L=0.03664 cov=[0.0151, 0.0098] ov=[0.00092, 0.00017] P=5 S=40 arc=1.00 lr=0.0002 w_ov=4.81 iou=[0.916, 0.944] acc=0
r218 2036s L=0.03661 cov=[0.0151, 0.0098] ov=[0.00091, 0.00017] P=5 S=40 arc=1.00 lr=0.0002 w_ov=4.89 iou=[0.916, 0.944] acc=0
r219 2045s L=0.03657 cov=[0.0151, 0.0098] ov=[0.00091, 0.00017] P=5 S=40 arc=1.00 lr=0.0002 w_ov=4.97 iou=[0.916, 0.944] acc=0
r220 2053s L=0.03653 cov=[0.0151, 0.0098] ov=[0.00091, 0.00016] P=5 S=40 arc=1.00 lr=0.00028 w_ov=5.06 iou=[0.916, 0.944] acc=0
r221 2061s L=0.03649 cov=[0.0151, 0.0098] ov=[0.0009, 0.00016] P=5 S=40 arc=1.00 lr=0.00028 w_ov=5.14 iou=[0.916, 0.944] acc=0
r222 2070s L=0.03643 cov=[0.0151, 0.0098] ov=[0.0009, 0.00016] P=5 S=40 arc=1.00 lr=0.00057 w_ov=5.22 iou=[0.916, 0.944] acc=0
r223 2079s L=0.03608 cov=[0.0153, 0.0099] ov=[0.00086, 0.00014] P=5 S=40 arc=1.00 lr=0.0064 w_ov=5.31 iou=[0.915, 0.944] acc=0
r224 2088s L=0.0352 cov=[0.0154, 0.0101] ov=[0.00077, 0.00012] P=5 S=40 arc=1.00 lr=0.0091 w_ov=5.4 iou=[0.915, 0.944] acc=0
r225 2096s L=0.03468 cov=[0.0155, 0.0101] ov=[0.0007, 0.00011] P=5 S=40 arc=1.00 lr=0.0045 w_ov=5.49 iou=[0.914, 0.943] acc=0
r226 2104s L=0.03452 cov=[0.0156, 0.0101] ov=[0.00068, 0.00011] P=5 S=40 arc=1.00 lr=0.0064 w_ov=5.58 iou=[0.914, 0.943] acc=0
r227 2113s L=0.03403 cov=[0.0157, 0.0102] ov=[0.00062, 0.0001] P=5 S=40 arc=1.00 lr=0.0064 w_ov=5.67 iou=[0.913, 0.942] acc=0
r228 2121s L=0.03262 cov=[0.0159, 0.0104] ov=[0.00045, 9e-05] P=5 S=40 arc=1.00 lr=0.0091 w_ov=5.76 iou=[0.912, 0.942] acc=0
r229 2130s L=0.03218 cov=[0.0159, 0.0104] ov=[0.00041, 8e-05] P=5 S=40 arc=0.97 lr=0.0091 w_ov=5.86 iou=[0.913, 0.942] acc=1
r230 2139s L=0.03187 cov=[0.0159, 0.0103] ov=[0.0004, 7e-05] P=5 S=40 arc=0.97 lr=0.0064 w_ov=5.96 iou=[0.913, 0.943] acc=0
r231 2148s L=0.03158 cov=[0.0159, 0.0104] ov=[0.00037, 6e-05] P=5 S=40 arc=0.97 lr=0.0091 w_ov=6.06 iou=[0.913, 0.943] acc=0
r232 2156s L=0.03119 cov=[0.0159, 0.0104] ov=[0.00034, 5e-05] P=5 S=40 arc=0.97 lr=0.0091 w_ov=6.16 iou=[0.913, 0.942] acc=0
r233 2165s L=0.03101 cov=[0.0159, 0.0104] ov=[0.00033, 5e-05] P=5 S=40 arc=0.97 lr=0.0045 w_ov=6.26 iou=[0.914, 0.942] acc=0
r234 2173s L=0.03091 cov=[0.0159, 0.0105] ov=[0.00032, 4e-05] P=5 S=40 arc=0.97 lr=0.0045 w_ov=6.37 iou=[0.913, 0.942] acc=0
r235 2182s L=0.0307 cov=[0.0158, 0.0105] ov=[0.0003, 4e-05] P=5 S=40 arc=0.97 lr=0.0032 w_ov=6.47 iou=[0.913, 0.941] acc=1
r236 2190s L=0.03063 cov=[0.0158, 0.0105] ov=[0.0003, 4e-05] P=5 S=40 arc=1.00 lr=0.0032 w_ov=6.58 iou=[0.914, 0.941] acc=0
r237 2198s L=0.03055 cov=[0.0158, 0.0105] ov=[0.00029, 4e-05] P=5 S=40 arc=1.00 lr=0.0045 w_ov=6.68 iou=[0.914, 0.941] acc=0
r238 2207s L=0.03047 cov=[0.0158, 0.0105] ov=[0.00028, 4e-05] P=5 S=40 arc=1.00 lr=0.0023 w_ov=6.79 iou=[0.914, 0.942] acc=0
r239 2215s L=0.03034 cov=[0.0158, 0.0105] ov=[0.00027, 4e-05] P=5 S=40 arc=0.97 lr=0.0023 w_ov=6.9 iou=[0.914, 0.942] acc=1
r240 2224s L=0.03021 cov=[0.0158, 0.0106] ov=[0.00026, 4e-05] P=5 S=40 arc=0.97 lr=0.0032 w_ov=7.02 iou=[0.914, 0.941] acc=0
r241 2232s L=0.03014 cov=[0.0158, 0.0106] ov=[0.00025, 4e-05] P=5 S=40 arc=0.97 lr=0.0016 w_ov=7.13 iou=[0.914, 0.942] acc=0
r242 2240s L=0.0301 cov=[0.0158, 0.0106] ov=[0.00025, 4e-05] P=5 S=40 arc=0.97 lr=0.0011 w_ov=7.24 iou=[0.913, 0.942] acc=0
r243 2249s L=0.03006 cov=[0.0158, 0.0106] ov=[0.00024, 4e-05] P=5 S=40 arc=0.97 lr=0.0008 w_ov=7.36 iou=[0.913, 0.942] acc=0
r244 2257s L=0.03002 cov=[0.0158, 0.0106] ov=[0.00024, 4e-05] P=5 S=40 arc=0.97 lr=0.0016 w_ov=7.49 iou=[0.913, 0.942] acc=0
r245 2266s L=0.02998 cov=[0.0158, 0.0106] ov=[0.00023, 4e-05] P=5 S=40 arc=0.97 lr=0.0023 w_ov=7.61 iou=[0.913, 0.942] acc=0
r246 2275s L=0.0299 cov=[0.0158, 0.0106] ov=[0.00023, 4e-05] P=5 S=40 arc=0.97 lr=0.0011 w_ov=7.73 iou=[0.913, 0.942] acc=1
r247 2283s L=0.02981 cov=[0.0158, 0.0106] ov=[0.00021, 4e-05] P=5 S=40 arc=1.00 lr=0.0032 w_ov=7.86 iou=[0.913, 0.941] acc=0
r248 2292s L=0.02966 cov=[0.0157, 0.0107] ov=[0.0002, 3e-05] P=5 S=40 arc=1.00 lr=0.0064 w_ov=7.99 iou=[0.913, 0.941] acc=0
r249 2301s L=0.02948 cov=[0.0157, 0.0107] ov=[0.00019, 3e-05] P=5 S=40 arc=1.00 lr=0.0045 w_ov=8.13 iou=[0.913, 0.941] acc=0
r250 2309s L=0.02934 cov=[0.0156, 0.0107] ov=[0.00018, 3e-05] P=5 S=40 arc=1.00 lr=0.0016 w_ov=8.26 iou=[0.914, 0.941] acc=0
r251 2318s L=0.0293 cov=[0.0156, 0.0107] ov=[0.00018, 3e-05] P=5 S=40 arc=1.00 lr=0.0011 w_ov=8.4 iou=[0.914, 0.941] acc=0
r252 2326s L=0.02926 cov=[0.0156, 0.0107] ov=[0.00018, 3e-05] P=5 S=40 arc=1.00 lr=0.0008 w_ov=8.54 iou=[0.914, 0.941] acc=0
r253 2334s L=0.02924 cov=[0.0156, 0.0107] ov=[0.00018, 3e-05] P=5 S=40 arc=1.00 lr=0.00057 w_ov=8.67 iou=[0.914, 0.941] acc=0
r254 2342s L=0.02923 cov=[0.0156, 0.0107] ov=[0.00018, 3e-05] P=5 S=40 arc=1.00 lr=0.0002 w_ov=8.81 iou=[0.914, 0.941] acc=0
r255 2351s L=0.02923 cov=[0.0156, 0.0107] ov=[0.00018, 3e-05] P=5 S=40 arc=1.00 lr=0.0002 w_ov=8.96 iou=[0.914, 0.941] acc=0
r256 2359s L=0.02923 cov=[0.0156, 0.0107] ov=[0.00018, 3e-05] P=5 S=40 arc=1.00 lr=0.0002 w_ov=9.1 iou=[0.914, 0.941] acc=0
r257 2368s L=0.02922 cov=[0.0156, 0.0107] ov=[0.00018, 3e-05] P=5 S=40 arc=1.00 lr=0.0002 w_ov=9.25 iou=[0.914, 0.942] acc=0
r258 2376s L=0.02922 cov=[0.0156, 0.0107] ov=[0.00018, 3e-05] P=5 S=40 arc=1.00 lr=0.0002 w_ov=9.4 iou=[0.914, 0.942] acc=0
r259 2385s L=0.02922 cov=[0.0156, 0.0107] ov=[0.00018, 3e-05] P=5 S=40 arc=1.00 lr=0.0002 w_ov=9.56 iou=[0.914, 0.942] acc=0
r260 2394s L=0.02921 cov=[0.0156, 0.0107] ov=[0.00017, 3e-05] P=5 S=40 arc=1.00 lr=0.0002 w_ov=9.72 iou=[0.914, 0.942] acc=0
r261 2403s L=0.02921 cov=[0.0156, 0.0107] ov=[0.00017, 3e-05] P=5 S=40 arc=1.00 lr=0.0002 w_ov=9.88 iou=[0.914, 0.942] acc=0
{
 "ToArc": {
  "proposed": 234,
  "accepted": 105,
  "scope": "shared",
  "rate": 0.44871794871794873
 },
 "Split": {
  "proposed": 5934,
  "accepted": 24,
  "scope": "shared",
  "rate": 0.004044489383215369
 },
 "SwapPoses": {
  "proposed": 1055,
  "accepted": 0,
  "scope": "per-target",
  "rate": 0.0
 },
 "Rotate": {
  "proposed": 2691,
  "accepted": 4,
  "scope": "per-target",
  "rate": 0.0014864362690449647
 },
 "Merge": {
  "proposed": 1832,
  "accepted": 57,
  "scope": "shared",
  "rate": 0.03111353711790393
 },
 "Flip": {
  "proposed": 1139,
  "accepted": 0,
  "scope": "per-target",
  "rate": 0.0
 },
 "MergeClose": {
  "proposed": 134,
  "accepted": 6,
  "scope": "shared",
  "rate": 0.04477611940298507
 },
 "forced:RemoveSmallPart": {
  "proposed": 0,
  "accepted": 4,
  "scope": "shared",
  "rate": 4.0
 },
 "ToLine": {
  "proposed": 3749,
  "accepted": 52,
  "scope": "shared",
  "rate": 0.013870365430781541
 }
}
EVAL avg_chamfer=8.472 avg_hausdorff=34.334 pieces=5->5 loss=0.029207
