r0 21s L=2.641 cov=[0.0497, 0.0229] ov=[0.12128, 0.13542] P=5 S=89 arc=0.00 lr=0.35 w_ov=0.1 iou=[0.809, 0.901] acc=16
r1 37s L=2.031 cov=[0.0089, 0.0133] ov=[0.09946, 0.10132] P=5 S=86 arc=0.10 lr=0.25 w_ov=0.104 iou=[0.947, 0.929] acc=16
r2 54s L=1.64 cov=[0.0084, 0.0129] ov=[0.07777, 0.08397] P=5 S=80 arc=0.19 lr=0.25 w_ov=0.107 iou=[0.945, 0.933] acc=13
r3 71s L=1.432 cov=[0.0061, 0.0127] ov=[0.06713, 0.07406] P=5 S=75 arc=0.21 lr=0.25 w_ov=0.111 iou=[0.96, 0.931] acc=15
r4 86s L=1.293 cov=[0.0063, 0.0125] ov=[0.05983, 0.0675] P=5 S=71 arc=0.32 lr=0.13 w_ov=0.115 iou=[0.962, 0.933] acc=18
r5 103s L=1.258 cov=[0.0062, 0.0124] ov=[0.05787, 0.06594] P=5 S=67 arc=0.52 lr=0.25 w_ov=0.118 iou=[0.962, 0.933] acc=8
r6 119s L=1.232 cov=[0.0062, 0.0123] ov=[0.05637, 0.06484] P=5 S=64 arc=0.58 lr=0.25 w_ov=0.122 iou=[0.961, 0.934] acc=8
r7 135s L=1.226 cov=[0.0072, 0.0116] ov=[0.057, 0.06363] P=5 S=63 arc=0.60 lr=0.25 w_ov=0.126 iou=[0.953, 0.937] acc=14
r8 150s L=1.169 cov=[0.0064, 0.0107] ov=[0.05351, 0.06162] P=5 S=60 arc=0.63 lr=0.25 w_ov=0.13 iou=[0.963, 0.937] acc=10
r9 166s L=1.189 cov=[0.0101, 0.0102] ov=[0.05664, 0.06015] P=5 S=58 arc=0.72 lr=0.13 w_ov=0.133 iou=[0.939, 0.941] acc=5
r10 181s L=1.133 cov=[0.0065, 0.0098] ov=[0.05174, 0.05987] P=5 S=55 arc=0.73 lr=0.13 w_ov=0.138 iou=[0.959, 0.941] acc=7
r11 196s L=1.116 cov=[0.0066, 0.0093] ov=[0.05093, 0.05895] P=5 S=54 arc=0.78 lr=0.13 w_ov=0.142 iou=[0.958, 0.943] acc=3
r12 210s L=1.094 cov=[0.0066, 0.0091] ov=[0.0499, 0.05782] P=5 S=52 arc=0.79 lr=0.13 w_ov=0.146 iou=[0.959, 0.945] acc=3
r13 224s L=1.062 cov=[0.0067, 0.0088] ov=[0.04836, 0.05617] P=5 S=52 arc=0.79 lr=0.18 w_ov=0.15 iou=[0.958, 0.943] acc=5
r14 236s L=1.047 cov=[0.0067, 0.0075] ov=[0.04792, 0.05522] P=5 S=52 arc=0.79 lr=0.18 w_ov=0.154 iou=[0.958, 0.949] acc=2
r15 250s L=1.031 cov=[0.0066, 0.0071] ov=[0.04742, 0.05422] P=5 S=53 arc=0.79 lr=0.25 w_ov=0.157 iou=[0.958, 0.951] acc=5
r16 264s L=1.008 cov=[0.0067, 0.007] ov=[0.04626, 0.05306] P=5 S=53 arc=0.81 lr=0.25 w_ov=0.162 iou=[0.958, 0.951] acc=0
r17 277s L=1.025 cov=[0.0101, 0.0072] ov=[0.04864, 0.052] P=5 S=56 arc=0.84 lr=0.13 w_ov=0.166 iou=[0.939, 0.952] acc=7
r18 291s L=0.9708 cov=[0.0068, 0.0067] ov=[0.04465, 0.05098] P=5 S=55 arc=0.84 lr=0.13 w_ov=0.17 iou=[0.957, 0.953] acc=6
r19 307s L=0.9589 cov=[0.0064, 0.007] ov=[0.04409, 0.05035] P=5 S=53 arc=0.89 lr=0.13 w_ov=0.175 iou=[0.957, 0.954] acc=3
r20 321s L=0.9322 cov=[0.007, 0.007] ov=[0.04293, 0.04878] P=5 S=52 arc=0.90 lr=0.18 w_ov=0.18 iou=[0.955, 0.955] acc=4
r21 336s L=0.893 cov=[0.0069, 0.0071] ov=[0.04059, 0.04721] P=5 S=51 arc=0.92 lr=0.088 w_ov=0.185 iou=[0.955, 0.955] acc=5
r22 349s L=0.8994 cov=[0.0085, 0.0072] ov=[0.04103, 0.04724] P=5 S=50 arc=0.94 lr=0.13 w_ov=0.191 iou=[0.95, 0.953] acc=3
r23 363s L=0.8558 cov=[0.0072, 0.0068] ov=[0.03863, 0.04544] P=5 S=50 arc=0.96 lr=0.063 w_ov=0.196 iou=[0.955, 0.953] acc=0
r24 377s L=0.8371 cov=[0.0073, 0.0071] ov=[0.03789, 0.04428] P=5 S=50 arc=0.96 lr=0.088 w_ov=0.201 iou=[0.953, 0.952] acc=0
r25 390s L=0.8033 cov=[0.0105, 0.0077] ov=[0.03493, 0.04349] P=5 S=51 arc=0.92 lr=0.13 w_ov=0.206 iou=[0.94, 0.948] acc=3
r26 405s L=0.7912 cov=[0.0073, 0.0072] ov=[0.03545, 0.04212] P=5 S=50 arc=0.92 lr=0.18 w_ov=0.211 iou=[0.954, 0.951] acc=3
r27 418s L=0.7607 cov=[0.0076, 0.0072] ov=[0.03359, 0.04089] P=5 S=50 arc=0.92 lr=0.088 w_ov=0.218 iou=[0.953, 0.95] acc=2
r28 432s L=0.7527 cov=[0.0074, 0.0073] ov=[0.03323, 0.04047] P=5 S=50 arc=0.92 lr=0.18 w_ov=0.223 iou=[0.954, 0.952] acc=1
r29 445s L=0.7576 cov=[0.0095, 0.008] ov=[0.03382, 0.04009] P=5 S=51 arc=0.92 lr=0.13 w_ov=0.229 iou=[0.943, 0.948] acc=3
r30 459s L=0.715 cov=[0.0074, 0.0075] ov=[0.03106, 0.03885] P=5 S=51 arc=0.94 lr=0.063 w_ov=0.235 iou=[0.954, 0.95] acc=1
r31 473s L=0.7046 cov=[0.0074, 0.0075] ov=[0.03048, 0.03838] P=5 S=51 arc=0.94 lr=0.13 w_ov=0.242 iou=[0.954, 0.95] acc=1
r32 486s L=0.6948 cov=[0.0075, 0.0075] ov=[0.02996, 0.03793] P=5 S=50 arc=0.94 lr=0.18 w_ov=0.248 iou=[0.955, 0.951] acc=1
r33 499s L=0.6828 cov=[0.0075, 0.0076] ov=[0.02926, 0.03741] P=5 S=50 arc=0.92 lr=0.088 w_ov=0.254 iou=[0.954, 0.95] acc=1
r34 512s L=0.6724 cov=[0.0075, 0.0077] ov=[0.02864, 0.03698] P=5 S=50 arc=0.92 lr=0.18 w_ov=0.261 iou=[0.955, 0.95] acc=0
r35 525s L=0.6468 cov=[0.0123, 0.0087] ov=[0.02576, 0.03672] P=5 S=51 arc=0.90 lr=0.13 w_ov=0.267 iou=[0.935, 0.944] acc=2
r36 538s L=0.6448 cov=[0.0077, 0.0079] ov=[0.02703, 0.03578] P=5 S=50 arc=0.88 lr=0.13 w_ov=0.274 iou=[0.953, 0.95] acc=2
r37 552s L=0.6365 cov=[0.0078, 0.0079] ov=[0.02659, 0.03539] P=5 S=51 arc=0.82 lr=0.18 w_ov=0.281 iou=[0.953, 0.95] acc=5
r38 564s L=0.6106 cov=[0.0078, 0.0083] ov=[0.0251, 0.03426] P=5 S=52 arc=0.81 lr=0.18 w_ov=0.288 iou=[0.952, 0.948] acc=5
r39 578s L=0.564 cov=[0.0081, 0.0085] ov=[0.02236, 0.03229] P=5 S=51 arc=0.84 lr=0.25 w_ov=0.295 iou=[0.953, 0.945] acc=6
r40 590s L=0.551 cov=[0.0086, 0.0093] ov=[0.02137, 0.03184] P=5 S=52 arc=0.87 lr=0.13 w_ov=0.303 iou=[0.951, 0.942] acc=4
r41 602s L=0.5341 cov=[0.0082, 0.0083] ov=[0.02094, 0.03071] P=5 S=51 arc=0.92 lr=0.18 w_ov=0.31 iou=[0.952, 0.947] acc=3
r42 615s L=0.5378 cov=[0.0086, 0.008] ov=[0.02143, 0.03059] P=5 S=51 arc=0.94 lr=0.13 w_ov=0.318 iou=[0.95, 0.949] acc=2
r43 628s L=0.513 cov=[0.0082, 0.0084] ov=[0.01981, 0.02974] P=5 S=50 arc=0.92 lr=0.18 w_ov=0.325 iou=[0.951, 0.947] acc=3
r44 641s L=0.5144 cov=[0.0082, 0.0086] ov=[0.01982, 0.02984] P=5 S=52 arc=0.90 lr=0.18 w_ov=0.334 iou=[0.947, 0.947] acc=6
r45 655s L=0.5018 cov=[0.0084, 0.0083] ov=[0.01926, 0.02914] P=5 S=51 arc=0.90 lr=0.063 w_ov=0.342 iou=[0.95, 0.948] acc=3
r46 668s L=0.4979 cov=[0.0085, 0.0082] ov=[0.01907, 0.02895] P=5 S=50 arc=0.92 lr=0.088 w_ov=0.351 iou=[0.949, 0.948] acc=3
r47 680s L=0.4908 cov=[0.0085, 0.0082] ov=[0.01866, 0.02865] P=5 S=50 arc=0.96 lr=0.13 w_ov=0.36 iou=[0.949, 0.948] acc=1
r48 694s L=0.4839 cov=[0.0086, 0.0082] ov=[0.01826, 0.02834] P=5 S=50 arc=0.98 lr=0.063 w_ov=0.369 iou=[0.947, 0.948] acc=0
r49 706s L=0.4781 cov=[0.0087, 0.0082] ov=[0.01799, 0.02803] P=5 S=50 arc=0.96 lr=0.088 w_ov=0.378 iou=[0.947, 0.948] acc=2
r50 719s L=0.4716 cov=[0.0088, 0.0081] ov=[0.01756, 0.0278] P=5 S=50 arc=0.98 lr=0.088 w_ov=0.388 iou=[0.946, 0.948] acc=1
r51 731s L=0.4669 cov=[0.0088, 0.008] ov=[0.01734, 0.02756] P=5 S=49 arc=1.00 lr=0.088 w_ov=0.397 iou=[0.947, 0.948] acc=1
r52 744s L=0.4616 cov=[0.0088, 0.008] ov=[0.01706, 0.02731] P=5 S=49 arc=1.00 lr=0.13 w_ov=0.407 iou=[0.946, 0.948] acc=0
r53 756s L=0.4561 cov=[0.0089, 0.0081] ov=[0.01677, 0.02703] P=5 S=50 arc=0.96 lr=0.18 w_ov=0.417 iou=[0.945, 0.948] acc=3
r54 770s L=0.4587 cov=[0.009, 0.0085] ov=[0.01671, 0.02731] P=5 S=50 arc=0.92 lr=0.088 w_ov=0.427 iou=[0.945, 0.95] acc=2
r55 783s L=0.4421 cov=[0.0089, 0.0083] ov=[0.01583, 0.02657] P=5 S=50 arc=0.92 lr=0.088 w_ov=0.438 iou=[0.944, 0.946] acc=1
r56 796s L=0.4377 cov=[0.0088, 0.0083] ov=[0.01559, 0.02637] P=5 S=50 arc=0.94 lr=0.088 w_ov=0.449 iou=[0.945, 0.946] acc=1
r57 808s L=0.434 cov=[0.0089, 0.0083] ov=[0.01538, 0.02621] P=5 S=50 arc=0.94 lr=0.13 w_ov=0.461 iou=[0.945, 0.946] acc=1
r58 821s L=0.4297 cov=[0.0089, 0.0083] ov=[0.01509, 0.02605] P=5 S=50 arc=0.88 lr=0.13 w_ov=0.472 iou=[0.944, 0.947] acc=3
r59 833s L=0.4222 cov=[0.0091, 0.0084] ov=[0.01467, 0.0257] P=5 S=50 arc=0.86 lr=0.13 w_ov=0.484 iou=[0.944, 0.945] acc=1
r60 846s L=0.4187 cov=[0.0092, 0.0084] ov=[0.01442, 0.02558] P=5 S=51 arc=0.86 lr=0.18 w_ov=0.495 iou=[0.942, 0.947] acc=4
r61 858s L=0.4008 cov=[0.0094, 0.0087] ov=[0.01376, 0.02441] P=5 S=51 arc=0.88 lr=0.088 w_ov=0.507 iou=[0.944, 0.944] acc=3
r62 872s L=0.396 cov=[0.0095, 0.0085] ov=[0.01355, 0.02414] P=5 S=51 arc=0.86 lr=0.088 w_ov=0.519 iou=[0.94, 0.945] acc=5
r63 886s L=0.3916 cov=[0.0095, 0.0086] ov=[0.0133, 0.02395] P=5 S=51 arc=0.90 lr=0.088 w_ov=0.533 iou=[0.94, 0.945] acc=2
r64 898s L=0.3872 cov=[0.0095, 0.0086] ov=[0.01309, 0.02371] P=5 S=51 arc=0.92 lr=0.13 w_ov=0.548 iou=[0.941, 0.943] acc=1
r65 910s L=0.3818 cov=[0.0096, 0.0086] ov=[0.01282, 0.02344] P=5 S=51 arc=0.94 lr=0.18 w_ov=0.561 iou=[0.941, 0.943] acc=0
r66 922s L=0.3779 cov=[0.01, 0.0089] ov=[0.01251, 0.02329] P=5 S=53 arc=0.87 lr=0.18 w_ov=0.573 iou=[0.939, 0.943] acc=10
r67 934s L=0.3656 cov=[0.0099, 0.0089] ov=[0.01189, 0.02269] P=5 S=53 arc=0.89 lr=0.063 w_ov=0.587 iou=[0.94, 0.943] acc=2
r68 946s L=0.362 cov=[0.0099, 0.0087] ov=[0.01176, 0.02247] P=5 S=52 arc=0.90 lr=0.063 w_ov=0.6 iou=[0.941, 0.943] acc=4
r69 959s L=0.3587 cov=[0.0099, 0.0087] ov=[0.01162, 0.02229] P=5 S=52 arc=0.90 lr=0.088 w_ov=0.615 iou=[0.942, 0.942] acc=4
r70 972s L=0.3544 cov=[0.0098, 0.0088] ov=[0.01136, 0.0221] P=5 S=52 arc=0.90 lr=0.13 w_ov=0.63 iou=[0.942, 0.942] acc=1
r71 984s L=0.35 cov=[0.0099, 0.0089] ov=[0.01114, 0.02188] P=5 S=52 arc=0.92 lr=0.063 w_ov=0.645 iou=[0.941, 0.942] acc=1
r72 998s L=0.3418 cov=[0.01, 0.0091] ov=[0.0107, 0.02147] P=5 S=52 arc=0.92 lr=0.088 w_ov=0.661 iou=[0.94, 0.941] acc=2
r73 1011s L=0.3369 cov=[0.0102, 0.0089] ov=[0.0105, 0.02118] P=5 S=52 arc=0.94 lr=0.088 w_ov=0.678 iou=[0.94, 0.941] acc=1
r74 1023s L=0.3297 cov=[0.0104, 0.0089] ov=[0.01045, 0.02049] P=5 S=51 arc=0.98 lr=0.13 w_ov=0.695 iou=[0.938, 0.941] acc=1
r75 1035s L=0.3257 cov=[0.0105, 0.0089] ov=[0.01034, 0.02018] P=5 S=51 arc=0.98 lr=0.063 w_ov=0.712 iou=[0.936, 0.941] acc=1
r76 1048s L=0.324 cov=[0.0107, 0.0088] ov=[0.01036, 0.02] P=5 S=51 arc=0.98 lr=0.088 w_ov=0.729 iou=[0.935, 0.942] acc=0
r77 1061s L=0.3212 cov=[0.0108, 0.0088] ov=[0.01029, 0.01977] P=5 S=51 arc=1.00 lr=0.044 w_ov=0.747 iou=[0.935, 0.942] acc=0
r78 1074s L=0.3169 cov=[0.0109, 0.009] ov=[0.01014, 0.01947] P=5 S=51 arc=1.00 lr=0.063 w_ov=0.766 iou=[0.935, 0.942] acc=0
r79 1087s L=0.3088 cov=[0.0112, 0.0091] ov=[0.00975, 0.019] P=5 S=51 arc=1.00 lr=0.088 w_ov=0.785 iou=[0.935, 0.941] acc=0
r80 1099s L=0.3024 cov=[0.0113, 0.0092] ov=[0.00947, 0.01861] P=5 S=51 arc=0.96 lr=0.13 w_ov=0.805 iou=[0.934, 0.94] acc=2
r81 1111s L=0.2979 cov=[0.0115, 0.0094] ov=[0.00936, 0.01825] P=5 S=51 arc=0.96 lr=0.13 w_ov=0.824 iou=[0.931, 0.94] acc=2
r82 1124s L=0.2917 cov=[0.0116, 0.0094] ov=[0.00899, 0.01798] P=5 S=53 arc=0.92 lr=0.13 w_ov=0.843 iou=[0.932, 0.94] acc=4
r83 1136s L=0.2849 cov=[0.0117, 0.0094] ov=[0.00861, 0.01767] P=5 S=57 arc=0.88 lr=0.18 w_ov=0.864 iou=[0.927, 0.941] acc=8
r84 1149s L=0.2697 cov=[0.0117, 0.0095] ov=[0.00776, 0.01698] P=5 S=59 arc=0.88 lr=0.18 w_ov=0.885 iou=[0.929, 0.94] acc=4
r85 1163s L=0.2528 cov=[0.0118, 0.0095] ov=[0.00701, 0.01603] P=5 S=58 arc=0.90 lr=0.063 w_ov=0.907 iou=[0.93, 0.938] acc=2
r86 1176s L=0.2422 cov=[0.0119, 0.0094] ov=[0.00658, 0.0154] P=5 S=58 arc=0.90 lr=0.063 w_ov=0.931 iou=[0.928, 0.94] acc=5
r87 1190s L=0.2312 cov=[0.012, 0.0094] ov=[0.00617, 0.0147] P=5 S=59 arc=0.97 lr=0.088 w_ov=0.955 iou=[0.927, 0.939] acc=1
r88 1203s L=0.2197 cov=[0.0123, 0.0092] ov=[0.00577, 0.01394] P=5 S=59 arc=0.97 lr=0.088 w_ov=0.98 iou=[0.926, 0.94] acc=0
r89 1217s L=0.209 cov=[0.0126, 0.0092] ov=[0.00542, 0.0132] P=5 S=59 arc=0.93 lr=0.088 w_ov=1.01 iou=[0.927, 0.939] acc=2
r90 1231s L=0.1963 cov=[0.0127, 0.0093] ov=[0.00496, 0.01235] P=5 S=59 arc=0.88 lr=0.13 w_ov=1.03 iou=[0.924, 0.941] acc=4
r91 1243s L=0.191 cov=[0.013, 0.0097] ov=[0.0047, 0.01202] P=5 S=62 arc=0.85 lr=0.13 w_ov=1.06 iou=[0.922, 0.939] acc=7
r92 1257s L=0.1702 cov=[0.0132, 0.0096] ov=[0.00412, 0.01051] P=5 S=62 arc=0.84 lr=0.063 w_ov=1.09 iou=[0.919, 0.94] acc=4
r93 1271s L=0.1578 cov=[0.0135, 0.0095] ov=[0.0038, 0.00958] P=5 S=62 arc=0.87 lr=0.088 w_ov=1.12 iou=[0.918, 0.939] acc=0
r94 1284s L=0.1498 cov=[0.0138, 0.0096] ov=[0.00369, 0.00883] P=5 S=62 arc=0.87 lr=0.088 w_ov=1.15 iou=[0.919, 0.942] acc=0
r95 1299s L=0.1388 cov=[0.014, 0.0094] ov=[0.00339, 0.00803] P=5 S=57 arc=0.84 lr=0.063 w_ov=1.18 iou=[0.883, 0.906] acc=3
r96 1314s L=0.1136 cov=[0.019, 0.0148] ov=[0.00257, 0.0053] P=5 S=57 arc=0.81 lr=0.088 w_ov=1.21 iou=[0.903, 0.922] acc=7
r97 1328s L=0.09386 cov=[0.0169, 0.0129] ov=[0.00234, 0.00395] P=5 S=57 arc=0.81 lr=0.13 w_ov=1.24 iou=[0.908, 0.929] acc=9
r98 1341s L=0.09432 cov=[0.0162, 0.0132] ov=[0.00178, 0.0046] P=5 S=54 arc=0.89 lr=0.063 w_ov=1.28 iou=[0.906, 0.931] acc=5
r99 1355s L=0.07301 cov=[0.0156, 0.0121] ov=[0.00173, 0.0027] P=5 S=54 arc=0.89 lr=0.088 w_ov=1.31 iou=[0.913, 0.934] acc=2
r100 1369s L=0.0705 cov=[0.0153, 0.012] ov=[0.00172, 0.0025] P=5 S=54 arc=0.89 lr=0.031 w_ov=1.35 iou=[0.914, 0.935] acc=3
r101 1382s L=0.06776 cov=[0.0151, 0.0119] ov=[0.00152, 0.00245] P=5 S=52 arc=0.92 lr=0.044 w_ov=1.38 iou=[0.915, 0.936] acc=4
r102 1395s L=0.06653 cov=[0.015, 0.012] ov=[0.00147, 0.00238] P=5 S=52 arc=0.96 lr=0.044 w_ov=1.42 iou=[0.916, 0.934] acc=1
r103 1408s L=0.06477 cov=[0.0149, 0.012] ov=[0.00135, 0.00233] P=5 S=52 arc=0.98 lr=0.031 w_ov=1.45 iou=[0.916, 0.934] acc=0
r104 1421s L=0.06398 cov=[0.0148, 0.0121] ov=[0.00131, 0.0023] P=5 S=52 arc=0.92 lr=0.044 w_ov=1.49 iou=[0.917, 0.934] acc=3
r105 1434s L=0.06277 cov=[0.0147, 0.0121] ov=[0.00126, 0.00225] P=5 S=52 arc=0.92 lr=0.022 w_ov=1.53 iou=[0.917, 0.934] acc=0
r106 1447s L=0.06179 cov=[0.0146, 0.0121] ov=[0.00123, 0.00217] P=5 S=51 arc=0.92 lr=0.031 w_ov=1.57 iou=[0.916, 0.935] acc=2
r107 1459s L=0.06009 cov=[0.0149, 0.012] ov=[0.00113, 0.0021] P=5 S=51 arc=0.92 lr=0.044 w_ov=1.61 iou=[0.917, 0.934] acc=2
r108 1471s L=0.05868 cov=[0.0149, 0.012] ov=[0.00105, 0.00203] P=5 S=51 arc=0.92 lr=0.022 w_ov=1.64 iou=[0.917, 0.933] acc=2
r109 1484s L=0.05722 cov=[0.0149, 0.0121] ov=[0.00099, 0.00192] P=5 S=51 arc=0.94 lr=0.031 w_ov=1.68 iou=[0.917, 0.933] acc=1
r110 1497s L=0.05574 cov=[0.015, 0.0121] ov=[0.00093, 0.00184] P=5 S=51 arc=0.96 lr=0.016 w_ov=1.73 iou=[0.917, 0.934] acc=0
r111 1512s L=0.05497 cov=[0.0151, 0.0121] ov=[0.00089, 0.00179] P=5 S=51 arc=0.96 lr=0.011 w_ov=1.77 iou=[0.917, 0.934] acc=2
r112 1525s L=0.0545 cov=[0.015, 0.0121] ov=[0.0009, 0.00173] P=5 S=51 arc=0.98 lr=0.016 w_ov=1.82 iou=[0.917, 0.934] acc=1
r113 1538s L=0.05292 cov=[0.0151, 0.0121] ov=[0.00082, 0.00165] P=5 S=51 arc=0.96 lr=0.022 w_ov=1.86 iou=[0.917, 0.934] acc=2
r114 1549s L=0.05182 cov=[0.0151, 0.0122] ov=[0.00077, 0.00158] P=5 S=51 arc=0.98 lr=0.022 w_ov=1.91 iou=[0.917, 0.933] acc=1
r115 1563s L=0.05129 cov=[0.0152, 0.0122] ov=[0.00075, 0.00155] P=5 S=51 arc=1.00 lr=0.022 w_ov=1.95 iou=[0.916, 0.933] acc=0
r116 1577s L=0.05056 cov=[0.0152, 0.0121] ov=[0.00071, 0.00151] P=5 S=51 arc=1.00 lr=0.016 w_ov=2.01 iou=[0.916, 0.933] acc=0
r117 1590s L=0.04976 cov=[0.0153, 0.0122] ov=[0.00069, 0.00145] P=5 S=51 arc=0.98 lr=0.016 w_ov=2.06 iou=[0.917, 0.933] acc=1
r118 1602s L=0.04918 cov=[0.0153, 0.0122] ov=[0.00067, 0.0014] P=5 S=51 arc=0.98 lr=0.0078 w_ov=2.11 iou=[0.917, 0.933] acc=0
r119 1614s L=0.04868 cov=[0.0153, 0.0122] ov=[0.00064, 0.00137] P=5 S=51 arc=0.98 lr=0.0055 w_ov=2.16 iou=[0.916, 0.933] acc=0
r120 1628s L=0.04804 cov=[0.0154, 0.0122] ov=[0.00062, 0.00132] P=5 S=51 arc=0.98 lr=0.0078 w_ov=2.21 iou=[0.916, 0.933] acc=0
r121 1640s L=0.04757 cov=[0.0154, 0.0122] ov=[0.0006, 0.00129] P=5 S=51 arc=0.98 lr=0.0055 w_ov=2.27 iou=[0.916, 0.933] acc=0
r122 1653s L=0.0452 cov=[0.0157, 0.0124] ov=[0.00053, 0.00109] P=5 S=51 arc=0.98 lr=0.011 w_ov=2.33 iou=[0.914, 0.931] acc=0
r123 1666s L=0.04328 cov=[0.0158, 0.0125] ov=[0.00048, 0.00092] P=5 S=51 arc=0.98 lr=0.016 w_ov=2.38 iou=[0.913, 0.931] acc=0
r124 1679s L=0.04232 cov=[0.0158, 0.0126] ov=[0.00044, 0.00086] P=5 S=51 arc=0.98 lr=0.0078 w_ov=2.45 iou=[0.913, 0.931] acc=0
r125 1691s L=0.04195 cov=[0.0158, 0.0126] ov=[0.00041, 0.00085] P=5 S=51 arc=0.98 lr=0.0078 w_ov=2.51 iou=[0.912, 0.931] acc=0
r126 1704s L=0.0416 cov=[0.0158, 0.0126] ov=[0.0004, 0.00083] P=5 S=51 arc=0.98 lr=0.011 w_ov=2.57 iou=[0.913, 0.93] acc=0
r127 1717s L=0.04106 cov=[0.0158, 0.0126] ov=[0.00036, 0.0008] P=5 S=51 arc=0.98 lr=0.016 w_ov=2.63 iou=[0.913, 0.93] acc=0
r128 1730s L=0.04009 cov=[0.0158, 0.0127] ov=[0.00032, 0.00074] P=5 S=51 arc=0.98 lr=0.0055 w_ov=2.7 iou=[0.912, 0.931] acc=0
r129 1743s L=0.03962 cov=[0.0158, 0.0127] ov=[0.0003, 0.00071] P=5 S=51 arc=0.98 lr=0.011 w_ov=2.76 iou=[0.913, 0.931] acc=0
r130 1756s L=0.03928 cov=[0.0157, 0.0128] ov=[0.00029, 0.00068] P=5 S=51 arc=0.98 lr=0.0055 w_ov=2.84 iou=[0.913, 0.931] acc=0
r131 1769s L=0.03908 cov=[0.0157, 0.0128] ov=[0.00029, 0.00067] P=5 S=51 arc=0.96 lr=0.0078 w_ov=2.91 iou=[0.913, 0.931] acc=1
r132 1783s L=0.03879 cov=[0.0158, 0.0128] ov=[0.00028, 0.00065] P=5 S=51 arc=0.94 lr=0.0039 w_ov=2.98 iou=[0.913, 0.931] acc=1
r133 1795s L=0.03827 cov=[0.0158, 0.0128] ov=[0.00026, 0.00061] P=5 S=51 arc=0.94 lr=0.0078 w_ov=3.06 iou=[0.913, 0.93] acc=1
r134 1808s L=0.03759 cov=[0.0158, 0.0129] ov=[0.0002, 0.00059] P=5 S=51 arc=0.96 lr=0.0078 w_ov=3.13 iou=[0.912, 0.929] acc=1
r135 1821s L=0.03728 cov=[0.0158, 0.0129] ov=[0.00019, 0.00057] P=5 S=51 arc=0.94 lr=0.0078 w_ov=3.21 iou=[0.911, 0.929] acc=3
r136 1835s L=0.03675 cov=[0.0158, 0.0129] ov=[0.00016, 0.00054] P=5 S=51 arc=0.96 lr=0.0078 w_ov=3.29 iou=[0.911, 0.93] acc=0
r137 1848s L=0.03644 cov=[0.0158, 0.0129] ov=[0.00014, 0.00053] P=5 S=51 arc=0.96 lr=0.0078 w_ov=3.38 iou=[0.911, 0.93] acc=2
r138 1861s L=0.03621 cov=[0.0158, 0.013] ov=[0.00013, 0.00051] P=5 S=51 arc=0.98 lr=0.0028 w_ov=3.47 iou=[0.911, 0.93] acc=1
r139 1875s L=0.03612 cov=[0.0158, 0.013] ov=[0.00013, 0.00051] P=5 S=51 arc=0.98 lr=0.002 w_ov=3.56 iou=[0.912, 0.929] acc=0
r140 1888s L=0.03605 cov=[0.0158, 0.013] ov=[0.00012, 0.0005] P=5 S=51 arc=0.98 lr=0.00049 w_ov=3.65 iou=[0.912, 0.929] acc=1
r141 1902s L=0.03603 cov=[0.0158, 0.013] ov=[0.00012, 0.0005] P=5 S=51 arc=0.98 lr=0.0002 w_ov=3.74 iou=[0.912, 0.929] acc=1
r142 1915s L=0.03601 cov=[0.0158, 0.013] ov=[0.00012, 0.0005] P=5 S=51 arc=0.98 lr=0.0002 w_ov=3.85 iou=[0.912, 0.929] acc=0
r143 1929s L=0.03599 cov=[0.0158, 0.013] ov=[0.00012, 0.00049] P=5 S=51 arc=0.98 lr=0.0002 w_ov=3.95 iou=[0.912, 0.929] acc=0
r144 1943s L=0.03597 cov=[0.0158, 0.013] ov=[0.00012, 0.00049] P=5 S=51 arc=0.98 lr=0.00028 w_ov=4.05 iou=[0.912, 0.929] acc=0
r145 1957s L=0.03595 cov=[0.0158, 0.013] ov=[0.00012, 0.00049] P=5 S=51 arc=0.98 lr=0.0002 w_ov=4.16 iou=[0.912, 0.929] acc=0
r146 1970s L=0.03592 cov=[0.0158, 0.013] ov=[0.00012, 0.00049] P=5 S=51 arc=0.98 lr=0.0002 w_ov=4.28 iou=[0.912, 0.929] acc=0
r147 1984s L=0.0359 cov=[0.0158, 0.013] ov=[0.00012, 0.00048] P=5 S=51 arc=0.98 lr=0.0002 w_ov=4.38 iou=[0.912, 0.93] acc=0
r148 1997s L=0.03586 cov=[0.0158, 0.013] ov=[0.00012, 0.00048] P=5 S=51 arc=0.98 lr=0.0002 w_ov=4.5 iou=[0.912, 0.93] acc=1
r149 2010s L=0.03583 cov=[0.0158, 0.013] ov=[0.00012, 0.00048] P=5 S=51 arc=0.98 lr=0.00028 w_ov=4.62 iou=[0.912, 0.93] acc=0
r150 2024s L=0.03579 cov=[0.0158, 0.013] ov=[0.00012, 0.00047] P=5 S=51 arc=1.00 lr=0.0002 w_ov=4.74 iou=[0.912, 0.93] acc=0
r151 2038s L=0.03575 cov=[0.0159, 0.0131] ov=[0.00012, 0.00047] P=5 S=51 arc=1.00 lr=0.0002 w_ov=4.86 iou=[0.912, 0.93] acc=0
r152 2051s L=0.03571 cov=[0.0159, 0.0131] ov=[0.00011, 0.00046] P=5 S=51 arc=1.00 lr=0.0002 w_ov=5 iou=[0.912, 0.93] acc=0
r153 2065s L=0.03566 cov=[0.0159, 0.0131] ov=[0.00011, 0.00046] P=5 S=51 arc=1.00 lr=0.0002 w_ov=5.12 iou=[0.912, 0.929] acc=0
r154 2078s L=0.0356 cov=[0.0159, 0.0131] ov=[0.00011, 0.00045] P=5 S=51 arc=1.00 lr=0.00028 w_ov=5.26 iou=[0.912, 0.929] acc=0
r155 2092s L=0.03527 cov=[0.016, 0.0132] ov=[0.0001, 0.00041] P=5 S=51 arc=1.00 lr=0.0032 w_ov=5.39 iou=[0.911, 0.928] acc=0
r156 2105s L=0.03409 cov=[0.0163, 0.0135] ov=[7e-05, 0.00026] P=5 S=51 arc=0.98 lr=0.0091 w_ov=5.54 iou=[0.909, 0.927] acc=1
r157 2119s L=0.03332 cov=[0.0165, 0.0137] ov=[6e-05, 0.00016] P=5 S=51 arc=0.96 lr=0.013 w_ov=5.68 iou=[0.909, 0.925] acc=1
r158 2132s L=0.03304 cov=[0.0165, 0.0136] ov=[6e-05, 0.00014] P=5 S=51 arc=0.94 lr=0.013 w_ov=5.84 iou=[0.909, 0.926] acc=3
r159 2145s L=0.03259 cov=[0.0166, 0.0136] ov=[3e-05, 0.00011] P=5 S=51 arc=0.98 lr=0.0064 w_ov=5.99 iou=[0.909, 0.927] acc=0
r160 2157s L=0.03245 cov=[0.0166, 0.0136] ov=[2e-05, 0.0001] P=5 S=51 arc=0.98 lr=0.0023 w_ov=6.13 iou=[0.909, 0.927] acc=1
r161 2171s L=0.03242 cov=[0.0166, 0.0136] ov=[2e-05, 0.0001] P=5 S=51 arc=1.00 lr=0.0011 w_ov=6.28 iou=[0.909, 0.927] acc=0
r162 2184s L=0.03239 cov=[0.0166, 0.0136] ov=[2e-05, 0.0001] P=5 S=51 arc=1.00 lr=0.00028 w_ov=6.45 iou=[0.909, 0.927] acc=0
r163 2198s L=0.03239 cov=[0.0166, 0.0136] ov=[2e-05, 0.0001] P=5 S=51 arc=1.00 lr=0.0002 w_ov=6.61 iou=[0.909, 0.927] acc=0
r164 2211s L=0.03238 cov=[0.0166, 0.0136] ov=[2e-05, 0.0001] P=5 S=51 arc=1.00 lr=0.0002 w_ov=6.78 iou=[0.909, 0.927] acc=0
r165 2224s L=0.03238 cov=[0.0166, 0.0136] ov=[2e-05, 0.0001] P=5 S=51 arc=1.00 lr=0.0002 w_ov=6.96 iou=[0.909, 0.927] acc=0
r166 2238s L=0.03237 cov=[0.0166, 0.0136] ov=[2e-05, 0.0001] P=5 S=51 arc=1.00 lr=0.0002 w_ov=7.13 iou=[0.909, 0.927] acc=0
r167 2251s L=0.03237 cov=[0.0166, 0.0136] ov=[2e-05, 0.0001] P=5 S=51 arc=1.00 lr=0.0002 w_ov=7.33 iou=[0.909, 0.927] acc=0
r168 2264s L=0.03236 cov=[0.0166, 0.0136] ov=[2e-05, 0.0001] P=5 S=51 arc=1.00 lr=0.0002 w_ov=7.51 iou=[0.909, 0.927] acc=0
r169 2277s L=0.03236 cov=[0.0166, 0.0136] ov=[2e-05, 9e-05] P=5 S=51 arc=1.00 lr=0.00028 w_ov=7.7 iou=[0.909, 0.927] acc=0
r170 2290s L=0.03235 cov=[0.0166, 0.0136] ov=[2e-05, 9e-05] P=5 S=51 arc=1.00 lr=0.0002 w_ov=7.9 iou=[0.909, 0.927] acc=0
r171 2304s L=0.03234 cov=[0.0166, 0.0136] ov=[2e-05, 9e-05] P=5 S=51 arc=1.00 lr=0.0002 w_ov=8.1 iou=[0.909, 0.927] acc=0
r172 2317s L=0.03233 cov=[0.0166, 0.0136] ov=[2e-05, 9e-05] P=5 S=51 arc=1.00 lr=0.0002 w_ov=8.32 iou=[0.909, 0.927] acc=0
r173 2330s L=0.03233 cov=[0.0166, 0.0136] ov=[2e-05, 9e-05] P=5 S=51 arc=1.00 lr=0.0002 w_ov=8.52 iou=[0.909, 0.927] acc=0
r174 2344s L=0.03232 cov=[0.0166, 0.0136] ov=[2e-05, 9e-05] P=5 S=51 arc=1.00 lr=0.0002 w_ov=8.75 iou=[0.909, 0.927] acc=0
r175 2356s L=0.03231 cov=[0.0167, 0.0136] ov=[2e-05, 9e-05] P=5 S=51 arc=1.00 lr=0.0002 w_ov=8.98 iou=[0.909, 0.927] acc=0
r176 2369s L=0.03231 cov=[0.0167, 0.0136] ov=[2e-05, 9e-05] P=5 S=51 arc=1.00 lr=0.0002 w_ov=9.2 iou=[0.909, 0.927] acc=0
r177 2383s L=0.0323 cov=[0.0167, 0.0136] ov=[2e-05, 9e-05] P=5 S=51 arc=1.00 lr=0.0002 w_ov=9.43 iou=[0.909, 0.927] acc=0
r178 2395s L=0.03229 cov=[0.0167, 0.0136] ov=[2e-05, 8e-05] P=5 S=51 arc=1.00 lr=0.0002 w_ov=9.68 iou=[0.909, 0.927] acc=0
r179 2408s L=0.03228 cov=[0.0167, 0.0136] ov=[2e-05, 8e-05] P=5 S=51 arc=1.00 lr=0.0002 w_ov=9.91 iou=[0.909, 0.927] acc=0
{
 "Split": {
  "proposed": 4217,
  "accepted": 48,
  "scope": "shared",
  "rate": 0.01138249940716149
 },
 "Merge": {
  "proposed": 1091,
  "accepted": 78,
  "scope": "shared",
  "rate": 0.07149404216315307
 },
 "SwapPoses": {
  "proposed": 685,
  "accepted": 0,
  "scope": "per-target",
  "rate": 0.0
 },
 "Rotate": {
  "proposed": 1855,
  "accepted": 3,
  "scope": "per-target",
  "rate": 0.0016172506738544475
 },
 "Flip": {
  "proposed": 758,
  "accepted": 1,
  "scope": "per-target",
  "rate": 0.0013192612137203166
 },
 "MergeClose": {
  "proposed": 18,
  "accepted": 7,
  "scope": "shared",
  "rate": 0.3888888888888889
 },
 "ToArc": {
  "proposed": 322,
  "accepted": 162,
  "scope": "shared",
  "rate": 0.5031055900621118
 },
 "forced:RemoveSmallPart": {
  "proposed": 0,
  "accepted": 3,
  "scope": "shared",
  "rate": 3.0
 },
 "ToLine": {
  "proposed": 2574,
  "accepted": 108,
  "scope": "shared",
  "rate": 0.04195804195804196
 }
}
EVAL avg_chamfer=7.491 avg_hausdorff=35.440 pieces=5->5 loss=0.032284
