r0 11s L=0.9206 cov=[0.0146, 0.022] ov=[0.04403, 0.04431] P=9 S=36 arc=0.78 lr=1 w_ov=0.1 iou=[0.918, 0.884] acc=5
r1 19s L=0.762 cov=[0.0037, 0.0061] ov=[0.03639, 0.03871] P=13 S=60 arc=0.70 lr=0.71 w_ov=0.109 iou=[0.973, 0.955] acc=15
r2 30s L=0.752 cov=[0.0017, 0.0028] ov=[0.03675, 0.03781] P=14 S=64 arc=0.70 lr=0.18 w_ov=0.116 iou=[0.984, 0.972] acc=6
r3 40s L=0.5931 cov=[0.0016, 0.002] ov=[0.02896, 0.02978] P=14 S=63 arc=0.71 lr=0.35 w_ov=0.126 iou=[0.99, 0.975] acc=8
r4 49s L=0.5419 cov=[0.0015, 0.0019] ov=[0.02638, 0.02727] P=15 S=67 arc=0.78 lr=0.18 w_ov=0.136 iou=[0.991, 0.979] acc=3
r5 57s L=0.4819 cov=[0.0013, 0.0016] ov=[0.02373, 0.02396] P=15 S=66 arc=0.76 lr=0.18 w_ov=0.146 iou=[0.991, 0.979] acc=6
r6 67s L=0.4503 cov=[0.0013, 0.0015] ov=[0.02219, 0.02234] P=15 S=65 arc=0.80 lr=0.18 w_ov=0.156 iou=[0.992, 0.98] acc=3
r7 76s L=0.4239 cov=[0.0013, 0.0015] ov=[0.02092, 0.02098] P=15 S=65 arc=0.80 lr=0.13 w_ov=0.167 iou=[0.993, 0.982] acc=2
r8 85s L=0.3956 cov=[0.0013, 0.0015] ov=[0.01959, 0.01947] P=15 S=65 arc=0.82 lr=0.13 w_ov=0.179 iou=[0.992, 0.982] acc=3
r9 94s L=0.3737 cov=[0.0013, 0.0015] ov=[0.01848, 0.0184] P=15 S=65 arc=0.85 lr=0.13 w_ov=0.192 iou=[0.99, 0.982] acc=0
r10 103s L=0.3755 cov=[0.0016, 0.0016] ov=[0.01836, 0.01865] P=15 S=64 arc=0.80 lr=0.13 w_ov=0.207 iou=[0.99, 0.982] acc=5
r11 113s L=0.3267 cov=[0.0014, 0.0015] ov=[0.01599, 0.01617] P=15 S=63 arc=0.79 lr=0.13 w_ov=0.221 iou=[0.99, 0.983] acc=3
r12 123s L=0.3167 cov=[0.0015, 0.0016] ov=[0.01544, 0.01572] P=15 S=63 arc=0.81 lr=0.13 w_ov=0.238 iou=[0.99, 0.983] acc=1
r13 131s L=0.3023 cov=[0.0015, 0.0016] ov=[0.01478, 0.01492] P=15 S=63 arc=0.78 lr=0.063 w_ov=0.256 iou=[0.99, 0.982] acc=5
r14 139s L=0.2852 cov=[0.0015, 0.0016] ov=[0.01397, 0.01403] P=15 S=62 arc=0.82 lr=0.088 w_ov=0.273 iou=[0.99, 0.982] acc=4
r15 147s L=0.2719 cov=[0.0016, 0.0016] ov=[0.01323, 0.01343] P=15 S=62 arc=0.87 lr=0.088 w_ov=0.29 iou=[0.99, 0.982] acc=3
r16 157s L=0.2587 cov=[0.0017, 0.0017] ov=[0.01249, 0.01283] P=15 S=62 arc=0.90 lr=0.088 w_ov=0.309 iou=[0.989, 0.982] acc=1
r17 167s L=0.2438 cov=[0.0018, 0.0017] ov=[0.01182, 0.01201] P=15 S=61 arc=0.90 lr=0.063 w_ov=0.334 iou=[0.988, 0.982] acc=2
r18 177s L=0.2326 cov=[0.0019, 0.0018] ov=[0.01129, 0.01139] P=16 S=65 arc=0.91 lr=0.088 w_ov=0.361 iou=[0.988, 0.982] acc=1
r19 186s L=0.2071 cov=[0.0018, 0.0018] ov=[0.00986, 0.01027] P=16 S=65 arc=0.89 lr=0.063 w_ov=0.39 iou=[0.988, 0.98] acc=3
r20 197s L=0.1931 cov=[0.0018, 0.0019] ov=[0.00905, 0.00966] P=17 S=69 arc=0.86 lr=0.088 w_ov=0.417 iou=[0.987, 0.98] acc=3
r21 208s L=0.1598 cov=[0.0019, 0.0023] ov=[0.00713, 0.00818] P=17 S=68 arc=0.87 lr=0.088 w_ov=0.453 iou=[0.984, 0.98] acc=1
r22 218s L=0.1334 cov=[0.002, 0.0024] ov=[0.00583, 0.00683] P=17 S=68 arc=0.85 lr=0.088 w_ov=0.493 iou=[0.984, 0.977] acc=2
r23 227s L=0.1164 cov=[0.002, 0.0025] ov=[0.00506, 0.0059] P=17 S=68 arc=0.85 lr=0.044 w_ov=0.533 iou=[0.985, 0.977] acc=1
r24 238s L=0.1063 cov=[0.002, 0.0025] ov=[0.00452, 0.00542] P=17 S=68 arc=0.85 lr=0.044 w_ov=0.573 iou=[0.985, 0.978] acc=3
r25 247s L=0.09739 cov=[0.002, 0.0026] ov=[0.00408, 0.00497] P=17 S=68 arc=0.87 lr=0.044 w_ov=0.621 iou=[0.985, 0.977] acc=2
r26 257s L=0.09365 cov=[0.0024, 0.0031] ov=[0.00386, 0.00472] P=17 S=70 arc=0.86 lr=0.088 w_ov=0.667 iou=[0.985, 0.975] acc=4
r27 265s L=0.07499 cov=[0.0021, 0.0028] ov=[0.00296, 0.00381] P=17 S=69 arc=0.86 lr=0.088 w_ov=0.719 iou=[0.985, 0.976] acc=1
r28 274s L=0.07381 cov=[0.0027, 0.0034] ov=[0.00278, 0.00374] P=17 S=69 arc=0.86 lr=0.088 w_ov=0.766 iou=[0.981, 0.976] acc=0
r29 283s L=0.0533 cov=[0.0022, 0.003] ov=[0.00187, 0.0027] P=17 S=68 arc=0.87 lr=0.044 w_ov=0.818 iou=[0.984, 0.975] acc=3
r30 293s L=0.04703 cov=[0.0022, 0.0031] ov=[0.00158, 0.00236] P=17 S=67 arc=0.90 lr=0.022 w_ov=0.881 iou=[0.983, 0.975] acc=2
r31 301s L=0.04253 cov=[0.0023, 0.0032] ov=[0.00139, 0.00208] P=17 S=67 arc=0.90 lr=0.044 w_ov=0.946 iou=[0.983, 0.974] acc=2
r32 312s L=0.04233 cov=[0.0024, 0.0033] ov=[0.00146, 0.00197] P=17 S=67 arc=0.91 lr=0.044 w_ov=1.01 iou=[0.983, 0.973] acc=0
r33 321s L=0.03292 cov=[0.0024, 0.0033] ov=[0.00103, 0.00146] P=17 S=68 arc=0.91 lr=0.044 w_ov=1.09 iou=[0.983, 0.972] acc=2
r34 330s L=0.03363 cov=[0.0025, 0.0035] ov=[0.00107, 0.00145] P=17 S=68 arc=0.91 lr=0.022 w_ov=1.18 iou=[0.983, 0.973] acc=4
r35 339s L=0.02791 cov=[0.0024, 0.0034] ov=[0.00087, 0.0011] P=17 S=68 arc=0.96 lr=0.016 w_ov=1.26 iou=[0.984, 0.972] acc=0
r36 348s L=0.02702 cov=[0.0024, 0.0034] ov=[0.00084, 0.00105] P=17 S=68 arc=0.96 lr=0.022 w_ov=1.35 iou=[0.984, 0.972] acc=0
r37 357s L=0.02637 cov=[0.0024, 0.0034] ov=[0.00082, 0.001] P=17 S=68 arc=0.96 lr=0.022 w_ov=1.45 iou=[0.983, 0.972] acc=0
r38 367s L=0.02438 cov=[0.0025, 0.0035] ov=[0.00072, 0.00088] P=17 S=68 arc=0.96 lr=0.0078 w_ov=1.55 iou=[0.982, 0.972] acc=2
r39 377s L=0.02333 cov=[0.0025, 0.0035] ov=[0.00068, 0.00082] P=17 S=68 arc=0.97 lr=0.022 w_ov=1.67 iou=[0.982, 0.971] acc=0
r40 387s L=0.02217 cov=[0.0026, 0.0035] ov=[0.00064, 0.00073] P=17 S=68 arc=0.96 lr=0.011 w_ov=1.8 iou=[0.982, 0.971] acc=1
r41 396s L=0.02116 cov=[0.0027, 0.0036] ov=[0.0006, 0.00066] P=17 S=68 arc=0.96 lr=0.011 w_ov=1.94 iou=[0.981, 0.97] acc=0
r42 406s L=0.02058 cov=[0.0027, 0.0036] ov=[0.00059, 0.00061] P=17 S=68 arc=0.96 lr=0.011 w_ov=2.09 iou=[0.981, 0.97] acc=0
r43 415s L=0.01972 cov=[0.0027, 0.0036] ov=[0.00056, 0.00055] P=17 S=68 arc=0.94 lr=0.0078 w_ov=2.26 iou=[0.982, 0.971] acc=2
r44 425s L=0.01945 cov=[0.0028, 0.0036] ov=[0.00055, 0.00052] P=17 S=68 arc=0.94 lr=0.0078 w_ov=2.42 iou=[0.981, 0.97] acc=1
r45 434s L=0.01798 cov=[0.0028, 0.0037] ov=[0.0005, 0.00041] P=16 S=63 arc=0.95 lr=0.0078 w_ov=2.62 iou=[0.98, 0.968] acc=2
r46 442s L=0.01776 cov=[0.0031, 0.0043] ov=[0.00046, 0.00035] P=15 S=60 arc=0.95 lr=0.016 w_ov=2.8 iou=[0.978, 0.965] acc=2
r47 451s L=0.01748 cov=[0.0033, 0.0049] ov=[0.00044, 0.00029] P=14 S=57 arc=0.96 lr=0.016 w_ov=2.98 iou=[0.971, 0.956] acc=1
r48 460s L=0.01831 cov=[0.0044, 0.0057] ov=[0.00037, 0.00025] P=13 S=55 arc=0.96 lr=0.031 w_ov=3.19 iou=[0.967, 0.95] acc=3
r49 469s L=0.0187 cov=[0.0051, 0.0066] ov=[0.00032, 0.00019] P=12 S=51 arc=0.96 lr=0.022 w_ov=3.41 iou=[0.96, 0.946] acc=3
r50 477s L=0.0217 cov=[0.0066, 0.0084] ov=[0.00028, 0.00022] P=11 S=49 arc=0.94 lr=0.022 w_ov=3.66 iou=[0.951, 0.934] acc=4
r51 486s L=0.02309 cov=[0.0073, 0.0103] ov=[0.00027, 0.00013] P=10 S=46 arc=0.89 lr=0.016 w_ov=3.9 iou=[0.947, 0.925] acc=6
r52 494s L=0.02584 cov=[0.0094, 0.0114] ov=[0.00024, 0.00012] P=9 S=42 arc=0.88 lr=0.022 w_ov=4.18 iou=[0.928, 0.908] acc=4
r53 502s L=0.03166 cov=[0.0126, 0.0144] ov=[0.00021, 0.00012] P=8 S=39 arc=0.77 lr=0.016 w_ov=4.45 iou=[0.909, 0.896] acc=6
r54 508s L=0.0364 cov=[0.0165, 0.0172] ov=[0.00012, 4e-05] P=7 S=36 arc=0.81 lr=0.022 w_ov=4.7 iou=[0.872, 0.859] acc=6
r55 514s L=0.04652 cov=[0.0199, 0.0199] ov=[0.00012, 0.00045] P=6 S=36 arc=0.81 lr=0.044 w_ov=4.95 iou=[0.829, 0.831] acc=10
r56 521s L=0.05356 cov=[0.025, 0.0256] ov=[0.00012, 8e-05] P=5 S=33 arc=0.82 lr=0.044 w_ov=5.18 iou=[0.796, 0.795] acc=4
r57 528s L=0.05588 cov=[0.0258, 0.0287] ov=[3e-05, 2e-05] P=4 S=30 arc=0.83 lr=0.031 w_ov=5.46 iou=[0.777, 0.761] acc=4
r58 534s L=0.06914 cov=[0.0328, 0.0331] ov=[2e-05, 0.00023] P=4 S=36 arc=0.86 lr=0.063 w_ov=5.75 iou=[0.835, 0.834] acc=13
r59 541s L=0.05412 cov=[0.0263, 0.0249] ov=[7e-05, 0.00015] P=4 S=38 arc=0.82 lr=0.063 w_ov=6.04 iou=[0.864, 0.866] acc=13
r60 550s L=0.04341 cov=[0.0229, 0.0192] ov=[1e-05, 5e-05] P=4 S=36 arc=0.86 lr=0.031 w_ov=6.38 iou=[0.877, 0.898] acc=5
r61 558s L=0.03664 cov=[0.0199, 0.0154] ov=[0.0, 5e-05] P=4 S=35 arc=0.89 lr=0.031 w_ov=6.83 iou=[0.893, 0.911] acc=4
r62 567s L=0.0353 cov=[0.0194, 0.0147] ov=[1e-05, 4e-05] P=4 S=35 arc=0.89 lr=0.0014 w_ov=7.27 iou=[0.892, 0.914] acc=3
r63 575s L=0.03286 cov=[0.018, 0.0134] ov=[3e-05, 5e-05] P=4 S=33 arc=0.94 lr=0.022 w_ov=7.76 iou=[0.901, 0.918] acc=4
r64 582s L=0.035 cov=[0.0178, 0.0124] ov=[0.0003, 0.00011] P=4 S=41 arc=0.90 lr=0.031 w_ov=8.23 iou=[0.9, 0.919] acc=11
r65 591s L=0.02652 cov=[0.0151, 0.01] ov=[3e-05, 3e-05] P=4 S=41 arc=0.85 lr=0.031 w_ov=8.71 iou=[0.913, 0.935] acc=7
r66 600s L=0.02553 cov=[0.0149, 0.0097] ov=[0.0, 1e-05] P=4 S=40 arc=0.88 lr=0.031 w_ov=9.33 iou=[0.913, 0.936] acc=5
r67 608s L=0.02369 cov=[0.0135, 0.0093] ov=[0.0, 1e-05] P=4 S=40 arc=0.85 lr=0.022 w_ov=9.98 iou=[0.92, 0.939] acc=3
{
 "Rotate": {
  "proposed": 556,
  "accepted": 7,
  "scope": "per-target",
  "rate": 0.012589928057553957
 },
 "SwapPoses": {
  "proposed": 500,
  "accepted": 0,
  "scope": "per-target",
  "rate": 0.0
 },
 "CutPart": {
  "proposed": 504,
  "accepted": 8,
  "scope": "shared",
  "rate": 0.015873015873015872
 },
 "Split": {
  "proposed": 1220,
  "accepted": 50,
  "scope": "shared",
  "rate": 0.040983606557377046
 },
 "ToLine": {
  "proposed": 782,
  "accepted": 64,
  "scope": "shared",
  "rate": 0.08184143222506395
 },
 "AddPart": {
  "proposed": 303,
  "accepted": 5,
  "scope": "shared",
  "rate": 0.0165016501650165
 },
 "Merge": {
  "proposed": 270,
  "accepted": 29,
  "scope": "shared",
  "rate": 0.10740740740740741
 },
 "ToArc": {
  "proposed": 136,
  "accepted": 62,
  "scope": "shared",
  "rate": 0.45588235294117646
 },
 "RemoveSmallPart": {
  "proposed": 81,
  "accepted": 0,
  "scope": "shared",
  "rate": 0.0
 },
 "forced:RemoveSmallPart": {
  "proposed": 0,
  "accepted": 13,
  "scope": "shared",
  "rate": 13.0
 }
}
EVAL avg_chamfer=9.434 avg_hausdorff=39.012 pieces=4->4 loss=0.02369
