r0 13s L=1.866 cov=[0.0136, 0.0469] ov=[0.07444, 0.106] P=6 S=73 arc=0.00 lr=0.5 w_ov=0.1 iou=[0.944, 0.867] acc=14
r1 25s L=1.616 cov=[0.0133, 0.0163] ov=[0.07152, 0.08694] P=6 S=74 arc=0.14 lr=0.5 w_ov=0.103 iou=[0.946, 0.934] acc=12
r2 38s L=1.466 cov=[0.0117, 0.0144] ov=[0.06505, 0.07875] P=6 S=68 arc=0.21 lr=0.18 w_ov=0.105 iou=[0.95, 0.94] acc=12
r3 51s L=1.306 cov=[0.0122, 0.0122] ov=[0.05756, 0.07046] P=6 S=65 arc=0.28 lr=0.18 w_ov=0.108 iou=[0.951, 0.947] acc=12
r4 65s L=1.224 cov=[0.0122, 0.0106] ov=[0.05454, 0.06549] P=6 S=63 arc=0.43 lr=0.18 w_ov=0.11 iou=[0.952, 0.95] acc=8
r5 79s L=1.17 cov=[0.0121, 0.0097] ov=[0.05218, 0.06255] P=6 S=62 arc=0.53 lr=0.18 w_ov=0.113 iou=[0.953, 0.954] acc=4
r6 92s L=1.137 cov=[0.0121, 0.0093] ov=[0.05111, 0.06036] P=6 S=62 arc=0.56 lr=0.18 w_ov=0.116 iou=[0.953, 0.955] acc=8
r7 106s L=1.109 cov=[0.0122, 0.009] ov=[0.04982, 0.05884] P=6 S=62 arc=0.68 lr=0.25 w_ov=0.119 iou=[0.952, 0.956] acc=3
r8 120s L=1.069 cov=[0.013, 0.009] ov=[0.04762, 0.05698] P=6 S=61 arc=0.67 lr=0.25 w_ov=0.123 iou=[0.951, 0.954] acc=14
r9 133s L=1.002 cov=[0.012, 0.0093] ov=[0.04405, 0.05387] P=6 S=60 arc=0.68 lr=0.25 w_ov=0.126 iou=[0.953, 0.956] acc=6
r10 146s L=0.9514 cov=[0.0124, 0.0092] ov=[0.04121, 0.05165] P=6 S=59 arc=0.71 lr=0.13 w_ov=0.129 iou=[0.951, 0.957] acc=6
r11 159s L=0.9035 cov=[0.0118, 0.009] ov=[0.03933, 0.04881] P=6 S=60 arc=0.75 lr=0.18 w_ov=0.132 iou=[0.954, 0.958] acc=6
r12 172s L=0.8555 cov=[0.0119, 0.0087] ov=[0.03694, 0.04644] P=6 S=61 arc=0.80 lr=0.25 w_ov=0.136 iou=[0.953, 0.959] acc=4
r13 184s L=0.819 cov=[0.0121, 0.0084] ov=[0.03551, 0.04422] P=6 S=61 arc=0.79 lr=0.25 w_ov=0.139 iou=[0.952, 0.961] acc=10
r14 197s L=0.7566 cov=[0.0134, 0.0083] ov=[0.03173, 0.04164] P=6 S=63 arc=0.75 lr=0.25 w_ov=0.142 iou=[0.944, 0.961] acc=12
r15 211s L=0.7035 cov=[0.013, 0.0083] ov=[0.02918, 0.03892] P=6 S=61 arc=0.80 lr=0.13 w_ov=0.146 iou=[0.946, 0.961] acc=5
r16 224s L=0.6808 cov=[0.0117, 0.0082] ov=[0.02855, 0.03742] P=6 S=60 arc=0.85 lr=0.13 w_ov=0.15 iou=[0.953, 0.96] acc=2
r17 237s L=0.6515 cov=[0.0119, 0.0081] ov=[0.02705, 0.03598] P=6 S=60 arc=0.85 lr=0.13 w_ov=0.154 iou=[0.952, 0.961] acc=2
r18 250s L=0.6346 cov=[0.012, 0.0079] ov=[0.02637, 0.03498] P=6 S=60 arc=0.85 lr=0.18 w_ov=0.158 iou=[0.953, 0.961] acc=3
r19 264s L=0.6173 cov=[0.0122, 0.0079] ov=[0.02588, 0.03373] P=6 S=60 arc=0.87 lr=0.18 w_ov=0.162 iou=[0.951, 0.96] acc=1
r20 278s L=0.5905 cov=[0.0122, 0.0079] ov=[0.02422, 0.03272] P=6 S=61 arc=0.87 lr=0.18 w_ov=0.166 iou=[0.952, 0.961] acc=2
r21 291s L=0.5703 cov=[0.0124, 0.0078] ov=[0.02321, 0.03168] P=6 S=61 arc=0.87 lr=0.18 w_ov=0.171 iou=[0.951, 0.961] acc=0
r22 305s L=0.5579 cov=[0.0122, 0.0077] ov=[0.02301, 0.03066] P=6 S=61 arc=0.85 lr=0.18 w_ov=0.175 iou=[0.952, 0.96] acc=2
r23 318s L=0.5297 cov=[0.0126, 0.0077] ov=[0.02134, 0.02949] P=6 S=61 arc=0.85 lr=0.18 w_ov=0.18 iou=[0.95, 0.96] acc=4
r24 331s L=0.5141 cov=[0.0123, 0.0077] ov=[0.02085, 0.02845] P=6 S=61 arc=0.87 lr=0.13 w_ov=0.184 iou=[0.951, 0.96] acc=3
r25 344s L=0.4971 cov=[0.0123, 0.0076] ov=[0.02023, 0.02737] P=6 S=61 arc=0.89 lr=0.13 w_ov=0.189 iou=[0.951, 0.96] acc=2
r26 357s L=0.481 cov=[0.0124, 0.0076] ov=[0.01944, 0.02654] P=6 S=61 arc=0.92 lr=0.18 w_ov=0.194 iou=[0.95, 0.96] acc=1
r27 371s L=0.4654 cov=[0.0125, 0.0076] ov=[0.01893, 0.02548] P=6 S=61 arc=0.92 lr=0.13 w_ov=0.198 iou=[0.951, 0.96] acc=3
r28 384s L=0.4515 cov=[0.0125, 0.0077] ov=[0.01821, 0.0248] P=6 S=61 arc=0.95 lr=0.13 w_ov=0.204 iou=[0.951, 0.959] acc=0
r29 397s L=0.4344 cov=[0.0126, 0.0077] ov=[0.01731, 0.02398] P=6 S=60 arc=0.95 lr=0.13 w_ov=0.209 iou=[0.95, 0.96] acc=1
r30 410s L=0.4261 cov=[0.0125, 0.0078] ov=[0.01701, 0.02345] P=6 S=60 arc=0.95 lr=0.18 w_ov=0.214 iou=[0.95, 0.96] acc=0
r31 423s L=0.4166 cov=[0.0126, 0.0078] ov=[0.01663, 0.02287] P=6 S=60 arc=0.95 lr=0.25 w_ov=0.219 iou=[0.95, 0.959] acc=1
r32 438s L=0.4002 cov=[0.0126, 0.0079] ov=[0.01574, 0.02211] P=6 S=60 arc=0.95 lr=0.088 w_ov=0.225 iou=[0.95, 0.96] acc=1
r33 450s L=0.391 cov=[0.0127, 0.008] ov=[0.01524, 0.02168] P=6 S=60 arc=0.93 lr=0.088 w_ov=0.232 iou=[0.949, 0.959] acc=2
r34 464s L=0.3743 cov=[0.0127, 0.0081] ov=[0.0146, 0.02063] P=6 S=60 arc=0.95 lr=0.13 w_ov=0.237 iou=[0.95, 0.958] acc=0
r35 475s L=0.3614 cov=[0.0128, 0.0082] ov=[0.01392, 0.02] P=6 S=59 arc=0.95 lr=0.18 w_ov=0.244 iou=[0.95, 0.959] acc=1
r36 487s L=0.3704 cov=[0.0131, 0.0083] ov=[0.01476, 0.02002] P=6 S=59 arc=0.95 lr=0.088 w_ov=0.249 iou=[0.95, 0.958] acc=1
r37 500s L=0.3461 cov=[0.0128, 0.0083] ov=[0.01323, 0.01916] P=6 S=59 arc=0.95 lr=0.088 w_ov=0.255 iou=[0.951, 0.959] acc=2
r38 513s L=0.3425 cov=[0.0128, 0.0083] ov=[0.01304, 0.01898] P=6 S=59 arc=0.97 lr=0.044 w_ov=0.261 iou=[0.95, 0.958] acc=0
r39 525s L=0.3404 cov=[0.0128, 0.0083] ov=[0.01295, 0.01886] P=6 S=59 arc=0.97 lr=0.031 w_ov=0.268 iou=[0.95, 0.958] acc=0
r40 539s L=0.3373 cov=[0.0128, 0.0084] ov=[0.01277, 0.01872] P=6 S=59 arc=0.97 lr=0.063 w_ov=0.274 iou=[0.95, 0.958] acc=0
r41 551s L=0.3332 cov=[0.0128, 0.0084] ov=[0.01254, 0.01853] P=6 S=59 arc=0.95 lr=0.088 w_ov=0.281 iou=[0.951, 0.958] acc=2
r42 564s L=0.3321 cov=[0.0128, 0.0084] ov=[0.01243, 0.01854] P=6 S=58 arc=0.97 lr=0.13 w_ov=0.288 iou=[0.95, 0.958] acc=1
r43 577s L=0.3262 cov=[0.0129, 0.0085] ov=[0.01217, 0.0182] P=6 S=58 arc=0.97 lr=0.063 w_ov=0.295 iou=[0.95, 0.958] acc=0
r44 591s L=0.3236 cov=[0.0129, 0.0085] ov=[0.012, 0.01811] P=6 S=58 arc=0.97 lr=0.13 w_ov=0.303 iou=[0.95, 0.958] acc=0
r45 605s L=0.3134 cov=[0.0131, 0.0086] ov=[0.01152, 0.01754] P=6 S=58 arc=0.97 lr=0.063 w_ov=0.311 iou=[0.95, 0.958] acc=1
r46 618s L=0.3059 cov=[0.0131, 0.0085] ov=[0.01133, 0.01698] P=6 S=58 arc=0.98 lr=0.088 w_ov=0.319 iou=[0.949, 0.958] acc=0
r47 631s L=0.2991 cov=[0.0131, 0.0086] ov=[0.01102, 0.0166] P=6 S=58 arc=0.98 lr=0.044 w_ov=0.327 iou=[0.949, 0.958] acc=0
r48 645s L=0.2956 cov=[0.0132, 0.0086] ov=[0.01086, 0.01641] P=6 S=58 arc=0.98 lr=0.063 w_ov=0.336 iou=[0.949, 0.958] acc=0
r49 657s L=0.2892 cov=[0.0133, 0.0087] ov=[0.01052, 0.01609] P=6 S=58 arc=0.98 lr=0.088 w_ov=0.345 iou=[0.949, 0.957] acc=1
r50 671s L=0.2855 cov=[0.0132, 0.0087] ov=[0.01035, 0.01589] P=6 S=58 arc=0.98 lr=0.088 w_ov=0.353 iou=[0.949, 0.957] acc=1
r51 683s L=0.278 cov=[0.0133, 0.0088] ov=[0.00996, 0.01552] P=6 S=58 arc=0.97 lr=0.063 w_ov=0.362 iou=[0.947, 0.956] acc=1
r52 697s L=0.272 cov=[0.0134, 0.0088] ov=[0.00967, 0.01519] P=6 S=58 arc=0.97 lr=0.088 w_ov=0.371 iou=[0.947, 0.956] acc=0
r53 710s L=0.2585 cov=[0.0137, 0.009] ov=[0.00903, 0.01443] P=6 S=59 arc=0.97 lr=0.13 w_ov=0.381 iou=[0.947, 0.956] acc=2
r54 724s L=0.2478 cov=[0.0136, 0.009] ov=[0.00859, 0.01381] P=6 S=57 arc=0.98 lr=0.063 w_ov=0.391 iou=[0.947, 0.956] acc=2
r55 737s L=0.2417 cov=[0.0137, 0.0091] ov=[0.00824, 0.01354] P=6 S=57 arc=0.98 lr=0.088 w_ov=0.401 iou=[0.947, 0.957] acc=0
r56 749s L=0.237 cov=[0.0136, 0.0091] ov=[0.00799, 0.01332] P=6 S=57 arc=0.98 lr=0.13 w_ov=0.411 iou=[0.947, 0.956] acc=0
r57 763s L=0.2243 cov=[0.0139, 0.0093] ov=[0.0074, 0.0126] P=6 S=57 arc=0.96 lr=0.13 w_ov=0.421 iou=[0.947, 0.956] acc=1
r58 776s L=0.2161 cov=[0.0138, 0.0094] ov=[0.00708, 0.0121] P=6 S=57 arc=0.95 lr=0.18 w_ov=0.433 iou=[0.947, 0.955] acc=3
r59 789s L=0.2092 cov=[0.0138, 0.0095] ov=[0.00676, 0.01171] P=6 S=57 arc=0.98 lr=0.088 w_ov=0.444 iou=[0.945, 0.956] acc=0
r60 803s L=0.2007 cov=[0.0139, 0.0095] ov=[0.0063, 0.01132] P=6 S=57 arc=0.98 lr=0.088 w_ov=0.455 iou=[0.946, 0.955] acc=1
r61 817s L=0.1934 cov=[0.014, 0.0096] ov=[0.00582, 0.01104] P=6 S=57 arc=1.00 lr=0.13 w_ov=0.467 iou=[0.946, 0.955] acc=0
r62 830s L=0.1895 cov=[0.014, 0.0097] ov=[0.00556, 0.01089] P=6 S=56 arc=1.00 lr=0.063 w_ov=0.48 iou=[0.946, 0.954] acc=1
r63 843s L=0.1761 cov=[0.0143, 0.01] ov=[0.00485, 0.01021] P=6 S=56 arc=1.00 lr=0.088 w_ov=0.492 iou=[0.944, 0.953] acc=0
r64 856s L=0.1689 cov=[0.0144, 0.01] ov=[0.00451, 0.00982] P=6 S=57 arc=1.00 lr=0.13 w_ov=0.504 iou=[0.944, 0.953] acc=1
r65 870s L=0.1569 cov=[0.0145, 0.0101] ov=[0.00392, 0.00919] P=6 S=57 arc=1.00 lr=0.18 w_ov=0.517 iou=[0.944, 0.953] acc=0
r66 884s L=0.1479 cov=[0.0146, 0.0102] ov=[0.0036, 0.00859] P=6 S=59 arc=0.97 lr=0.18 w_ov=0.531 iou=[0.944, 0.953] acc=5
r67 898s L=0.1314 cov=[0.0145, 0.0106] ov=[0.00285, 0.00767] P=6 S=59 arc=0.97 lr=0.18 w_ov=0.545 iou=[0.943, 0.952] acc=0
r68 912s L=0.1229 cov=[0.0144, 0.0107] ov=[0.00245, 0.00721] P=6 S=58 arc=0.97 lr=0.063 w_ov=0.56 iou=[0.944, 0.951] acc=1
r69 926s L=0.1164 cov=[0.0144, 0.0108] ov=[0.0021, 0.0069] P=6 S=58 arc=0.97 lr=0.063 w_ov=0.576 iou=[0.944, 0.951] acc=0
r70 940s L=0.1153 cov=[0.0144, 0.0108] ov=[0.00208, 0.00682] P=6 S=58 arc=0.97 lr=0.088 w_ov=0.591 iou=[0.944, 0.95] acc=0
r71 954s L=0.1095 cov=[0.0144, 0.0109] ov=[0.00172, 0.00658] P=6 S=58 arc=0.97 lr=0.088 w_ov=0.607 iou=[0.944, 0.95] acc=1
r72 967s L=0.1064 cov=[0.0144, 0.011] ov=[0.00158, 0.00641] P=6 S=59 arc=0.98 lr=0.13 w_ov=0.624 iou=[0.944, 0.949] acc=2
r73 980s L=0.1037 cov=[0.0144, 0.0109] ov=[0.00153, 0.00619] P=6 S=59 arc=1.00 lr=0.13 w_ov=0.639 iou=[0.944, 0.95] acc=0
r74 993s L=0.1036 cov=[0.0145, 0.011] ov=[0.00136, 0.00633] P=6 S=60 arc=1.00 lr=0.13 w_ov=0.656 iou=[0.943, 0.95] acc=1
r75 1006s L=0.09963 cov=[0.0145, 0.0109] ov=[0.00127, 0.00602] P=6 S=60 arc=0.97 lr=0.13 w_ov=0.672 iou=[0.943, 0.95] acc=2
r76 1020s L=0.09726 cov=[0.0144, 0.0109] ov=[0.0013, 0.00578] P=6 S=60 arc=0.97 lr=0.044 w_ov=0.689 iou=[0.944, 0.95] acc=1
r77 1034s L=0.09582 cov=[0.0144, 0.0109] ov=[0.00124, 0.00569] P=6 S=60 arc=0.97 lr=0.063 w_ov=0.708 iou=[0.944, 0.951] acc=1
r78 1049s L=0.09522 cov=[0.0145, 0.0109] ov=[0.00126, 0.00561] P=6 S=60 arc=0.97 lr=0.088 w_ov=0.727 iou=[0.944, 0.951] acc=1
r79 1062s L=0.09412 cov=[0.0145, 0.0109] ov=[0.0012, 0.00556] P=6 S=60 arc=0.98 lr=0.031 w_ov=0.749 iou=[0.944, 0.95] acc=0
r80 1076s L=0.09275 cov=[0.0145, 0.0109] ov=[0.00112, 0.00549] P=6 S=60 arc=0.98 lr=0.044 w_ov=0.768 iou=[0.943, 0.951] acc=0
r81 1089s L=0.09137 cov=[0.0145, 0.0109] ov=[0.00107, 0.0054] P=6 S=60 arc=0.98 lr=0.022 w_ov=0.789 iou=[0.943, 0.951] acc=0
r82 1104s L=0.09018 cov=[0.0145, 0.011] ov=[0.00102, 0.00533] P=6 S=60 arc=0.98 lr=0.031 w_ov=0.809 iou=[0.943, 0.951] acc=0
r83 1118s L=0.08875 cov=[0.0146, 0.011] ov=[0.00098, 0.00521] P=6 S=60 arc=0.98 lr=0.063 w_ov=0.833 iou=[0.942, 0.951] acc=0
r84 1133s L=0.08742 cov=[0.0146, 0.011] ov=[0.00094, 0.00512] P=6 S=60 arc=0.98 lr=0.022 w_ov=0.855 iou=[0.942, 0.95] acc=0
r85 1144s L=0.08658 cov=[0.0146, 0.011] ov=[0.00092, 0.00505] P=6 S=60 arc=0.98 lr=0.016 w_ov=0.879 iou=[0.942, 0.95] acc=1
r86 1158s L=0.08568 cov=[0.0147, 0.011] ov=[0.00089, 0.00498] P=6 S=60 arc=1.00 lr=0.031 w_ov=0.899 iou=[0.942, 0.95] acc=0
r87 1172s L=0.08489 cov=[0.0147, 0.0111] ov=[0.00087, 0.00492] P=6 S=60 arc=1.00 lr=0.022 w_ov=0.922 iou=[0.942, 0.95] acc=0
r88 1184s L=0.08404 cov=[0.0147, 0.0111] ov=[0.00084, 0.00486] P=6 S=60 arc=1.00 lr=0.031 w_ov=0.948 iou=[0.942, 0.95] acc=0
r89 1198s L=0.08217 cov=[0.0149, 0.0111] ov=[0.00077, 0.00472] P=6 S=59 arc=1.00 lr=0.044 w_ov=0.971 iou=[0.942, 0.95] acc=1
r90 1212s L=0.07881 cov=[0.015, 0.0112] ov=[0.00071, 0.00444] P=6 S=59 arc=1.00 lr=0.022 w_ov=0.997 iou=[0.941, 0.949] acc=0
r91 1226s L=0.07758 cov=[0.015, 0.0112] ov=[0.00068, 0.00434] P=6 S=59 arc=1.00 lr=0.031 w_ov=1.02 iou=[0.94, 0.949] acc=0
r92 1239s L=0.0763 cov=[0.0151, 0.0112] ov=[0.00065, 0.00423] P=6 S=59 arc=1.00 lr=0.031 w_ov=1.05 iou=[0.94, 0.949] acc=0
r93 1252s L=0.07463 cov=[0.0152, 0.0112] ov=[0.00062, 0.00409] P=6 S=59 arc=1.00 lr=0.022 w_ov=1.08 iou=[0.94, 0.949] acc=0
r94 1266s L=0.07374 cov=[0.0153, 0.0112] ov=[0.00059, 0.00401] P=6 S=59 arc=0.98 lr=0.031 w_ov=1.11 iou=[0.94, 0.949] acc=1
r95 1280s L=0.07224 cov=[0.0154, 0.0112] ov=[0.00056, 0.00389] P=6 S=59 arc=0.98 lr=0.016 w_ov=1.14 iou=[0.939, 0.949] acc=1
r96 1294s L=0.07134 cov=[0.0154, 0.0112] ov=[0.00053, 0.00382] P=6 S=59 arc=1.00 lr=0.031 w_ov=1.17 iou=[0.939, 0.949] acc=0
r97 1309s L=0.07025 cov=[0.0155, 0.0112] ov=[0.0005, 0.00373] P=6 S=59 arc=1.00 lr=0.016 w_ov=1.2 iou=[0.939, 0.949] acc=0
r98 1324s L=0.06922 cov=[0.0155, 0.0113] ov=[0.00048, 0.00364] P=6 S=59 arc=1.00 lr=0.031 w_ov=1.23 iou=[0.938, 0.949] acc=0
r99 1338s L=0.06777 cov=[0.0156, 0.0113] ov=[0.00045, 0.00351] P=6 S=59 arc=1.00 lr=0.016 w_ov=1.27 iou=[0.938, 0.948] acc=0
r100 1351s L=0.06685 cov=[0.0157, 0.0113] ov=[0.00042, 0.00344] P=6 S=59 arc=0.98 lr=0.031 w_ov=1.3 iou=[0.938, 0.948] acc=1
r101 1365s L=0.06578 cov=[0.0157, 0.0114] ov=[0.0004, 0.00335] P=6 S=59 arc=0.98 lr=0.016 w_ov=1.34 iou=[0.938, 0.948] acc=0
r102 1379s L=0.0649 cov=[0.0158, 0.0114] ov=[0.00038, 0.00328] P=6 S=59 arc=0.98 lr=0.011 w_ov=1.37 iou=[0.938, 0.948] acc=0
r103 1392s L=0.06386 cov=[0.0159, 0.0115] ov=[0.00036, 0.00318] P=6 S=59 arc=0.98 lr=0.022 w_ov=1.41 iou=[0.938, 0.948] acc=0
r104 1406s L=0.06074 cov=[0.0161, 0.0116] ov=[0.00033, 0.00285] P=6 S=60 arc=0.98 lr=0.044 w_ov=1.45 iou=[0.937, 0.947] acc=1
r105 1419s L=0.05733 cov=[0.0163, 0.0115] ov=[0.0003, 0.00253] P=6 S=60 arc=0.98 lr=0.031 w_ov=1.48 iou=[0.936, 0.947] acc=0
r106 1432s L=0.05593 cov=[0.0164, 0.0115] ov=[0.00029, 0.00239] P=6 S=60 arc=0.97 lr=0.022 w_ov=1.52 iou=[0.936, 0.947] acc=1
r107 1446s L=0.05441 cov=[0.0165, 0.0115] ov=[0.00028, 0.00224] P=6 S=60 arc=0.97 lr=0.022 w_ov=1.56 iou=[0.936, 0.947] acc=0
r108 1460s L=0.05301 cov=[0.0166, 0.0116] ov=[0.00025, 0.00211] P=6 S=60 arc=0.97 lr=0.022 w_ov=1.61 iou=[0.936, 0.948] acc=0
r109 1474s L=0.05222 cov=[0.0167, 0.0116] ov=[0.00026, 0.00202] P=6 S=60 arc=0.97 lr=0.011 w_ov=1.65 iou=[0.935, 0.947] acc=1
r110 1490s L=0.05117 cov=[0.0168, 0.0116] ov=[0.00025, 0.00192] P=6 S=60 arc=0.98 lr=0.022 w_ov=1.69 iou=[0.935, 0.948] acc=0
r111 1503s L=0.05027 cov=[0.0168, 0.0116] ov=[0.00023, 0.00183] P=6 S=60 arc=0.98 lr=0.016 w_ov=1.74 iou=[0.935, 0.948] acc=0
r112 1518s L=0.0488 cov=[0.017, 0.0116] ov=[0.00021, 0.00169] P=6 S=60 arc=0.98 lr=0.016 w_ov=1.79 iou=[0.935, 0.948] acc=0
r113 1533s L=0.04592 cov=[0.0172, 0.0117] ov=[0.00018, 0.0014] P=6 S=60 arc=0.98 lr=0.031 w_ov=1.84 iou=[0.934, 0.948] acc=1
r114 1546s L=0.04414 cov=[0.0174, 0.0117] ov=[0.00017, 0.00122] P=6 S=60 arc=1.00 lr=0.016 w_ov=1.89 iou=[0.933, 0.947] acc=0
r115 1559s L=0.04324 cov=[0.0175, 0.0117] ov=[0.00015, 0.00114] P=6 S=60 arc=1.00 lr=0.0078 w_ov=1.94 iou=[0.932, 0.947] acc=0
r116 1573s L=0.04214 cov=[0.0176, 0.0117] ov=[0.00013, 0.00104] P=6 S=60 arc=1.00 lr=0.011 w_ov=1.99 iou=[0.932, 0.948] acc=0
r117 1586s L=0.04133 cov=[0.0177, 0.0117] ov=[0.00013, 0.00095] P=6 S=60 arc=1.00 lr=0.0078 w_ov=2.05 iou=[0.932, 0.947] acc=0
r118 1600s L=0.03831 cov=[0.0182, 0.0117] ov=[0.00013, 0.0006] P=6 S=59 arc=0.98 lr=0.011 w_ov=2.1 iou=[0.931, 0.947] acc=1
r119 1613s L=0.03812 cov=[0.0182, 0.0117] ov=[0.00012, 0.00059] P=6 S=59 arc=0.98 lr=0.0078 w_ov=2.15 iou=[0.931, 0.947] acc=0
r120 1626s L=0.03792 cov=[0.0182, 0.0117] ov=[0.00012, 0.00057] P=6 S=59 arc=0.98 lr=0.0055 w_ov=2.21 iou=[0.931, 0.947] acc=1
r121 1638s L=0.03783 cov=[0.0182, 0.0117] ov=[0.00012, 0.00056] P=6 S=59 arc=1.00 lr=0.0014 w_ov=2.26 iou=[0.931, 0.947] acc=0
r122 1650s L=0.0378 cov=[0.0182, 0.0117] ov=[0.00012, 0.00056] P=6 S=59 arc=0.98 lr=0.0002 w_ov=2.32 iou=[0.931, 0.947] acc=1
r123 1664s L=0.03779 cov=[0.0182, 0.0117] ov=[0.00012, 0.00056] P=6 S=59 arc=0.98 lr=0.0002 w_ov=2.37 iou=[0.931, 0.947] acc=0
r124 1676s L=0.03778 cov=[0.0182, 0.0117] ov=[0.00011, 0.00055] P=6 S=59 arc=0.98 lr=0.0002 w_ov=2.44 iou=[0.931, 0.947] acc=0
r125 1690s L=0.03777 cov=[0.0182, 0.0117] ov=[0.00011, 0.00055] P=6 S=59 arc=0.98 lr=0.0002 w_ov=2.5 iou=[0.931, 0.947] acc=0
r126 1703s L=0.03776 cov=[0.0182, 0.0117] ov=[0.00011, 0.00055] P=6 S=59 arc=0.98 lr=0.0002 w_ov=2.56 iou=[0.931, 0.947] acc=0
r127 1717s L=0.03774 cov=[0.0182, 0.0117] ov=[0.00011, 0.00055] P=6 S=59 arc=0.97 lr=0.0002 w_ov=2.63 iou=[0.931, 0.947] acc=1
r128 1731s L=0.03771 cov=[0.0182, 0.0117] ov=[0.00011, 0.00055] P=6 S=59 arc=0.97 lr=0.0002 w_ov=2.7 iou=[0.931, 0.947] acc=1
r129 1745s L=0.03769 cov=[0.0182, 0.0117] ov=[0.00011, 0.00055] P=6 S=59 arc=0.98 lr=0.0002 w_ov=2.77 iou=[0.931, 0.947] acc=0
r130 1758s L=0.03767 cov=[0.0182, 0.0117] ov=[0.00011, 0.00054] P=6 S=59 arc=0.97 lr=0.0002 w_ov=2.84 iou=[0.931, 0.947] acc=0
r131 1772s L=0.03764 cov=[0.0182, 0.0117] ov=[0.00011, 0.00054] P=6 S=59 arc=0.97 lr=0.0002 w_ov=2.92 iou=[0.931, 0.947] acc=1
r132 1785s L=0.03761 cov=[0.0182, 0.0117] ov=[0.00011, 0.00054] P=6 S=59 arc=0.97 lr=0.0002 w_ov=3 iou=[0.931, 0.947] acc=0
r133 1799s L=0.03757 cov=[0.0182, 0.0117] ov=[0.00011, 0.00054] P=6 S=59 arc=0.97 lr=0.00028 w_ov=3.08 iou=[0.931, 0.947] acc=0
r134 1814s L=0.03754 cov=[0.0182, 0.0117] ov=[0.00011, 0.00053] P=6 S=59 arc=0.97 lr=0.0002 w_ov=3.16 iou=[0.931, 0.947] acc=0
r135 1825s L=0.0375 cov=[0.0182, 0.0117] ov=[0.00011, 0.00053] P=6 S=59 arc=0.97 lr=0.0002 w_ov=3.25 iou=[0.931, 0.947] acc=0
r136 1840s L=0.03746 cov=[0.0183, 0.0117] ov=[0.0001, 0.00052] P=6 S=59 arc=0.97 lr=0.0002 w_ov=3.32 iou=[0.931, 0.947] acc=0
r137 1852s L=0.03742 cov=[0.0183, 0.0117] ov=[0.0001, 0.00052] P=6 S=59 arc=0.97 lr=0.0002 w_ov=3.41 iou=[0.931, 0.947] acc=0
r138 1866s L=0.03738 cov=[0.0183, 0.0118] ov=[0.0001, 0.00051] P=6 S=59 arc=0.97 lr=0.0002 w_ov=3.49 iou=[0.931, 0.947] acc=0
r139 1879s L=0.03734 cov=[0.0183, 0.0118] ov=[0.0001, 0.00051] P=6 S=59 arc=0.97 lr=0.0002 w_ov=3.59 iou=[0.931, 0.947] acc=0
r140 1893s L=0.0373 cov=[0.0183, 0.0118] ov=[0.0001, 0.00051] P=6 S=59 arc=0.97 lr=0.0002 w_ov=3.68 iou=[0.931, 0.947] acc=0
r141 1907s L=0.03725 cov=[0.0183, 0.0118] ov=[0.0001, 0.0005] P=6 S=59 arc=0.97 lr=0.0002 w_ov=3.78 iou=[0.931, 0.947] acc=0
r142 1920s L=0.03721 cov=[0.0183, 0.0118] ov=[0.0001, 0.0005] P=6 S=59 arc=0.97 lr=0.00028 w_ov=3.88 iou=[0.931, 0.947] acc=0
r143 1934s L=0.03717 cov=[0.0183, 0.0118] ov=[0.0001, 0.00049] P=6 S=59 arc=0.97 lr=0.0002 w_ov=3.98 iou=[0.931, 0.947] acc=1
r144 1947s L=0.03712 cov=[0.0183, 0.0118] ov=[9e-05, 0.00049] P=6 S=59 arc=0.98 lr=0.0002 w_ov=4.09 iou=[0.931, 0.947] acc=1
r145 1960s L=0.03706 cov=[0.0183, 0.0118] ov=[9e-05, 0.00048] P=6 S=59 arc=0.98 lr=0.0002 w_ov=4.2 iou=[0.931, 0.947] acc=0
r146 1975s L=0.03702 cov=[0.0183, 0.0118] ov=[9e-05, 0.00048] P=6 S=59 arc=0.98 lr=0.0002 w_ov=4.3 iou=[0.931, 0.947] acc=0
r147 1988s L=0.03697 cov=[0.0183, 0.0118] ov=[9e-05, 0.00048] P=6 S=59 arc=0.97 lr=0.0002 w_ov=4.42 iou=[0.931, 0.947] acc=1
r148 2001s L=0.03692 cov=[0.0183, 0.0118] ov=[9e-05, 0.00047] P=6 S=59 arc=0.97 lr=0.00028 w_ov=4.53 iou=[0.931, 0.947] acc=1
r149 2015s L=0.03659 cov=[0.0184, 0.0119] ov=[7e-05, 0.00044] P=6 S=59 arc=0.98 lr=0.0045 w_ov=4.65 iou=[0.931, 0.947] acc=1
r150 2027s L=0.03501 cov=[0.0187, 0.0121] ov=[5e-05, 0.00026] P=6 S=59 arc=1.00 lr=0.0091 w_ov=4.78 iou=[0.931, 0.946] acc=0
r151 2039s L=0.03462 cov=[0.0187, 0.0121] ov=[4e-05, 0.00022] P=6 S=59 arc=0.98 lr=0.0064 w_ov=4.89 iou=[0.931, 0.946] acc=1
r152 2053s L=0.0343 cov=[0.0188, 0.0121] ov=[3e-05, 0.00019] P=6 S=59 arc=0.98 lr=0.0091 w_ov=5 iou=[0.931, 0.945] acc=1
r153 2066s L=0.0341 cov=[0.0188, 0.0121] ov=[3e-05, 0.00017] P=6 S=58 arc=0.98 lr=0.0045 w_ov=5.14 iou=[0.93, 0.945] acc=1
r154 2081s L=0.03365 cov=[0.0189, 0.0121] ov=[2e-05, 0.00012] P=6 S=58 arc=0.98 lr=0.0011 w_ov=5.27 iou=[0.93, 0.945] acc=0
r155 2094s L=0.03362 cov=[0.0189, 0.0121] ov=[2e-05, 0.00012] P=6 S=58 arc=0.98 lr=0.00028 w_ov=5.42 iou=[0.93, 0.945] acc=0
r156 2106s L=0.03361 cov=[0.0189, 0.0121] ov=[2e-05, 0.00012] P=6 S=58 arc=0.98 lr=0.0002 w_ov=5.56 iou=[0.93, 0.945] acc=0
r157 2118s L=0.0336 cov=[0.0189, 0.0121] ov=[2e-05, 0.00012] P=6 S=58 arc=0.98 lr=0.0002 w_ov=5.69 iou=[0.93, 0.945] acc=0
r158 2131s L=0.0336 cov=[0.0189, 0.0121] ov=[2e-05, 0.00012] P=6 S=58 arc=0.97 lr=0.0002 w_ov=5.82 iou=[0.93, 0.945] acc=1
r159 2143s L=0.03359 cov=[0.0189, 0.0121] ov=[2e-05, 0.00011] P=6 S=58 arc=0.97 lr=0.0002 w_ov=5.97 iou=[0.93, 0.945] acc=0
r160 2156s L=0.03358 cov=[0.0189, 0.0121] ov=[2e-05, 0.00011] P=6 S=58 arc=0.97 lr=0.0002 w_ov=6.11 iou=[0.93, 0.945] acc=0
r161 2167s L=0.03358 cov=[0.0189, 0.0121] ov=[2e-05, 0.00011] P=6 S=58 arc=0.97 lr=0.0002 w_ov=6.26 iou=[0.93, 0.945] acc=0
r162 2180s L=0.03357 cov=[0.0189, 0.0121] ov=[2e-05, 0.00011] P=6 S=58 arc=0.97 lr=0.0002 w_ov=6.4 iou=[0.93, 0.945] acc=0
r163 2193s L=0.03356 cov=[0.0189, 0.0121] ov=[2e-05, 0.00011] P=6 S=58 arc=0.97 lr=0.00028 w_ov=6.56 iou=[0.93, 0.945] acc=0
r164 2207s L=0.03355 cov=[0.0189, 0.0121] ov=[2e-05, 0.00011] P=6 S=58 arc=0.97 lr=0.0002 w_ov=6.72 iou=[0.93, 0.945] acc=0
r165 2219s L=0.03354 cov=[0.0189, 0.0122] ov=[2e-05, 0.00011] P=6 S=58 arc=0.97 lr=0.0002 w_ov=6.9 iou=[0.93, 0.945] acc=0
r166 2232s L=0.03353 cov=[0.0189, 0.0122] ov=[2e-05, 0.00011] P=6 S=58 arc=0.97 lr=0.0002 w_ov=7.07 iou=[0.93, 0.945] acc=0
r167 2245s L=0.03352 cov=[0.0189, 0.0122] ov=[2e-05, 0.00011] P=6 S=58 arc=0.97 lr=0.0002 w_ov=7.24 iou=[0.93, 0.945] acc=0
r168 2260s L=0.03352 cov=[0.0189, 0.0122] ov=[2e-05, 0.00011] P=6 S=58 arc=0.97 lr=0.0002 w_ov=7.43 iou=[0.93, 0.945] acc=0
r169 2276s L=0.03351 cov=[0.0189, 0.0122] ov=[2e-05, 0.0001] P=6 S=58 arc=0.97 lr=0.00028 w_ov=7.65 iou=[0.93, 0.945] acc=0
r170 2288s L=0.0335 cov=[0.0189, 0.0122] ov=[2e-05, 0.0001] P=6 S=58 arc=0.97 lr=0.0002 w_ov=7.88 iou=[0.93, 0.945] acc=0
r171 2302s L=0.0335 cov=[0.0189, 0.0122] ov=[2e-05, 0.0001] P=6 S=58 arc=0.97 lr=0.0002 w_ov=8.06 iou=[0.93, 0.945] acc=1
r172 2316s L=0.03349 cov=[0.0189, 0.0122] ov=[2e-05, 0.0001] P=6 S=58 arc=0.98 lr=0.0002 w_ov=8.29 iou=[0.93, 0.945] acc=0
r173 2330s L=0.03348 cov=[0.0189, 0.0122] ov=[2e-05, 0.0001] P=6 S=58 arc=0.98 lr=0.0002 w_ov=8.52 iou=[0.931, 0.945] acc=0
r174 2341s L=0.03347 cov=[0.0189, 0.0122] ov=[2e-05, 0.0001] P=6 S=58 arc=0.98 lr=0.0002 w_ov=8.74 iou=[0.931, 0.945] acc=0
r175 2354s L=0.03346 cov=[0.0189, 0.0122] ov=[2e-05, 0.0001] P=6 S=58 arc=0.98 lr=0.0002 w_ov=8.94 iou=[0.931, 0.945] acc=0
r176 2368s L=0.03346 cov=[0.0189, 0.0122] ov=[2e-05, 0.0001] P=6 S=58 arc=0.98 lr=0.0002 w_ov=9.16 iou=[0.931, 0.945] acc=0
r177 2381s L=0.03345 cov=[0.019, 0.0122] ov=[2e-05, 0.0001] P=6 S=58 arc=0.98 lr=0.00028 w_ov=9.4 iou=[0.931, 0.945] acc=0
r178 2394s L=0.03344 cov=[0.019, 0.0122] ov=[2e-05, 9e-05] P=6 S=58 arc=0.98 lr=0.0002 w_ov=9.63 iou=[0.93, 0.945] acc=0
