r0 7s L=1.236 cov=[0.0255, 0.0487] ov=[0.03775, 0.07838] P=4 S=16 arc=0.00 lr=1 w_ov=0.1 iou=[0.686, 0.716] acc=4
r1 11s L=1.256 cov=[0.0104, 0.0203] ov=[0.05092, 0.07159] P=4 S=18 arc=0.00 lr=0.25 w_ov=0.105 iou=[0.943, 0.893] acc=7
r2 16s L=1.205 cov=[0.0066, 0.0099] ov=[0.04949, 0.06925] P=4 S=18 arc=0.28 lr=0.25 w_ov=0.109 iou=[0.963, 0.943] acc=6
r3 22s L=1.162 cov=[0.0074, 0.0101] ov=[0.04702, 0.06733] P=4 S=19 arc=0.47 lr=0.18 w_ov=0.114 iou=[0.964, 0.938] acc=6
r4 28s L=1.106 cov=[0.0055, 0.0086] ov=[0.04599, 0.06319] P=4 S=20 arc=0.60 lr=0.18 w_ov=0.119 iou=[0.971, 0.945] acc=6
r5 35s L=0.8493 cov=[0.0047, 0.0072] ov=[0.0359, 0.04778] P=4 S=20 arc=0.80 lr=0.25 w_ov=0.124 iou=[0.976, 0.956] acc=6
r6 41s L=0.7216 cov=[0.0041, 0.0082] ov=[0.03045, 0.04041] P=4 S=25 arc=0.76 lr=0.25 w_ov=0.131 iou=[0.978, 0.94] acc=8
r7 47s L=0.6686 cov=[0.0034, 0.0072] ov=[0.02917, 0.03656] P=4 S=23 arc=0.65 lr=0.13 w_ov=0.137 iou=[0.983, 0.941] acc=8
r8 53s L=0.6812 cov=[0.0025, 0.0071] ov=[0.03116, 0.03594] P=4 S=24 arc=0.58 lr=0.18 w_ov=0.144 iou=[0.986, 0.95] acc=8
r9 60s L=0.6104 cov=[0.0014, 0.0025] ov=[0.02803, 0.03255] P=4 S=21 arc=0.76 lr=0.18 w_ov=0.151 iou=[0.989, 0.98] acc=5
r10 67s L=0.5974 cov=[0.0011, 0.0018] ov=[0.0281, 0.03129] P=4 S=21 arc=0.81 lr=0.18 w_ov=0.159 iou=[0.991, 0.984] acc=4
r11 73s L=0.5874 cov=[0.0009, 0.0014] ov=[0.02821, 0.03023] P=4 S=19 arc=0.84 lr=0.18 w_ov=0.167 iou=[0.992, 0.986] acc=4
r12 79s L=0.5656 cov=[0.0009, 0.0013] ov=[0.02707, 0.02922] P=4 S=19 arc=0.84 lr=0.18 w_ov=0.176 iou=[0.992, 0.989] acc=2
r13 85s L=0.5368 cov=[0.001, 0.0013] ov=[0.02552, 0.02787] P=4 S=23 arc=0.83 lr=0.35 w_ov=0.184 iou=[0.992, 0.986] acc=6
r14 91s L=0.5443 cov=[0.0013, 0.0019] ov=[0.02607, 0.02798] P=4 S=23 arc=0.83 lr=0.18 w_ov=0.192 iou=[0.99, 0.987] acc=4
r15 98s L=0.4732 cov=[0.0011, 0.0008] ov=[0.02247, 0.0246] P=4 S=24 arc=0.79 lr=0.18 w_ov=0.202 iou=[0.991, 0.992] acc=1
r16 105s L=0.4469 cov=[0.0011, 0.0008] ov=[0.02145, 0.02299] P=4 S=23 arc=0.74 lr=0.18 w_ov=0.212 iou=[0.992, 0.992] acc=4
r17 111s L=0.4331 cov=[0.0011, 0.0007] ov=[0.02092, 0.02215] P=4 S=23 arc=0.74 lr=0.063 w_ov=0.223 iou=[0.992, 0.99] acc=3
r18 117s L=0.4101 cov=[0.0012, 0.0006] ov=[0.01991, 0.02086] P=4 S=23 arc=0.74 lr=0.088 w_ov=0.234 iou=[0.992, 0.992] acc=1
r19 123s L=0.3921 cov=[0.0012, 0.0006] ov=[0.01909, 0.01988] P=4 S=23 arc=0.65 lr=0.13 w_ov=0.246 iou=[0.991, 0.991] acc=3
r20 130s L=0.3737 cov=[0.0014, 0.0006] ov=[0.0183, 0.01881] P=4 S=26 arc=0.46 lr=0.25 w_ov=0.258 iou=[0.991, 0.993] acc=10
r21 137s L=0.3562 cov=[0.0016, 0.0006] ov=[0.01768, 0.01766] P=4 S=28 arc=0.61 lr=0.25 w_ov=0.271 iou=[0.99, 0.992] acc=13
r22 144s L=0.3299 cov=[0.0017, 0.0006] ov=[0.01634, 0.01635] P=4 S=27 arc=0.74 lr=0.13 w_ov=0.286 iou=[0.99, 0.992] acc=6
r23 150s L=0.3234 cov=[0.0016, 0.0007] ov=[0.01665, 0.0154] P=4 S=24 arc=0.83 lr=0.13 w_ov=0.302 iou=[0.99, 0.991] acc=5
r24 156s L=0.3124 cov=[0.0017, 0.0007] ov=[0.01594, 0.015] P=4 S=23 arc=0.87 lr=0.044 w_ov=0.317 iou=[0.99, 0.991] acc=3
r25 161s L=0.3009 cov=[0.0018, 0.0007] ov=[0.01531, 0.01447] P=4 S=23 arc=0.96 lr=0.044 w_ov=0.331 iou=[0.99, 0.99] acc=0
r26 167s L=0.2966 cov=[0.0018, 0.0007] ov=[0.01529, 0.01406] P=4 S=22 arc=0.91 lr=0.044 w_ov=0.345 iou=[0.99, 0.991] acc=2
r27 173s L=0.2928 cov=[0.0018, 0.0008] ov=[0.01513, 0.01383] P=4 S=22 arc=0.91 lr=0.044 w_ov=0.361 iou=[0.99, 0.99] acc=1
r28 179s L=0.2872 cov=[0.0019, 0.0008] ov=[0.01501, 0.01338] P=4 S=22 arc=0.91 lr=0.088 w_ov=0.376 iou=[0.988, 0.988] acc=1
r29 184s L=0.2711 cov=[0.0021, 0.0008] ov=[0.0141, 0.01266] P=4 S=22 arc=0.82 lr=0.088 w_ov=0.394 iou=[0.988, 0.988] acc=3
r30 191s L=0.2679 cov=[0.002, 0.0008] ov=[0.01413, 0.01231] P=4 S=22 arc=0.82 lr=0.063 w_ov=0.412 iou=[0.989, 0.987] acc=2
r31 196s L=0.2629 cov=[0.0021, 0.0009] ov=[0.01387, 0.01206] P=4 S=22 arc=0.86 lr=0.063 w_ov=0.432 iou=[0.988, 0.988] acc=0
r32 203s L=0.258 cov=[0.0021, 0.0009] ov=[0.01359, 0.01184] P=4 S=22 arc=0.86 lr=0.063 w_ov=0.452 iou=[0.987, 0.988] acc=1
r33 209s L=0.2471 cov=[0.0023, 0.001] ov=[0.0129, 0.01142] P=4 S=22 arc=0.77 lr=0.088 w_ov=0.474 iou=[0.985, 0.986] acc=3
r34 215s L=0.2373 cov=[0.0024, 0.001] ov=[0.01238, 0.01094] P=4 S=22 arc=0.77 lr=0.063 w_ov=0.497 iou=[0.985, 0.986] acc=1
r35 221s L=0.2318 cov=[0.0025, 0.0011] ov=[0.01215, 0.01061] P=4 S=22 arc=0.77 lr=0.044 w_ov=0.519 iou=[0.984, 0.984] acc=3
r36 227s L=0.2254 cov=[0.0026, 0.0012] ov=[0.01177, 0.01033] P=4 S=22 arc=0.86 lr=0.063 w_ov=0.545 iou=[0.983, 0.985] acc=1
r37 233s L=0.219 cov=[0.0026, 0.0013] ov=[0.01145, 0.01001] P=4 S=22 arc=0.91 lr=0.063 w_ov=0.57 iou=[0.983, 0.985] acc=0
r38 239s L=0.2116 cov=[0.0027, 0.0014] ov=[0.01107, 0.00962] P=4 S=22 arc=0.86 lr=0.063 w_ov=0.597 iou=[0.982, 0.983] acc=1
r39 245s L=0.1997 cov=[0.0029, 0.0016] ov=[0.01037, 0.0091] P=4 S=22 arc=0.86 lr=0.088 w_ov=0.625 iou=[0.981, 0.98] acc=1
r40 250s L=0.192 cov=[0.003, 0.0017] ov=[0.00993, 0.00874] P=4 S=22 arc=0.91 lr=0.063 w_ov=0.654 iou=[0.981, 0.98] acc=1
r41 256s L=0.1847 cov=[0.003, 0.0019] ov=[0.00965, 0.00827] P=4 S=22 arc=0.86 lr=0.063 w_ov=0.683 iou=[0.979, 0.978] acc=2
r42 262s L=0.176 cov=[0.0031, 0.0019] ov=[0.0092, 0.00783] P=4 S=22 arc=0.82 lr=0.063 w_ov=0.713 iou=[0.98, 0.978] acc=1
r43 268s L=0.1644 cov=[0.0033, 0.0021] ov=[0.00857, 0.00727] P=4 S=22 arc=0.77 lr=0.088 w_ov=0.745 iou=[0.977, 0.976] acc=2
r44 273s L=0.154 cov=[0.0034, 0.0023] ov=[0.00815, 0.00661] P=4 S=22 arc=0.77 lr=0.088 w_ov=0.78 iou=[0.974, 0.975] acc=2
r45 279s L=0.1417 cov=[0.0035, 0.0025] ov=[0.00765, 0.00586] P=4 S=23 arc=0.83 lr=0.13 w_ov=0.816 iou=[0.971, 0.973] acc=6
r46 285s L=0.1294 cov=[0.0036, 0.0026] ov=[0.00691, 0.00534] P=4 S=23 arc=0.96 lr=0.044 w_ov=0.853 iou=[0.972, 0.97] acc=0
r47 291s L=0.1252 cov=[0.0035, 0.0027] ov=[0.00688, 0.00496] P=4 S=23 arc=0.70 lr=0.044 w_ov=0.892 iou=[0.971, 0.972] acc=6
r48 296s L=0.1122 cov=[0.0038, 0.0027] ov=[0.00605, 0.00446] P=4 S=23 arc=0.65 lr=0.063 w_ov=0.93 iou=[0.972, 0.973] acc=4
r49 302s L=0.1037 cov=[0.0038, 0.0029] ov=[0.00561, 0.00403] P=4 S=23 arc=0.74 lr=0.063 w_ov=0.973 iou=[0.971, 0.971] acc=2
r50 308s L=0.09591 cov=[0.0039, 0.0029] ov=[0.00513, 0.00371] P=4 S=22 arc=0.82 lr=0.088 w_ov=1.02 iou=[0.968, 0.969] acc=2
r51 314s L=0.08905 cov=[0.0038, 0.0032] ov=[0.00481, 0.00333] P=4 S=22 arc=0.82 lr=0.044 w_ov=1.07 iou=[0.971, 0.968] acc=1
r52 320s L=0.08415 cov=[0.0039, 0.0033] ov=[0.00443, 0.00321] P=4 S=22 arc=0.82 lr=0.044 w_ov=1.12 iou=[0.97, 0.967] acc=2
r53 326s L=0.0784 cov=[0.0039, 0.0035] ov=[0.00409, 0.00296] P=4 S=22 arc=0.91 lr=0.044 w_ov=1.17 iou=[0.969, 0.965] acc=1
r54 331s L=0.07519 cov=[0.0039, 0.0036] ov=[0.00386, 0.00286] P=4 S=22 arc=0.91 lr=0.044 w_ov=1.22 iou=[0.969, 0.964] acc=1
r55 337s L=0.07106 cov=[0.004, 0.0037] ov=[0.00352, 0.00275] P=4 S=23 arc=0.91 lr=0.044 w_ov=1.27 iou=[0.97, 0.965] acc=2
r56 343s L=0.06609 cov=[0.0042, 0.0038] ov=[0.00338, 0.00237] P=4 S=23 arc=0.87 lr=0.044 w_ov=1.33 iou=[0.965, 0.961] acc=2
r57 349s L=0.06214 cov=[0.0044, 0.0039] ov=[0.00309, 0.00223] P=4 S=23 arc=0.83 lr=0.044 w_ov=1.39 iou=[0.964, 0.962] acc=2
r58 354s L=0.05794 cov=[0.0045, 0.0041] ov=[0.00289, 0.00199] P=4 S=22 arc=0.91 lr=0.022 w_ov=1.45 iou=[0.964, 0.959] acc=2
r59 360s L=0.05537 cov=[0.0045, 0.0042] ov=[0.00273, 0.00187] P=4 S=22 arc=0.86 lr=0.022 w_ov=1.51 iou=[0.963, 0.961] acc=2
r60 365s L=0.05242 cov=[0.0045, 0.0043] ov=[0.0026, 0.0017] P=4 S=21 arc=0.90 lr=0.031 w_ov=1.58 iou=[0.961, 0.96] acc=1
r61 371s L=0.05074 cov=[0.0046, 0.0043] ov=[0.00252, 0.0016] P=4 S=21 arc=0.90 lr=0.016 w_ov=1.65 iou=[0.961, 0.957] acc=1
r62 376s L=0.04909 cov=[0.0047, 0.0042] ov=[0.00245, 0.0015] P=4 S=21 arc=0.86 lr=0.044 w_ov=1.73 iou=[0.96, 0.959] acc=3
r63 382s L=0.04549 cov=[0.0049, 0.0045] ov=[0.00225, 0.00129] P=4 S=21 arc=0.90 lr=0.044 w_ov=1.8 iou=[0.96, 0.957] acc=0
r64 388s L=0.04239 cov=[0.005, 0.0045] ov=[0.00211, 0.00112] P=4 S=21 arc=0.90 lr=0.022 w_ov=1.88 iou=[0.959, 0.956] acc=1
r65 394s L=0.04109 cov=[0.005, 0.0046] ov=[0.00202, 0.00106] P=4 S=21 arc=0.86 lr=0.022 w_ov=1.97 iou=[0.96, 0.956] acc=2
r66 400s L=0.03909 cov=[0.0051, 0.0048] ov=[0.00194, 0.00093] P=4 S=21 arc=0.86 lr=0.022 w_ov=2.05 iou=[0.959, 0.955] acc=1
r67 406s L=0.03763 cov=[0.0052, 0.0049] ov=[0.00181, 0.00089] P=4 S=21 arc=0.90 lr=0.022 w_ov=2.15 iou=[0.959, 0.954] acc=2
r68 411s L=0.03661 cov=[0.0052, 0.005] ov=[0.00174, 0.00084] P=4 S=21 arc=1.00 lr=0.016 w_ov=2.25 iou=[0.958, 0.954] acc=0
r69 417s L=0.03466 cov=[0.0054, 0.0052] ov=[0.00162, 0.00073] P=4 S=21 arc=0.95 lr=0.022 w_ov=2.35 iou=[0.958, 0.953] acc=1
r70 423s L=0.03311 cov=[0.0054, 0.0053] ov=[0.00149, 0.00069] P=4 S=21 arc=0.90 lr=0.022 w_ov=2.46 iou=[0.958, 0.953] acc=1
r71 429s L=0.03154 cov=[0.0055, 0.0055] ov=[0.00142, 0.00057] P=4 S=21 arc=0.90 lr=0.022 w_ov=2.58 iou=[0.959, 0.952] acc=0
r72 435s L=0.03062 cov=[0.0056, 0.0055] ov=[0.00134, 0.00055] P=4 S=21 arc=0.90 lr=0.022 w_ov=2.69 iou=[0.957, 0.956] acc=1
r73 440s L=0.02948 cov=[0.0057, 0.0056] ov=[0.00128, 0.00048] P=4 S=21 arc=0.86 lr=0.016 w_ov=2.81 iou=[0.957, 0.953] acc=3
r74 447s L=0.0281 cov=[0.0057, 0.0058] ov=[0.00116, 0.00044] P=4 S=22 arc=0.86 lr=0.022 w_ov=2.94 iou=[0.956, 0.953] acc=2
r75 452s L=0.02596 cov=[0.0058, 0.006] ov=[0.00101, 0.00035] P=4 S=24 arc=0.79 lr=0.031 w_ov=3.08 iou=[0.957, 0.953] acc=3
r76 458s L=0.02245 cov=[0.006, 0.0062] ov=[0.00066, 0.0003] P=4 S=24 arc=0.79 lr=0.044 w_ov=3.22 iou=[0.954, 0.952] acc=5
r77 464s L=0.0198 cov=[0.0057, 0.0062] ov=[0.00046, 0.00027] P=4 S=25 arc=0.88 lr=0.044 w_ov=3.37 iou=[0.954, 0.953] acc=5
r78 471s L=0.01775 cov=[0.0058, 0.0063] ov=[0.00027, 0.00022] P=4 S=27 arc=0.85 lr=0.044 w_ov=3.53 iou=[0.957, 0.951] acc=2
r79 477s L=0.01631 cov=[0.0057, 0.0064] ov=[0.00019, 0.00018] P=4 S=27 arc=0.78 lr=0.031 w_ov=3.71 iou=[0.957, 0.954] acc=6
r80 484s L=0.01561 cov=[0.0054, 0.0063] ov=[0.00017, 0.00015] P=4 S=26 arc=0.85 lr=0.031 w_ov=3.9 iou=[0.958, 0.951] acc=4
r81 491s L=0.01479 cov=[0.0055, 0.0063] ov=[0.0001, 0.00014] P=4 S=25 arc=0.92 lr=0.016 w_ov=4.1 iou=[0.958, 0.951] acc=3
r82 497s L=0.01444 cov=[0.0055, 0.0062] ov=[9e-05, 0.00012] P=4 S=25 arc=0.96 lr=0.0055 w_ov=4.33 iou=[0.958, 0.952] acc=1
r83 504s L=0.01438 cov=[0.0055, 0.0062] ov=[9e-05, 0.00011] P=4 S=25 arc=0.96 lr=0.0078 w_ov=4.55 iou=[0.958, 0.952] acc=0
r84 510s L=0.01433 cov=[0.0055, 0.0062] ov=[9e-05, 0.00011] P=4 S=25 arc=0.96 lr=0.0028 w_ov=4.77 iou=[0.957, 0.952] acc=0
r85 516s L=0.0143 cov=[0.0055, 0.0062] ov=[8e-05, 0.00011] P=4 S=25 arc=0.96 lr=0.00098 w_ov=5.01 iou=[0.957, 0.953] acc=0
r86 522s L=0.01428 cov=[0.0055, 0.0062] ov=[8e-05, 0.00011] P=4 S=25 arc=0.96 lr=0.00069 w_ov=5.26 iou=[0.957, 0.953] acc=0
r87 529s L=0.01427 cov=[0.0055, 0.0062] ov=[8e-05, 0.0001] P=4 S=25 arc=0.96 lr=0.0002 w_ov=5.51 iou=[0.957, 0.953] acc=0
r88 535s L=0.01426 cov=[0.0055, 0.0062] ov=[8e-05, 0.0001] P=4 S=25 arc=0.96 lr=0.0002 w_ov=5.8 iou=[0.957, 0.953] acc=0
r89 541s L=0.01426 cov=[0.0055, 0.0062] ov=[8e-05, 0.0001] P=4 S=25 arc=0.96 lr=0.0002 w_ov=6.07 iou=[0.957, 0.953] acc=0
r90 547s L=0.01425 cov=[0.0056, 0.0062] ov=[8e-05, 0.0001] P=4 S=25 arc=0.96 lr=0.00028 w_ov=6.36 iou=[0.957, 0.953] acc=0
r91 553s L=0.01424 cov=[0.0056, 0.0062] ov=[8e-05, 0.0001] P=4 S=25 arc=0.96 lr=0.0002 w_ov=6.66 iou=[0.956, 0.953] acc=1
r92 559s L=0.01422 cov=[0.0056, 0.0062] ov=[8e-05, 0.0001] P=4 S=25 arc=0.96 lr=0.0002 w_ov=6.98 iou=[0.957, 0.953] acc=1
r93 566s L=0.01416 cov=[0.0056, 0.0063] ov=[8e-05, 9e-05] P=4 S=25 arc=0.96 lr=0.0032 w_ov=7.33 iou=[0.957, 0.953] acc=0
r94 571s L=0.0138 cov=[0.0057, 0.0064] ov=[7e-05, 4e-05] P=4 S=26 arc=0.88 lr=0.013 w_ov=7.68 iou=[0.958, 0.952] acc=3
r95 578s L=0.01354 cov=[0.0057, 0.0064] ov=[4e-05, 4e-05] P=4 S=26 arc=0.88 lr=0.0091 w_ov=8.04 iou=[0.957, 0.953] acc=3
r96 584s L=0.01348 cov=[0.0057, 0.0063] ov=[4e-05, 4e-05] P=4 S=25 arc=1.00 lr=0.0091 w_ov=8.46 iou=[0.956, 0.954] acc=1
r97 591s L=0.01339 cov=[0.0057, 0.0063] ov=[4e-05, 3e-05] P=4 S=25 arc=0.96 lr=0.0064 w_ov=8.88 iou=[0.955, 0.953] acc=1
r98 597s L=0.01336 cov=[0.0058, 0.0063] ov=[4e-05, 3e-05] P=4 S=25 arc=0.96 lr=0.0032 w_ov=9.31 iou=[0.955, 0.953] acc=0
r99 603s L=0.01331 cov=[0.0058, 0.0064] ov=[3e-05, 2e-05] P=4 S=25 arc=0.96 lr=0.0023 w_ov=9.76 iou=[0.955, 0.952] acc=0
{
 "Split": {
  "proposed": 2214,
  "accepted": 43,
  "scope": "shared",
  "rate": 0.01942186088527552
 },
 "SwapPoses": {
  "proposed": 288,
  "accepted": 1,
  "scope": "per-target",
  "rate": 0.003472222222222222
 },
 "ToArc": {
  "proposed": 305,
  "accepted": 91,
  "scope": "shared",
  "rate": 0.2983606557377049
 },
 "Rotate": {
  "proposed": 1566,
  "accepted": 4,
  "scope": "per-target",
  "rate": 0.002554278416347382
 },
 "ToLine": {
  "proposed": 1597,
  "accepted": 81,
  "scope": "shared",
  "rate": 0.050720100187852224
 },
 "Merge": {
  "proposed": 414,
  "accepted": 30,
  "scope": "shared",
  "rate": 0.07246376811594203
 },
 "MergeClose": {
  "proposed": 16,
  "accepted": 4,
  "scope": "shared",
  "rate": 0.25
 }
}
EVAL avg_chamfer=6.852 avg_hausdorff=24.580 pieces=4->4 loss=0.013314
