r0 7s L=1.135 cov=[0.02, 0.0688] ov=[0.05954, 0.04505] P=4 S=17 arc=0.00 lr=1 w_ov=0.1 iou=[0.862, 0.587] acc=7
r1 12s L=1.197 cov=[0.0058, 0.0155] ov=[0.05838, 0.05917] P=4 S=17 arc=0.12 lr=0.25 w_ov=0.105 iou=[0.961, 0.916] acc=6
r2 17s L=1.077 cov=[0.0029, 0.0059] ov=[0.05462, 0.05218] P=4 S=20 arc=0.10 lr=0.25 w_ov=0.109 iou=[0.985, 0.963] acc=12
r3 23s L=0.9722 cov=[0.0028, 0.0049] ov=[0.04949, 0.0469] P=4 S=22 arc=0.50 lr=0.25 w_ov=0.114 iou=[0.982, 0.965] acc=5
r4 29s L=0.8279 cov=[0.003, 0.0044] ov=[0.04185, 0.04014] P=4 S=22 arc=0.59 lr=0.35 w_ov=0.119 iou=[0.98, 0.905] acc=6
r5 35s L=0.7424 cov=[0.0027, 0.0045] ov=[0.03702, 0.03644] P=4 S=23 arc=0.52 lr=0.13 w_ov=0.125 iou=[0.981, 0.969] acc=8
r6 41s L=0.7455 cov=[0.0029, 0.0039] ov=[0.0369, 0.03691] P=4 S=22 arc=0.59 lr=0.18 w_ov=0.131 iou=[0.98, 0.969] acc=6
r7 48s L=0.6733 cov=[0.0025, 0.0034] ov=[0.03285, 0.03382] P=4 S=21 arc=0.71 lr=0.18 w_ov=0.137 iou=[0.98, 0.974] acc=4
r8 55s L=0.6502 cov=[0.0025, 0.0035] ov=[0.03163, 0.03273] P=4 S=24 arc=0.67 lr=0.25 w_ov=0.145 iou=[0.981, 0.973] acc=11
r9 62s L=0.6442 cov=[0.0025, 0.0034] ov=[0.03126, 0.0325] P=4 S=20 arc=0.80 lr=0.044 w_ov=0.152 iou=[0.98, 0.974] acc=6
r10 68s L=0.6278 cov=[0.0025, 0.0034] ov=[0.03029, 0.03183] P=4 S=20 arc=0.90 lr=0.063 w_ov=0.161 iou=[0.979, 0.976] acc=2
r11 74s L=0.6184 cov=[0.0026, 0.0033] ov=[0.02968, 0.03151] P=4 S=20 arc=0.95 lr=0.088 w_ov=0.169 iou=[0.979, 0.976] acc=0
r12 85s L=0.6018 cov=[0.0028, 0.0033] ov=[0.02876, 0.03076] P=4 S=21 arc=0.86 lr=0.13 w_ov=0.177 iou=[0.979, 0.975] acc=2
r13 93s L=0.5695 cov=[0.0028, 0.0032] ov=[0.02662, 0.02967] P=4 S=22 arc=0.73 lr=0.18 w_ov=0.192 iou=[0.978, 0.977] acc=6
r14 100s L=0.5443 cov=[0.0029, 0.003] ov=[0.02551, 0.02826] P=4 S=22 arc=0.77 lr=0.18 w_ov=0.204 iou=[0.978, 0.979] acc=2
r15 107s L=0.5219 cov=[0.003, 0.0029] ov=[0.02454, 0.027] P=4 S=22 arc=0.73 lr=0.18 w_ov=0.215 iou=[0.977, 0.98] acc=2
r16 114s L=0.5056 cov=[0.0031, 0.003] ov=[0.02388, 0.02602] P=4 S=22 arc=0.68 lr=0.088 w_ov=0.228 iou=[0.977, 0.979] acc=3
r17 121s L=0.4821 cov=[0.0032, 0.0031] ov=[0.0228, 0.02473] P=4 S=22 arc=0.73 lr=0.088 w_ov=0.24 iou=[0.978, 0.977] acc=3
r18 128s L=0.4645 cov=[0.0033, 0.003] ov=[0.02215, 0.0236] P=4 S=22 arc=0.82 lr=0.13 w_ov=0.253 iou=[0.976, 0.978] acc=2
r19 135s L=0.442 cov=[0.0035, 0.0031] ov=[0.02109, 0.02239] P=4 S=23 arc=0.87 lr=0.18 w_ov=0.268 iou=[0.974, 0.977] acc=2
r20 142s L=0.4245 cov=[0.0039, 0.0031] ov=[0.02027, 0.02142] P=4 S=28 arc=0.79 lr=0.25 w_ov=0.282 iou=[0.974, 0.975] acc=9
r21 150s L=0.42 cov=[0.0036, 0.0043] ov=[0.02094, 0.02021] P=4 S=27 arc=0.63 lr=0.088 w_ov=0.298 iou=[0.975, 0.969] acc=7
r22 157s L=0.3967 cov=[0.0035, 0.0031] ov=[0.01936, 0.01958] P=4 S=27 arc=0.67 lr=0.13 w_ov=0.316 iou=[0.977, 0.976] acc=4
r23 165s L=0.3709 cov=[0.0036, 0.0031] ov=[0.01789, 0.01847] P=4 S=28 arc=0.68 lr=0.18 w_ov=0.334 iou=[0.977, 0.976] acc=5
r24 172s L=0.3601 cov=[0.0037, 0.0031] ov=[0.01732, 0.01794] P=4 S=28 arc=0.68 lr=0.13 w_ov=0.355 iou=[0.977, 0.975] acc=7
r25 180s L=0.3519 cov=[0.0038, 0.0031] ov=[0.01692, 0.01751] P=4 S=28 arc=0.86 lr=0.13 w_ov=0.374 iou=[0.977, 0.975] acc=0
r26 187s L=0.3414 cov=[0.0039, 0.0031] ov=[0.01647, 0.01689] P=4 S=28 arc=0.82 lr=0.13 w_ov=0.397 iou=[0.977, 0.975] acc=2
r27 194s L=0.3303 cov=[0.0041, 0.0032] ov=[0.016, 0.01624] P=4 S=28 arc=0.79 lr=0.13 w_ov=0.42 iou=[0.975, 0.974] acc=3
r28 202s L=0.324 cov=[0.0042, 0.0032] ov=[0.0157, 0.01589] P=4 S=28 arc=0.79 lr=0.063 w_ov=0.444 iou=[0.973, 0.974] acc=5
r29 209s L=0.3181 cov=[0.0043, 0.0033] ov=[0.01569, 0.01529] P=4 S=28 arc=0.89 lr=0.063 w_ov=0.47 iou=[0.973, 0.974] acc=2
r30 216s L=0.3087 cov=[0.0045, 0.0034] ov=[0.01517, 0.01484] P=4 S=28 arc=0.89 lr=0.063 w_ov=0.497 iou=[0.971, 0.974] acc=1
r31 224s L=0.3009 cov=[0.0047, 0.0036] ov=[0.01477, 0.01443] P=4 S=28 arc=0.89 lr=0.063 w_ov=0.526 iou=[0.969, 0.972] acc=0
r32 231s L=0.2891 cov=[0.0049, 0.0038] ov=[0.01428, 0.0137] P=4 S=28 arc=0.82 lr=0.088 w_ov=0.558 iou=[0.966, 0.97] acc=4
r33 239s L=0.2801 cov=[0.0051, 0.0038] ov=[0.01387, 0.01318] P=4 S=28 arc=0.86 lr=0.088 w_ov=0.591 iou=[0.965, 0.97] acc=2
r34 247s L=0.2733 cov=[0.0053, 0.004] ov=[0.0138, 0.01254] P=4 S=29 arc=0.86 lr=0.088 w_ov=0.626 iou=[0.964, 0.968] acc=3
r35 254s L=0.2653 cov=[0.0055, 0.0041] ov=[0.01345, 0.01205] P=4 S=30 arc=0.77 lr=0.088 w_ov=0.664 iou=[0.964, 0.967] acc=4
r36 261s L=0.2576 cov=[0.0056, 0.0042] ov=[0.01314, 0.01157] P=4 S=30 arc=0.77 lr=0.088 w_ov=0.702 iou=[0.962, 0.966] acc=2
r37 269s L=0.2494 cov=[0.0058, 0.0045] ov=[0.01291, 0.01093] P=4 S=29 arc=0.83 lr=0.044 w_ov=0.742 iou=[0.961, 0.966] acc=4
r38 276s L=0.2419 cov=[0.006, 0.0046] ov=[0.01248, 0.01058] P=4 S=29 arc=0.86 lr=0.063 w_ov=0.786 iou=[0.959, 0.965] acc=2
r39 283s L=0.2359 cov=[0.0063, 0.0047] ov=[0.01229, 0.01013] P=4 S=29 arc=0.90 lr=0.088 w_ov=0.829 iou=[0.956, 0.964] acc=1
r40 290s L=0.2308 cov=[0.0064, 0.0049] ov=[0.01209, 0.00979] P=4 S=29 arc=0.93 lr=0.044 w_ov=0.878 iou=[0.954, 0.963] acc=2
r41 298s L=0.2193 cov=[0.0072, 0.0054] ov=[0.01152, 0.00907] P=4 S=30 arc=0.97 lr=0.088 w_ov=0.926 iou=[0.949, 0.959] acc=2
r42 305s L=0.2069 cov=[0.0073, 0.0058] ov=[0.01114, 0.00816] P=4 S=32 arc=0.91 lr=0.088 w_ov=0.982 iou=[0.948, 0.956] acc=6
r43 313s L=0.1919 cov=[0.008, 0.0057] ov=[0.01031, 0.00745] P=4 S=31 arc=0.87 lr=0.063 w_ov=1.04 iou=[0.944, 0.955] acc=3
r44 321s L=0.1792 cov=[0.0083, 0.0059] ov=[0.00985, 0.00657] P=4 S=31 arc=0.90 lr=0.063 w_ov=1.11 iou=[0.942, 0.955] acc=1
r45 329s L=0.1658 cov=[0.0089, 0.0064] ov=[0.00935, 0.00563] P=4 S=31 arc=0.94 lr=0.088 w_ov=1.18 iou=[0.938, 0.95] acc=0
r46 337s L=0.1501 cov=[0.0099, 0.0072] ov=[0.00832, 0.00491] P=4 S=31 arc=0.87 lr=0.044 w_ov=1.25 iou=[0.935, 0.949] acc=3
r47 346s L=0.1351 cov=[0.0103, 0.0077] ov=[0.00776, 0.00387] P=4 S=30 arc=0.93 lr=0.063 w_ov=1.33 iou=[0.934, 0.947] acc=2
r48 353s L=0.1233 cov=[0.0105, 0.0082] ov=[0.007, 0.00339] P=4 S=32 arc=0.94 lr=0.063 w_ov=1.42 iou=[0.931, 0.945] acc=2
r49 361s L=0.1142 cov=[0.011, 0.0081] ov=[0.00646, 0.00297] P=4 S=33 arc=0.88 lr=0.063 w_ov=1.51 iou=[0.93, 0.942] acc=2
r50 369s L=0.0995 cov=[0.0116, 0.0087] ov=[0.00533, 0.00251] P=4 S=34 arc=0.88 lr=0.063 w_ov=1.6 iou=[0.926, 0.94] acc=2
r51 377s L=0.08431 cov=[0.0126, 0.0101] ov=[0.00407, 0.00202] P=4 S=33 arc=0.85 lr=0.044 w_ov=1.7 iou=[0.924, 0.937] acc=5
r52 385s L=0.07261 cov=[0.0123, 0.0101] ov=[0.00315, 0.0018] P=4 S=33 arc=0.82 lr=0.063 w_ov=1.81 iou=[0.921, 0.932] acc=4
r53 392s L=0.06426 cov=[0.0125, 0.0103] ov=[0.00264, 0.00143] P=4 S=32 arc=0.66 lr=0.088 w_ov=1.92 iou=[0.889, 0.893] acc=11
r54 397s L=0.04231 cov=[0.0189, 0.0168] ov=[0.00027, 0.00032] P=4 S=29 arc=0.66 lr=0.088 w_ov=2.02 iou=[0.896, 0.915] acc=6
r55 403s L=0.0425 cov=[0.0194, 0.0151] ov=[0.00021, 0.00052] P=4 S=32 arc=0.69 lr=0.088 w_ov=2.11 iou=[0.896, 0.912] acc=12
r56 408s L=0.03505 cov=[0.0181, 0.014] ov=[9e-05, 0.00013] P=4 S=31 arc=0.77 lr=0.031 w_ov=2.2 iou=[0.902, 0.923] acc=4
r57 415s L=0.03531 cov=[0.0178, 0.014] ov=[6e-05, 0.00022] P=4 S=31 arc=0.84 lr=0.044 w_ov=2.3 iou=[0.902, 0.927] acc=4
r58 420s L=0.03298 cov=[0.0174, 0.0137] ov=[3e-05, 9e-05] P=4 S=30 arc=0.87 lr=0.031 w_ov=2.41 iou=[0.904, 0.927] acc=4
r59 427s L=0.03266 cov=[0.0171, 0.0136] ov=[3e-05, 9e-05] P=4 S=30 arc=0.83 lr=0.044 w_ov=2.52 iou=[0.906, 0.925] acc=3
r60 433s L=0.03216 cov=[0.0169, 0.0136] ov=[4e-05, 5e-05] P=4 S=28 arc=0.89 lr=0.016 w_ov=2.65 iou=[0.908, 0.924] acc=3
r61 438s L=0.032 cov=[0.0168, 0.0136] ov=[4e-05, 6e-05] P=4 S=28 arc=0.89 lr=0.031 w_ov=2.77 iou=[0.908, 0.924] acc=1
r62 445s L=0.03167 cov=[0.0166, 0.0136] ov=[3e-05, 4e-05] P=4 S=28 arc=0.89 lr=0.011 w_ov=2.9 iou=[0.909, 0.924] acc=1
r63 451s L=0.03155 cov=[0.0166, 0.0136] ov=[3e-05, 4e-05] P=4 S=28 arc=0.89 lr=0.022 w_ov=3.04 iou=[0.909, 0.926] acc=2
r64 457s L=0.03139 cov=[0.0165, 0.0135] ov=[3e-05, 3e-05] P=4 S=28 arc=0.93 lr=0.0039 w_ov=3.18 iou=[0.908, 0.926] acc=1
r65 463s L=0.03126 cov=[0.0164, 0.0135] ov=[3e-05, 3e-05] P=4 S=28 arc=0.89 lr=0.016 w_ov=3.33 iou=[0.904, 0.931] acc=3
r66 468s L=0.03097 cov=[0.0173, 0.0124] ov=[3e-05, 3e-05] P=4 S=28 arc=0.93 lr=0.016 w_ov=3.48 iou=[0.906, 0.931] acc=0
r67 474s L=0.03084 cov=[0.0172, 0.0124] ov=[2e-05, 3e-05] P=4 S=28 arc=0.89 lr=0.022 w_ov=3.64 iou=[0.907, 0.933] acc=3
r68 480s L=0.03073 cov=[0.0172, 0.0124] ov=[2e-05, 2e-05] P=4 S=28 arc=0.93 lr=0.00069 w_ov=3.81 iou=[0.907, 0.932] acc=2
r69 486s L=0.03072 cov=[0.0172, 0.0124] ov=[2e-05, 2e-05] P=4 S=28 arc=0.96 lr=0.0002 w_ov=3.99 iou=[0.907, 0.932] acc=1
r70 492s L=0.03072 cov=[0.0172, 0.0124] ov=[2e-05, 2e-05] P=4 S=28 arc=0.96 lr=0.0002 w_ov=4.18 iou=[0.907, 0.932] acc=1
r71 498s L=0.03071 cov=[0.0172, 0.0124] ov=[2e-05, 2e-05] P=4 S=28 arc=0.96 lr=0.0002 w_ov=4.37 iou=[0.907, 0.932] acc=1
r72 503s L=0.03071 cov=[0.0172, 0.0124] ov=[2e-05, 2e-05] P=4 S=28 arc=0.96 lr=0.0002 w_ov=4.56 iou=[0.907, 0.932] acc=1
r73 509s L=0.03071 cov=[0.0172, 0.0124] ov=[2e-05, 2e-05] P=4 S=28 arc=0.96 lr=0.0002 w_ov=4.76 iou=[0.907, 0.932] acc=1
r74 515s L=0.0307 cov=[0.0172, 0.0124] ov=[2e-05, 2e-05] P=4 S=28 arc=1.00 lr=0.0002 w_ov=4.98 iou=[0.907, 0.932] acc=0
r75 521s L=0.0307 cov=[0.0172, 0.0124] ov=[2e-05, 2e-05] P=4 S=28 arc=0.96 lr=0.00028 w_ov=5.21 iou=[0.907, 0.932] acc=1
r76 527s L=0.0307 cov=[0.0172, 0.0124] ov=[2e-05, 2e-05] P=4 S=28 arc=0.96 lr=0.0002 w_ov=5.46 iou=[0.907, 0.932] acc=0
r77 533s L=0.0307 cov=[0.0172, 0.0124] ov=[2e-05, 2e-05] P=4 S=28 arc=0.96 lr=0.0002 w_ov=5.71 iou=[0.907, 0.932] acc=1
r78 538s L=0.03069 cov=[0.0172, 0.0124] ov=[2e-05, 2e-05] P=4 S=28 arc=0.96 lr=0.0002 w_ov=5.98 iou=[0.907, 0.932] acc=1
r79 544s L=0.03069 cov=[0.0172, 0.0124] ov=[2e-05, 2e-05] P=4 S=28 arc=0.96 lr=0.0002 w_ov=6.24 iou=[0.907, 0.931] acc=0
r80 550s L=0.03069 cov=[0.0172, 0.0124] ov=[2e-05, 2e-05] P=4 S=28 arc=0.96 lr=0.0002 w_ov=6.52 iou=[0.907, 0.931] acc=0
r81 556s L=0.03068 cov=[0.0172, 0.0124] ov=[2e-05, 2e-05] P=4 S=28 arc=0.96 lr=0.0002 w_ov=6.83 iou=[0.907, 0.931] acc=0
r82 561s L=0.03068 cov=[0.0172, 0.0124] ov=[2e-05, 2e-05] P=4 S=28 arc=0.96 lr=0.0002 w_ov=7.11 iou=[0.907, 0.931] acc=1
r83 567s L=0.03068 cov=[0.0172, 0.0124] ov=[2e-05, 2e-05] P=4 S=28 arc=1.00 lr=0.0002 w_ov=7.43 iou=[0.907, 0.931] acc=0
r84 573s L=0.03068 cov=[0.0172, 0.0124] ov=[2e-05, 2e-05] P=4 S=28 arc=0.96 lr=0.0002 w_ov=7.77 iou=[0.907, 0.931] acc=1
r85 579s L=0.03067 cov=[0.0172, 0.0124] ov=[2e-05, 2e-05] P=4 S=28 arc=0.96 lr=0.0002 w_ov=8.12 iou=[0.907, 0.931] acc=0
r86 584s L=0.03067 cov=[0.0172, 0.0124] ov=[2e-05, 2e-05] P=4 S=28 arc=0.96 lr=0.0002 w_ov=8.49 iou=[0.907, 0.931] acc=1
r87 590s L=0.03067 cov=[0.0172, 0.0124] ov=[2e-05, 2e-05] P=4 S=28 arc=1.00 lr=0.0002 w_ov=8.87 iou=[0.907, 0.931] acc=0
r88 596s L=0.03066 cov=[0.0172, 0.0124] ov=[2e-05, 2e-05] P=4 S=28 arc=0.96 lr=0.00028 w_ov=9.28 iou=[0.907, 0.931] acc=1
r89 601s L=0.03066 cov=[0.0172, 0.0124] ov=[2e-05, 2e-05] P=4 S=28 arc=0.96 lr=0.00028 w_ov=9.7 iou=[0.907, 0.931] acc=0
{
 "ToArc": {
  "proposed": 274,
  "accepted": 100,
  "scope": "shared",
  "rate": 0.36496350364963503
 },
 "Rotate": {
  "proposed": 1112,
  "accepted": 10,
  "scope": "per-target",
  "rate": 0.008992805755395683
 },
 "SwapPoses": {
  "proposed": 320,
  "accepted": 1,
  "scope": "per-target",
  "rate": 0.003125
 },
 "Split": {
  "proposed": 2024,
  "accepted": 46,
  "scope": "shared",
  "rate": 0.022727272727272728
 },
 "ToLine": {
  "proposed": 1441,
  "accepted": 80,
  "scope": "shared",
  "rate": 0.055517002081887576
 },
 "Merge": {
  "proposed": 587,
  "accepted": 28,
  "scope": "shared",
  "rate": 0.04770017035775128
 },
 "forced:CutPart": {
  "proposed": 0,
  "accepted": 1,
  "scope": "shared",
  "rate": 1.0
 },
 "forced:RemoveSmallPart": {
  "proposed": 0,
  "accepted": 1,
  "scope": "shared",
  "rate": 1.0
 },
 "MergeClose": {
  "proposed": 2,
  "accepted": 1,
  "scope": "shared",
  "rate": 0.5
 }
}
EVAL avg_chamfer=7.410 avg_hausdorff=26.570 pieces=4->4 loss=0.030658
