r0 14s L=1.134 cov=[0.0335, 0.0356] ov=[0.03841, 0.06791] P=6 S=114 arc=0.00 lr=1 w_ov=0.1 iou=[0.863, 0.838] acc=15
r1 26s L=1.025 cov=[0.0241, 0.0106] ov=[0.04849, 0.05039] P=6 S=114 arc=0.04 lr=0.71 w_ov=0.103 iou=[0.888, 0.947] acc=14
r2 39s L=0.9169 cov=[0.0137, 0.0084] ov=[0.04198, 0.04733] P=6 S=108 arc=0.08 lr=0.25 w_ov=0.105 iou=[0.923, 0.956] acc=10
r3 51s L=0.8116 cov=[0.0079, 0.0065] ov=[0.0385, 0.04104] P=6 S=102 arc=0.15 lr=0.25 w_ov=0.108 iou=[0.956, 0.965] acc=12
r4 64s L=0.7874 cov=[0.0077, 0.0065] ov=[0.03693, 0.04024] P=6 S=101 arc=0.21 lr=0.25 w_ov=0.11 iou=[0.956, 0.965] acc=10
r5 77s L=0.7659 cov=[0.0075, 0.0062] ov=[0.03592, 0.03914] P=6 S=95 arc=0.28 lr=0.18 w_ov=0.113 iou=[0.958, 0.965] acc=9
r6 88s L=0.7432 cov=[0.0072, 0.0063] ov=[0.0348, 0.03802] P=6 S=92 arc=0.32 lr=0.18 w_ov=0.116 iou=[0.957, 0.964] acc=11
r7 100s L=0.7293 cov=[0.0073, 0.0061] ov=[0.03402, 0.03742] P=6 S=89 arc=0.40 lr=0.18 w_ov=0.118 iou=[0.958, 0.964] acc=11
r8 114s L=0.7186 cov=[0.0071, 0.0061] ov=[0.03351, 0.03687] P=6 S=86 arc=0.49 lr=0.18 w_ov=0.121 iou=[0.961, 0.964] acc=11
r9 128s L=0.7045 cov=[0.007, 0.0058] ov=[0.03271, 0.03632] P=6 S=81 arc=0.56 lr=0.25 w_ov=0.125 iou=[0.96, 0.966] acc=11
r10 141s L=0.6851 cov=[0.0071, 0.0058] ov=[0.0315, 0.03558] P=6 S=80 arc=0.64 lr=0.25 w_ov=0.128 iou=[0.96, 0.967] acc=8
r11 154s L=0.6616 cov=[0.0068, 0.0059] ov=[0.03044, 0.03431] P=6 S=79 arc=0.67 lr=0.25 w_ov=0.131 iou=[0.961, 0.967] acc=3
r12 166s L=0.6468 cov=[0.0069, 0.0058] ov=[0.02972, 0.03355] P=6 S=78 arc=0.68 lr=0.25 w_ov=0.134 iou=[0.961, 0.967] acc=4
r13 179s L=0.6285 cov=[0.0069, 0.0059] ov=[0.02883, 0.0326] P=6 S=78 arc=0.68 lr=0.25 w_ov=0.138 iou=[0.961, 0.968] acc=4
r14 192s L=0.6108 cov=[0.0069, 0.0055] ov=[0.02796, 0.03174] P=6 S=76 arc=0.72 lr=0.13 w_ov=0.141 iou=[0.96, 0.967] acc=2
r15 204s L=0.5908 cov=[0.0069, 0.0055] ov=[0.02714, 0.03057] P=6 S=76 arc=0.72 lr=0.18 w_ov=0.145 iou=[0.96, 0.967] acc=4
r16 216s L=0.5755 cov=[0.0069, 0.0055] ov=[0.02642, 0.02976] P=6 S=75 arc=0.77 lr=0.18 w_ov=0.148 iou=[0.96, 0.967] acc=5
r17 229s L=0.5621 cov=[0.0069, 0.0055] ov=[0.02582, 0.02903] P=6 S=73 arc=0.82 lr=0.18 w_ov=0.151 iou=[0.96, 0.968] acc=3
r18 242s L=0.5487 cov=[0.0069, 0.0055] ov=[0.0252, 0.02831] P=6 S=72 arc=0.82 lr=0.18 w_ov=0.155 iou=[0.961, 0.968] acc=2
r19 253s L=0.5422 cov=[0.0069, 0.0059] ov=[0.02481, 0.02799] P=6 S=75 arc=0.80 lr=0.25 w_ov=0.159 iou=[0.96, 0.969] acc=7
r20 265s L=0.5288 cov=[0.0069, 0.0054] ov=[0.02425, 0.02728] P=6 S=73 arc=0.85 lr=0.25 w_ov=0.163 iou=[0.961, 0.968] acc=2
r21 277s L=0.5203 cov=[0.0069, 0.0053] ov=[0.02389, 0.02679] P=6 S=73 arc=0.86 lr=0.25 w_ov=0.166 iou=[0.96, 0.969] acc=1
r22 289s L=0.5118 cov=[0.0069, 0.0053] ov=[0.02359, 0.02623] P=6 S=72 arc=0.86 lr=0.25 w_ov=0.17 iou=[0.961, 0.969] acc=3
r23 302s L=0.5068 cov=[0.0071, 0.0055] ov=[0.02362, 0.02566] P=6 S=72 arc=0.85 lr=0.13 w_ov=0.174 iou=[0.96, 0.968] acc=3
r24 316s L=0.4995 cov=[0.0069, 0.0054] ov=[0.02305, 0.02554] P=6 S=71 arc=0.87 lr=0.063 w_ov=0.179 iou=[0.96, 0.969] acc=2
r25 327s L=0.4947 cov=[0.0069, 0.0054] ov=[0.02285, 0.02526] P=6 S=71 arc=0.89 lr=0.13 w_ov=0.183 iou=[0.96, 0.969] acc=0
r26 340s L=0.4897 cov=[0.0069, 0.0054] ov=[0.02261, 0.025] P=6 S=70 arc=0.90 lr=0.13 w_ov=0.187 iou=[0.96, 0.969] acc=3
r27 351s L=0.5326 cov=[0.0069, 0.0053] ov=[0.02468, 0.02722] P=6 S=69 arc=0.90 lr=0.18 w_ov=0.192 iou=[0.959, 0.969] acc=4
r28 363s L=0.4807 cov=[0.0069, 0.0054] ov=[0.02219, 0.02452] P=6 S=71 arc=0.87 lr=0.25 w_ov=0.196 iou=[0.96, 0.969] acc=3
r29 376s L=0.4816 cov=[0.0069, 0.0054] ov=[0.02227, 0.02452] P=6 S=69 arc=0.91 lr=0.13 w_ov=0.201 iou=[0.96, 0.969] acc=2
r30 389s L=0.4704 cov=[0.0069, 0.0054] ov=[0.02184, 0.02384] P=6 S=69 arc=0.91 lr=0.063 w_ov=0.206 iou=[0.96, 0.97] acc=0
r31 402s L=0.4648 cov=[0.007, 0.0054] ov=[0.02155, 0.02356] P=6 S=69 arc=0.91 lr=0.13 w_ov=0.211 iou=[0.96, 0.969] acc=1
r32 415s L=0.4577 cov=[0.007, 0.0054] ov=[0.02122, 0.02317] P=6 S=69 arc=0.93 lr=0.18 w_ov=0.216 iou=[0.96, 0.973] acc=1
r33 428s L=0.4646 cov=[0.0064, 0.0042] ov=[0.02083, 0.02445] P=6 S=69 arc=0.88 lr=0.18 w_ov=0.222 iou=[0.963, 0.977] acc=3
r34 441s L=0.4549 cov=[0.0062, 0.0038] ov=[0.02045, 0.02392] P=6 S=69 arc=0.87 lr=0.088 w_ov=0.227 iou=[0.963, 0.975] acc=2
r35 454s L=0.4485 cov=[0.0059, 0.0038] ov=[0.02023, 0.02352] P=6 S=69 arc=0.88 lr=0.13 w_ov=0.233 iou=[0.965, 0.976] acc=2
r36 468s L=0.4453 cov=[0.0058, 0.0037] ov=[0.02008, 0.02337] P=6 S=69 arc=0.91 lr=0.13 w_ov=0.239 iou=[0.965, 0.975] acc=1
r37 481s L=0.4405 cov=[0.0057, 0.0038] ov=[0.01997, 0.02302] P=6 S=68 arc=0.94 lr=0.13 w_ov=0.245 iou=[0.965, 0.976] acc=1
r38 493s L=0.4344 cov=[0.0056, 0.0037] ov=[0.01979, 0.02259] P=6 S=68 arc=0.94 lr=0.13 w_ov=0.252 iou=[0.965, 0.976] acc=0
r39 505s L=0.4295 cov=[0.0055, 0.0037] ov=[0.01962, 0.02228] P=6 S=66 arc=0.95 lr=0.13 w_ov=0.257 iou=[0.965, 0.976] acc=3
r40 517s L=0.428 cov=[0.0054, 0.0037] ov=[0.0194, 0.02236] P=6 S=66 arc=0.97 lr=0.063 w_ov=0.263 iou=[0.965, 0.975] acc=0
r41 529s L=0.4213 cov=[0.0054, 0.0037] ov=[0.01925, 0.02185] P=6 S=66 arc=0.97 lr=0.088 w_ov=0.27 iou=[0.966, 0.976] acc=1
r42 541s L=0.416 cov=[0.0053, 0.0036] ov=[0.01903, 0.02155] P=6 S=66 arc=0.98 lr=0.088 w_ov=0.276 iou=[0.966, 0.976] acc=0
r43 552s L=0.4111 cov=[0.0053, 0.0037] ov=[0.01888, 0.02121] P=6 S=66 arc=0.98 lr=0.088 w_ov=0.282 iou=[0.967, 0.977] acc=0
r44 564s L=0.406 cov=[0.0053, 0.0037] ov=[0.01869, 0.02089] P=6 S=66 arc=0.97 lr=0.088 w_ov=0.288 iou=[0.966, 0.977] acc=1
r45 576s L=0.4008 cov=[0.0053, 0.0037] ov=[0.01851, 0.02055] P=6 S=64 arc=0.95 lr=0.13 w_ov=0.295 iou=[0.966, 0.976] acc=3
r46 588s L=0.3931 cov=[0.0053, 0.0037] ov=[0.01828, 0.02] P=6 S=63 arc=0.95 lr=0.063 w_ov=0.302 iou=[0.966, 0.976] acc=2
r47 600s L=0.3885 cov=[0.0053, 0.0037] ov=[0.0181, 0.01973] P=6 S=62 arc=0.95 lr=0.063 w_ov=0.309 iou=[0.965, 0.976] acc=1
r48 611s L=0.3778 cov=[0.0054, 0.0038] ov=[0.01771, 0.01904] P=6 S=61 arc=0.92 lr=0.088 w_ov=0.316 iou=[0.966, 0.975] acc=3
r49 623s L=0.3608 cov=[0.0052, 0.0041] ov=[0.01721, 0.01782] P=6 S=61 arc=0.89 lr=0.063 w_ov=0.323 iou=[0.964, 0.975] acc=2
r50 636s L=0.3481 cov=[0.0052, 0.0041] ov=[0.01666, 0.01709] P=6 S=60 arc=0.88 lr=0.063 w_ov=0.331 iou=[0.965, 0.974] acc=2
r51 648s L=0.3333 cov=[0.0054, 0.0041] ov=[0.01603, 0.01622] P=6 S=60 arc=0.90 lr=0.044 w_ov=0.339 iou=[0.965, 0.974] acc=1
r52 659s L=0.3234 cov=[0.0055, 0.0041] ov=[0.01574, 0.01551] P=6 S=60 arc=0.90 lr=0.088 w_ov=0.347 iou=[0.965, 0.975] acc=1
r53 670s L=0.3152 cov=[0.0055, 0.004] ov=[0.01549, 0.01495] P=6 S=60 arc=0.90 lr=0.063 w_ov=0.354 iou=[0.964, 0.976] acc=0
r54 682s L=0.3024 cov=[0.0056, 0.0039] ov=[0.0152, 0.01397] P=6 S=60 arc=0.90 lr=0.088 w_ov=0.362 iou=[0.963, 0.975] acc=0
r55 693s L=0.2864 cov=[0.0056, 0.004] ov=[0.01477, 0.01278] P=6 S=60 arc=0.90 lr=0.13 w_ov=0.37 iou=[0.964, 0.974] acc=1
r56 703s L=0.2727 cov=[0.0057, 0.004] ov=[0.01421, 0.01198] P=6 S=60 arc=0.92 lr=0.13 w_ov=0.378 iou=[0.963, 0.975] acc=0
r57 715s L=0.2635 cov=[0.0057, 0.0041] ov=[0.0138, 0.01145] P=6 S=59 arc=0.93 lr=0.13 w_ov=0.385 iou=[0.963, 0.974] acc=1
r58 725s L=0.2323 cov=[0.0058, 0.0038] ov=[0.01307, 0.00909] P=6 S=59 arc=0.92 lr=0.088 w_ov=0.394 iou=[0.962, 0.974] acc=1
r59 735s L=0.2212 cov=[0.0057, 0.0036] ov=[0.01244, 0.00864] P=6 S=58 arc=0.91 lr=0.13 w_ov=0.402 iou=[0.961, 0.976] acc=1
r60 747s L=0.2175 cov=[0.0057, 0.0036] ov=[0.01215, 0.00856] P=6 S=57 arc=0.89 lr=0.13 w_ov=0.41 iou=[0.961, 0.976] acc=2
r61 757s L=0.2183 cov=[0.0058, 0.0036] ov=[0.01184, 0.00893] P=6 S=57 arc=0.88 lr=0.063 w_ov=0.42 iou=[0.96, 0.975] acc=4
r62 769s L=0.211 cov=[0.0058, 0.0035] ov=[0.01168, 0.00837] P=6 S=57 arc=0.93 lr=0.063 w_ov=0.428 iou=[0.96, 0.976] acc=1
r63 780s L=0.2077 cov=[0.0058, 0.0035] ov=[0.01153, 0.00819] P=6 S=57 arc=0.93 lr=0.063 w_ov=0.438 iou=[0.96, 0.976] acc=2
r64 792s L=0.2066 cov=[0.0058, 0.0035] ov=[0.01145, 0.00816] P=6 S=57 arc=0.95 lr=0.088 w_ov=0.447 iou=[0.959, 0.975] acc=1
r65 804s L=0.2036 cov=[0.0059, 0.0036] ov=[0.01129, 0.00801] P=6 S=57 arc=0.95 lr=0.088 w_ov=0.457 iou=[0.96, 0.975] acc=1
r66 815s L=0.2044 cov=[0.0059, 0.0036] ov=[0.01117, 0.00821] P=6 S=57 arc=0.95 lr=0.044 w_ov=0.468 iou=[0.959, 0.974] acc=1
r67 826s L=0.1999 cov=[0.0059, 0.0036] ov=[0.01104, 0.00789] P=6 S=57 arc=0.96 lr=0.044 w_ov=0.478 iou=[0.96, 0.975] acc=0
r68 837s L=0.1976 cov=[0.0059, 0.0036] ov=[0.01088, 0.00781] P=6 S=57 arc=0.95 lr=0.063 w_ov=0.488 iou=[0.96, 0.975] acc=1
r69 849s L=0.1955 cov=[0.006, 0.0036] ov=[0.01074, 0.00773] P=6 S=57 arc=0.95 lr=0.088 w_ov=0.498 iou=[0.959, 0.975] acc=1
r70 862s L=0.1921 cov=[0.006, 0.0037] ov=[0.01058, 0.00755] P=6 S=56 arc=0.96 lr=0.044 w_ov=0.51 iou=[0.959, 0.975] acc=2
r71 872s L=0.1874 cov=[0.0061, 0.0037] ov=[0.01029, 0.00735] P=6 S=56 arc=0.98 lr=0.063 w_ov=0.523 iou=[0.958, 0.975] acc=0
r72 883s L=0.1877 cov=[0.0061, 0.0038] ov=[0.01013, 0.00753] P=6 S=56 arc=0.98 lr=0.088 w_ov=0.533 iou=[0.958, 0.973] acc=0
r73 894s L=0.1801 cov=[0.0062, 0.0039] ov=[0.00983, 0.00706] P=6 S=56 arc=0.95 lr=0.088 w_ov=0.544 iou=[0.958, 0.974] acc=2
r74 904s L=0.1772 cov=[0.0063, 0.0039] ov=[0.00956, 0.00703] P=6 S=55 arc=0.95 lr=0.088 w_ov=0.556 iou=[0.958, 0.974] acc=3
r75 915s L=0.1769 cov=[0.0063, 0.0039] ov=[0.00938, 0.00717] P=6 S=55 arc=0.96 lr=0.044 w_ov=0.567 iou=[0.956, 0.972] acc=1
r76 927s L=0.1692 cov=[0.0063, 0.004] ov=[0.00919, 0.00658] P=6 S=55 arc=0.96 lr=0.063 w_ov=0.579 iou=[0.957, 0.972] acc=1
r77 938s L=0.1668 cov=[0.0064, 0.004] ov=[0.00902, 0.00651] P=6 S=55 arc=0.95 lr=0.088 w_ov=0.592 iou=[0.957, 0.972] acc=2
r78 950s L=0.1636 cov=[0.0064, 0.0041] ov=[0.00883, 0.00637] P=6 S=55 arc=0.95 lr=0.031 w_ov=0.605 iou=[0.957, 0.972] acc=2
r79 961s L=0.1629 cov=[0.0064, 0.0041] ov=[0.00873, 0.00638] P=6 S=55 arc=0.98 lr=0.044 w_ov=0.619 iou=[0.957, 0.972] acc=1
r80 972s L=0.1595 cov=[0.0065, 0.0042] ov=[0.00861, 0.00616] P=6 S=55 arc=1.00 lr=0.031 w_ov=0.632 iou=[0.957, 0.972] acc=0
r81 982s L=0.1576 cov=[0.0065, 0.0042] ov=[0.00852, 0.00605] P=6 S=55 arc=1.00 lr=0.044 w_ov=0.646 iou=[0.958, 0.972] acc=0
r82 992s L=0.1556 cov=[0.0066, 0.0042] ov=[0.00841, 0.00595] P=6 S=55 arc=1.00 lr=0.022 w_ov=0.658 iou=[0.957, 0.972] acc=0
r83 1003s L=0.1531 cov=[0.0066, 0.0043] ov=[0.00828, 0.00582] P=6 S=55 arc=0.96 lr=0.031 w_ov=0.672 iou=[0.957, 0.971] acc=2
r84 1014s L=0.1508 cov=[0.0067, 0.0043] ov=[0.00814, 0.00572] P=6 S=55 arc=0.96 lr=0.016 w_ov=0.685 iou=[0.957, 0.971] acc=0
r85 1025s L=0.1485 cov=[0.0068, 0.0044] ov=[0.00802, 0.0056] P=6 S=55 arc=0.96 lr=0.022 w_ov=0.699 iou=[0.956, 0.971] acc=0
r86 1036s L=0.1465 cov=[0.0068, 0.0045] ov=[0.00789, 0.00552] P=6 S=55 arc=0.96 lr=0.031 w_ov=0.715 iou=[0.956, 0.97] acc=0
r87 1046s L=0.1448 cov=[0.0068, 0.0045] ov=[0.00777, 0.00546] P=6 S=55 arc=0.95 lr=0.044 w_ov=0.731 iou=[0.955, 0.97] acc=1
r88 1056s L=0.1416 cov=[0.007, 0.0046] ov=[0.00766, 0.00524] P=6 S=55 arc=0.95 lr=0.022 w_ov=0.745 iou=[0.955, 0.969] acc=0
r89 1068s L=0.14 cov=[0.007, 0.0046] ov=[0.00759, 0.00514] P=6 S=55 arc=0.95 lr=0.031 w_ov=0.759 iou=[0.954, 0.969] acc=0
r90 1079s L=0.1388 cov=[0.007, 0.0047] ov=[0.00752, 0.00508] P=6 S=54 arc=0.94 lr=0.016 w_ov=0.777 iou=[0.954, 0.969] acc=2
r91 1089s L=0.1398 cov=[0.0072, 0.0046] ov=[0.00744, 0.00525] P=6 S=54 arc=0.96 lr=0.031 w_ov=0.793 iou=[0.953, 0.968] acc=0
r92 1101s L=0.1356 cov=[0.0073, 0.0047] ov=[0.00734, 0.00491] P=6 S=54 arc=0.96 lr=0.044 w_ov=0.809 iou=[0.953, 0.969] acc=0
r93 1112s L=0.1332 cov=[0.0073, 0.0047] ov=[0.00723, 0.00478] P=6 S=54 arc=0.96 lr=0.016 w_ov=0.826 iou=[0.953, 0.969] acc=0
r94 1123s L=0.1318 cov=[0.0073, 0.0048] ov=[0.00717, 0.00469] P=6 S=54 arc=0.96 lr=0.022 w_ov=0.845 iou=[0.953, 0.969] acc=0
r95 1133s L=0.1308 cov=[0.0074, 0.0048] ov=[0.00711, 0.00463] P=6 S=54 arc=0.96 lr=0.031 w_ov=0.862 iou=[0.952, 0.969] acc=0
r96 1143s L=0.1289 cov=[0.0075, 0.0049] ov=[0.00703, 0.00452] P=6 S=54 arc=0.96 lr=0.016 w_ov=0.88 iou=[0.951, 0.969] acc=0
r97 1155s L=0.1269 cov=[0.0075, 0.0049] ov=[0.00693, 0.0044] P=6 S=54 arc=0.96 lr=0.022 w_ov=0.897 iou=[0.951, 0.969] acc=0
r98 1165s L=0.1257 cov=[0.0076, 0.005] ov=[0.00681, 0.00439] P=6 S=54 arc=0.96 lr=0.031 w_ov=0.917 iou=[0.951, 0.968] acc=0
r99 1176s L=0.1228 cov=[0.0077, 0.0051] ov=[0.00666, 0.00423] P=6 S=54 arc=0.96 lr=0.016 w_ov=0.935 iou=[0.951, 0.967] acc=1
r100 1188s L=0.1214 cov=[0.0077, 0.0051] ov=[0.00657, 0.00417] P=6 S=54 arc=0.98 lr=0.022 w_ov=0.955 iou=[0.951, 0.967] acc=0
r101 1199s L=0.1194 cov=[0.0078, 0.0052] ov=[0.00646, 0.00406] P=6 S=54 arc=0.98 lr=0.016 w_ov=0.977 iou=[0.951, 0.966] acc=0
r102 1210s L=0.1181 cov=[0.0079, 0.0053] ov=[0.00637, 0.00401] P=6 S=54 arc=0.98 lr=0.016 w_ov=0.997 iou=[0.95, 0.966] acc=0
r103 1222s L=0.1155 cov=[0.008, 0.0054] ov=[0.00622, 0.00389] P=6 S=54 arc=0.98 lr=0.016 w_ov=1.02 iou=[0.95, 0.966] acc=0
r104 1232s L=0.1145 cov=[0.008, 0.0054] ov=[0.00614, 0.00385] P=6 S=54 arc=0.98 lr=0.022 w_ov=1.04 iou=[0.95, 0.965] acc=0
r105 1245s L=0.112 cov=[0.0081, 0.0055] ov=[0.00604, 0.00368] P=6 S=54 arc=0.98 lr=0.011 w_ov=1.06 iou=[0.95, 0.964] acc=1
r106 1256s L=0.1105 cov=[0.0081, 0.0056] ov=[0.00593, 0.00363] P=6 S=54 arc=1.00 lr=0.022 w_ov=1.09 iou=[0.949, 0.964] acc=0
r107 1265s L=0.1088 cov=[0.0082, 0.0057] ov=[0.00583, 0.00355] P=6 S=54 arc=0.98 lr=0.0078 w_ov=1.11 iou=[0.949, 0.964] acc=1
r108 1278s L=0.1072 cov=[0.0082, 0.0058] ov=[0.00572, 0.00348] P=6 S=54 arc=0.96 lr=0.011 w_ov=1.13 iou=[0.948, 0.964] acc=1
r109 1288s L=0.1032 cov=[0.0085, 0.0058] ov=[0.00562, 0.00315] P=6 S=54 arc=0.96 lr=0.011 w_ov=1.16 iou=[0.948, 0.962] acc=0
r110 1300s L=0.102 cov=[0.0086, 0.0059] ov=[0.00556, 0.00308] P=6 S=54 arc=0.96 lr=0.0078 w_ov=1.18 iou=[0.948, 0.962] acc=0
r111 1311s L=0.1005 cov=[0.0086, 0.006] ov=[0.00547, 0.003] P=6 S=53 arc=0.96 lr=0.011 w_ov=1.21 iou=[0.948, 0.962] acc=2
r112 1321s L=0.098 cov=[0.0088, 0.0061] ov=[0.00533, 0.00287] P=6 S=53 arc=0.98 lr=0.016 w_ov=1.24 iou=[0.947, 0.962] acc=0
r113 1333s L=0.09619 cov=[0.0088, 0.0062] ov=[0.00526, 0.00275] P=6 S=53 arc=0.98 lr=0.011 w_ov=1.26 iou=[0.947, 0.961] acc=0
r114 1344s L=0.09491 cov=[0.0089, 0.0062] ov=[0.00519, 0.00267] P=6 S=53 arc=0.98 lr=0.011 w_ov=1.29 iou=[0.947, 0.961] acc=0
r115 1356s L=0.09331 cov=[0.009, 0.0063] ov=[0.00511, 0.00258] P=6 S=53 arc=0.98 lr=0.0078 w_ov=1.32 iou=[0.946, 0.961] acc=0
r116 1367s L=0.09206 cov=[0.009, 0.0064] ov=[0.00503, 0.00252] P=6 S=53 arc=0.98 lr=0.0078 w_ov=1.35 iou=[0.946, 0.961] acc=0
r117 1378s L=0.09113 cov=[0.0091, 0.0064] ov=[0.00497, 0.00248] P=6 S=53 arc=0.98 lr=0.0039 w_ov=1.38 iou=[0.945, 0.961] acc=0
r118 1389s L=0.09037 cov=[0.0091, 0.0065] ov=[0.00492, 0.00244] P=6 S=53 arc=0.98 lr=0.0055 w_ov=1.41 iou=[0.945, 0.961] acc=1
r119 1401s L=0.08967 cov=[0.0092, 0.0065] ov=[0.00487, 0.00242] P=6 S=53 arc=1.00 lr=0.0078 w_ov=1.44 iou=[0.944, 0.961] acc=0
r120 1412s L=0.08822 cov=[0.0093, 0.0066] ov=[0.00479, 0.00233] P=6 S=53 arc=1.00 lr=0.0055 w_ov=1.47 iou=[0.943, 0.96] acc=0
r121 1423s L=0.08707 cov=[0.0093, 0.0067] ov=[0.00472, 0.00228] P=6 S=53 arc=1.00 lr=0.0028 w_ov=1.5 iou=[0.943, 0.961] acc=0
r122 1434s L=0.08613 cov=[0.0094, 0.0067] ov=[0.00465, 0.00224] P=6 S=53 arc=1.00 lr=0.002 w_ov=1.53 iou=[0.943, 0.96] acc=0
r123 1444s L=0.08511 cov=[0.0095, 0.0068] ov=[0.00458, 0.0022] P=6 S=53 arc=1.00 lr=0.0039 w_ov=1.57 iou=[0.942, 0.96] acc=0
r124 1454s L=0.08408 cov=[0.0095, 0.0069] ov=[0.0045, 0.00216] P=6 S=53 arc=1.00 lr=0.0055 w_ov=1.6 iou=[0.942, 0.96] acc=0
r125 1466s L=0.08255 cov=[0.0096, 0.007] ov=[0.0044, 0.00208] P=6 S=53 arc=1.00 lr=0.0039 w_ov=1.63 iou=[0.941, 0.959] acc=0
r126 1475s L=0.08139 cov=[0.0097, 0.007] ov=[0.00434, 0.00202] P=6 S=53 arc=1.00 lr=0.0028 w_ov=1.67 iou=[0.941, 0.958] acc=0
r127 1487s L=0.08029 cov=[0.0097, 0.0071] ov=[0.00426, 0.00197] P=6 S=53 arc=1.00 lr=0.0055 w_ov=1.7 iou=[0.941, 0.958] acc=0
r128 1496s L=0.07739 cov=[0.0099, 0.0074] ov=[0.0041, 0.00181] P=6 S=53 arc=1.00 lr=0.0055 w_ov=1.73 iou=[0.94, 0.957] acc=0
r129 1507s L=0.076 cov=[0.01, 0.0075] ov=[0.00399, 0.00175] P=6 S=53 arc=1.00 lr=0.0078 w_ov=1.77 iou=[0.94, 0.957] acc=0
r130 1518s L=0.07361 cov=[0.0101, 0.0076] ov=[0.00382, 0.00165] P=6 S=53 arc=1.00 lr=0.0078 w_ov=1.8 iou=[0.939, 0.956] acc=0
r131 1529s L=0.07178 cov=[0.0101, 0.0078] ov=[0.00367, 0.0016] P=6 S=53 arc=1.00 lr=0.011 w_ov=1.84 iou=[0.939, 0.956] acc=0
r132 1539s L=0.06823 cov=[0.0104, 0.0081] ov=[0.00334, 0.00152] P=6 S=53 arc=0.98 lr=0.016 w_ov=1.88 iou=[0.938, 0.955] acc=1
r133 1548s L=0.06337 cov=[0.0105, 0.0084] ov=[0.003, 0.00132] P=6 S=53 arc=0.98 lr=0.016 w_ov=1.92 iou=[0.937, 0.953] acc=0
r134 1559s L=0.06102 cov=[0.0106, 0.0086] ov=[0.00279, 0.00128] P=6 S=53 arc=0.98 lr=0.011 w_ov=1.95 iou=[0.937, 0.952] acc=0
r135 1570s L=0.05878 cov=[0.0107, 0.0088] ov=[0.0026, 0.00121] P=6 S=53 arc=0.98 lr=0.0078 w_ov=1.99 iou=[0.937, 0.952] acc=0
r136 1581s L=0.05782 cov=[0.0107, 0.0089] ov=[0.00253, 0.00117] P=6 S=53 arc=0.96 lr=0.0039 w_ov=2.04 iou=[0.937, 0.951] acc=1
r137 1592s L=0.05719 cov=[0.0108, 0.009] ov=[0.00248, 0.00115] P=6 S=53 arc=0.94 lr=0.0028 w_ov=2.08 iou=[0.938, 0.951] acc=1
r138 1604s L=0.05675 cov=[0.0108, 0.009] ov=[0.00245, 0.00113] P=6 S=53 arc=0.94 lr=0.0039 w_ov=2.12 iou=[0.938, 0.951] acc=0
r139 1616s L=0.05616 cov=[0.0108, 0.0091] ov=[0.00241, 0.00111] P=6 S=53 arc=0.94 lr=0.0055 w_ov=2.17 iou=[0.937, 0.951] acc=1
r140 1627s L=0.05526 cov=[0.0108, 0.0092] ov=[0.00234, 0.00107] P=6 S=53 arc=0.96 lr=0.0055 w_ov=2.22 iou=[0.937, 0.951] acc=0
r141 1637s L=0.053 cov=[0.0109, 0.0095] ov=[0.00213, 0.00102] P=6 S=52 arc=0.96 lr=0.0028 w_ov=2.27 iou=[0.936, 0.95] acc=1
r142 1648s L=0.05254 cov=[0.0109, 0.0095] ov=[0.0021, 0.001] P=6 S=52 arc=0.98 lr=0.002 w_ov=2.31 iou=[0.936, 0.949] acc=0
r143 1657s L=0.05204 cov=[0.011, 0.0096] ov=[0.00206, 0.00098] P=6 S=52 arc=0.98 lr=0.0039 w_ov=2.36 iou=[0.936, 0.949] acc=0
r144 1668s L=0.05147 cov=[0.011, 0.0096] ov=[0.00202, 0.00095] P=6 S=52 arc=0.98 lr=0.002 w_ov=2.41 iou=[0.936, 0.948] acc=0
r145 1679s L=0.05111 cov=[0.0111, 0.0097] ov=[0.00199, 0.00094] P=6 S=52 arc=0.98 lr=0.0039 w_ov=2.45 iou=[0.936, 0.948] acc=0
r146 1690s L=0.0501 cov=[0.0112, 0.0098] ov=[0.00193, 0.00088] P=6 S=52 arc=0.98 lr=0.0039 w_ov=2.51 iou=[0.935, 0.947] acc=0
r147 1700s L=0.04958 cov=[0.0112, 0.0098] ov=[0.00189, 0.00086] P=6 S=52 arc=0.96 lr=0.0028 w_ov=2.56 iou=[0.936, 0.947] acc=1
r148 1711s L=0.04897 cov=[0.0113, 0.0098] ov=[0.00183, 0.00084] P=6 S=52 arc=0.96 lr=0.002 w_ov=2.61 iou=[0.936, 0.947] acc=0
r149 1720s L=0.0485 cov=[0.0113, 0.0099] ov=[0.00179, 0.00083] P=6 S=52 arc=0.96 lr=0.0039 w_ov=2.66 iou=[0.936, 0.947] acc=0
r150 1731s L=0.04743 cov=[0.0114, 0.0099] ov=[0.00169, 0.0008] P=6 S=52 arc=0.96 lr=0.0078 w_ov=2.71 iou=[0.934, 0.947] acc=1
r151 1741s L=0.04597 cov=[0.0115, 0.01] ov=[0.00158, 0.00075] P=6 S=52 arc=0.96 lr=0.0028 w_ov=2.77 iou=[0.934, 0.947] acc=1
r152 1752s L=0.04527 cov=[0.0116, 0.0101] ov=[0.00152, 0.00073] P=6 S=52 arc=0.96 lr=0.0039 w_ov=2.83 iou=[0.934, 0.946] acc=0
r153 1761s L=0.04468 cov=[0.0116, 0.0101] ov=[0.00148, 0.0007] P=6 S=52 arc=0.96 lr=0.0055 w_ov=2.88 iou=[0.934, 0.946] acc=0
r154 1772s L=0.04377 cov=[0.0117, 0.0102] ov=[0.00142, 0.00066] P=6 S=52 arc=0.96 lr=0.0055 w_ov=2.94 iou=[0.934, 0.947] acc=0
r155 1784s L=0.04266 cov=[0.0117, 0.0103] ov=[0.00136, 0.00059] P=6 S=52 arc=0.96 lr=0.0055 w_ov=3 iou=[0.933, 0.946] acc=0
r156 1796s L=0.04215 cov=[0.0117, 0.0103] ov=[0.00134, 0.00057] P=6 S=52 arc=0.96 lr=0.0055 w_ov=3.07 iou=[0.934, 0.946] acc=0
r157 1805s L=0.04158 cov=[0.0117, 0.0103] ov=[0.00132, 0.00053] P=6 S=52 arc=0.96 lr=0.0039 w_ov=3.14 iou=[0.935, 0.946] acc=0
r158 1816s L=0.04116 cov=[0.0117, 0.0103] ov=[0.00129, 0.00051] P=6 S=52 arc=0.96 lr=0.0028 w_ov=3.2 iou=[0.935, 0.946] acc=0
r159 1828s L=0.0409 cov=[0.0117, 0.0103] ov=[0.00127, 0.0005] P=6 S=52 arc=0.96 lr=0.0039 w_ov=3.26 iou=[0.935, 0.946] acc=0
r160 1838s L=0.04055 cov=[0.0118, 0.0103] ov=[0.00125, 0.00049] P=6 S=52 arc=0.96 lr=0.0028 w_ov=3.33 iou=[0.935, 0.946] acc=0
r161 1848s L=0.04029 cov=[0.0118, 0.0103] ov=[0.00123, 0.00047] P=6 S=52 arc=0.96 lr=0.0014 w_ov=3.4 iou=[0.935, 0.947] acc=0
r162 1858s L=0.03998 cov=[0.0118, 0.0104] ov=[0.00122, 0.00045] P=6 S=52 arc=0.96 lr=0.0028 w_ov=3.47 iou=[0.934, 0.947] acc=0
r163 1869s L=0.03963 cov=[0.0118, 0.0104] ov=[0.0012, 0.00043] P=6 S=52 arc=0.96 lr=0.0028 w_ov=3.54 iou=[0.934, 0.947] acc=0
r164 1879s L=0.03925 cov=[0.0118, 0.0105] ov=[0.00118, 0.00041] P=6 S=52 arc=0.96 lr=0.0028 w_ov=3.61 iou=[0.934, 0.947] acc=0
r165 1889s L=0.03884 cov=[0.0119, 0.0105] ov=[0.00115, 0.00039] P=6 S=52 arc=0.96 lr=0.0028 w_ov=3.68 iou=[0.933, 0.946] acc=0
r166 1900s L=0.0384 cov=[0.0119, 0.0105] ov=[0.00112, 0.00036] P=6 S=52 arc=0.96 lr=0.0028 w_ov=3.75 iou=[0.933, 0.946] acc=0
r167 1911s L=0.03806 cov=[0.012, 0.0106] ov=[0.0011, 0.00034] P=6 S=52 arc=0.96 lr=0.0039 w_ov=3.83 iou=[0.932, 0.946] acc=0
r168 1920s L=0.03784 cov=[0.012, 0.0106] ov=[0.00107, 0.00034] P=6 S=52 arc=0.96 lr=0.0028 w_ov=3.91 iou=[0.931, 0.945] acc=1
r169 1930s L=0.03751 cov=[0.012, 0.0106] ov=[0.00105, 0.00033] P=6 S=52 arc=0.98 lr=0.002 w_ov=3.98 iou=[0.931, 0.945] acc=0
r170 1941s L=0.03703 cov=[0.0121, 0.0107] ov=[0.001, 0.00031] P=6 S=52 arc=0.98 lr=0.0028 w_ov=4.06 iou=[0.931, 0.945] acc=0
r171 1952s L=0.03664 cov=[0.0122, 0.0107] ov=[0.00097, 0.0003] P=6 S=52 arc=0.98 lr=0.0039 w_ov=4.14 iou=[0.931, 0.944] acc=0
r172 1963s L=0.03628 cov=[0.0122, 0.0107] ov=[0.00094, 0.00028] P=6 S=52 arc=0.98 lr=0.002 w_ov=4.23 iou=[0.931, 0.944] acc=0
r173 1974s L=0.03607 cov=[0.0122, 0.0108] ov=[0.00092, 0.00028] P=6 S=52 arc=0.98 lr=0.0039 w_ov=4.32 iou=[0.931, 0.944] acc=0
r174 1984s L=0.03574 cov=[0.0122, 0.0108] ov=[0.0009, 0.00026] P=6 S=52 arc=0.98 lr=0.0014 w_ov=4.41 iou=[0.931, 0.944] acc=0
r175 1995s L=0.03558 cov=[0.0122, 0.0108] ov=[0.00089, 0.00026] P=6 S=52 arc=0.98 lr=0.0028 w_ov=4.5 iou=[0.931, 0.945] acc=0
r176 2005s L=0.03538 cov=[0.0123, 0.0108] ov=[0.00087, 0.00025] P=6 S=52 arc=0.98 lr=0.0028 w_ov=4.59 iou=[0.931, 0.944] acc=0
r177 2016s L=0.0352 cov=[0.0123, 0.0108] ov=[0.00086, 0.00024] P=6 S=52 arc=0.98 lr=0.002 w_ov=4.69 iou=[0.931, 0.944] acc=0
r178 2027s L=0.03505 cov=[0.0123, 0.0108] ov=[0.00084, 0.00024] P=6 S=52 arc=0.98 lr=0.0014 w_ov=4.79 iou=[0.931, 0.944] acc=0
r179 2038s L=0.03495 cov=[0.0123, 0.0108] ov=[0.00084, 0.00023] P=6 S=52 arc=0.98 lr=0.00098 w_ov=4.89 iou=[0.931, 0.944] acc=0
r180 2048s L=0.03481 cov=[0.0123, 0.0109] ov=[0.00082, 0.00023] P=6 S=52 arc=0.98 lr=0.0028 w_ov=4.99 iou=[0.93, 0.944] acc=0
r181 2058s L=0.03459 cov=[0.0123, 0.0109] ov=[0.00081, 0.00022] P=6 S=52 arc=0.98 lr=0.0028 w_ov=5.09 iou=[0.93, 0.944] acc=0
r182 2069s L=0.03434 cov=[0.0123, 0.0109] ov=[0.00079, 0.0002] P=6 S=52 arc=0.98 lr=0.0028 w_ov=5.19 iou=[0.93, 0.944] acc=0
r183 2078s L=0.03411 cov=[0.0124, 0.011] ov=[0.00077, 0.00019] P=6 S=52 arc=0.98 lr=0.0028 w_ov=5.3 iou=[0.93, 0.944] acc=0
r184 2090s L=0.03379 cov=[0.0124, 0.0111] ov=[0.00074, 0.00017] P=6 S=52 arc=0.98 lr=0.0039 w_ov=5.4 iou=[0.93, 0.944] acc=0
r185 2100s L=0.03354 cov=[0.0124, 0.0111] ov=[0.00073, 0.00016] P=6 S=52 arc=0.98 lr=0.0014 w_ov=5.51 iou=[0.93, 0.944] acc=0
r186 2111s L=0.03343 cov=[0.0124, 0.0111] ov=[0.00072, 0.00016] P=6 S=52 arc=0.98 lr=0.00049 w_ov=5.63 iou=[0.931, 0.943] acc=0
r187 2123s L=0.03338 cov=[0.0124, 0.0111] ov=[0.00071, 0.00015] P=6 S=52 arc=0.98 lr=0.00035 w_ov=5.75 iou=[0.931, 0.943] acc=0
r188 2134s L=0.03335 cov=[0.0124, 0.0112] ov=[0.00071, 0.00015] P=6 S=52 arc=0.98 lr=0.00028 w_ov=5.88 iou=[0.931, 0.943] acc=0
r189 2144s L=0.03333 cov=[0.0124, 0.0112] ov=[0.00071, 0.00015] P=6 S=52 arc=0.98 lr=0.0002 w_ov=6 iou=[0.93, 0.943] acc=0
r190 2155s L=0.0333 cov=[0.0125, 0.0112] ov=[0.00071, 0.00015] P=6 S=52 arc=0.98 lr=0.0002 w_ov=6.12 iou=[0.93, 0.943] acc=0
r191 2166s L=0.03328 cov=[0.0125, 0.0112] ov=[0.00071, 0.00015] P=6 S=52 arc=0.98 lr=0.0002 w_ov=6.25 iou=[0.93, 0.943] acc=0
r192 2177s L=0.03326 cov=[0.0125, 0.0112] ov=[0.0007, 0.00015] P=6 S=52 arc=0.98 lr=0.0002 w_ov=6.38 iou=[0.93, 0.943] acc=0
r193 2188s L=0.03323 cov=[0.0125, 0.0112] ov=[0.0007, 0.00014] P=6 S=52 arc=0.98 lr=0.00028 w_ov=6.53 iou=[0.93, 0.943] acc=0
r194 2199s L=0.0332 cov=[0.0125, 0.0112] ov=[0.0007, 0.00014] P=6 S=52 arc=0.98 lr=0.00028 w_ov=6.66 iou=[0.93, 0.943] acc=1
r195 2209s L=0.03317 cov=[0.0125, 0.0112] ov=[0.0007, 0.00014] P=6 S=52 arc=0.98 lr=0.0002 w_ov=6.81 iou=[0.93, 0.943] acc=0
r196 2218s L=0.03315 cov=[0.0125, 0.0112] ov=[0.00069, 0.00014] P=6 S=52 arc=1.00 lr=0.0002 w_ov=6.94 iou=[0.93, 0.943] acc=0
r197 2229s L=0.03312 cov=[0.0125, 0.0112] ov=[0.00069, 0.00014] P=6 S=52 arc=1.00 lr=0.0002 w_ov=7.05 iou=[0.93, 0.943] acc=0
r198 2240s L=0.0331 cov=[0.0125, 0.0112] ov=[0.00069, 0.00014] P=6 S=52 arc=1.00 lr=0.0002 w_ov=7.2 iou=[0.93, 0.943] acc=0
r199 2251s L=0.03307 cov=[0.0125, 0.0112] ov=[0.00068, 0.00014] P=6 S=52 arc=1.00 lr=0.00028 w_ov=7.35 iou=[0.93, 0.943] acc=0
r200 2261s L=0.033 cov=[0.0126, 0.0113] ov=[0.00067, 0.00013] P=6 S=52 arc=1.00 lr=0.00057 w_ov=7.51 iou=[0.93, 0.943] acc=0
r201 2270s L=0.03288 cov=[0.0126, 0.0113] ov=[0.00065, 0.00013] P=6 S=52 arc=1.00 lr=0.0023 w_ov=7.66 iou=[0.93, 0.943] acc=0
r202 2281s L=0.03254 cov=[0.0128, 0.0114] ov=[0.00061, 0.00011] P=6 S=52 arc=1.00 lr=0.0011 w_ov=7.8 iou=[0.929, 0.943] acc=0
r203 2292s L=0.03234 cov=[0.0128, 0.0115] ov=[0.00059, 0.0001] P=6 S=52 arc=1.00 lr=0.0032 w_ov=7.96 iou=[0.929, 0.942] acc=0
r204 2303s L=0.03207 cov=[0.0128, 0.0115] ov=[0.00057, 9e-05] P=6 S=52 arc=1.00 lr=0.0016 w_ov=8.13 iou=[0.93, 0.942] acc=0
r205 2313s L=0.03198 cov=[0.0128, 0.0115] ov=[0.00057, 9e-05] P=6 S=52 arc=1.00 lr=0.0016 w_ov=8.3 iou=[0.93, 0.942] acc=0
r206 2325s L=0.03185 cov=[0.0128, 0.0115] ov=[0.00056, 8e-05] P=6 S=52 arc=1.00 lr=0.0016 w_ov=8.47 iou=[0.93, 0.942] acc=0
r207 2335s L=0.03177 cov=[0.0128, 0.0116] ov=[0.00055, 8e-05] P=6 S=52 arc=1.00 lr=0.0023 w_ov=8.67 iou=[0.929, 0.942] acc=0
r208 2346s L=0.03166 cov=[0.0128, 0.0116] ov=[0.00054, 8e-05] P=6 S=52 arc=1.00 lr=0.00057 w_ov=8.83 iou=[0.929, 0.942] acc=0
r209 2356s L=0.03161 cov=[0.0128, 0.0116] ov=[0.00053, 7e-05] P=6 S=52 arc=1.00 lr=0.00057 w_ov=9.01 iou=[0.929, 0.942] acc=0
r210 2365s L=0.03158 cov=[0.0129, 0.0116] ov=[0.00053, 7e-05] P=6 S=52 arc=1.00 lr=0.0008 w_ov=9.19 iou=[0.929, 0.942] acc=0
r211 2376s L=0.03152 cov=[0.0129, 0.0116] ov=[0.00052, 7e-05] P=6 S=52 arc=1.00 lr=0.0011 w_ov=9.35 iou=[0.929, 0.942] acc=0
r212 2387s L=0.03148 cov=[0.0129, 0.0116] ov=[0.00052, 7e-05] P=6 S=52 arc=1.00 lr=0.0008 w_ov=9.55 iou=[0.929, 0.942] acc=0
r213 2398s L=0.03137 cov=[0.0129, 0.0116] ov=[0.0005, 7e-05] P=6 S=52 arc=1.00 lr=0.0016 w_ov=9.76 iou=[0.929, 0.942] acc=0
r214 2408s L=0.03132 cov=[0.0129, 0.0116] ov=[0.0005, 7e-05] P=6 S=52 arc=1.00 lr=0.0002 w_ov=9.96 iou=[0.929, 0.941] acc=0
{
 "ToArc": {
  "proposed": 315,
  "accepted": 125,
  "scope": "shared",
  "rate": 0.3968253968253968
 },
 "Split": {
  "proposed": 4770,
  "accepted": 18,
  "scope": "shared",
  "rate": 0.0037735849056603774
 },
 "SwapPoses": {
  "proposed": 1576,
  "accepted": 0,
  "scope": "per-target",
  "rate": 0.0
 },
 "Merge": {
  "proposed": 1167,
  "accepted": 66,
  "scope": "shared",
  "rate": 0.056555269922879174
 },
 "Flip": {
  "proposed": 934,
  "accepted": 0,
  "scope": "per-target",
  "rate": 0.0
 },
 "MergeClose": {
  "proposed": 26,
  "accepted": 5,
  "scope": "shared",
  "rate": 0.19230769230769232
 },
 "Rotate": {
  "proposed": 2104,
  "accepted": 5,
  "scope": "per-target",
  "rate": 0.002376425855513308
 },
 "ToLine": {
  "proposed": 2868,
  "accepted": 45,
  "scope": "shared",
  "rate": 0.015690376569037656
 }
}
EVAL avg_chamfer=6.878 avg_hausdorff=33.246 pieces=6->6 loss=0.031316
