r0 13s L=1.399 cov=[0.0314, 0.0351] ov=[0.0589, 0.07412] P=9 S=121 arc=0.00 lr=0.5 w_ov=0.1 iou=[0.87, 0.87] acc=19
r1 27s L=1.286 cov=[0.0108, 0.0165] ov=[0.05995, 0.06578] P=7 S=98 arc=0.06 lr=0.5 w_ov=0.103 iou=[0.942, 0.914] acc=15
r2 40s L=1.232 cov=[0.0089, 0.0135] ov=[0.05904, 0.06179] P=6 S=85 arc=0.11 lr=0.18 w_ov=0.105 iou=[0.915, 0.887] acc=17
r3 52s L=1.23 cov=[0.0116, 0.0122] ov=[0.06123, 0.05922] P=6 S=81 arc=0.22 lr=0.25 w_ov=0.108 iou=[0.938, 0.946] acc=9
r4 63s L=1.207 cov=[0.0081, 0.0098] ov=[0.06025, 0.05851] P=6 S=83 arc=0.27 lr=0.35 w_ov=0.111 iou=[0.949, 0.954] acc=16
r5 75s L=1.107 cov=[0.0076, 0.0087] ov=[0.055, 0.05397] P=6 S=82 arc=0.39 lr=0.35 w_ov=0.113 iou=[0.955, 0.959] acc=9
r6 90s L=1.074 cov=[0.0071, 0.0084] ov=[0.0527, 0.05304] P=6 S=80 arc=0.41 lr=0.18 w_ov=0.116 iou=[0.955, 0.957] acc=7
r7 101s L=1.015 cov=[0.0073, 0.0077] ov=[0.05047, 0.0494] P=6 S=79 arc=0.46 lr=0.25 w_ov=0.119 iou=[0.952, 0.961] acc=13
r8 113s L=0.989 cov=[0.0068, 0.0074] ov=[0.04915, 0.0482] P=6 S=77 arc=0.55 lr=0.25 w_ov=0.121 iou=[0.957, 0.963] acc=9
r9 127s L=0.9525 cov=[0.0065, 0.0073] ov=[0.04697, 0.04677] P=6 S=76 arc=0.63 lr=0.35 w_ov=0.124 iou=[0.958, 0.964] acc=7
r10 140s L=0.9008 cov=[0.0062, 0.0074] ov=[0.04424, 0.04434] P=6 S=75 arc=0.69 lr=0.5 w_ov=0.128 iou=[0.959, 0.963] acc=4
r11 153s L=0.8884 cov=[0.0065, 0.0074] ov=[0.04279, 0.04453] P=6 S=74 arc=0.72 lr=0.25 w_ov=0.131 iou=[0.959, 0.962] acc=5
r12 169s L=0.8351 cov=[0.0061, 0.0071] ov=[0.04069, 0.04136] P=6 S=74 arc=0.76 lr=0.13 w_ov=0.134 iou=[0.961, 0.964] acc=5
r13 182s L=0.8042 cov=[0.0061, 0.0072] ov=[0.03877, 0.04019] P=6 S=73 arc=0.82 lr=0.25 w_ov=0.138 iou=[0.963, 0.965] acc=2
r14 197s L=0.7689 cov=[0.006, 0.0073] ov=[0.0367, 0.03873] P=6 S=72 arc=0.83 lr=0.25 w_ov=0.142 iou=[0.961, 0.965] acc=2
r15 212s L=0.7433 cov=[0.006, 0.0073] ov=[0.03518, 0.03769] P=6 S=71 arc=0.85 lr=0.25 w_ov=0.146 iou=[0.961, 0.964] acc=4
r16 225s L=0.7203 cov=[0.0061, 0.0073] ov=[0.03386, 0.0367] P=6 S=70 arc=0.89 lr=0.25 w_ov=0.15 iou=[0.962, 0.962] acc=3
r17 238s L=0.6932 cov=[0.0061, 0.0074] ov=[0.03234, 0.03551] P=6 S=70 arc=0.91 lr=0.25 w_ov=0.154 iou=[0.962, 0.963] acc=2
r18 250s L=0.6712 cov=[0.0061, 0.0074] ov=[0.0312, 0.03445] P=6 S=70 arc=0.93 lr=0.25 w_ov=0.158 iou=[0.962, 0.963] acc=2
r19 263s L=0.6606 cov=[0.0061, 0.0074] ov=[0.03074, 0.03384] P=6 S=67 arc=0.93 lr=0.25 w_ov=0.162 iou=[0.961, 0.954] acc=4
r20 275s L=0.5908 cov=[0.0064, 0.0093] ov=[0.02588, 0.0315] P=6 S=67 arc=0.94 lr=0.35 w_ov=0.166 iou=[0.958, 0.955] acc=2
r21 290s L=0.5596 cov=[0.0063, 0.0091] ov=[0.02431, 0.02998] P=6 S=66 arc=0.89 lr=0.35 w_ov=0.17 iou=[0.958, 0.955] acc=5
r22 301s L=0.5323 cov=[0.0064, 0.0091] ov=[0.02285, 0.0287] P=6 S=66 arc=0.89 lr=0.35 w_ov=0.174 iou=[0.959, 0.955] acc=2
r23 312s L=0.5168 cov=[0.0065, 0.0088] ov=[0.02219, 0.02782] P=6 S=63 arc=0.87 lr=0.35 w_ov=0.178 iou=[0.956, 0.956] acc=8
r24 325s L=0.4996 cov=[0.0065, 0.0088] ov=[0.02134, 0.02697] P=6 S=62 arc=0.90 lr=0.35 w_ov=0.182 iou=[0.96, 0.956] acc=2
r25 337s L=0.482 cov=[0.0065, 0.0086] ov=[0.0206, 0.02597] P=6 S=62 arc=0.90 lr=0.35 w_ov=0.186 iou=[0.959, 0.957] acc=2
r26 352s L=0.469 cov=[0.0065, 0.0086] ov=[0.01993, 0.02534] P=6 S=63 arc=0.87 lr=0.35 w_ov=0.191 iou=[0.959, 0.958] acc=5
r27 365s L=0.4698 cov=[0.0066, 0.0087] ov=[0.01992, 0.02541] P=6 S=63 arc=0.87 lr=0.13 w_ov=0.196 iou=[0.958, 0.959] acc=2
r28 376s L=0.4631 cov=[0.0067, 0.0083] ov=[0.01948, 0.02522] P=6 S=62 arc=0.89 lr=0.18 w_ov=0.201 iou=[0.958, 0.959] acc=2
r29 388s L=0.4382 cov=[0.0066, 0.0082] ov=[0.0187, 0.02352] P=6 S=62 arc=0.90 lr=0.18 w_ov=0.206 iou=[0.959, 0.958] acc=1
r30 400s L=0.4309 cov=[0.0066, 0.0082] ov=[0.01837, 0.02312] P=6 S=62 arc=0.92 lr=0.25 w_ov=0.211 iou=[0.96, 0.959] acc=1
r31 411s L=0.4209 cov=[0.0066, 0.0082] ov=[0.01779, 0.0227] P=6 S=61 arc=0.93 lr=0.35 w_ov=0.216 iou=[0.959, 0.959] acc=2
r32 425s L=0.4146 cov=[0.0066, 0.0081] ov=[0.01759, 0.02228] P=6 S=61 arc=0.93 lr=0.13 w_ov=0.22 iou=[0.959, 0.96] acc=1
r33 437s L=0.4064 cov=[0.0066, 0.0082] ov=[0.01706, 0.02198] P=6 S=61 arc=0.95 lr=0.18 w_ov=0.226 iou=[0.959, 0.96] acc=1
r34 449s L=0.3982 cov=[0.0066, 0.0082] ov=[0.01645, 0.02177] P=6 S=61 arc=0.97 lr=0.25 w_ov=0.231 iou=[0.959, 0.959] acc=0
r35 461s L=0.3895 cov=[0.0067, 0.0082] ov=[0.01586, 0.02148] P=6 S=61 arc=0.97 lr=0.13 w_ov=0.237 iou=[0.959, 0.959] acc=1
r36 475s L=0.3852 cov=[0.0066, 0.0082] ov=[0.01565, 0.02126] P=6 S=61 arc=0.98 lr=0.063 w_ov=0.242 iou=[0.959, 0.959] acc=0
r37 488s L=0.3812 cov=[0.0067, 0.0083] ov=[0.01542, 0.02109] P=6 S=59 arc=0.97 lr=0.25 w_ov=0.249 iou=[0.958, 0.959] acc=3
r38 499s L=0.3754 cov=[0.0068, 0.0084] ov=[0.01504, 0.02086] P=6 S=59 arc=0.97 lr=0.13 w_ov=0.255 iou=[0.957, 0.958] acc=0
r39 511s L=0.3743 cov=[0.0067, 0.0083] ov=[0.01504, 0.02077] P=6 S=59 arc=0.97 lr=0.18 w_ov=0.261 iou=[0.957, 0.959] acc=0
r40 523s L=0.3723 cov=[0.0067, 0.0083] ov=[0.01491, 0.0207] P=6 S=59 arc=0.97 lr=0.088 w_ov=0.266 iou=[0.957, 0.958] acc=0
r41 534s L=0.3713 cov=[0.0067, 0.0083] ov=[0.01484, 0.02066] P=6 S=59 arc=0.97 lr=0.0078 w_ov=0.273 iou=[0.957, 0.958] acc=0
r42 547s L=0.3711 cov=[0.0067, 0.0083] ov=[0.01483, 0.02065] P=6 S=59 arc=0.97 lr=0.0002 w_ov=0.279 iou=[0.957, 0.958] acc=1
r43 557s L=0.3711 cov=[0.0067, 0.0083] ov=[0.01483, 0.02065] P=6 S=58 arc=0.97 lr=0.0002 w_ov=0.285 iou=[0.957, 0.958] acc=2
r44 569s L=0.37 cov=[0.0067, 0.0084] ov=[0.01472, 0.02066] P=6 S=58 arc=0.97 lr=0.0002 w_ov=0.291 iou=[0.957, 0.958] acc=0
r45 580s L=0.3699 cov=[0.0067, 0.0084] ov=[0.01471, 0.02066] P=6 S=58 arc=0.97 lr=0.0002 w_ov=0.298 iou=[0.957, 0.958] acc=0
r46 589s L=0.3699 cov=[0.0067, 0.0084] ov=[0.01471, 0.02066] P=6 S=58 arc=0.97 lr=0.0002 w_ov=0.304 iou=[0.957, 0.958] acc=0
r47 602s L=0.3698 cov=[0.0067, 0.0084] ov=[0.0147, 0.02065] P=6 S=58 arc=0.97 lr=0.0002 w_ov=0.31 iou=[0.957, 0.958] acc=0
r48 614s L=0.3697 cov=[0.0067, 0.0084] ov=[0.01469, 0.02065] P=6 S=58 arc=0.97 lr=0.0002 w_ov=0.317 iou=[0.957, 0.958] acc=1
r49 628s L=0.3696 cov=[0.0067, 0.0084] ov=[0.01468, 0.02065] P=6 S=58 arc=0.97 lr=0.0002 w_ov=0.325 iou=[0.957, 0.958] acc=0
r50 640s L=0.3695 cov=[0.0067, 0.0084] ov=[0.01467, 0.02064] P=6 S=58 arc=0.95 lr=0.0002 w_ov=0.334 iou=[0.957, 0.958] acc=1
r51 652s L=0.3693 cov=[0.0067, 0.0084] ov=[0.01466, 0.02064] P=6 S=58 arc=0.97 lr=0.0002 w_ov=0.341 iou=[0.957, 0.958] acc=1
r52 664s L=0.3691 cov=[0.0067, 0.0084] ov=[0.01465, 0.02063] P=6 S=58 arc=0.97 lr=0.0002 w_ov=0.35 iou=[0.957, 0.958] acc=1
r53 675s L=0.369 cov=[0.0067, 0.0084] ov=[0.01464, 0.02062] P=6 S=58 arc=0.97 lr=0.0002 w_ov=0.357 iou=[0.957, 0.958] acc=0
r54 685s L=0.3687 cov=[0.0067, 0.0084] ov=[0.01463, 0.02061] P=6 S=58 arc=0.95 lr=0.0002 w_ov=0.365 iou=[0.957, 0.958] acc=1
r55 696s L=0.3686 cov=[0.0067, 0.0084] ov=[0.01462, 0.02062] P=6 S=58 arc=0.95 lr=0.0002 w_ov=0.372 iou=[0.957, 0.958] acc=0
r56 709s L=0.3684 cov=[0.0067, 0.0084] ov=[0.0146, 0.02061] P=6 S=58 arc=0.95 lr=0.0002 w_ov=0.38 iou=[0.957, 0.958] acc=0
r57 722s L=0.3682 cov=[0.0067, 0.0084] ov=[0.01459, 0.0206] P=6 S=58 arc=0.95 lr=0.0002 w_ov=0.39 iou=[0.957, 0.958] acc=0
r58 733s L=0.368 cov=[0.0067, 0.0084] ov=[0.01457, 0.02059] P=6 S=58 arc=0.93 lr=0.0002 w_ov=0.4 iou=[0.957, 0.958] acc=2
r59 745s L=0.3674 cov=[0.0067, 0.0084] ov=[0.01455, 0.02055] P=6 S=58 arc=0.93 lr=0.0002 w_ov=0.408 iou=[0.956, 0.958] acc=1
r60 757s L=0.3666 cov=[0.0067, 0.0085] ov=[0.01448, 0.02055] P=6 S=58 arc=0.93 lr=0.0002 w_ov=0.418 iou=[0.956, 0.958] acc=0
r61 769s L=0.3663 cov=[0.0067, 0.0085] ov=[0.01446, 0.02053] P=6 S=58 arc=0.93 lr=0.0002 w_ov=0.427 iou=[0.956, 0.958] acc=0
r62 782s L=0.366 cov=[0.0067, 0.0085] ov=[0.01443, 0.02052] P=6 S=58 arc=0.93 lr=0.0002 w_ov=0.437 iou=[0.956, 0.958] acc=0
r63 794s L=0.3656 cov=[0.0067, 0.0085] ov=[0.01441, 0.02051] P=6 S=58 arc=0.93 lr=0.0002 w_ov=0.449 iou=[0.956, 0.958] acc=2
r64 806s L=0.3653 cov=[0.0068, 0.0085] ov=[0.01439, 0.0205] P=6 S=58 arc=0.95 lr=0.0002 w_ov=0.459 iou=[0.956, 0.958] acc=0
r65 818s L=0.365 cov=[0.0068, 0.0085] ov=[0.01436, 0.02049] P=6 S=58 arc=0.95 lr=0.00028 w_ov=0.469 iou=[0.956, 0.958] acc=1
r66 830s L=0.3645 cov=[0.0068, 0.0085] ov=[0.01433, 0.02047] P=6 S=58 arc=0.95 lr=0.0002 w_ov=0.481 iou=[0.956, 0.958] acc=1
r67 841s L=0.3641 cov=[0.0068, 0.0085] ov=[0.01431, 0.02046] P=6 S=58 arc=0.97 lr=0.0002 w_ov=0.492 iou=[0.956, 0.958] acc=0
r68 851s L=0.3637 cov=[0.0068, 0.0085] ov=[0.01428, 0.02044] P=6 S=58 arc=0.97 lr=0.0002 w_ov=0.503 iou=[0.956, 0.958] acc=0
r69 862s L=0.3633 cov=[0.0068, 0.0085] ov=[0.01425, 0.02043] P=6 S=58 arc=0.95 lr=0.00028 w_ov=0.512 iou=[0.956, 0.958] acc=1
r70 875s L=0.3628 cov=[0.0068, 0.0085] ov=[0.01422, 0.02041] P=6 S=58 arc=0.93 lr=0.0002 w_ov=0.523 iou=[0.956, 0.957] acc=0
r71 886s L=0.3623 cov=[0.0068, 0.0085] ov=[0.01419, 0.02039] P=6 S=58 arc=0.93 lr=0.00028 w_ov=0.536 iou=[0.956, 0.957] acc=1
r72 897s L=0.3617 cov=[0.0068, 0.0086] ov=[0.01415, 0.02037] P=6 S=58 arc=0.91 lr=0.0002 w_ov=0.547 iou=[0.956, 0.957] acc=2
r73 907s L=0.3603 cov=[0.0068, 0.0086] ov=[0.01412, 0.02025] P=6 S=58 arc=0.88 lr=0.0002 w_ov=0.559 iou=[0.956, 0.954] acc=2
r74 918s L=0.3511 cov=[0.0068, 0.0091] ov=[0.0133, 0.02011] P=6 S=58 arc=0.88 lr=0.0002 w_ov=0.571 iou=[0.956, 0.954] acc=2
r75 929s L=0.3506 cov=[0.0068, 0.0091] ov=[0.01326, 0.02009] P=6 S=58 arc=0.88 lr=0.0002 w_ov=0.582 iou=[0.956, 0.954] acc=2
r76 939s L=0.3501 cov=[0.0069, 0.0091] ov=[0.01323, 0.02007] P=6 S=58 arc=0.88 lr=0.0002 w_ov=0.594 iou=[0.956, 0.954] acc=2
r77 952s L=0.3496 cov=[0.0069, 0.0091] ov=[0.0132, 0.02005] P=6 S=58 arc=0.90 lr=0.00028 w_ov=0.607 iou=[0.956, 0.954] acc=0
r78 963s L=0.3488 cov=[0.0069, 0.0091] ov=[0.01314, 0.02002] P=6 S=58 arc=0.90 lr=0.0002 w_ov=0.621 iou=[0.956, 0.954] acc=0
r79 975s L=0.3483 cov=[0.0069, 0.0091] ov=[0.01311, 0.02] P=6 S=58 arc=0.88 lr=0.00028 w_ov=0.635 iou=[0.956, 0.954] acc=1
r80 987s L=0.3453 cov=[0.0069, 0.0092] ov=[0.01291, 0.01989] P=6 S=58 arc=0.86 lr=0.0045 w_ov=0.65 iou=[0.954, 0.953] acc=2
r81 998s L=0.3174 cov=[0.0075, 0.0099] ov=[0.01117, 0.01871] P=6 S=58 arc=0.88 lr=0.072 w_ov=0.665 iou=[0.952, 0.951] acc=1
r82 1009s L=0.2762 cov=[0.0082, 0.0109] ov=[0.00811, 0.01748] P=6 S=58 arc=0.90 lr=0.14 w_ov=0.678 iou=[0.947, 0.946] acc=1
r83 1021s L=0.263 cov=[0.0084, 0.011] ov=[0.00761, 0.01664] P=6 S=58 arc=0.90 lr=0.14 w_ov=0.693 iou=[0.946, 0.947] acc=2
r84 1034s L=0.2435 cov=[0.0086, 0.0113] ov=[0.00646, 0.01579] P=6 S=60 arc=0.90 lr=0.14 w_ov=0.71 iou=[0.947, 0.946] acc=4
r85 1047s L=0.2325 cov=[0.0085, 0.0113] ov=[0.00605, 0.01509] P=6 S=60 arc=0.92 lr=0.1 w_ov=0.727 iou=[0.947, 0.947] acc=0
r86 1058s L=0.2186 cov=[0.0088, 0.0115] ov=[0.00522, 0.01449] P=6 S=60 arc=0.92 lr=0.14 w_ov=0.746 iou=[0.944, 0.946] acc=1
r87 1070s L=0.2095 cov=[0.0088, 0.0116] ov=[0.00483, 0.01395] P=6 S=60 arc=0.93 lr=0.072 w_ov=0.762 iou=[0.945, 0.946] acc=1
r88 1081s L=0.2049 cov=[0.0089, 0.0116] ov=[0.00463, 0.01369] P=6 S=60 arc=0.95 lr=0.036 w_ov=0.78 iou=[0.944, 0.945] acc=0
r89 1095s L=0.2016 cov=[0.009, 0.0117] ov=[0.00448, 0.0135] P=6 S=60 arc=0.93 lr=0.051 w_ov=0.796 iou=[0.944, 0.945] acc=0
r90 1107s L=0.1978 cov=[0.0091, 0.0117] ov=[0.00434, 0.01324] P=6 S=60 arc=0.95 lr=0.036 w_ov=0.818 iou=[0.944, 0.944] acc=1
r91 1118s L=0.1947 cov=[0.0091, 0.0118] ov=[0.00425, 0.01301] P=6 S=60 arc=0.95 lr=0.036 w_ov=0.836 iou=[0.944, 0.943] acc=1
r92 1130s L=0.1925 cov=[0.0091, 0.0118] ov=[0.00416, 0.01288] P=6 S=60 arc=0.95 lr=0.036 w_ov=0.854 iou=[0.944, 0.944] acc=0
r93 1139s L=0.1911 cov=[0.0091, 0.0118] ov=[0.00411, 0.01278] P=6 S=60 arc=0.95 lr=0.018 w_ov=0.874 iou=[0.944, 0.944] acc=0
r94 1150s L=0.1878 cov=[0.0092, 0.0119] ov=[0.00401, 0.01254] P=6 S=60 arc=0.95 lr=0.051 w_ov=0.89 iou=[0.943, 0.944] acc=1
r95 1162s L=0.1854 cov=[0.0093, 0.012] ov=[0.00391, 0.01238] P=6 S=60 arc=0.97 lr=0.051 w_ov=0.909 iou=[0.942, 0.944] acc=0
r96 1173s L=0.1826 cov=[0.0093, 0.012] ov=[0.00377, 0.01223] P=6 S=60 arc=0.97 lr=0.036 w_ov=0.929 iou=[0.941, 0.943] acc=1
r97 1186s L=0.1807 cov=[0.0094, 0.012] ov=[0.0037, 0.01211] P=6 S=60 arc=0.98 lr=0.036 w_ov=0.95 iou=[0.941, 0.942] acc=0
r98 1198s L=0.1784 cov=[0.0095, 0.0121] ov=[0.0036, 0.01197] P=6 S=60 arc=0.98 lr=0.036 w_ov=0.973 iou=[0.941, 0.941] acc=0
r99 1210s L=0.1763 cov=[0.0096, 0.0121] ov=[0.00349, 0.01184] P=6 S=60 arc=0.98 lr=0.051 w_ov=0.997 iou=[0.94, 0.941] acc=0
r100 1220s L=0.1742 cov=[0.0096, 0.0122] ov=[0.00337, 0.01176] P=6 S=60 arc=0.98 lr=0.018 w_ov=1.02 iou=[0.941, 0.94] acc=0
r101 1232s L=0.173 cov=[0.0096, 0.0122] ov=[0.00331, 0.01169] P=6 S=60 arc=0.98 lr=0.018 w_ov=1.04 iou=[0.94, 0.94] acc=0
r102 1245s L=0.1722 cov=[0.0097, 0.0122] ov=[0.00328, 0.01163] P=6 S=60 arc=0.98 lr=0.013 w_ov=1.06 iou=[0.94, 0.94] acc=0
r103 1255s L=0.1716 cov=[0.0097, 0.0123] ov=[0.00325, 0.01159] P=6 S=60 arc=0.98 lr=0.0032 w_ov=1.09 iou=[0.94, 0.94] acc=1
r104 1266s L=0.1716 cov=[0.0097, 0.0123] ov=[0.00325, 0.01159] P=6 S=60 arc=0.98 lr=0.0002 w_ov=1.11 iou=[0.94, 0.94] acc=1
r105 1279s L=0.1715 cov=[0.0097, 0.0122] ov=[0.00325, 0.01159] P=6 S=59 arc=0.98 lr=0.0002 w_ov=1.14 iou=[0.94, 0.941] acc=1
r106 1289s L=0.1718 cov=[0.0098, 0.0122] ov=[0.00324, 0.01162] P=6 S=59 arc=0.98 lr=0.0002 w_ov=1.16 iou=[0.94, 0.941] acc=0
r107 1300s L=0.1717 cov=[0.0098, 0.0122] ov=[0.00324, 0.01161] P=6 S=59 arc=0.98 lr=0.0002 w_ov=1.19 iou=[0.94, 0.941] acc=0
r108 1311s L=0.1716 cov=[0.0098, 0.0122] ov=[0.00324, 0.01161] P=6 S=59 arc=0.98 lr=0.0002 w_ov=1.21 iou=[0.94, 0.941] acc=0
r109 1324s L=0.1716 cov=[0.0098, 0.0122] ov=[0.00323, 0.0116] P=6 S=59 arc=0.98 lr=0.0002 w_ov=1.24 iou=[0.94, 0.941] acc=0
r110 1335s L=0.1715 cov=[0.0098, 0.0122] ov=[0.00323, 0.0116] P=6 S=59 arc=0.98 lr=0.0002 w_ov=1.27 iou=[0.94, 0.941] acc=0
r111 1348s L=0.1713 cov=[0.0098, 0.0122] ov=[0.00322, 0.01159] P=6 S=59 arc=0.98 lr=0.0002 w_ov=1.3 iou=[0.94, 0.941] acc=0
r112 1360s L=0.1712 cov=[0.0098, 0.0122] ov=[0.00322, 0.01159] P=6 S=59 arc=0.98 lr=0.0002 w_ov=1.33 iou=[0.94, 0.941] acc=0
r113 1371s L=0.1711 cov=[0.0098, 0.0123] ov=[0.00321, 0.01158] P=6 S=59 arc=0.98 lr=0.00028 w_ov=1.36 iou=[0.94, 0.94] acc=0
r114 1385s L=0.1709 cov=[0.0098, 0.0123] ov=[0.0032, 0.01157] P=6 S=59 arc=0.98 lr=0.0002 w_ov=1.39 iou=[0.94, 0.94] acc=0
r115 1396s L=0.1708 cov=[0.0098, 0.0123] ov=[0.00319, 0.01156] P=6 S=59 arc=0.98 lr=0.0002 w_ov=1.43 iou=[0.94, 0.94] acc=0
r116 1407s L=0.1706 cov=[0.0098, 0.0123] ov=[0.00318, 0.01155] P=6 S=59 arc=0.98 lr=0.0002 w_ov=1.46 iou=[0.94, 0.94] acc=0
r117 1421s L=0.1704 cov=[0.0098, 0.0123] ov=[0.00317, 0.01154] P=6 S=59 arc=0.98 lr=0.0002 w_ov=1.49 iou=[0.939, 0.94] acc=0
r118 1431s L=0.1702 cov=[0.0098, 0.0123] ov=[0.00316, 0.01152] P=6 S=59 arc=0.98 lr=0.00028 w_ov=1.53 iou=[0.94, 0.94] acc=0
r119 1442s L=0.1699 cov=[0.0098, 0.0123] ov=[0.00315, 0.01151] P=6 S=59 arc=0.98 lr=0.0002 w_ov=1.56 iou=[0.94, 0.94] acc=0
r120 1453s L=0.1697 cov=[0.0099, 0.0124] ov=[0.00313, 0.0115] P=6 S=59 arc=0.98 lr=0.00028 w_ov=1.59 iou=[0.939, 0.94] acc=0
r121 1466s L=0.1694 cov=[0.0099, 0.0124] ov=[0.00312, 0.01148] P=6 S=59 arc=0.98 lr=0.0002 w_ov=1.62 iou=[0.939, 0.94] acc=0
r122 1479s L=0.1691 cov=[0.0099, 0.0124] ov=[0.0031, 0.01146] P=6 S=59 arc=0.98 lr=0.0002 w_ov=1.67 iou=[0.939, 0.939] acc=0
r123 1490s L=0.1688 cov=[0.0099, 0.0124] ov=[0.00308, 0.01144] P=6 S=59 arc=0.98 lr=0.0002 w_ov=1.71 iou=[0.939, 0.939] acc=0
r124 1499s L=0.1684 cov=[0.0099, 0.0124] ov=[0.00306, 0.01143] P=6 S=59 arc=0.98 lr=0.00028 w_ov=1.74 iou=[0.939, 0.939] acc=0
r125 1512s L=0.1666 cov=[0.01, 0.0126] ov=[0.00297, 0.01131] P=6 S=59 arc=0.98 lr=0.0045 w_ov=1.78 iou=[0.939, 0.938] acc=0
r126 1525s L=0.1532 cov=[0.0109, 0.0136] ov=[0.00235, 0.0104] P=6 S=62 arc=0.98 lr=0.072 w_ov=1.82 iou=[0.937, 0.935] acc=3
r127 1536s L=0.1319 cov=[0.0128, 0.0147] ov=[0.00153, 0.00879] P=6 S=65 arc=0.94 lr=0.1 w_ov=1.87 iou=[0.931, 0.933] acc=6
r128 1550s L=0.1198 cov=[0.0135, 0.0141] ov=[0.00131, 0.00778] P=6 S=65 arc=0.94 lr=0.051 w_ov=1.91 iou=[0.928, 0.935] acc=2
r129 1561s L=0.1106 cov=[0.0144, 0.0141] ov=[0.00107, 0.00701] P=6 S=65 arc=0.97 lr=0.026 w_ov=1.96 iou=[0.926, 0.935] acc=1
r130 1575s L=0.1043 cov=[0.015, 0.0142] ov=[0.00093, 0.00645] P=6 S=66 arc=0.98 lr=0.051 w_ov=2 iou=[0.923, 0.934] acc=1
r131 1587s L=0.09518 cov=[0.016, 0.0142] ov=[0.00082, 0.00556] P=6 S=66 arc=0.95 lr=0.036 w_ov=2.05 iou=[0.919, 0.934] acc=2
r132 1600s L=0.08858 cov=[0.0167, 0.0142] ov=[0.00077, 0.00487] P=6 S=66 arc=0.92 lr=0.051 w_ov=2.1 iou=[0.917, 0.934] acc=3
r133 1612s L=0.07813 cov=[0.018, 0.0144] ov=[0.00078, 0.00367] P=6 S=67 arc=0.94 lr=0.072 w_ov=2.16 iou=[0.914, 0.934] acc=2
r134 1623s L=0.0692 cov=[0.0187, 0.0142] ov=[0.00066, 0.00285] P=6 S=67 arc=0.94 lr=0.018 w_ov=2.2 iou=[0.91, 0.934] acc=2
r135 1636s L=0.06549 cov=[0.0192, 0.0142] ov=[0.00063, 0.00244] P=6 S=62 arc=0.98 lr=0.036 w_ov=2.25 iou=[0.885, 0.91] acc=2
r136 1646s L=0.06227 cov=[0.0281, 0.0194] ov=[0.00059, 0.00077] P=6 S=64 arc=0.97 lr=0.051 w_ov=2.31 iou=[0.884, 0.918] acc=3
r137 1659s L=0.05851 cov=[0.0278, 0.0185] ov=[0.00043, 0.00067] P=6 S=63 arc=0.97 lr=0.036 w_ov=2.36 iou=[0.883, 0.922] acc=1
r138 1670s L=0.05743 cov=[0.0278, 0.0182] ov=[0.00038, 0.00063] P=6 S=62 arc=0.95 lr=0.018 w_ov=2.41 iou=[0.884, 0.923] acc=2
r139 1684s L=0.05635 cov=[0.0277, 0.0181] ov=[0.00033, 0.0006] P=6 S=62 arc=0.89 lr=0.0091 w_ov=2.46 iou=[0.883, 0.925] acc=6
r140 1697s L=0.05558 cov=[0.0281, 0.0177] ov=[0.00029, 0.00056] P=6 S=62 arc=0.90 lr=0.013 w_ov=2.53 iou=[0.882, 0.924] acc=3
r141 1710s L=0.05523 cov=[0.028, 0.0176] ov=[0.00029, 0.00055] P=6 S=61 arc=0.93 lr=0.0064 w_ov=2.6 iou=[0.882, 0.925] acc=2
r142 1721s L=0.05488 cov=[0.028, 0.0176] ov=[0.00028, 0.00052] P=6 S=61 arc=0.93 lr=0.0064 w_ov=2.66 iou=[0.883, 0.925] acc=1
r143 1732s L=0.0545 cov=[0.028, 0.0176] ov=[0.00027, 0.0005] P=6 S=61 arc=0.95 lr=0.0032 w_ov=2.72 iou=[0.883, 0.925] acc=0
r144 1744s L=0.05436 cov=[0.028, 0.0176] ov=[0.00026, 0.00049] P=6 S=61 arc=0.93 lr=0.0032 w_ov=2.78 iou=[0.883, 0.925] acc=1
r145 1755s L=0.05413 cov=[0.028, 0.0175] ov=[0.00025, 0.00049] P=6 S=61 arc=0.93 lr=0.0032 w_ov=2.84 iou=[0.883, 0.925] acc=2
r146 1767s L=0.05404 cov=[0.028, 0.0175] ov=[0.00025, 0.00048] P=6 S=61 arc=0.97 lr=0.00028 w_ov=2.9 iou=[0.883, 0.924] acc=0
r147 1776s L=0.05403 cov=[0.028, 0.0175] ov=[0.00025, 0.00048] P=6 S=61 arc=0.97 lr=0.0002 w_ov=2.97 iou=[0.883, 0.925] acc=1
r148 1789s L=0.05402 cov=[0.028, 0.0175] ov=[0.00025, 0.00048] P=6 S=61 arc=0.97 lr=0.0002 w_ov=3.02 iou=[0.883, 0.925] acc=0
r149 1801s L=0.054 cov=[0.028, 0.0175] ov=[0.00025, 0.00048] P=6 S=61 arc=0.97 lr=0.0002 w_ov=3.1 iou=[0.883, 0.925] acc=0
r150 1812s L=0.05399 cov=[0.028, 0.0175] ov=[0.00024, 0.00048] P=6 S=61 arc=0.98 lr=0.0002 w_ov=3.17 iou=[0.883, 0.925] acc=0
r151 1823s L=0.05397 cov=[0.028, 0.0175] ov=[0.00024, 0.00048] P=6 S=61 arc=0.95 lr=0.0002 w_ov=3.23 iou=[0.883, 0.925] acc=2
r152 1833s L=0.05389 cov=[0.0281, 0.0175] ov=[0.00024, 0.00047] P=6 S=61 arc=0.93 lr=0.0002 w_ov=3.3 iou=[0.883, 0.925] acc=3
r153 1845s L=0.05386 cov=[0.0281, 0.0175] ov=[0.00024, 0.00047] P=6 S=61 arc=0.95 lr=0.0002 w_ov=3.37 iou=[0.883, 0.925] acc=0
r154 1857s L=0.05384 cov=[0.0281, 0.0175] ov=[0.00024, 0.00046] P=6 S=61 arc=0.97 lr=0.00028 w_ov=3.45 iou=[0.883, 0.925] acc=0
r155 1870s L=0.05381 cov=[0.0281, 0.0175] ov=[0.00024, 0.00046] P=6 S=61 arc=0.95 lr=0.00028 w_ov=3.53 iou=[0.883, 0.925] acc=1
r156 1881s L=0.05377 cov=[0.0281, 0.0175] ov=[0.00023, 0.00046] P=6 S=61 arc=0.95 lr=0.0002 w_ov=3.62 iou=[0.883, 0.925] acc=1
r157 1893s L=0.05374 cov=[0.0281, 0.0175] ov=[0.00023, 0.00046] P=6 S=61 arc=0.97 lr=0.0002 w_ov=3.7 iou=[0.883, 0.924] acc=0
r158 1904s L=0.0537 cov=[0.0281, 0.0175] ov=[0.00023, 0.00046] P=6 S=61 arc=0.95 lr=0.0002 w_ov=3.78 iou=[0.883, 0.925] acc=1
r159 1915s L=0.05366 cov=[0.0281, 0.0175] ov=[0.00023, 0.00045] P=6 S=61 arc=0.93 lr=0.0002 w_ov=3.86 iou=[0.883, 0.925] acc=1
r160 1927s L=0.05362 cov=[0.0281, 0.0175] ov=[0.00022, 0.00045] P=6 S=61 arc=0.93 lr=0.0002 w_ov=3.94 iou=[0.883, 0.924] acc=0
r161 1937s L=0.05357 cov=[0.0281, 0.0176] ov=[0.00022, 0.00045] P=6 S=61 arc=0.93 lr=0.0002 w_ov=4.04 iou=[0.883, 0.924] acc=0
r162 1951s L=0.05352 cov=[0.0281, 0.0176] ov=[0.00022, 0.00044] P=6 S=61 arc=0.93 lr=0.0002 w_ov=4.12 iou=[0.883, 0.924] acc=1
r163 1961s L=0.05347 cov=[0.0281, 0.0176] ov=[0.00021, 0.00044] P=6 S=61 arc=0.95 lr=0.00028 w_ov=4.23 iou=[0.883, 0.924] acc=0
r164 1972s L=0.05341 cov=[0.0281, 0.0176] ov=[0.00021, 0.00044] P=6 S=61 arc=0.95 lr=0.0002 w_ov=4.31 iou=[0.883, 0.925] acc=0
r165 1983s L=0.05336 cov=[0.0281, 0.0176] ov=[0.00021, 0.00044] P=6 S=61 arc=0.93 lr=0.0002 w_ov=4.4 iou=[0.883, 0.924] acc=1
r166 1994s L=0.05331 cov=[0.0282, 0.0176] ov=[0.0002, 0.00043] P=6 S=61 arc=0.93 lr=0.0002 w_ov=4.5 iou=[0.883, 0.924] acc=0
r167 2005s L=0.05326 cov=[0.0282, 0.0176] ov=[0.0002, 0.00043] P=6 S=61 arc=0.93 lr=0.0002 w_ov=4.59 iou=[0.883, 0.924] acc=0
r168 2018s L=0.0532 cov=[0.0282, 0.0176] ov=[0.00019, 0.00043] P=6 S=61 arc=0.92 lr=0.0002 w_ov=4.69 iou=[0.883, 0.925] acc=1
r169 2029s L=0.05314 cov=[0.0282, 0.0176] ov=[0.00019, 0.00042] P=6 S=61 arc=0.92 lr=0.0002 w_ov=4.8 iou=[0.883, 0.925] acc=1
r170 2041s L=0.0531 cov=[0.0282, 0.0176] ov=[0.00019, 0.00042] P=6 S=61 arc=0.93 lr=0.00028 w_ov=4.91 iou=[0.883, 0.924] acc=0
r171 2055s L=0.05303 cov=[0.0282, 0.0176] ov=[0.00018, 0.00041] P=6 S=61 arc=0.93 lr=0.0002 w_ov=5.02 iou=[0.883, 0.924] acc=0
r172 2067s L=0.05297 cov=[0.0282, 0.0177] ov=[0.00018, 0.00041] P=6 S=61 arc=0.93 lr=0.0002 w_ov=5.15 iou=[0.883, 0.924] acc=0
r173 2078s L=0.05292 cov=[0.0282, 0.0177] ov=[0.00018, 0.00041] P=6 S=61 arc=0.92 lr=0.0002 w_ov=5.28 iou=[0.883, 0.924] acc=1
r174 2090s L=0.05286 cov=[0.0282, 0.0177] ov=[0.00017, 0.0004] P=6 S=61 arc=0.90 lr=0.00028 w_ov=5.39 iou=[0.883, 0.924] acc=1
r175 2099s L=0.05273 cov=[0.0283, 0.0177] ov=[0.00016, 0.00039] P=6 S=61 arc=0.90 lr=0.00057 w_ov=5.52 iou=[0.883, 0.923] acc=0
r176 2110s L=0.05246 cov=[0.0283, 0.0177] ov=[0.00014, 0.00038] P=6 S=61 arc=0.89 lr=0.0023 w_ov=5.62 iou=[0.883, 0.924] acc=1
r177 2121s L=0.05183 cov=[0.0284, 0.0179] ov=[0.00012, 0.00031] P=6 S=62 arc=0.89 lr=0.013 w_ov=5.73 iou=[0.883, 0.923] acc=2
r178 2133s L=0.05083 cov=[0.0286, 0.0181] ov=[8e-05, 0.00022] P=6 S=62 arc=0.90 lr=0.0045 w_ov=5.86 iou=[0.882, 0.923] acc=0
r179 2146s L=0.05049 cov=[0.0285, 0.018] ov=[7e-05, 0.0002] P=6 S=61 arc=0.89 lr=0.0091 w_ov=5.99 iou=[0.882, 0.922] acc=2
r180 2158s L=0.05009 cov=[0.0286, 0.0179] ov=[4e-05, 0.00019] P=6 S=61 arc=0.87 lr=0.0045 w_ov=6.15 iou=[0.882, 0.922] acc=4
r181 2171s L=0.04989 cov=[0.0285, 0.0179] ov=[3e-05, 0.00019] P=6 S=61 arc=0.92 lr=0.0011 w_ov=6.28 iou=[0.882, 0.922] acc=0
r182 2183s L=0.04973 cov=[0.0285, 0.0179] ov=[3e-05, 0.00018] P=6 S=61 arc=0.90 lr=0.0045 w_ov=6.44 iou=[0.883, 0.922] acc=3
r183 2193s L=0.04961 cov=[0.0285, 0.0178] ov=[3e-05, 0.00018] P=6 S=61 arc=0.93 lr=0.0032 w_ov=6.59 iou=[0.882, 0.922] acc=0
r184 2204s L=0.04953 cov=[0.0285, 0.0178] ov=[3e-05, 0.00017] P=6 S=61 arc=0.93 lr=0.0016 w_ov=6.73 iou=[0.882, 0.923] acc=0
r185 2216s L=0.04951 cov=[0.0285, 0.0178] ov=[3e-05, 0.00017] P=6 S=61 arc=0.93 lr=0.0002 w_ov=6.87 iou=[0.882, 0.923] acc=0
r186 2229s L=0.0495 cov=[0.0285, 0.0178] ov=[3e-05, 0.00017] P=6 S=61 arc=0.93 lr=0.0002 w_ov=7.02 iou=[0.882, 0.923] acc=1
r187 2239s L=0.04949 cov=[0.0285, 0.0178] ov=[3e-05, 0.00017] P=6 S=61 arc=0.95 lr=0.0002 w_ov=7.2 iou=[0.882, 0.923] acc=0
r188 2251s L=0.04948 cov=[0.0285, 0.0178] ov=[3e-05, 0.00017] P=6 S=61 arc=0.95 lr=0.00028 w_ov=7.35 iou=[0.882, 0.923] acc=0
r189 2262s L=0.04947 cov=[0.0285, 0.0178] ov=[3e-05, 0.00017] P=6 S=61 arc=0.95 lr=0.0002 w_ov=7.51 iou=[0.882, 0.923] acc=0
r190 2272s L=0.04947 cov=[0.0285, 0.0178] ov=[3e-05, 0.00017] P=6 S=61 arc=0.95 lr=0.0002 w_ov=7.68 iou=[0.882, 0.923] acc=0
r191 2285s L=0.04946 cov=[0.0285, 0.0178] ov=[3e-05, 0.00017] P=6 S=61 arc=0.95 lr=0.0002 w_ov=7.83 iou=[0.882, 0.923] acc=0
r192 2296s L=0.04946 cov=[0.0285, 0.0178] ov=[3e-05, 0.00017] P=6 S=61 arc=0.95 lr=0.0002 w_ov=8.02 iou=[0.882, 0.923] acc=0
r193 2307s L=0.04946 cov=[0.0285, 0.0178] ov=[3e-05, 0.00017] P=6 S=61 arc=0.93 lr=0.0002 w_ov=8.2 iou=[0.882, 0.923] acc=1
r194 2318s L=0.04946 cov=[0.0285, 0.0178] ov=[3e-05, 0.00017] P=6 S=61 arc=0.93 lr=0.0002 w_ov=8.36 iou=[0.882, 0.923] acc=0
r195 2331s L=0.04945 cov=[0.0285, 0.0178] ov=[2e-05, 0.00017] P=6 S=61 arc=0.93 lr=0.0002 w_ov=8.55 iou=[0.882, 0.923] acc=0
r196 2343s L=0.04944 cov=[0.0285, 0.0178] ov=[2e-05, 0.00017] P=6 S=61 arc=0.93 lr=0.00028 w_ov=8.77 iou=[0.882, 0.923] acc=1
r197 2354s L=0.04944 cov=[0.0285, 0.0178] ov=[2e-05, 0.00017] P=6 S=61 arc=0.95 lr=0.0002 w_ov=8.96 iou=[0.882, 0.923] acc=0
r198 2365s L=0.04943 cov=[0.0285, 0.0178] ov=[2e-05, 0.00017] P=6 S=61 arc=0.95 lr=0.0002 w_ov=9.17 iou=[0.882, 0.923] acc=0
r199 2378s L=0.04943 cov=[0.0285, 0.0178] ov=[2e-05, 0.00017] P=6 S=61 arc=0.95 lr=0.0002 w_ov=9.36 iou=[0.882, 0.923] acc=0
r200 2389s L=0.04942 cov=[0.0285, 0.0178] ov=[2e-05, 0.00017] P=6 S=61 arc=0.93 lr=0.0002 w_ov=9.58 iou=[0.882, 0.923] acc=1
r201 2401s L=0.04942 cov=[0.0285, 0.0178] ov=[2e-05, 0.00017] P=6 S=61 arc=0.93 lr=0.0002 w_ov=9.8 iou=[0.882, 0.923] acc=0
{
 "Merge": {
  "proposed": 1454,
  "accepted": 52,
  "scope": "shared",
  "rate": 0.03576341127922971
 },
 "Split": {
  "proposed": 3908,
  "accepted": 27,
  "scope": "shared",
  "rate": 0.006908904810644831
 },
 "ToArc": {
  "proposed": 322,
  "accepted": 149,
  "scope": "shared",
  "rate": 0.46273291925465837
 },
 "Rotate": {
  "proposed": 1909,
  "accepted": 2,
  "scope": "per-target",
  "rate": 0.0010476689366160294
 },
 "SwapPoses": {
  "proposed": 1749,
  "accepted": 0,
  "scope": "per-target",
  "rate": 0.0
 },
 "Flip": {
  "proposed": 832,
  "accepted": 1,
  "scope": "per-target",
  "rate": 0.001201923076923077
 },
 "forced:RemoveSmallPart": {
  "proposed": 0,
  "accepted": 5,
  "scope": "shared",
  "rate": 5.0
 },
 "MergeClose": {
  "proposed": 94,
  "accepted": 3,
  "scope": "shared",
  "rate": 0.031914893617021274
 },
 "ToLine": {
  "proposed": 2660,
  "accepted": 79,
  "scope": "shared",
  "rate": 0.029699248120300753
 }
}
EVAL avg_chamfer=7.864 avg_hausdorff=41.464 pieces=6->6 loss=0.049416
