r0 9s L=0.502 cov=[0.0181, 0.1125] ov=[0.01771, 0.01932] P=4 S=47 arc=0.00 lr=0.25 w_ov=0.1 iou=[0.89, 0.55] acc=20
r1 18s L=0.5513 cov=[0.0166, 0.0995] ov=[0.02452, 0.01892] P=4 S=46 arc=0.17 lr=0.25 w_ov=0.102 iou=[0.898, 0.594] acc=15
r2 27s L=0.6271 cov=[0.0216, 0.0874] ov=[0.0319, 0.01981] P=4 S=45 arc=0.29 lr=0.25 w_ov=0.104 iou=[0.876, 0.633] acc=16
r3 38s L=0.6175 cov=[0.0194, 0.0714] ov=[0.0389, 0.01369] P=4 S=47 arc=0.38 lr=0.25 w_ov=0.105 iou=[0.883, 0.695] acc=16
r4 49s L=0.6449 cov=[0.0152, 0.0647] ov=[0.04316, 0.01325] P=4 S=46 arc=0.48 lr=0.18 w_ov=0.108 iou=[0.911, 0.724] acc=11
r5 61s L=0.677 cov=[0.015, 0.0591] ov=[0.04799, 0.01222] P=4 S=44 arc=0.52 lr=0.18 w_ov=0.11 iou=[0.902, 0.747] acc=6
r6 71s L=0.7051 cov=[0.0127, 0.0554] ov=[0.05163, 0.01199] P=4 S=44 arc=0.52 lr=0.25 w_ov=0.112 iou=[0.918, 0.761] acc=9
r7 83s L=0.7321 cov=[0.0144, 0.0519] ov=[0.05573, 0.01076] P=4 S=48 arc=0.54 lr=0.25 w_ov=0.115 iou=[0.905, 0.776] acc=12
r8 96s L=0.7405 cov=[0.0125, 0.0499] ov=[0.05837, 0.00935] P=4 S=46 arc=0.61 lr=0.25 w_ov=0.117 iou=[0.929, 0.783] acc=7
r9 108s L=0.7452 cov=[0.0122, 0.0486] ov=[0.06037, 0.00797] P=4 S=46 arc=0.59 lr=0.25 w_ov=0.12 iou=[0.93, 0.788] acc=9
r10 120s L=0.7413 cov=[0.0136, 0.046] ov=[0.06102, 0.00706] P=4 S=49 arc=0.59 lr=0.25 w_ov=0.123 iou=[0.918, 0.798] acc=8
r11 134s L=0.7447 cov=[0.0195, 0.0437] ov=[0.06165, 0.00642] P=4 S=46 arc=0.57 lr=0.13 w_ov=0.126 iou=[0.888, 0.806] acc=11
r12 146s L=0.7366 cov=[0.0134, 0.042] ov=[0.06251, 0.00553] P=4 S=44 arc=0.61 lr=0.13 w_ov=0.129 iou=[0.924, 0.813] acc=9
r13 159s L=0.7363 cov=[0.014, 0.0402] ov=[0.06287, 0.00525] P=4 S=44 arc=0.73 lr=0.13 w_ov=0.132 iou=[0.921, 0.82] acc=3
r14 172s L=0.7345 cov=[0.0142, 0.0392] ov=[0.06295, 0.00509] P=4 S=41 arc=0.78 lr=0.18 w_ov=0.136 iou=[0.92, 0.823] acc=6
r15 185s L=0.73 cov=[0.0143, 0.0387] ov=[0.06275, 0.00487] P=4 S=41 arc=0.80 lr=0.18 w_ov=0.139 iou=[0.92, 0.829] acc=6
r16 197s L=0.7283 cov=[0.0142, 0.0383] ov=[0.06283, 0.00467] P=4 S=39 arc=0.74 lr=0.25 w_ov=0.143 iou=[0.921, 0.828] acc=8
r17 209s L=0.7352 cov=[0.02, 0.0382] ov=[0.06325, 0.00437] P=4 S=39 arc=0.74 lr=0.13 w_ov=0.146 iou=[0.883, 0.828] acc=0
r18 220s L=0.7206 cov=[0.0141, 0.0381] ov=[0.06257, 0.00419] P=4 S=39 arc=0.74 lr=0.063 w_ov=0.149 iou=[0.922, 0.828] acc=2
r19 232s L=0.7083 cov=[0.0167, 0.0379] ov=[0.06151, 0.00379] P=4 S=39 arc=0.74 lr=0.25 w_ov=0.153 iou=[0.899, 0.83] acc=6
r20 244s L=0.7067 cov=[0.0144, 0.0377] ov=[0.06164, 0.00373] P=4 S=39 arc=0.72 lr=0.35 w_ov=0.156 iou=[0.919, 0.829] acc=6
r21 255s L=0.6974 cov=[0.0142, 0.0377] ov=[0.06085, 0.00362] P=4 S=39 arc=0.79 lr=0.13 w_ov=0.16 iou=[0.916, 0.83] acc=2
r22 266s L=0.692 cov=[0.0141, 0.0376] ov=[0.06029, 0.00365] P=4 S=39 arc=0.82 lr=0.18 w_ov=0.163 iou=[0.921, 0.828] acc=3
r23 278s L=0.6848 cov=[0.0141, 0.0376] ov=[0.05986, 0.00336] P=4 S=39 arc=0.87 lr=0.088 w_ov=0.167 iou=[0.922, 0.83] acc=1
r24 290s L=0.6799 cov=[0.0141, 0.0376] ov=[0.05947, 0.00326] P=4 S=39 arc=0.87 lr=0.13 w_ov=0.171 iou=[0.922, 0.83] acc=2
r25 301s L=0.6755 cov=[0.0142, 0.0376] ov=[0.05909, 0.00321] P=4 S=39 arc=0.90 lr=0.031 w_ov=0.174 iou=[0.923, 0.829] acc=1
r26 312s L=0.6749 cov=[0.0142, 0.0376] ov=[0.05903, 0.0032] P=4 S=39 arc=0.92 lr=0.00098 w_ov=0.178 iou=[0.923, 0.829] acc=1
r27 324s L=0.6748 cov=[0.0142, 0.0376] ov=[0.05903, 0.0032] P=4 S=39 arc=0.92 lr=0.0002 w_ov=0.182 iou=[0.923, 0.829] acc=0
r28 336s L=0.6748 cov=[0.0142, 0.0376] ov=[0.05902, 0.0032] P=4 S=39 arc=0.92 lr=0.0002 w_ov=0.186 iou=[0.923, 0.829] acc=0
r29 348s L=0.6748 cov=[0.0142, 0.0376] ov=[0.05902, 0.0032] P=4 S=39 arc=0.92 lr=0.0002 w_ov=0.191 iou=[0.923, 0.829] acc=0
r30 360s L=0.6747 cov=[0.0142, 0.0376] ov=[0.05902, 0.0032] P=4 S=39 arc=0.95 lr=0.0002 w_ov=0.195 iou=[0.923, 0.829] acc=0
r31 372s L=0.6747 cov=[0.0142, 0.0376] ov=[0.05902, 0.0032] P=4 S=39 arc=0.95 lr=0.0002 w_ov=0.2 iou=[0.923, 0.829] acc=0
r32 384s L=0.6747 cov=[0.0142, 0.0376] ov=[0.05901, 0.0032] P=4 S=39 arc=0.95 lr=0.0002 w_ov=0.204 iou=[0.923, 0.829] acc=1
r33 396s L=0.6746 cov=[0.0142, 0.0376] ov=[0.05901, 0.0032] P=4 S=39 arc=0.95 lr=0.0002 w_ov=0.209 iou=[0.923, 0.829] acc=0
r34 408s L=0.6745 cov=[0.0142, 0.0376] ov=[0.059, 0.00319] P=4 S=39 arc=0.95 lr=0.0002 w_ov=0.214 iou=[0.923, 0.829] acc=1
r35 420s L=0.6745 cov=[0.0142, 0.0376] ov=[0.059, 0.00319] P=4 S=39 arc=0.95 lr=0.0002 w_ov=0.219 iou=[0.923, 0.829] acc=0
r36 431s L=0.6744 cov=[0.0142, 0.0376] ov=[0.05899, 0.00319] P=4 S=39 arc=0.95 lr=0.0002 w_ov=0.224 iou=[0.923, 0.829] acc=0
r37 442s L=0.6743 cov=[0.0142, 0.0376] ov=[0.05898, 0.00319] P=4 S=39 arc=0.95 lr=0.0002 w_ov=0.229 iou=[0.923, 0.829] acc=0
r38 454s L=0.6742 cov=[0.0142, 0.0376] ov=[0.05898, 0.00319] P=4 S=39 arc=0.95 lr=0.0002 w_ov=0.234 iou=[0.923, 0.829] acc=0
r39 466s L=0.6741 cov=[0.0142, 0.0376] ov=[0.05897, 0.00318] P=4 S=39 arc=0.95 lr=0.0002 w_ov=0.239 iou=[0.923, 0.829] acc=1
r40 478s L=0.674 cov=[0.0142, 0.0376] ov=[0.05896, 0.00318] P=4 S=39 arc=0.92 lr=0.0002 w_ov=0.245 iou=[0.923, 0.829] acc=2
r41 490s L=0.6739 cov=[0.0142, 0.0376] ov=[0.05895, 0.00318] P=4 S=39 arc=0.92 lr=0.0002 w_ov=0.25 iou=[0.923, 0.829] acc=0
r42 502s L=0.6737 cov=[0.0142, 0.0376] ov=[0.05894, 0.00318] P=4 S=39 arc=0.92 lr=0.0002 w_ov=0.256 iou=[0.923, 0.829] acc=0
r43 514s L=0.6736 cov=[0.0142, 0.0376] ov=[0.05893, 0.00317] P=4 S=39 arc=0.92 lr=0.0002 w_ov=0.262 iou=[0.923, 0.829] acc=0
r44 526s L=0.6734 cov=[0.0142, 0.0376] ov=[0.05892, 0.00317] P=4 S=39 arc=0.92 lr=0.0002 w_ov=0.268 iou=[0.923, 0.829] acc=2
r45 537s L=0.6733 cov=[0.0142, 0.0376] ov=[0.05891, 0.00317] P=4 S=39 arc=0.92 lr=0.0002 w_ov=0.274 iou=[0.923, 0.829] acc=1
r46 549s L=0.6731 cov=[0.0142, 0.0376] ov=[0.05889, 0.00316] P=4 S=39 arc=0.95 lr=0.0002 w_ov=0.28 iou=[0.923, 0.829] acc=0
r47 561s L=0.673 cov=[0.0142, 0.0376] ov=[0.05888, 0.00316] P=4 S=39 arc=0.95 lr=0.0002 w_ov=0.287 iou=[0.923, 0.829] acc=0
r48 573s L=0.6728 cov=[0.0142, 0.0376] ov=[0.05887, 0.00315] P=4 S=39 arc=0.92 lr=0.0002 w_ov=0.294 iou=[0.923, 0.829] acc=1
r49 585s L=0.6726 cov=[0.0142, 0.0376] ov=[0.05885, 0.00315] P=4 S=39 arc=0.92 lr=0.0002 w_ov=0.3 iou=[0.923, 0.829] acc=1
r50 597s L=0.6724 cov=[0.0142, 0.0376] ov=[0.05883, 0.00314] P=4 S=39 arc=0.92 lr=0.0002 w_ov=0.307 iou=[0.923, 0.829] acc=1
r51 608s L=0.6722 cov=[0.0142, 0.0376] ov=[0.05882, 0.00314] P=4 S=39 arc=0.92 lr=0.0002 w_ov=0.314 iou=[0.923, 0.829] acc=0
r52 621s L=0.672 cov=[0.0142, 0.0376] ov=[0.0588, 0.00313] P=4 S=39 arc=0.92 lr=0.0002 w_ov=0.321 iou=[0.923, 0.829] acc=0
r53 633s L=0.6718 cov=[0.0142, 0.0376] ov=[0.05878, 0.00313] P=4 S=39 arc=0.92 lr=0.0002 w_ov=0.329 iou=[0.923, 0.829] acc=0
r54 644s L=0.6715 cov=[0.0142, 0.0376] ov=[0.05877, 0.00312] P=4 S=39 arc=0.92 lr=0.0002 w_ov=0.337 iou=[0.923, 0.829] acc=0
r55 657s L=0.6713 cov=[0.0142, 0.0376] ov=[0.05875, 0.00312] P=4 S=39 arc=0.92 lr=0.0002 w_ov=0.344 iou=[0.923, 0.829] acc=0
r56 668s L=0.671 cov=[0.0142, 0.0377] ov=[0.05873, 0.00311] P=4 S=39 arc=0.92 lr=0.0002 w_ov=0.353 iou=[0.923, 0.829] acc=0
r57 680s L=0.6707 cov=[0.0142, 0.0377] ov=[0.0587, 0.00311] P=4 S=38 arc=0.92 lr=0.0002 w_ov=0.361 iou=[0.921, 0.829] acc=2
r58 692s L=0.6679 cov=[0.0143, 0.0377] ov=[0.05863, 0.00289] P=4 S=38 arc=0.92 lr=0.0002 w_ov=0.369 iou=[0.921, 0.829] acc=1
r59 705s L=0.6677 cov=[0.0143, 0.0377] ov=[0.05861, 0.00288] P=4 S=38 arc=0.92 lr=0.0002 w_ov=0.378 iou=[0.921, 0.827] acc=2
r60 717s L=0.6639 cov=[0.0142, 0.0379] ov=[0.05823, 0.00287] P=4 S=38 arc=0.89 lr=0.0002 w_ov=0.387 iou=[0.921, 0.827] acc=0
r61 727s L=0.6636 cov=[0.0142, 0.0379] ov=[0.05821, 0.00286] P=4 S=38 arc=0.92 lr=0.0002 w_ov=0.396 iou=[0.922, 0.827] acc=1
r62 739s L=0.6633 cov=[0.0142, 0.0379] ov=[0.05819, 0.00285] P=4 S=38 arc=0.89 lr=0.0002 w_ov=0.404 iou=[0.922, 0.827] acc=2
r63 750s L=0.6629 cov=[0.0142, 0.0379] ov=[0.05816, 0.00284] P=4 S=38 arc=0.89 lr=0.00028 w_ov=0.413 iou=[0.921, 0.827] acc=1
r64 761s L=0.6625 cov=[0.0142, 0.0379] ov=[0.05813, 0.00283] P=4 S=38 arc=0.87 lr=0.0002 w_ov=0.422 iou=[0.921, 0.826] acc=2
r65 773s L=0.6603 cov=[0.0142, 0.038] ov=[0.05793, 0.0028] P=4 S=38 arc=0.84 lr=0.0002 w_ov=0.431 iou=[0.921, 0.827] acc=4
r66 784s L=0.6598 cov=[0.0143, 0.0379] ov=[0.05789, 0.00279] P=4 S=38 arc=0.84 lr=0.0002 w_ov=0.44 iou=[0.921, 0.827] acc=1
r67 796s L=0.6593 cov=[0.0143, 0.0379] ov=[0.05785, 0.00278] P=4 S=38 arc=0.87 lr=0.0002 w_ov=0.451 iou=[0.921, 0.827] acc=1
r68 807s L=0.6589 cov=[0.0143, 0.0379] ov=[0.05782, 0.00277] P=4 S=38 arc=0.89 lr=0.0002 w_ov=0.461 iou=[0.921, 0.827] acc=2
r69 819s L=0.6585 cov=[0.0143, 0.0379] ov=[0.05779, 0.00276] P=4 S=38 arc=0.92 lr=0.0002 w_ov=0.471 iou=[0.921, 0.827] acc=2
r70 831s L=0.6581 cov=[0.0143, 0.0379] ov=[0.05775, 0.00275] P=4 S=38 arc=0.92 lr=0.0002 w_ov=0.481 iou=[0.921, 0.827] acc=3
r71 843s L=0.6577 cov=[0.0143, 0.038] ov=[0.05773, 0.00274] P=4 S=38 arc=0.92 lr=0.00028 w_ov=0.492 iou=[0.921, 0.826] acc=2
r72 854s L=0.6572 cov=[0.0143, 0.038] ov=[0.05769, 0.00273] P=4 S=38 arc=0.82 lr=0.0002 w_ov=0.504 iou=[0.92, 0.826] acc=6
r73 865s L=0.6567 cov=[0.0143, 0.038] ov=[0.05766, 0.00271] P=4 S=38 arc=0.82 lr=0.00028 w_ov=0.515 iou=[0.92, 0.826] acc=4
r74 876s L=0.6561 cov=[0.0143, 0.038] ov=[0.05761, 0.0027] P=4 S=38 arc=0.87 lr=0.0002 w_ov=0.526 iou=[0.92, 0.826] acc=1
r75 888s L=0.6557 cov=[0.0143, 0.038] ov=[0.05757, 0.00269] P=4 S=38 arc=0.87 lr=0.0002 w_ov=0.537 iou=[0.919, 0.826] acc=1
r76 899s L=0.6552 cov=[0.0143, 0.038] ov=[0.05754, 0.00268] P=4 S=37 arc=0.86 lr=0.0002 w_ov=0.549 iou=[0.917, 0.826] acc=2
r77 910s L=0.6538 cov=[0.0143, 0.0381] ov=[0.0575, 0.00257] P=4 S=36 arc=0.83 lr=0.0002 w_ov=0.561 iou=[0.917, 0.823] acc=5
r78 921s L=0.6463 cov=[0.0145, 0.0383] ov=[0.05672, 0.00256] P=4 S=36 arc=0.89 lr=0.00028 w_ov=0.573 iou=[0.917, 0.823] acc=0
r79 932s L=0.6458 cov=[0.0145, 0.0383] ov=[0.05668, 0.00255] P=4 S=36 arc=0.86 lr=0.00028 w_ov=0.586 iou=[0.917, 0.823] acc=1
r80 943s L=0.6453 cov=[0.0145, 0.0383] ov=[0.05664, 0.00254] P=4 S=36 arc=0.83 lr=0.0002 w_ov=0.598 iou=[0.916, 0.823] acc=3
r81 954s L=0.6448 cov=[0.0145, 0.0383] ov=[0.0566, 0.00253] P=4 S=36 arc=0.89 lr=0.0002 w_ov=0.611 iou=[0.916, 0.823] acc=1
r82 965s L=0.6444 cov=[0.0145, 0.0383] ov=[0.05656, 0.00252] P=4 S=36 arc=0.89 lr=0.0002 w_ov=0.624 iou=[0.917, 0.823] acc=3
r83 975s L=0.6439 cov=[0.0145, 0.0383] ov=[0.05652, 0.00251] P=4 S=36 arc=0.86 lr=0.00028 w_ov=0.637 iou=[0.916, 0.823] acc=4
r84 986s L=0.6434 cov=[0.0145, 0.0384] ov=[0.05648, 0.0025] P=4 S=36 arc=0.83 lr=0.0002 w_ov=0.65 iou=[0.916, 0.823] acc=4
r85 997s L=0.6428 cov=[0.0145, 0.0384] ov=[0.05643, 0.00249] P=4 S=36 arc=0.86 lr=0.0002 w_ov=0.663 iou=[0.916, 0.824] acc=1
r86 1007s L=0.6423 cov=[0.0145, 0.0384] ov=[0.05639, 0.00248] P=4 S=36 arc=0.81 lr=0.0002 w_ov=0.678 iou=[0.917, 0.824] acc=3
r87 1018s L=0.6417 cov=[0.0145, 0.0384] ov=[0.05634, 0.00247] P=4 S=36 arc=0.86 lr=0.0002 w_ov=0.69 iou=[0.916, 0.824] acc=2
r88 1029s L=0.6411 cov=[0.0145, 0.0384] ov=[0.05629, 0.00246] P=4 S=36 arc=0.89 lr=0.0002 w_ov=0.705 iou=[0.916, 0.824] acc=2
r89 1039s L=0.6405 cov=[0.0145, 0.0384] ov=[0.05624, 0.00245] P=4 S=36 arc=0.86 lr=0.0002 w_ov=0.72 iou=[0.916, 0.824] acc=2
r90 1050s L=0.6399 cov=[0.0145, 0.0384] ov=[0.05619, 0.00243] P=4 S=35 arc=0.89 lr=0.0002 w_ov=0.735 iou=[0.917, 0.822] acc=2
r91 1061s L=0.6347 cov=[0.0145, 0.0388] ov=[0.05565, 0.00242] P=4 S=35 arc=0.89 lr=0.00028 w_ov=0.751 iou=[0.917, 0.822] acc=1
r92 1072s L=0.6307 cov=[0.0145, 0.0389] ov=[0.05532, 0.00234] P=4 S=35 arc=0.86 lr=0.0045 w_ov=0.766 iou=[0.915, 0.821] acc=4
r93 1083s L=0.5906 cov=[0.015, 0.0395] ov=[0.05151, 0.00202] P=4 S=35 arc=0.86 lr=0.072 w_ov=0.782 iou=[0.911, 0.819] acc=4
r94 1094s L=0.4484 cov=[0.0224, 0.0435] ov=[0.03683, 0.00134] P=4 S=42 arc=0.76 lr=0.29 w_ov=0.798 iou=[0.875, 0.8] acc=15
r95 1106s L=0.379 cov=[0.0198, 0.0442] ov=[0.02992, 0.00149] P=4 S=48 arc=0.77 lr=0.29 w_ov=0.815 iou=[0.892, 0.794] acc=8
r96 1117s L=0.3208 cov=[0.0236, 0.0451] ov=[0.02429, 0.00083] P=4 S=51 arc=0.69 lr=0.29 w_ov=0.835 iou=[0.872, 0.79] acc=11
r97 1129s L=0.2908 cov=[0.0255, 0.0462] ov=[0.02113, 0.00069] P=4 S=50 arc=0.68 lr=0.29 w_ov=0.854 iou=[0.869, 0.781] acc=12
r98 1142s L=0.268 cov=[0.0219, 0.0468] ov=[0.01923, 0.00062] P=4 S=50 arc=0.74 lr=0.29 w_ov=0.873 iou=[0.879, 0.783] acc=10
r99 1154s L=0.2614 cov=[0.0221, 0.047] ov=[0.01853, 0.00061] P=4 S=49 arc=0.73 lr=0.29 w_ov=0.894 iou=[0.878, 0.783] acc=12
r100 1166s L=0.2351 cov=[0.0224, 0.0479] ov=[0.01596, 0.00043] P=4 S=47 arc=0.79 lr=0.14 w_ov=0.915 iou=[0.878, 0.778] acc=8
r101 1178s L=0.2278 cov=[0.0228, 0.048] ov=[0.01516, 0.00045] P=4 S=45 arc=0.91 lr=0.072 w_ov=0.937 iou=[0.877, 0.778] acc=3
r102 1189s L=0.2235 cov=[0.0229, 0.048] ov=[0.01474, 0.00043] P=4 S=44 arc=0.91 lr=0.14 w_ov=0.958 iou=[0.876, 0.778] acc=3
r103 1199s L=0.2228 cov=[0.023, 0.0479] ov=[0.01466, 0.00045] P=4 S=44 arc=0.86 lr=0.2 w_ov=0.979 iou=[0.877, 0.778] acc=4
r104 1211s L=0.218 cov=[0.0232, 0.0481] ov=[0.01421, 0.00038] P=4 S=43 arc=0.88 lr=0.1 w_ov=0.999 iou=[0.875, 0.778] acc=2
r105 1222s L=0.2165 cov=[0.0234, 0.048] ov=[0.01413, 0.0003] P=4 S=43 arc=0.88 lr=0.072 w_ov=1.02 iou=[0.874, 0.777] acc=0
r106 1232s L=0.2148 cov=[0.0234, 0.0481] ov=[0.01396, 0.00028] P=4 S=43 arc=0.88 lr=0.051 w_ov=1.04 iou=[0.875, 0.777] acc=1
r107 1243s L=0.2124 cov=[0.0234, 0.0483] ov=[0.01372, 0.00026] P=4 S=43 arc=0.91 lr=0.036 w_ov=1.06 iou=[0.875, 0.777] acc=1
r108 1254s L=0.2112 cov=[0.0234, 0.0484] ov=[0.01359, 0.00026] P=4 S=43 arc=0.91 lr=0.0091 w_ov=1.09 iou=[0.875, 0.777] acc=1
r109 1265s L=0.2109 cov=[0.0234, 0.0485] ov=[0.01357, 0.00026] P=4 S=43 arc=0.91 lr=0.0002 w_ov=1.11 iou=[0.875, 0.776] acc=1
r110 1276s L=0.2109 cov=[0.0234, 0.0485] ov=[0.01356, 0.00026] P=4 S=43 arc=0.91 lr=0.0002 w_ov=1.13 iou=[0.875, 0.776] acc=1
r111 1287s L=0.2109 cov=[0.0234, 0.0485] ov=[0.01356, 0.00026] P=4 S=43 arc=0.88 lr=0.0002 w_ov=1.16 iou=[0.875, 0.776] acc=1
r112 1298s L=0.2108 cov=[0.0234, 0.0485] ov=[0.01355, 0.00026] P=4 S=43 arc=0.93 lr=0.0002 w_ov=1.18 iou=[0.875, 0.776] acc=1
r113 1309s L=0.2108 cov=[0.0234, 0.0485] ov=[0.01355, 0.00026] P=4 S=43 arc=0.93 lr=0.0002 w_ov=1.21 iou=[0.875, 0.775] acc=1
r114 1319s L=0.2093 cov=[0.0234, 0.0487] ov=[0.01338, 0.00026] P=4 S=43 arc=0.88 lr=0.0002 w_ov=1.23 iou=[0.875, 0.772] acc=2
r115 1330s L=0.2036 cov=[0.0234, 0.0494] ov=[0.01274, 0.00026] P=4 S=43 arc=0.88 lr=0.0002 w_ov=1.26 iou=[0.875, 0.772] acc=0
r116 1341s L=0.2035 cov=[0.0234, 0.0495] ov=[0.01273, 0.00026] P=4 S=43 arc=0.88 lr=0.0002 w_ov=1.28 iou=[0.875, 0.772] acc=1
r117 1351s L=0.2034 cov=[0.0234, 0.0495] ov=[0.01272, 0.00025] P=4 S=43 arc=0.91 lr=0.0002 w_ov=1.31 iou=[0.875, 0.772] acc=0
r118 1362s L=0.2033 cov=[0.0234, 0.0495] ov=[0.01271, 0.00025] P=4 S=43 arc=0.91 lr=0.0002 w_ov=1.34 iou=[0.875, 0.772] acc=0
r119 1374s L=0.2032 cov=[0.0234, 0.0495] ov=[0.01269, 0.00025] P=4 S=43 arc=0.91 lr=0.0002 w_ov=1.37 iou=[0.875, 0.772] acc=0
r120 1384s L=0.203 cov=[0.0234, 0.0495] ov=[0.01268, 0.00025] P=4 S=43 arc=0.86 lr=0.0002 w_ov=1.4 iou=[0.875, 0.772] acc=2
r121 1395s L=0.2029 cov=[0.0234, 0.0495] ov=[0.01266, 0.00025] P=4 S=43 arc=0.86 lr=0.0002 w_ov=1.42 iou=[0.875, 0.772] acc=1
r122 1406s L=0.2027 cov=[0.0234, 0.0495] ov=[0.01264, 0.00025] P=4 S=43 arc=0.86 lr=0.0002 w_ov=1.45 iou=[0.875, 0.772] acc=1
r123 1417s L=0.2025 cov=[0.0235, 0.0495] ov=[0.01262, 0.00025] P=4 S=43 arc=0.86 lr=0.0002 w_ov=1.49 iou=[0.875, 0.772] acc=2
r124 1428s L=0.2023 cov=[0.0235, 0.0495] ov=[0.0126, 0.00025] P=4 S=43 arc=0.86 lr=0.0002 w_ov=1.52 iou=[0.875, 0.772] acc=2
r125 1439s L=0.2021 cov=[0.0235, 0.0495] ov=[0.01257, 0.00025] P=4 S=43 arc=0.86 lr=0.0002 w_ov=1.55 iou=[0.875, 0.772] acc=2
r126 1449s L=0.2019 cov=[0.0235, 0.0495] ov=[0.01255, 0.00025] P=4 S=43 arc=0.88 lr=0.00028 w_ov=1.58 iou=[0.874, 0.772] acc=0
r127 1460s L=0.2016 cov=[0.0235, 0.0495] ov=[0.01252, 0.00025] P=4 S=43 arc=0.86 lr=0.0002 w_ov=1.61 iou=[0.874, 0.772] acc=1
r128 1471s L=0.2013 cov=[0.0235, 0.0496] ov=[0.01249, 0.00025] P=4 S=43 arc=0.86 lr=0.0002 w_ov=1.65 iou=[0.874, 0.772] acc=1
r129 1481s L=0.201 cov=[0.0236, 0.0496] ov=[0.01245, 0.00025] P=4 S=43 arc=0.88 lr=0.0002 w_ov=1.68 iou=[0.874, 0.772] acc=0
r130 1492s L=0.2007 cov=[0.0236, 0.0496] ov=[0.01242, 0.00025] P=4 S=43 arc=0.88 lr=0.0002 w_ov=1.71 iou=[0.874, 0.772] acc=2
r131 1502s L=0.2001 cov=[0.0237, 0.0496] ov=[0.01236, 0.00024] P=4 S=43 arc=0.86 lr=0.00028 w_ov=1.75 iou=[0.874, 0.772] acc=3
r132 1513s L=0.1997 cov=[0.0237, 0.0496] ov=[0.01231, 0.00024] P=4 S=43 arc=0.86 lr=0.0002 w_ov=1.79 iou=[0.874, 0.772] acc=1
r133 1523s L=0.1993 cov=[0.0237, 0.0497] ov=[0.01227, 0.00024] P=4 S=43 arc=0.86 lr=0.0002 w_ov=1.82 iou=[0.874, 0.772] acc=3
r134 1535s L=0.1989 cov=[0.0237, 0.0497] ov=[0.01223, 0.00024] P=4 S=43 arc=0.88 lr=0.0002 w_ov=1.86 iou=[0.874, 0.772] acc=3
r135 1546s L=0.1985 cov=[0.0238, 0.0497] ov=[0.01218, 0.00024] P=4 S=43 arc=0.86 lr=0.00028 w_ov=1.9 iou=[0.874, 0.772] acc=2
r136 1556s L=0.1977 cov=[0.0238, 0.0498] ov=[0.01209, 0.00024] P=4 S=43 arc=0.86 lr=0.00057 w_ov=1.94 iou=[0.873, 0.771] acc=1
r137 1567s L=0.1927 cov=[0.0242, 0.0501] ov=[0.01154, 0.00022] P=4 S=43 arc=0.91 lr=0.0091 w_ov=1.98 iou=[0.873, 0.77] acc=1
r138 1578s L=0.1388 cov=[0.0278, 0.0535] ov=[0.00547, 0.00019] P=4 S=45 arc=0.78 lr=0.14 w_ov=2.02 iou=[0.857, 0.759] acc=11
r139 1597s L=0.09969 cov=[0.0305, 0.0549] ov=[0.0012, 0.00016] P=4 S=47 arc=0.77 lr=0.14 w_ov=2.07 iou=[0.853, 0.752] acc=6
r140 1610s L=0.08159 cov=[0.0323, 0.0414] ov=[0.00057, 0.00013] P=4 S=47 arc=0.72 lr=0.072 w_ov=2.14 iou=[0.843, 0.795] acc=9
r141 1622s L=0.07687 cov=[0.029, 0.0405] ov=[0.00053, 0.00012] P=4 S=48 arc=0.77 lr=0.1 w_ov=2.2 iou=[0.857, 0.798] acc=6
r142 1635s L=0.0749 cov=[0.0317, 0.0387] ov=[0.00027, 9e-05] P=4 S=47 arc=0.85 lr=0.051 w_ov=2.25 iou=[0.845, 0.805] acc=3
r143 1647s L=0.07008 cov=[0.0287, 0.038] ov=[0.00016, 9e-05] P=4 S=46 arc=0.89 lr=0.051 w_ov=2.3 iou=[0.86, 0.804] acc=2
r144 1658s L=0.07035 cov=[0.0289, 0.0372] ov=[0.00024, 9e-05] P=4 S=45 arc=0.89 lr=0.051 w_ov=2.36 iou=[0.859, 0.808] acc=3
r145 1668s L=0.06846 cov=[0.0287, 0.0367] ov=[0.00013, 9e-05] P=4 S=46 arc=0.89 lr=0.026 w_ov=2.41 iou=[0.858, 0.811] acc=3
r146 1679s L=0.06716 cov=[0.029, 0.0351] ov=[0.00012, 0.0001] P=4 S=47 arc=0.94 lr=0.051 w_ov=2.46 iou=[0.857, 0.818] acc=2
r147 1690s L=0.06654 cov=[0.0293, 0.0334] ov=[0.00017, 0.00011] P=4 S=47 arc=0.91 lr=0.036 w_ov=2.51 iou=[0.854, 0.822] acc=5
r148 1700s L=0.06707 cov=[0.0302, 0.033] ov=[0.00022, 8e-05] P=4 S=49 arc=0.90 lr=0.072 w_ov=2.56 iou=[0.854, 0.824] acc=3
r149 1710s L=0.06498 cov=[0.0292, 0.0322] ov=[0.00017, 9e-05] P=4 S=48 arc=0.88 lr=0.026 w_ov=2.61 iou=[0.858, 0.828] acc=4
r150 1720s L=0.06393 cov=[0.029, 0.0319] ov=[0.00013, 8e-05] P=4 S=48 arc=0.88 lr=0.036 w_ov=2.66 iou=[0.859, 0.829] acc=3
r151 1731s L=0.06303 cov=[0.0289, 0.0316] ov=[8e-05, 8e-05] P=4 S=47 arc=0.91 lr=0.018 w_ov=2.71 iou=[0.86, 0.827] acc=2
r152 1741s L=0.06268 cov=[0.0286, 0.0314] ov=[9e-05, 9e-05] P=4 S=47 arc=0.91 lr=0.026 w_ov=2.77 iou=[0.861, 0.829] acc=1
r153 1751s L=0.06218 cov=[0.0286, 0.0312] ov=[7e-05, 9e-05] P=4 S=47 arc=0.94 lr=0.018 w_ov=2.82 iou=[0.862, 0.831] acc=1
r154 1761s L=0.0625 cov=[0.0286, 0.0309] ov=[0.00013, 9e-05] P=4 S=47 arc=0.96 lr=0.036 w_ov=2.88 iou=[0.862, 0.833] acc=0
r155 1770s L=0.06179 cov=[0.0288, 0.0306] ov=[7e-05, 9e-05] P=4 S=46 arc=0.93 lr=0.026 w_ov=2.94 iou=[0.863, 0.832] acc=2
r156 1780s L=0.06152 cov=[0.028, 0.031] ov=[8e-05, 9e-05] P=4 S=46 arc=0.93 lr=0.018 w_ov=2.99 iou=[0.863, 0.834] acc=1
r157 1789s L=0.06142 cov=[0.028, 0.0308] ov=[9e-05, 9e-05] P=4 S=46 arc=0.93 lr=0.018 w_ov=3.04 iou=[0.863, 0.835] acc=0
r158 1799s L=0.06107 cov=[0.0279, 0.0306] ov=[8e-05, 9e-05] P=4 S=46 arc=0.93 lr=0.013 w_ov=3.1 iou=[0.864, 0.835] acc=0
r159 1808s L=0.06096 cov=[0.0279, 0.0305] ov=[8e-05, 9e-05] P=4 S=46 arc=0.91 lr=0.013 w_ov=3.15 iou=[0.864, 0.834] acc=2
r160 1817s L=0.06069 cov=[0.0278, 0.0305] ov=[7e-05, 9e-05] P=4 S=46 arc=0.93 lr=0.0091 w_ov=3.21 iou=[0.864, 0.834] acc=2
r161 1826s L=0.06058 cov=[0.0275, 0.0306] ov=[8e-05, 8e-05] P=4 S=46 arc=0.98 lr=0.0091 w_ov=3.27 iou=[0.865, 0.833] acc=0
r162 1836s L=0.06041 cov=[0.0274, 0.0306] ov=[8e-05, 8e-05] P=4 S=46 arc=0.98 lr=0.013 w_ov=3.33 iou=[0.866, 0.834] acc=0
r163 1845s L=0.06027 cov=[0.0274, 0.0305] ov=[7e-05, 8e-05] P=4 S=46 arc=0.98 lr=0.0064 w_ov=3.39 iou=[0.866, 0.834] acc=0
r164 1856s L=0.06026 cov=[0.0273, 0.0305] ov=[8e-05, 8e-05] P=4 S=46 arc=0.98 lr=0.0091 w_ov=3.45 iou=[0.866, 0.835] acc=0
r165 1864s L=0.06005 cov=[0.0273, 0.0304] ov=[7e-05, 8e-05] P=4 S=46 arc=0.96 lr=0.0045 w_ov=3.52 iou=[0.865, 0.835] acc=1
r166 1875s L=0.05998 cov=[0.0274, 0.0302] ov=[7e-05, 8e-05] P=4 S=46 arc=0.96 lr=0.0032 w_ov=3.58 iou=[0.865, 0.835] acc=1
r167 1883s L=0.05996 cov=[0.0274, 0.0302] ov=[6e-05, 8e-05] P=4 S=46 arc=0.96 lr=0.00028 w_ov=3.65 iou=[0.865, 0.835] acc=1
r168 1893s L=0.05995 cov=[0.0274, 0.0302] ov=[6e-05, 8e-05] P=4 S=46 arc=0.96 lr=0.0002 w_ov=3.71 iou=[0.865, 0.835] acc=0
r169 1903s L=0.05995 cov=[0.0274, 0.0302] ov=[6e-05, 8e-05] P=4 S=46 arc=0.96 lr=0.0002 w_ov=3.78 iou=[0.865, 0.835] acc=0
r170 1912s L=0.05995 cov=[0.0274, 0.0302] ov=[6e-05, 8e-05] P=4 S=46 arc=0.96 lr=0.0002 w_ov=3.85 iou=[0.865, 0.835] acc=0
r171 1920s L=0.05995 cov=[0.0274, 0.0302] ov=[6e-05, 8e-05] P=4 S=46 arc=0.96 lr=0.0002 w_ov=3.92 iou=[0.865, 0.835] acc=0
r172 1930s L=0.05994 cov=[0.0274, 0.0302] ov=[6e-05, 8e-05] P=4 S=46 arc=0.96 lr=0.0002 w_ov=3.99 iou=[0.865, 0.835] acc=0
r173 1938s L=0.05994 cov=[0.0274, 0.0302] ov=[6e-05, 8e-05] P=4 S=46 arc=0.96 lr=0.0002 w_ov=4.06 iou=[0.865, 0.835] acc=1
r174 1949s L=0.05994 cov=[0.0274, 0.0302] ov=[6e-05, 8e-05] P=4 S=46 arc=0.98 lr=0.0002 w_ov=4.12 iou=[0.865, 0.835] acc=0
r175 1958s L=0.05993 cov=[0.0274, 0.0302] ov=[6e-05, 8e-05] P=4 S=46 arc=0.98 lr=0.0002 w_ov=4.21 iou=[0.865, 0.835] acc=0
r176 1967s L=0.05993 cov=[0.0274, 0.0302] ov=[6e-05, 8e-05] P=4 S=46 arc=0.98 lr=0.0002 w_ov=4.28 iou=[0.865, 0.835] acc=0
r177 1977s L=0.05992 cov=[0.0274, 0.0302] ov=[6e-05, 8e-05] P=4 S=46 arc=0.98 lr=0.0002 w_ov=4.36 iou=[0.865, 0.835] acc=0
r178 1986s L=0.05992 cov=[0.0274, 0.0302] ov=[6e-05, 8e-05] P=4 S=46 arc=0.96 lr=0.0002 w_ov=4.44 iou=[0.865, 0.835] acc=1
r179 1996s L=0.05992 cov=[0.0275, 0.0302] ov=[6e-05, 8e-05] P=4 S=46 arc=0.96 lr=0.0002 w_ov=4.52 iou=[0.865, 0.835] acc=0
r180 2005s L=0.05991 cov=[0.0275, 0.0302] ov=[6e-05, 8e-05] P=4 S=46 arc=0.96 lr=0.0002 w_ov=4.6 iou=[0.865, 0.835] acc=1
r181 2014s L=0.05992 cov=[0.0275, 0.0302] ov=[6e-05, 8e-05] P=4 S=46 arc=0.96 lr=0.0002 w_ov=4.69 iou=[0.865, 0.835] acc=1
r182 2023s L=0.05991 cov=[0.0275, 0.0302] ov=[6e-05, 8e-05] P=4 S=46 arc=0.91 lr=0.0002 w_ov=4.77 iou=[0.866, 0.833] acc=3
r183 2033s L=0.05991 cov=[0.027, 0.0306] ov=[6e-05, 8e-05] P=4 S=46 arc=0.91 lr=0.0002 w_ov=4.85 iou=[0.866, 0.833] acc=2
r184 2043s L=0.0599 cov=[0.027, 0.0306] ov=[6e-05, 8e-05] P=4 S=46 arc=0.93 lr=0.0002 w_ov=4.95 iou=[0.866, 0.833] acc=0
r185 2053s L=0.0599 cov=[0.027, 0.0306] ov=[6e-05, 8e-05] P=4 S=46 arc=0.91 lr=0.0002 w_ov=5.04 iou=[0.866, 0.833] acc=2
r186 2064s L=0.05988 cov=[0.027, 0.0306] ov=[6e-05, 8e-05] P=4 S=46 arc=0.91 lr=0.0002 w_ov=5.14 iou=[0.866, 0.833] acc=2
r187 2074s L=0.05988 cov=[0.027, 0.0306] ov=[6e-05, 8e-05] P=4 S=46 arc=0.93 lr=0.0002 w_ov=5.25 iou=[0.866, 0.833] acc=0
r188 2083s L=0.05987 cov=[0.027, 0.0306] ov=[6e-05, 8e-05] P=4 S=46 arc=0.93 lr=0.0002 w_ov=5.35 iou=[0.866, 0.833] acc=0
r189 2092s L=0.05987 cov=[0.027, 0.0306] ov=[6e-05, 8e-05] P=4 S=46 arc=0.93 lr=0.0002 w_ov=5.45 iou=[0.866, 0.833] acc=1
r190 2102s L=0.05985 cov=[0.027, 0.0306] ov=[6e-05, 8e-05] P=4 S=46 arc=0.93 lr=0.0002 w_ov=5.54 iou=[0.866, 0.833] acc=1
r191 2111s L=0.05984 cov=[0.027, 0.0306] ov=[6e-05, 8e-05] P=4 S=46 arc=0.93 lr=0.0002 w_ov=5.64 iou=[0.866, 0.833] acc=0
r192 2121s L=0.05984 cov=[0.027, 0.0306] ov=[6e-05, 8e-05] P=4 S=46 arc=0.93 lr=0.0002 w_ov=5.75 iou=[0.866, 0.833] acc=0
r193 2131s L=0.05984 cov=[0.027, 0.0306] ov=[6e-05, 8e-05] P=4 S=46 arc=0.93 lr=0.0002 w_ov=5.86 iou=[0.866, 0.832] acc=0
r194 2140s L=0.05983 cov=[0.027, 0.0306] ov=[5e-05, 8e-05] P=4 S=46 arc=0.93 lr=0.0002 w_ov=5.97 iou=[0.866, 0.832] acc=1
r195 2150s L=0.05983 cov=[0.027, 0.0306] ov=[5e-05, 8e-05] P=4 S=46 arc=0.93 lr=0.0002 w_ov=6.08 iou=[0.866, 0.832] acc=2
r196 2159s L=0.05982 cov=[0.027, 0.0306] ov=[5e-05, 8e-05] P=4 S=46 arc=0.96 lr=0.0002 w_ov=6.19 iou=[0.866, 0.832] acc=0
r197 2169s L=0.05983 cov=[0.027, 0.0306] ov=[5e-05, 7e-05] P=4 S=46 arc=0.93 lr=0.0002 w_ov=6.3 iou=[0.866, 0.832] acc=1
r198 2180s L=0.05981 cov=[0.027, 0.0306] ov=[5e-05, 7e-05] P=4 S=46 arc=0.93 lr=0.0002 w_ov=6.42 iou=[0.866, 0.832] acc=0
r199 2189s L=0.05981 cov=[0.027, 0.0306] ov=[5e-05, 7e-05] P=4 S=46 arc=0.91 lr=0.0002 w_ov=6.55 iou=[0.866, 0.832] acc=1
r200 2200s L=0.05979 cov=[0.027, 0.0306] ov=[5e-05, 7e-05] P=4 S=46 arc=0.91 lr=0.0002 w_ov=6.68 iou=[0.866, 0.832] acc=2
r201 2210s L=0.0598 cov=[0.027, 0.0307] ov=[5e-05, 7e-05] P=4 S=47 arc=0.87 lr=0.0002 w_ov=6.81 iou=[0.866, 0.832] acc=4
r202 2220s L=0.05979 cov=[0.027, 0.0306] ov=[5e-05, 7e-05] P=4 S=46 arc=0.91 lr=0.0002 w_ov=6.95 iou=[0.866, 0.832] acc=2
r203 2230s L=0.05978 cov=[0.027, 0.0306] ov=[5e-05, 7e-05] P=4 S=46 arc=0.89 lr=0.0002 w_ov=7.08 iou=[0.866, 0.832] acc=2
r204 2240s L=0.05977 cov=[0.027, 0.0306] ov=[5e-05, 7e-05] P=4 S=46 arc=0.89 lr=0.0002 w_ov=7.21 iou=[0.866, 0.832] acc=1
r205 2251s L=0.05976 cov=[0.027, 0.0307] ov=[5e-05, 7e-05] P=4 S=46 arc=0.91 lr=0.0002 w_ov=7.36 iou=[0.866, 0.832] acc=0
r206 2260s L=0.05975 cov=[0.027, 0.0306] ov=[5e-05, 7e-05] P=4 S=46 arc=0.89 lr=0.0002 w_ov=7.51 iou=[0.866, 0.833] acc=3
r207 2269s L=0.05975 cov=[0.0271, 0.0306] ov=[5e-05, 7e-05] P=4 S=46 arc=0.91 lr=0.0002 w_ov=7.65 iou=[0.866, 0.832] acc=0
r208 2278s L=0.05974 cov=[0.0271, 0.0307] ov=[5e-05, 7e-05] P=4 S=46 arc=0.93 lr=0.0002 w_ov=7.77 iou=[0.866, 0.832] acc=0
r209 2286s L=0.05972 cov=[0.0271, 0.0306] ov=[5e-05, 7e-05] P=4 S=46 arc=0.91 lr=0.0002 w_ov=7.91 iou=[0.866, 0.832] acc=1
r210 2296s L=0.05972 cov=[0.0271, 0.0307] ov=[5e-05, 7e-05] P=4 S=46 arc=0.91 lr=0.0002 w_ov=8.04 iou=[0.866, 0.832] acc=0
r211 2305s L=0.05971 cov=[0.0271, 0.0307] ov=[5e-05, 7e-05] P=4 S=46 arc=0.89 lr=0.0002 w_ov=8.19 iou=[0.866, 0.832] acc=1
r212 2315s L=0.05971 cov=[0.0271, 0.0307] ov=[5e-05, 7e-05] P=4 S=46 arc=0.89 lr=0.0002 w_ov=8.34 iou=[0.866, 0.832] acc=0
r213 2324s L=0.0597 cov=[0.0271, 0.0307] ov=[5e-05, 7e-05] P=4 S=46 arc=0.89 lr=0.0002 w_ov=8.5 iou=[0.866, 0.833] acc=3
r214 2333s L=0.05969 cov=[0.0271, 0.0307] ov=[4e-05, 7e-05] P=4 S=46 arc=0.93 lr=0.0002 w_ov=8.65 iou=[0.866, 0.832] acc=1
r215 2343s L=0.05968 cov=[0.0271, 0.0307] ov=[4e-05, 6e-05] P=4 S=46 arc=0.93 lr=0.0002 w_ov=8.8 iou=[0.866, 0.832] acc=0
r216 2352s L=0.05969 cov=[0.0271, 0.0307] ov=[4e-05, 6e-05] P=4 S=46 arc=0.93 lr=0.0002 w_ov=8.96 iou=[0.866, 0.832] acc=0
r217 2362s L=0.05967 cov=[0.0271, 0.0307] ov=[4e-05, 6e-05] P=4 S=46 arc=0.93 lr=0.0002 w_ov=9.12 iou=[0.866, 0.832] acc=0
r218 2371s L=0.05967 cov=[0.0271, 0.0307] ov=[4e-05, 6e-05] P=4 S=46 arc=0.91 lr=0.0002 w_ov=9.29 iou=[0.866, 0.832] acc=1
r219 2380s L=0.05966 cov=[0.0271, 0.0307] ov=[4e-05, 6e-05] P=4 S=46 arc=0.89 lr=0.00028 w_ov=9.46 iou=[0.866, 0.832] acc=1
r220 2390s L=0.05966 cov=[0.0271, 0.0307] ov=[4e-05, 6e-05] P=4 S=46 arc=0.89 lr=0.0002 w_ov=9.63 iou=[0.866, 0.832] acc=1
r221 2400s L=0.05965 cov=[0.0271, 0.0307] ov=[4e-05, 6e-05] P=4 S=46 arc=0.89 lr=0.0002 w_ov=9.81 iou=[0.866, 0.832] acc=2
r222 2410s L=0.05965 cov=[0.0271, 0.0307] ov=[4e-05, 6e-05] P=4 S=46 arc=0.91 lr=0.0002 w_ov=10 iou=[0.866, 0.832] acc=0
{
 "ToArc": {
  "proposed": 628,
  "accepted": 205,
  "scope": "shared",
  "rate": 0.32643312101910826
 },
 "Merge": {
  "proposed": 1280,
  "accepted": 68,
  "scope": "shared",
  "rate": 0.053125
 },
 "Split": {
  "proposed": 5570,
  "accepted": 73,
  "scope": "shared",
  "rate": 0.01310592459605027
 },
 "Rotate": {
  "proposed": 2334,
  "accepted": 11,
  "scope": "per-target",
  "rate": 0.004712939160239932
 },
 "MergeClose": {
  "proposed": 58,
  "accepted": 6,
  "scope": "shared",
  "rate": 0.10344827586206896
 },
 "forced:RemoveSmallPart": {
  "proposed": 0,
  "accepted": 2,
  "scope": "shared",
  "rate": 2.0
 },
 "ToLine": {
  "proposed": 3287,
  "accepted": 169,
  "scope": "shared",
  "rate": 0.05141466382719805
 },
 "SwapPoses": {
  "proposed": 1115,
  "accepted": 0,
  "scope": "per-target",
  "rate": 0.0
 },
 "forced:CutPart": {
  "proposed": 0,
  "accepted": 1,
  "scope": "shared",
  "rate": 1.0
 }
}
EVAL avg_chamfer=8.794 avg_hausdorff=34.788 pieces=4->4 loss=0.059652
