r0 12s L=0.5758 cov=[0.027, 0.0954] ov=[0.04371, 0.00153] P=4 S=50 arc=0.00 lr=0.25 w_ov=0.1 iou=[0.854, 0.622] acc=16
r1 23s L=0.6242 cov=[0.0232, 0.0844] ov=[0.04948, 0.00209] P=4 S=53 arc=0.19 lr=0.25 w_ov=0.102 iou=[0.874, 0.647] acc=12
r2 36s L=0.8054 cov=[0.027, 0.0589] ov=[0.06304, 0.00882] P=4 S=54 arc=0.30 lr=0.35 w_ov=0.105 iou=[0.863, 0.74] acc=19
r3 48s L=0.9211 cov=[0.024, 0.0436] ov=[0.07106, 0.01418] P=5 S=51 arc=0.45 lr=0.5 w_ov=0.107 iou=[0.883, 0.82] acc=17
r4 62s L=0.8028 cov=[0.0195, 0.0304] ov=[0.05835, 0.01686] P=4 S=51 arc=0.51 lr=0.5 w_ov=0.11 iou=[0.896, 0.857] acc=18
r5 77s L=0.7796 cov=[0.0155, 0.0231] ov=[0.05573, 0.01829] P=4 S=53 arc=0.62 lr=0.35 w_ov=0.113 iou=[0.896, 0.884] acc=17
r6 87s L=0.685 cov=[0.014, 0.0143] ov=[0.04722, 0.01835] P=4 S=43 arc=0.81 lr=0.25 w_ov=0.116 iou=[0.847, 0.919] acc=9
r7 97s L=0.7021 cov=[0.0149, 0.01] ov=[0.03511, 0.03253] P=4 S=43 arc=0.88 lr=0.25 w_ov=0.118 iou=[0.905, 0.934] acc=8
r8 106s L=0.6954 cov=[0.0134, 0.0095] ov=[0.03369, 0.03347] P=4 S=41 arc=0.90 lr=0.25 w_ov=0.12 iou=[0.912, 0.934] acc=3
r9 116s L=0.6919 cov=[0.0128, 0.0096] ov=[0.03309, 0.03378] P=4 S=41 arc=0.88 lr=0.25 w_ov=0.123 iou=[0.918, 0.934] acc=4
r10 125s L=0.6889 cov=[0.0125, 0.0095] ov=[0.03272, 0.03389] P=4 S=41 arc=0.93 lr=0.25 w_ov=0.125 iou=[0.92, 0.935] acc=1
r11 135s L=0.6879 cov=[0.0123, 0.0093] ov=[0.03241, 0.03414] P=4 S=40 arc=0.90 lr=0.35 w_ov=0.127 iou=[0.92, 0.938] acc=3
r12 144s L=0.6763 cov=[0.0122, 0.0092] ov=[0.03169, 0.03373] P=4 S=40 arc=0.82 lr=0.35 w_ov=0.13 iou=[0.921, 0.936] acc=3
r13 154s L=0.6726 cov=[0.012, 0.0092] ov=[0.0313, 0.03376] P=4 S=40 arc=0.85 lr=0.25 w_ov=0.132 iou=[0.921, 0.938] acc=2
r14 164s L=0.6594 cov=[0.0117, 0.0091] ov=[0.03037, 0.0334] P=4 S=39 arc=0.85 lr=0.18 w_ov=0.134 iou=[0.925, 0.937] acc=3
r15 173s L=0.649 cov=[0.0117, 0.0091] ov=[0.02986, 0.03287] P=4 S=39 arc=0.79 lr=0.35 w_ov=0.137 iou=[0.927, 0.937] acc=6
r16 182s L=0.6293 cov=[0.0113, 0.0094] ov=[0.02891, 0.03186] P=4 S=39 arc=0.82 lr=0.18 w_ov=0.139 iou=[0.927, 0.937] acc=1
r17 192s L=0.6196 cov=[0.0113, 0.0094] ov=[0.02836, 0.03145] P=4 S=39 arc=0.82 lr=0.25 w_ov=0.142 iou=[0.927, 0.937] acc=5
r18 202s L=0.6146 cov=[0.0112, 0.0095] ov=[0.02813, 0.03119] P=4 S=40 arc=0.85 lr=0.35 w_ov=0.145 iou=[0.928, 0.938] acc=6
r19 212s L=0.5966 cov=[0.011, 0.0093] ov=[0.02701, 0.03054] P=4 S=40 arc=0.85 lr=0.35 w_ov=0.147 iou=[0.926, 0.937] acc=1
r20 222s L=0.5792 cov=[0.0109, 0.0094] ov=[0.02575, 0.03006] P=4 S=42 arc=0.81 lr=0.35 w_ov=0.15 iou=[0.925, 0.935] acc=5
r21 232s L=0.5427 cov=[0.0106, 0.0094] ov=[0.02387, 0.02832] P=4 S=43 arc=0.84 lr=0.35 w_ov=0.153 iou=[0.93, 0.937] acc=3
r22 242s L=0.5247 cov=[0.011, 0.009] ov=[0.02286, 0.02752] P=4 S=42 arc=0.90 lr=0.18 w_ov=0.156 iou=[0.93, 0.939] acc=2
r23 252s L=0.5129 cov=[0.0108, 0.0087] ov=[0.02192, 0.02734] P=4 S=42 arc=0.90 lr=0.18 w_ov=0.159 iou=[0.928, 0.939] acc=1
r24 262s L=0.5014 cov=[0.0109, 0.0086] ov=[0.02118, 0.02694] P=4 S=42 arc=0.86 lr=0.18 w_ov=0.162 iou=[0.927, 0.938] acc=3
r25 272s L=0.494 cov=[0.0109, 0.0085] ov=[0.02079, 0.02659] P=4 S=42 arc=0.88 lr=0.18 w_ov=0.165 iou=[0.927, 0.94] acc=1
r26 282s L=0.4838 cov=[0.0108, 0.0086] ov=[0.02025, 0.02611] P=4 S=41 arc=0.93 lr=0.18 w_ov=0.169 iou=[0.929, 0.941] acc=2
r27 292s L=0.4732 cov=[0.0108, 0.0085] ov=[0.0197, 0.0256] P=4 S=40 arc=0.95 lr=0.25 w_ov=0.172 iou=[0.928, 0.94] acc=3
r28 301s L=0.4653 cov=[0.0105, 0.0088] ov=[0.01925, 0.02526] P=4 S=40 arc=1.00 lr=0.35 w_ov=0.175 iou=[0.93, 0.939] acc=0
r29 311s L=0.4586 cov=[0.0109, 0.009] ov=[0.01915, 0.02464] P=4 S=40 arc=1.00 lr=0.18 w_ov=0.178 iou=[0.931, 0.94] acc=0
r30 321s L=0.4525 cov=[0.0105, 0.0088] ov=[0.0186, 0.02463] P=4 S=40 arc=1.00 lr=0.18 w_ov=0.182 iou=[0.929, 0.94] acc=0
r31 330s L=0.4353 cov=[0.0105, 0.0089] ov=[0.01766, 0.02385] P=4 S=40 arc=0.97 lr=0.18 w_ov=0.185 iou=[0.931, 0.939] acc=1
r32 339s L=0.4311 cov=[0.0105, 0.0089] ov=[0.0174, 0.02369] P=4 S=40 arc=0.95 lr=0.25 w_ov=0.188 iou=[0.93, 0.939] acc=1
r33 349s L=0.427 cov=[0.0106, 0.0089] ov=[0.01722, 0.02345] P=4 S=40 arc=0.95 lr=0.13 w_ov=0.192 iou=[0.93, 0.939] acc=2
r34 359s L=0.4214 cov=[0.0105, 0.0089] ov=[0.01698, 0.02313] P=4 S=40 arc=0.97 lr=0.18 w_ov=0.195 iou=[0.929, 0.939] acc=1
r35 368s L=0.4062 cov=[0.0105, 0.0089] ov=[0.0163, 0.0223] P=4 S=40 arc=0.97 lr=0.13 w_ov=0.199 iou=[0.931, 0.939] acc=0
r36 378s L=0.3954 cov=[0.0106, 0.0088] ov=[0.01575, 0.02176] P=4 S=40 arc=0.95 lr=0.13 w_ov=0.203 iou=[0.929, 0.94] acc=1
r37 387s L=0.3823 cov=[0.0106, 0.0089] ov=[0.01519, 0.02101] P=4 S=40 arc=0.95 lr=0.18 w_ov=0.207 iou=[0.929, 0.94] acc=0
r38 397s L=0.3697 cov=[0.0107, 0.0089] ov=[0.01466, 0.02028] P=4 S=40 arc=0.95 lr=0.25 w_ov=0.21 iou=[0.929, 0.94] acc=1
r39 406s L=0.3556 cov=[0.0107, 0.0089] ov=[0.01405, 0.01947] P=4 S=40 arc=0.97 lr=0.25 w_ov=0.214 iou=[0.927, 0.941] acc=0
r40 416s L=0.3446 cov=[0.0107, 0.0089] ov=[0.01357, 0.01885] P=4 S=40 arc=0.95 lr=0.25 w_ov=0.218 iou=[0.926, 0.941] acc=2
r41 425s L=0.3298 cov=[0.0107, 0.0088] ov=[0.01298, 0.01797] P=4 S=40 arc=0.97 lr=0.25 w_ov=0.222 iou=[0.927, 0.941] acc=0
r42 434s L=0.3166 cov=[0.0108, 0.0088] ov=[0.01217, 0.01744] P=4 S=40 arc=0.97 lr=0.13 w_ov=0.226 iou=[0.926, 0.939] acc=0
r43 443s L=0.308 cov=[0.0108, 0.0086] ov=[0.0121, 0.01669] P=4 S=40 arc=0.95 lr=0.25 w_ov=0.23 iou=[0.927, 0.94] acc=1
r44 452s L=0.2975 cov=[0.0108, 0.0086] ov=[0.0119, 0.01583] P=4 S=40 arc=0.93 lr=0.25 w_ov=0.234 iou=[0.924, 0.941] acc=2
r45 462s L=0.2935 cov=[0.0109, 0.0085] ov=[0.01149, 0.01584] P=4 S=40 arc=0.95 lr=0.25 w_ov=0.238 iou=[0.923, 0.94] acc=1
r46 471s L=0.2888 cov=[0.0108, 0.0086] ov=[0.0113, 0.01557] P=4 S=40 arc=0.97 lr=0.25 w_ov=0.243 iou=[0.924, 0.94] acc=0
r47 480s L=0.2833 cov=[0.0107, 0.0086] ov=[0.01115, 0.01516] P=4 S=40 arc=0.93 lr=0.25 w_ov=0.247 iou=[0.925, 0.941] acc=2
r48 490s L=0.2803 cov=[0.0109, 0.0086] ov=[0.01095, 0.01506] P=4 S=40 arc=0.93 lr=0.13 w_ov=0.251 iou=[0.924, 0.94] acc=1
r49 499s L=0.2738 cov=[0.0108, 0.0086] ov=[0.0108, 0.01456] P=4 S=40 arc=0.93 lr=0.18 w_ov=0.256 iou=[0.926, 0.94] acc=2
r50 508s L=0.2681 cov=[0.0109, 0.0087] ov=[0.01039, 0.01438] P=4 S=40 arc=0.88 lr=0.25 w_ov=0.261 iou=[0.923, 0.941] acc=3
r51 518s L=0.2582 cov=[0.0112, 0.0085] ov=[0.0102, 0.01356] P=4 S=41 arc=0.85 lr=0.25 w_ov=0.265 iou=[0.925, 0.941] acc=5
r52 527s L=0.2536 cov=[0.0114, 0.0083] ov=[0.00987, 0.01345] P=4 S=41 arc=0.93 lr=0.35 w_ov=0.27 iou=[0.922, 0.942] acc=1
r53 536s L=0.2502 cov=[0.0117, 0.0086] ov=[0.01011, 0.01281] P=4 S=41 arc=0.93 lr=0.18 w_ov=0.275 iou=[0.921, 0.941] acc=0
r54 545s L=0.2423 cov=[0.0113, 0.0084] ov=[0.00935, 0.01283] P=4 S=41 arc=0.93 lr=0.25 w_ov=0.28 iou=[0.923, 0.941] acc=1
r55 554s L=0.2384 cov=[0.0113, 0.0084] ov=[0.00921, 0.01258] P=4 S=41 arc=0.88 lr=0.25 w_ov=0.285 iou=[0.922, 0.941] acc=4
r56 563s L=0.2342 cov=[0.0113, 0.0085] ov=[0.00894, 0.01242] P=4 S=41 arc=0.88 lr=0.25 w_ov=0.29 iou=[0.922, 0.941] acc=2
r57 573s L=0.2281 cov=[0.0113, 0.0086] ov=[0.0087, 0.01204] P=4 S=41 arc=0.88 lr=0.25 w_ov=0.295 iou=[0.923, 0.941] acc=2
r58 582s L=0.2228 cov=[0.0115, 0.0086] ov=[0.00826, 0.01193] P=4 S=40 arc=0.85 lr=0.35 w_ov=0.3 iou=[0.921, 0.939] acc=6
r59 591s L=0.2088 cov=[0.0112, 0.009] ov=[0.008, 0.01079] P=4 S=39 arc=0.90 lr=0.13 w_ov=0.305 iou=[0.923, 0.939] acc=1
r60 601s L=0.205 cov=[0.0112, 0.009] ov=[0.00787, 0.01053] P=4 S=39 arc=0.90 lr=0.18 w_ov=0.311 iou=[0.923, 0.938] acc=1
r61 610s L=0.2033 cov=[0.0112, 0.0091] ov=[0.0079, 0.01032] P=4 S=39 arc=0.87 lr=0.25 w_ov=0.317 iou=[0.922, 0.939] acc=3
r62 619s L=0.1999 cov=[0.0113, 0.009] ov=[0.00771, 0.01018] P=4 S=39 arc=0.90 lr=0.13 w_ov=0.322 iou=[0.922, 0.939] acc=0
r63 628s L=0.1962 cov=[0.0113, 0.009] ov=[0.00761, 0.0099] P=4 S=39 arc=0.87 lr=0.18 w_ov=0.328 iou=[0.922, 0.938] acc=1
r64 637s L=0.1945 cov=[0.0114, 0.009] ov=[0.00757, 0.00976] P=4 S=39 arc=0.87 lr=0.25 w_ov=0.334 iou=[0.922, 0.938] acc=3
r65 646s L=0.1849 cov=[0.0112, 0.0095] ov=[0.00763, 0.00873] P=4 S=40 arc=0.90 lr=0.25 w_ov=0.34 iou=[0.924, 0.936] acc=3
r66 655s L=0.1757 cov=[0.0112, 0.0093] ov=[0.00716, 0.00827] P=4 S=40 arc=0.90 lr=0.13 w_ov=0.345 iou=[0.922, 0.936] acc=1
r67 664s L=0.1688 cov=[0.0114, 0.0092] ov=[0.00696, 0.00778] P=4 S=40 arc=0.88 lr=0.18 w_ov=0.351 iou=[0.922, 0.936] acc=2
r68 674s L=0.159 cov=[0.0112, 0.0094] ov=[0.00676, 0.00699] P=4 S=39 arc=0.87 lr=0.25 w_ov=0.358 iou=[0.921, 0.937] acc=1
r69 683s L=0.1547 cov=[0.0112, 0.0094] ov=[0.00665, 0.00668] P=4 S=39 arc=0.87 lr=0.13 w_ov=0.364 iou=[0.921, 0.935] acc=1
r70 692s L=0.1516 cov=[0.0112, 0.0095] ov=[0.00644, 0.00658] P=4 S=39 arc=0.90 lr=0.18 w_ov=0.371 iou=[0.922, 0.935] acc=2
r71 701s L=0.1495 cov=[0.0112, 0.0094] ov=[0.00632, 0.0065] P=4 S=39 arc=0.92 lr=0.25 w_ov=0.377 iou=[0.921, 0.935] acc=1
r72 709s L=0.1472 cov=[0.0112, 0.0094] ov=[0.0062, 0.00637] P=4 S=39 arc=0.90 lr=0.25 w_ov=0.384 iou=[0.921, 0.935] acc=2
r73 718s L=0.1471 cov=[0.0114, 0.0096] ov=[0.00642, 0.00611] P=4 S=39 arc=0.90 lr=0.13 w_ov=0.39 iou=[0.922, 0.933] acc=3
r74 727s L=0.1436 cov=[0.0113, 0.0094] ov=[0.00594, 0.00628] P=4 S=39 arc=0.95 lr=0.18 w_ov=0.397 iou=[0.92, 0.934] acc=2
r75 736s L=0.1417 cov=[0.0113, 0.0094] ov=[0.00583, 0.00618] P=4 S=39 arc=1.00 lr=0.088 w_ov=0.404 iou=[0.921, 0.933] acc=0
r76 744s L=0.1404 cov=[0.0113, 0.0094] ov=[0.00577, 0.00611] P=4 S=39 arc=0.97 lr=0.18 w_ov=0.41 iou=[0.92, 0.933] acc=1
r77 753s L=0.14 cov=[0.0113, 0.0094] ov=[0.00574, 0.0061] P=4 S=39 arc=0.97 lr=0.031 w_ov=0.417 iou=[0.92, 0.933] acc=0
r78 761s L=0.1398 cov=[0.0113, 0.0094] ov=[0.00573, 0.00609] P=4 S=39 arc=0.97 lr=0.00035 w_ov=0.424 iou=[0.92, 0.933] acc=1
r79 770s L=0.1398 cov=[0.0113, 0.0094] ov=[0.00573, 0.00609] P=4 S=39 arc=1.00 lr=0.0002 w_ov=0.431 iou=[0.92, 0.933] acc=0
r80 778s L=0.1398 cov=[0.0113, 0.0094] ov=[0.00573, 0.00609] P=4 S=39 arc=1.00 lr=0.0002 w_ov=0.438 iou=[0.92, 0.933] acc=0
r81 787s L=0.1398 cov=[0.0114, 0.0094] ov=[0.00573, 0.00609] P=4 S=39 arc=0.95 lr=0.0002 w_ov=0.445 iou=[0.92, 0.933] acc=2
r82 796s L=0.1398 cov=[0.0113, 0.0094] ov=[0.00573, 0.00609] P=4 S=39 arc=0.95 lr=0.0002 w_ov=0.453 iou=[0.92, 0.933] acc=1
r83 805s L=0.1397 cov=[0.0113, 0.0094] ov=[0.00573, 0.00609] P=4 S=39 arc=0.97 lr=0.0002 w_ov=0.461 iou=[0.92, 0.933] acc=1
r84 814s L=0.1397 cov=[0.0114, 0.0094] ov=[0.00573, 0.00609] P=4 S=39 arc=1.00 lr=0.0002 w_ov=0.469 iou=[0.92, 0.933] acc=0
r85 822s L=0.1396 cov=[0.0114, 0.0094] ov=[0.00573, 0.00608] P=4 S=39 arc=0.97 lr=0.0002 w_ov=0.477 iou=[0.92, 0.933] acc=1
r86 831s L=0.1396 cov=[0.0114, 0.0094] ov=[0.00572, 0.00608] P=4 S=39 arc=0.97 lr=0.0002 w_ov=0.484 iou=[0.92, 0.933] acc=0
r87 840s L=0.1395 cov=[0.0114, 0.0094] ov=[0.00572, 0.00608] P=4 S=39 arc=0.97 lr=0.0002 w_ov=0.493 iou=[0.92, 0.933] acc=0
r88 849s L=0.1395 cov=[0.0114, 0.0094] ov=[0.00572, 0.00607] P=4 S=39 arc=0.95 lr=0.0002 w_ov=0.501 iou=[0.92, 0.933] acc=1
r89 857s L=0.1394 cov=[0.0114, 0.0094] ov=[0.00572, 0.00607] P=4 S=39 arc=0.95 lr=0.0002 w_ov=0.51 iou=[0.92, 0.933] acc=1
r90 866s L=0.1394 cov=[0.0114, 0.0094] ov=[0.00571, 0.00607] P=4 S=39 arc=0.95 lr=0.0002 w_ov=0.518 iou=[0.92, 0.933] acc=2
r91 875s L=0.1393 cov=[0.0114, 0.0094] ov=[0.00571, 0.00606] P=4 S=39 arc=0.97 lr=0.0002 w_ov=0.527 iou=[0.92, 0.933] acc=0
r92 883s L=0.1392 cov=[0.0114, 0.0094] ov=[0.0057, 0.00606] P=4 S=39 arc=0.92 lr=0.0002 w_ov=0.536 iou=[0.92, 0.932] acc=3
r93 892s L=0.1384 cov=[0.0114, 0.0095] ov=[0.00562, 0.00605] P=4 S=39 arc=0.95 lr=0.0002 w_ov=0.545 iou=[0.92, 0.933] acc=1
r94 900s L=0.1383 cov=[0.0114, 0.0095] ov=[0.00562, 0.00605] P=4 S=39 arc=0.92 lr=0.0002 w_ov=0.553 iou=[0.92, 0.933] acc=1
r95 909s L=0.1382 cov=[0.0114, 0.0095] ov=[0.00561, 0.00604] P=4 S=39 arc=0.92 lr=0.0002 w_ov=0.562 iou=[0.92, 0.933] acc=1
r96 918s L=0.1381 cov=[0.0114, 0.0095] ov=[0.00561, 0.00604] P=4 S=39 arc=0.92 lr=0.0002 w_ov=0.573 iou=[0.92, 0.933] acc=2
r97 927s L=0.138 cov=[0.0114, 0.0095] ov=[0.0056, 0.00603] P=4 S=39 arc=0.95 lr=0.0002 w_ov=0.582 iou=[0.92, 0.933] acc=1
r98 936s L=0.1379 cov=[0.0114, 0.0095] ov=[0.0056, 0.00602] P=4 S=39 arc=0.95 lr=0.0002 w_ov=0.593 iou=[0.92, 0.933] acc=1
r99 945s L=0.1378 cov=[0.0114, 0.0095] ov=[0.00559, 0.00602] P=4 S=39 arc=0.92 lr=0.0002 w_ov=0.603 iou=[0.92, 0.933] acc=1
r100 954s L=0.1376 cov=[0.0114, 0.0095] ov=[0.00559, 0.00601] P=4 S=39 arc=0.95 lr=0.0002 w_ov=0.613 iou=[0.92, 0.933] acc=1
r101 963s L=0.1375 cov=[0.0114, 0.0095] ov=[0.00558, 0.006] P=4 S=39 arc=0.92 lr=0.00028 w_ov=0.624 iou=[0.92, 0.933] acc=0
r102 972s L=0.1373 cov=[0.0114, 0.0095] ov=[0.00558, 0.00599] P=4 S=39 arc=0.97 lr=0.0002 w_ov=0.634 iou=[0.92, 0.933] acc=1
r103 980s L=0.1372 cov=[0.0114, 0.0095] ov=[0.00557, 0.00598] P=4 S=39 arc=0.95 lr=0.0002 w_ov=0.645 iou=[0.92, 0.933] acc=2
r104 989s L=0.137 cov=[0.0114, 0.0095] ov=[0.00556, 0.00597] P=4 S=39 arc=0.95 lr=0.00028 w_ov=0.656 iou=[0.92, 0.933] acc=0
r105 998s L=0.1368 cov=[0.0114, 0.0095] ov=[0.00556, 0.00596] P=4 S=39 arc=0.95 lr=0.0002 w_ov=0.668 iou=[0.92, 0.932] acc=0
r106 1008s L=0.1367 cov=[0.0114, 0.0095] ov=[0.00555, 0.00595] P=4 S=39 arc=0.95 lr=0.0002 w_ov=0.679 iou=[0.92, 0.932] acc=1
r107 1016s L=0.1365 cov=[0.0114, 0.0095] ov=[0.00554, 0.00594] P=4 S=39 arc=0.95 lr=0.00028 w_ov=0.691 iou=[0.92, 0.931] acc=2
r108 1025s L=0.1336 cov=[0.0114, 0.0097] ov=[0.00524, 0.00592] P=4 S=39 arc=0.92 lr=0.0002 w_ov=0.703 iou=[0.92, 0.931] acc=3
r109 1034s L=0.1334 cov=[0.0114, 0.0097] ov=[0.00523, 0.00591] P=4 S=39 arc=0.92 lr=0.0002 w_ov=0.715 iou=[0.92, 0.931] acc=1
r110 1042s L=0.1333 cov=[0.0115, 0.0097] ov=[0.00523, 0.0059] P=4 S=39 arc=0.92 lr=0.0002 w_ov=0.727 iou=[0.92, 0.931] acc=2
r111 1051s L=0.1331 cov=[0.0115, 0.0097] ov=[0.00522, 0.00589] P=4 S=39 arc=0.92 lr=0.0002 w_ov=0.739 iou=[0.92, 0.93] acc=2
r112 1059s L=0.1329 cov=[0.0115, 0.0097] ov=[0.00522, 0.00588] P=4 S=39 arc=0.92 lr=0.0002 w_ov=0.751 iou=[0.92, 0.931] acc=1
r113 1068s L=0.1327 cov=[0.0115, 0.0097] ov=[0.00521, 0.00587] P=4 S=39 arc=0.92 lr=0.0002 w_ov=0.763 iou=[0.92, 0.93] acc=2
r114 1077s L=0.1325 cov=[0.0115, 0.0097] ov=[0.0052, 0.00585] P=4 S=39 arc=0.95 lr=0.0002 w_ov=0.776 iou=[0.92, 0.93] acc=0
r115 1085s L=0.1323 cov=[0.0115, 0.0097] ov=[0.00519, 0.00584] P=4 S=39 arc=0.95 lr=0.00028 w_ov=0.79 iou=[0.92, 0.93] acc=0
r116 1093s L=0.1321 cov=[0.0115, 0.0097] ov=[0.00518, 0.00582] P=4 S=39 arc=0.92 lr=0.00028 w_ov=0.802 iou=[0.919, 0.93] acc=2
r117 1102s L=0.1319 cov=[0.0115, 0.0097] ov=[0.00518, 0.00581] P=4 S=39 arc=0.92 lr=0.00028 w_ov=0.815 iou=[0.919, 0.93] acc=2
r118 1111s L=0.1316 cov=[0.0115, 0.0097] ov=[0.00516, 0.00579] P=4 S=39 arc=0.95 lr=0.00028 w_ov=0.829 iou=[0.919, 0.93] acc=1
r119 1119s L=0.1313 cov=[0.0115, 0.0097] ov=[0.00515, 0.00577] P=4 S=39 arc=0.95 lr=0.0002 w_ov=0.843 iou=[0.919, 0.93] acc=1
r120 1129s L=0.1311 cov=[0.0115, 0.0097] ov=[0.00514, 0.00576] P=4 S=39 arc=0.92 lr=0.00028 w_ov=0.857 iou=[0.919, 0.93] acc=1
r121 1138s L=0.1308 cov=[0.0115, 0.0098] ov=[0.00513, 0.00574] P=4 S=39 arc=0.92 lr=0.0002 w_ov=0.872 iou=[0.919, 0.93] acc=1
r122 1147s L=0.1306 cov=[0.0115, 0.0098] ov=[0.00512, 0.00573] P=4 S=39 arc=0.92 lr=0.0002 w_ov=0.888 iou=[0.919, 0.93] acc=2
r123 1156s L=0.1303 cov=[0.0115, 0.0098] ov=[0.00511, 0.00571] P=4 S=39 arc=0.92 lr=0.0002 w_ov=0.903 iou=[0.919, 0.93] acc=1
r124 1165s L=0.1301 cov=[0.0116, 0.0098] ov=[0.0051, 0.00569] P=4 S=39 arc=0.92 lr=0.0002 w_ov=0.919 iou=[0.919, 0.93] acc=1
r125 1173s L=0.1298 cov=[0.0116, 0.0098] ov=[0.00509, 0.00568] P=4 S=39 arc=0.95 lr=0.00028 w_ov=0.934 iou=[0.919, 0.93] acc=0
r126 1182s L=0.1294 cov=[0.0116, 0.0098] ov=[0.00508, 0.00565] P=4 S=39 arc=0.95 lr=0.00028 w_ov=0.95 iou=[0.919, 0.93] acc=1
r127 1191s L=0.129 cov=[0.0116, 0.0098] ov=[0.00506, 0.00562] P=4 S=39 arc=0.97 lr=0.00028 w_ov=0.967 iou=[0.919, 0.93] acc=1
r128 1199s L=0.1286 cov=[0.0116, 0.0098] ov=[0.00505, 0.0056] P=4 S=39 arc=1.00 lr=0.0002 w_ov=0.982 iou=[0.919, 0.93] acc=0
r129 1208s L=0.1284 cov=[0.0116, 0.0098] ov=[0.00503, 0.00558] P=4 S=39 arc=1.00 lr=0.00028 w_ov=0.999 iou=[0.919, 0.93] acc=0
r130 1217s L=0.1267 cov=[0.0117, 0.0099] ov=[0.00497, 0.00547] P=4 S=39 arc=0.97 lr=0.0045 w_ov=1.02 iou=[0.919, 0.93] acc=1
r131 1226s L=0.1136 cov=[0.0122, 0.0102] ov=[0.00454, 0.00451] P=4 S=39 arc=0.95 lr=0.072 w_ov=1.03 iou=[0.918, 0.93] acc=1
r132 1235s L=0.09159 cov=[0.0128, 0.0109] ov=[0.00335, 0.00336] P=4 S=39 arc=0.95 lr=0.1 w_ov=1.05 iou=[0.908, 0.923] acc=1
r133 1244s L=0.08195 cov=[0.0132, 0.011] ov=[0.00312, 0.00257] P=4 S=39 arc=0.95 lr=0.051 w_ov=1.07 iou=[0.904, 0.922] acc=2
r134 1253s L=0.08611 cov=[0.0132, 0.0128] ov=[0.00312, 0.00282] P=4 S=40 arc=0.90 lr=0.1 w_ov=1.09 iou=[0.908, 0.918] acc=3
r135 1261s L=0.07224 cov=[0.0133, 0.0113] ov=[0.00232, 0.00237] P=4 S=40 arc=0.93 lr=0.072 w_ov=1.11 iou=[0.906, 0.922] acc=1
r136 1270s L=0.06829 cov=[0.0135, 0.0115] ov=[0.00215, 0.0021] P=4 S=40 arc=0.93 lr=0.072 w_ov=1.13 iou=[0.905, 0.921] acc=1
r137 1279s L=0.06759 cov=[0.0135, 0.0115] ov=[0.00206, 0.00213] P=4 S=40 arc=0.90 lr=0.051 w_ov=1.14 iou=[0.906, 0.92] acc=1
r138 1288s L=0.06635 cov=[0.0135, 0.0116] ov=[0.002, 0.00205] P=4 S=40 arc=0.90 lr=0.072 w_ov=1.16 iou=[0.905, 0.92] acc=1
r139 1297s L=0.06568 cov=[0.0135, 0.0115] ov=[0.00193, 0.00206] P=4 S=40 arc=0.93 lr=0.036 w_ov=1.19 iou=[0.905, 0.92] acc=1
r140 1307s L=0.06447 cov=[0.0135, 0.0116] ov=[0.00182, 0.00204] P=4 S=40 arc=0.95 lr=0.051 w_ov=1.21 iou=[0.905, 0.92] acc=0
r141 1315s L=0.06316 cov=[0.0135, 0.0117] ov=[0.0017, 0.00202] P=4 S=40 arc=0.95 lr=0.026 w_ov=1.23 iou=[0.905, 0.92] acc=0
r142 1324s L=0.06252 cov=[0.0135, 0.0117] ov=[0.00164, 0.00201] P=4 S=40 arc=0.95 lr=0.018 w_ov=1.25 iou=[0.906, 0.92] acc=0
r143 1334s L=0.0616 cov=[0.0135, 0.0118] ov=[0.00156, 0.00199] P=4 S=40 arc=0.95 lr=0.013 w_ov=1.27 iou=[0.905, 0.92] acc=0
r144 1343s L=0.06083 cov=[0.0136, 0.0118] ov=[0.0015, 0.00196] P=4 S=40 arc=0.95 lr=0.0091 w_ov=1.29 iou=[0.905, 0.919] acc=0
r145 1352s L=0.06047 cov=[0.0136, 0.0119] ov=[0.00147, 0.00195] P=4 S=40 arc=0.95 lr=0.018 w_ov=1.32 iou=[0.906, 0.919] acc=0
r146 1362s L=0.0599 cov=[0.0136, 0.0119] ov=[0.00143, 0.00193] P=4 S=40 arc=0.93 lr=0.0045 w_ov=1.34 iou=[0.904, 0.919] acc=1
r147 1372s L=0.05888 cov=[0.0137, 0.0119] ov=[0.00142, 0.00182] P=4 S=40 arc=0.93 lr=0.0002 w_ov=1.37 iou=[0.904, 0.919] acc=2
r148 1380s L=0.05885 cov=[0.0137, 0.0119] ov=[0.00142, 0.00182] P=4 S=40 arc=0.97 lr=0.0002 w_ov=1.39 iou=[0.904, 0.919] acc=1
r149 1390s L=0.05884 cov=[0.0137, 0.0119] ov=[0.00142, 0.00182] P=4 S=40 arc=0.97 lr=0.0002 w_ov=1.41 iou=[0.904, 0.919] acc=1
r150 1399s L=0.05883 cov=[0.0137, 0.0119] ov=[0.00142, 0.00182] P=4 S=40 arc=0.95 lr=0.0002 w_ov=1.44 iou=[0.904, 0.919] acc=1
r151 1408s L=0.0588 cov=[0.0137, 0.0119] ov=[0.00142, 0.00182] P=4 S=40 arc=0.95 lr=0.0002 w_ov=1.47 iou=[0.904, 0.919] acc=0
r152 1418s L=0.05877 cov=[0.0137, 0.0119] ov=[0.00141, 0.00182] P=4 S=40 arc=0.93 lr=0.0002 w_ov=1.49 iou=[0.904, 0.919] acc=1
r153 1427s L=0.05874 cov=[0.0137, 0.0119] ov=[0.00141, 0.00182] P=4 S=40 arc=0.93 lr=0.0002 w_ov=1.52 iou=[0.904, 0.919] acc=1
r154 1437s L=0.05871 cov=[0.0137, 0.0119] ov=[0.00141, 0.00181] P=4 S=40 arc=0.95 lr=0.0002 w_ov=1.55 iou=[0.904, 0.919] acc=0
r155 1446s L=0.05865 cov=[0.0137, 0.0119] ov=[0.00141, 0.00181] P=4 S=40 arc=0.95 lr=0.0002 w_ov=1.58 iou=[0.904, 0.919] acc=1
r156 1455s L=0.0586 cov=[0.0138, 0.0119] ov=[0.0014, 0.00181] P=4 S=40 arc=0.95 lr=0.0002 w_ov=1.6 iou=[0.903, 0.919] acc=2
r157 1463s L=0.05855 cov=[0.0138, 0.0119] ov=[0.0014, 0.00181] P=4 S=40 arc=0.93 lr=0.0002 w_ov=1.63 iou=[0.903, 0.918] acc=2
r158 1473s L=0.05813 cov=[0.0138, 0.012] ov=[0.00136, 0.0018] P=4 S=40 arc=0.90 lr=0.0002 w_ov=1.66 iou=[0.903, 0.918] acc=1
r159 1482s L=0.05808 cov=[0.0138, 0.012] ov=[0.00135, 0.0018] P=4 S=40 arc=0.88 lr=0.0002 w_ov=1.69 iou=[0.903, 0.918] acc=2
r160 1491s L=0.05788 cov=[0.0138, 0.012] ov=[0.00135, 0.00178] P=4 S=40 arc=0.90 lr=0.0002 w_ov=1.72 iou=[0.903, 0.919] acc=0
r161 1500s L=0.05782 cov=[0.0138, 0.012] ov=[0.00135, 0.00177] P=4 S=40 arc=0.90 lr=0.00028 w_ov=1.75 iou=[0.903, 0.918] acc=0
r162 1509s L=0.05774 cov=[0.0138, 0.012] ov=[0.00135, 0.00176] P=4 S=40 arc=0.88 lr=0.0002 w_ov=1.78 iou=[0.903, 0.919] acc=2
r163 1518s L=0.05766 cov=[0.0138, 0.012] ov=[0.00134, 0.00176] P=4 S=40 arc=0.88 lr=0.0002 w_ov=1.81 iou=[0.903, 0.919] acc=3
r164 1528s L=0.05759 cov=[0.0138, 0.012] ov=[0.00134, 0.00175] P=4 S=40 arc=0.90 lr=0.00028 w_ov=1.84 iou=[0.903, 0.919] acc=1
r165 1537s L=0.05753 cov=[0.0138, 0.012] ov=[0.00134, 0.00175] P=4 S=40 arc=0.90 lr=0.0002 w_ov=1.88 iou=[0.903, 0.919] acc=2
r166 1546s L=0.05747 cov=[0.0139, 0.012] ov=[0.00134, 0.00174] P=4 S=40 arc=0.90 lr=0.0002 w_ov=1.91 iou=[0.903, 0.919] acc=3
r167 1555s L=0.0574 cov=[0.0139, 0.012] ov=[0.00133, 0.00174] P=4 S=40 arc=0.90 lr=0.0002 w_ov=1.94 iou=[0.903, 0.918] acc=1
r168 1564s L=0.05731 cov=[0.0139, 0.012] ov=[0.00133, 0.00173] P=4 S=40 arc=0.93 lr=0.0002 w_ov=1.98 iou=[0.903, 0.918] acc=2
r169 1573s L=0.05722 cov=[0.0139, 0.012] ov=[0.00133, 0.00173] P=4 S=40 arc=0.95 lr=0.0002 w_ov=2.01 iou=[0.903, 0.918] acc=0
r170 1582s L=0.05717 cov=[0.0139, 0.012] ov=[0.00132, 0.00172] P=4 S=40 arc=0.95 lr=0.0002 w_ov=2.04 iou=[0.903, 0.918] acc=1
r171 1591s L=0.05709 cov=[0.0139, 0.0121] ov=[0.00132, 0.00172] P=4 S=40 arc=0.93 lr=0.0002 w_ov=2.08 iou=[0.902, 0.918] acc=1
r172 1599s L=0.05701 cov=[0.0139, 0.0121] ov=[0.00132, 0.00171] P=4 S=40 arc=0.93 lr=0.0002 w_ov=2.12 iou=[0.902, 0.918] acc=2
r173 1608s L=0.05693 cov=[0.0139, 0.0121] ov=[0.00131, 0.00171] P=4 S=40 arc=0.93 lr=0.00028 w_ov=2.15 iou=[0.903, 0.918] acc=1
r174 1617s L=0.05684 cov=[0.0139, 0.0121] ov=[0.00131, 0.0017] P=4 S=40 arc=0.90 lr=0.0002 w_ov=2.19 iou=[0.903, 0.918] acc=4
r175 1626s L=0.05677 cov=[0.0139, 0.0121] ov=[0.0013, 0.00169] P=4 S=40 arc=0.95 lr=0.0002 w_ov=2.23 iou=[0.902, 0.918] acc=1
r176 1636s L=0.05671 cov=[0.0139, 0.0121] ov=[0.0013, 0.00169] P=4 S=40 arc=0.95 lr=0.0002 w_ov=2.27 iou=[0.902, 0.918] acc=0
r177 1645s L=0.05663 cov=[0.0139, 0.0121] ov=[0.0013, 0.00169] P=4 S=40 arc=0.95 lr=0.00028 w_ov=2.31 iou=[0.902, 0.918] acc=1
r178 1654s L=0.05654 cov=[0.0139, 0.0121] ov=[0.00129, 0.00168] P=4 S=40 arc=0.97 lr=0.0002 w_ov=2.35 iou=[0.903, 0.918] acc=0
r179 1663s L=0.05644 cov=[0.0139, 0.0121] ov=[0.00129, 0.00167] P=4 S=40 arc=0.97 lr=0.0002 w_ov=2.39 iou=[0.903, 0.918] acc=0
r180 1671s L=0.05637 cov=[0.0139, 0.0121] ov=[0.00128, 0.00167] P=4 S=40 arc=0.97 lr=0.0002 w_ov=2.43 iou=[0.902, 0.918] acc=1
r181 1681s L=0.05628 cov=[0.014, 0.0121] ov=[0.00128, 0.00166] P=4 S=40 arc=0.95 lr=0.0002 w_ov=2.47 iou=[0.902, 0.918] acc=2
r182 1690s L=0.05618 cov=[0.014, 0.0121] ov=[0.00127, 0.00166] P=4 S=40 arc=0.90 lr=0.0002 w_ov=2.52 iou=[0.902, 0.918] acc=3
r183 1698s L=0.0561 cov=[0.014, 0.0121] ov=[0.00127, 0.00165] P=4 S=40 arc=0.90 lr=0.0002 w_ov=2.56 iou=[0.902, 0.918] acc=2
r184 1708s L=0.05599 cov=[0.014, 0.0121] ov=[0.00126, 0.00165] P=4 S=40 arc=0.93 lr=0.00028 w_ov=2.6 iou=[0.902, 0.917] acc=0
r185 1718s L=0.05584 cov=[0.014, 0.0121] ov=[0.00125, 0.00164] P=4 S=40 arc=0.93 lr=0.00028 w_ov=2.65 iou=[0.902, 0.917] acc=0
r186 1727s L=0.05569 cov=[0.014, 0.0122] ov=[0.00124, 0.00163] P=4 S=40 arc=0.93 lr=0.00028 w_ov=2.7 iou=[0.902, 0.917] acc=3
r187 1736s L=0.05559 cov=[0.014, 0.0122] ov=[0.00124, 0.00162] P=4 S=40 arc=0.95 lr=0.00028 w_ov=2.75 iou=[0.902, 0.917] acc=2
r188 1745s L=0.05539 cov=[0.014, 0.0122] ov=[0.00123, 0.00161] P=4 S=40 arc=0.95 lr=0.00057 w_ov=2.8 iou=[0.902, 0.917] acc=0
r189 1754s L=0.0543 cov=[0.0142, 0.0123] ov=[0.00117, 0.00154] P=4 S=40 arc=0.95 lr=0.0091 w_ov=2.84 iou=[0.902, 0.916] acc=0
r190 1763s L=0.04829 cov=[0.0149, 0.0127] ov=[0.00083, 0.00116] P=4 S=40 arc=0.95 lr=0.036 w_ov=2.9 iou=[0.899, 0.913] acc=2
r191 1772s L=0.04463 cov=[0.0151, 0.013] ov=[0.00068, 0.00089] P=4 S=40 arc=0.97 lr=0.026 w_ov=2.95 iou=[0.898, 0.913] acc=1
r192 1780s L=0.042 cov=[0.0152, 0.0131] ov=[0.00055, 0.00074] P=4 S=40 arc=0.97 lr=0.026 w_ov=3 iou=[0.898, 0.911] acc=0
r193 1790s L=0.04058 cov=[0.0153, 0.0132] ov=[0.00048, 0.00065] P=4 S=40 arc=0.95 lr=0.018 w_ov=3.05 iou=[0.899, 0.912] acc=1
r194 1799s L=0.03959 cov=[0.0153, 0.0133] ov=[0.00042, 0.00059] P=4 S=40 arc=0.95 lr=0.0091 w_ov=3.1 iou=[0.897, 0.911] acc=0
r195 1808s L=0.03911 cov=[0.0154, 0.0133] ov=[0.00041, 0.00055] P=4 S=40 arc=0.95 lr=0.018 w_ov=3.16 iou=[0.898, 0.911] acc=1
r196 1817s L=0.03866 cov=[0.0155, 0.0133] ov=[0.00039, 0.00052] P=4 S=40 arc=0.97 lr=0.013 w_ov=3.21 iou=[0.897, 0.912] acc=0
r197 1826s L=0.03817 cov=[0.0155, 0.0134] ov=[0.00036, 0.00049] P=4 S=40 arc=0.97 lr=0.013 w_ov=3.27 iou=[0.897, 0.911] acc=0
r198 1835s L=0.0366 cov=[0.0156, 0.0135] ov=[0.00029, 0.00037] P=4 S=40 arc=0.97 lr=0.018 w_ov=3.33 iou=[0.896, 0.91] acc=0
r199 1845s L=0.03559 cov=[0.0157, 0.0136] ov=[0.00027, 0.00028] P=4 S=40 arc=0.97 lr=0.018 w_ov=3.38 iou=[0.896, 0.909] acc=1
r200 1854s L=0.0351 cov=[0.0158, 0.0135] ov=[0.00027, 0.00022] P=4 S=40 arc=1.00 lr=0.018 w_ov=3.45 iou=[0.896, 0.911] acc=0
r201 1863s L=0.03465 cov=[0.0157, 0.0135] ov=[0.00027, 0.00019] P=4 S=40 arc=1.00 lr=0.0091 w_ov=3.51 iou=[0.897, 0.911] acc=0
r202 1873s L=0.03443 cov=[0.0157, 0.0135] ov=[0.00027, 0.00017] P=4 S=40 arc=1.00 lr=0.013 w_ov=3.57 iou=[0.897, 0.912] acc=0
r203 1882s L=0.03419 cov=[0.0157, 0.0135] ov=[0.00026, 0.00016] P=4 S=40 arc=1.00 lr=0.0064 w_ov=3.64 iou=[0.897, 0.911] acc=0
r204 1891s L=0.03387 cov=[0.0157, 0.0135] ov=[0.00025, 0.00013] P=4 S=40 arc=1.00 lr=0.0064 w_ov=3.7 iou=[0.896, 0.911] acc=0
r205 1900s L=0.03369 cov=[0.0158, 0.0135] ov=[0.00024, 0.00012] P=4 S=40 arc=1.00 lr=0.0064 w_ov=3.76 iou=[0.896, 0.911] acc=0
r206 1909s L=0.03346 cov=[0.0158, 0.0135] ov=[0.00022, 0.00012] P=4 S=40 arc=1.00 lr=0.0091 w_ov=3.83 iou=[0.896, 0.911] acc=0
r207 1917s L=0.03326 cov=[0.0158, 0.0135] ov=[0.00021, 0.00011] P=4 S=40 arc=1.00 lr=0.0045 w_ov=3.9 iou=[0.896, 0.911] acc=0
r208 1927s L=0.03316 cov=[0.0158, 0.0135] ov=[0.0002, 0.0001] P=4 S=40 arc=1.00 lr=0.0032 w_ov=3.96 iou=[0.896, 0.911] acc=0
r209 1936s L=0.03311 cov=[0.0158, 0.0135] ov=[0.0002, 0.0001] P=4 S=40 arc=1.00 lr=0.0023 w_ov=4.03 iou=[0.896, 0.911] acc=0
r210 1945s L=0.03307 cov=[0.0158, 0.0135] ov=[0.0002, 0.0001] P=4 S=40 arc=1.00 lr=0.0002 w_ov=4.11 iou=[0.896, 0.911] acc=0
r211 1954s L=0.03306 cov=[0.0158, 0.0135] ov=[0.0002, 0.0001] P=4 S=40 arc=1.00 lr=0.0002 w_ov=4.18 iou=[0.896, 0.911] acc=0
r212 1962s L=0.03306 cov=[0.0158, 0.0135] ov=[0.0002, 0.0001] P=4 S=40 arc=1.00 lr=0.0002 w_ov=4.25 iou=[0.896, 0.911] acc=0
r213 1971s L=0.03305 cov=[0.0158, 0.0135] ov=[0.00019, 0.0001] P=4 S=40 arc=1.00 lr=0.0002 w_ov=4.32 iou=[0.896, 0.911] acc=0
r214 1980s L=0.03305 cov=[0.0158, 0.0135] ov=[0.00019, 0.0001] P=4 S=40 arc=1.00 lr=0.0002 w_ov=4.39 iou=[0.896, 0.911] acc=0
r215 1989s L=0.03304 cov=[0.0158, 0.0135] ov=[0.00019, 0.0001] P=4 S=40 arc=1.00 lr=0.0002 w_ov=4.47 iou=[0.896, 0.911] acc=0
r216 1998s L=0.03304 cov=[0.0158, 0.0135] ov=[0.00019, 0.0001] P=4 S=40 arc=1.00 lr=0.0002 w_ov=4.55 iou=[0.896, 0.911] acc=0
r217 2007s L=0.03303 cov=[0.0158, 0.0135] ov=[0.00019, 0.0001] P=4 S=40 arc=1.00 lr=0.0002 w_ov=4.63 iou=[0.896, 0.911] acc=0
r218 2016s L=0.03303 cov=[0.0158, 0.0135] ov=[0.00019, 0.0001] P=4 S=40 arc=1.00 lr=0.0002 w_ov=4.71 iou=[0.896, 0.911] acc=0
r219 2025s L=0.03302 cov=[0.0158, 0.0135] ov=[0.00019, 0.0001] P=4 S=40 arc=1.00 lr=0.0002 w_ov=4.78 iou=[0.896, 0.911] acc=0
r220 2034s L=0.03301 cov=[0.0158, 0.0135] ov=[0.00019, 0.0001] P=4 S=40 arc=1.00 lr=0.0002 w_ov=4.87 iou=[0.896, 0.911] acc=0
r221 2043s L=0.033 cov=[0.0158, 0.0135] ov=[0.00019, 0.0001] P=4 S=40 arc=1.00 lr=0.0002 w_ov=4.95 iou=[0.896, 0.911] acc=0
r222 2052s L=0.03299 cov=[0.0158, 0.0135] ov=[0.00019, 0.0001] P=4 S=40 arc=1.00 lr=0.0002 w_ov=5.04 iou=[0.896, 0.911] acc=0
r223 2061s L=0.03299 cov=[0.0158, 0.0135] ov=[0.00019, 0.0001] P=4 S=40 arc=1.00 lr=0.0002 w_ov=5.13 iou=[0.896, 0.911] acc=0
r224 2070s L=0.03298 cov=[0.0158, 0.0135] ov=[0.00019, 0.0001] P=4 S=40 arc=1.00 lr=0.0002 w_ov=5.22 iou=[0.896, 0.911] acc=0
r225 2079s L=0.03297 cov=[0.0158, 0.0135] ov=[0.00018, 0.0001] P=4 S=40 arc=1.00 lr=0.0002 w_ov=5.31 iou=[0.896, 0.911] acc=0
r226 2088s L=0.03296 cov=[0.0158, 0.0135] ov=[0.00018, 0.0001] P=4 S=40 arc=1.00 lr=0.0002 w_ov=5.41 iou=[0.896, 0.911] acc=0
r227 2096s L=0.03295 cov=[0.0158, 0.0135] ov=[0.00018, 0.0001] P=4 S=40 arc=1.00 lr=0.0002 w_ov=5.5 iou=[0.896, 0.911] acc=0
r228 2105s L=0.03294 cov=[0.0158, 0.0135] ov=[0.00018, 0.0001] P=4 S=40 arc=1.00 lr=0.0002 w_ov=5.59 iou=[0.896, 0.911] acc=0
r229 2114s L=0.03293 cov=[0.0158, 0.0135] ov=[0.00018, 0.0001] P=4 S=40 arc=1.00 lr=0.0002 w_ov=5.68 iou=[0.896, 0.911] acc=0
r230 2122s L=0.03292 cov=[0.0158, 0.0135] ov=[0.00018, 0.0001] P=4 S=40 arc=1.00 lr=0.0002 w_ov=5.77 iou=[0.896, 0.911] acc=0
r231 2131s L=0.03291 cov=[0.0158, 0.0135] ov=[0.00018, 0.0001] P=4 S=40 arc=1.00 lr=0.0002 w_ov=5.87 iou=[0.896, 0.911] acc=0
r232 2140s L=0.0329 cov=[0.0158, 0.0136] ov=[0.00018, 0.0001] P=4 S=40 arc=1.00 lr=0.0002 w_ov=5.97 iou=[0.896, 0.911] acc=0
r233 2148s L=0.03289 cov=[0.0158, 0.0136] ov=[0.00018, 9e-05] P=4 S=40 arc=1.00 lr=0.00028 w_ov=6.07 iou=[0.896, 0.911] acc=0
r234 2157s L=0.03288 cov=[0.0158, 0.0136] ov=[0.00017, 9e-05] P=4 S=40 arc=1.00 lr=0.0002 w_ov=6.17 iou=[0.895, 0.911] acc=0
r235 2166s L=0.03287 cov=[0.0158, 0.0136] ov=[0.00017, 9e-05] P=4 S=40 arc=1.00 lr=0.0002 w_ov=6.28 iou=[0.895, 0.911] acc=0
r236 2175s L=0.03286 cov=[0.0158, 0.0136] ov=[0.00017, 9e-05] P=4 S=40 arc=1.00 lr=0.0002 w_ov=6.39 iou=[0.895, 0.911] acc=0
r237 2185s L=0.03284 cov=[0.0159, 0.0136] ov=[0.00017, 9e-05] P=4 S=40 arc=1.00 lr=0.0002 w_ov=6.5 iou=[0.895, 0.911] acc=0
r238 2194s L=0.03283 cov=[0.0159, 0.0136] ov=[0.00017, 9e-05] P=4 S=40 arc=1.00 lr=0.0002 w_ov=6.61 iou=[0.895, 0.911] acc=0
r239 2202s L=0.03282 cov=[0.0159, 0.0136] ov=[0.00017, 9e-05] P=4 S=40 arc=1.00 lr=0.0002 w_ov=6.73 iou=[0.895, 0.911] acc=0
r240 2211s L=0.0328 cov=[0.0159, 0.0136] ov=[0.00016, 9e-05] P=4 S=40 arc=1.00 lr=0.0002 w_ov=6.84 iou=[0.895, 0.911] acc=0
r241 2220s L=0.03279 cov=[0.0159, 0.0136] ov=[0.00016, 9e-05] P=4 S=40 arc=1.00 lr=0.00028 w_ov=6.96 iou=[0.895, 0.911] acc=0
r242 2229s L=0.03277 cov=[0.0159, 0.0136] ov=[0.00016, 9e-05] P=4 S=40 arc=1.00 lr=0.0002 w_ov=7.08 iou=[0.895, 0.911] acc=0
r243 2237s L=0.03275 cov=[0.0159, 0.0136] ov=[0.00016, 9e-05] P=4 S=40 arc=1.00 lr=0.0002 w_ov=7.2 iou=[0.895, 0.911] acc=0
r244 2246s L=0.03274 cov=[0.0159, 0.0136] ov=[0.00016, 9e-05] P=4 S=40 arc=1.00 lr=0.0002 w_ov=7.32 iou=[0.895, 0.911] acc=0
r245 2255s L=0.03273 cov=[0.0159, 0.0136] ov=[0.00016, 9e-05] P=4 S=40 arc=1.00 lr=0.0002 w_ov=7.45 iou=[0.895, 0.911] acc=0
r246 2264s L=0.03272 cov=[0.0159, 0.0136] ov=[0.00016, 9e-05] P=4 S=40 arc=1.00 lr=0.0002 w_ov=7.57 iou=[0.895, 0.911] acc=0
r247 2273s L=0.03271 cov=[0.0159, 0.0136] ov=[0.00016, 9e-05] P=4 S=40 arc=1.00 lr=0.0002 w_ov=7.71 iou=[0.895, 0.911] acc=0
r248 2282s L=0.0327 cov=[0.0159, 0.0136] ov=[0.00015, 8e-05] P=4 S=40 arc=1.00 lr=0.0002 w_ov=7.84 iou=[0.895, 0.911] acc=0
r249 2291s L=0.03269 cov=[0.0159, 0.0136] ov=[0.00015, 8e-05] P=4 S=40 arc=1.00 lr=0.00028 w_ov=7.97 iou=[0.895, 0.911] acc=0
r250 2300s L=0.03267 cov=[0.0159, 0.0136] ov=[0.00015, 8e-05] P=4 S=40 arc=1.00 lr=0.0002 w_ov=8.12 iou=[0.895, 0.911] acc=0
r251 2309s L=0.03266 cov=[0.0159, 0.0136] ov=[0.00015, 8e-05] P=4 S=40 arc=1.00 lr=0.0002 w_ov=8.26 iou=[0.895, 0.911] acc=0
r252 2318s L=0.03265 cov=[0.0159, 0.0136] ov=[0.00015, 8e-05] P=4 S=40 arc=1.00 lr=0.0002 w_ov=8.4 iou=[0.894, 0.911] acc=0
r253 2328s L=0.03263 cov=[0.0159, 0.0136] ov=[0.00015, 8e-05] P=4 S=40 arc=1.00 lr=0.00028 w_ov=8.55 iou=[0.894, 0.911] acc=0
r254 2337s L=0.03257 cov=[0.016, 0.0136] ov=[0.00014, 8e-05] P=4 S=40 arc=1.00 lr=0.0045 w_ov=8.71 iou=[0.895, 0.911] acc=0
r255 2345s L=0.03247 cov=[0.016, 0.0137] ov=[0.00013, 7e-05] P=4 S=40 arc=1.00 lr=0.0032 w_ov=8.86 iou=[0.895, 0.911] acc=0
r256 2354s L=0.03239 cov=[0.0161, 0.0137] ov=[0.00013, 6e-05] P=4 S=40 arc=1.00 lr=0.0023 w_ov=9.01 iou=[0.894, 0.911] acc=0
r257 2363s L=0.03235 cov=[0.0161, 0.0137] ov=[0.00013, 5e-05] P=4 S=40 arc=1.00 lr=0.0016 w_ov=9.16 iou=[0.894, 0.91] acc=0
r258 2372s L=0.03231 cov=[0.0161, 0.0137] ov=[0.00012, 5e-05] P=4 S=40 arc=1.00 lr=0.0011 w_ov=9.32 iou=[0.894, 0.91] acc=0
r259 2381s L=0.0323 cov=[0.0161, 0.0137] ov=[0.00012, 5e-05] P=4 S=40 arc=1.00 lr=0.0002 w_ov=9.48 iou=[0.894, 0.91] acc=0
r260 2390s L=0.0323 cov=[0.0161, 0.0137] ov=[0.00012, 5e-05] P=4 S=40 arc=1.00 lr=0.0002 w_ov=9.64 iou=[0.894, 0.91] acc=0
r261 2399s L=0.03229 cov=[0.0161, 0.0137] ov=[0.00012, 5e-05] P=4 S=40 arc=1.00 lr=0.0002 w_ov=9.82 iou=[0.894, 0.91] acc=0
r262 2408s L=0.03229 cov=[0.0161, 0.0137] ov=[0.00012, 5e-05] P=4 S=40 arc=1.00 lr=0.0002 w_ov=9.98 iou=[0.894, 0.91] acc=0
{
 "ToArc": {
  "proposed": 373,
  "accepted": 162,
  "scope": "shared",
  "rate": 0.4343163538873995
 },
 "SwapPoses": {
  "proposed": 535,
  "accepted": 1,
  "scope": "per-target",
  "rate": 0.001869158878504673
 },
 "Rotate": {
  "proposed": 2912,
  "accepted": 7,
  "scope": "per-target",
  "rate": 0.002403846153846154
 },
 "Split": {
  "proposed": 6952,
  "accepted": 37,
  "scope": "shared",
  "rate": 0.005322209436133487
 },
 "Merge": {
  "proposed": 1676,
  "accepted": 33,
  "scope": "shared",
  "rate": 0.019689737470167064
 },
 "ToLine": {
  "proposed": 4378,
  "accepted": 124,
  "scope": "shared",
  "rate": 0.02832343535861124
 },
 "MergeClose": {
  "proposed": 6,
  "accepted": 4,
  "scope": "shared",
  "rate": 0.6666666666666666
 },
 "forced:RemoveSmallPart": {
  "proposed": 0,
  "accepted": 2,
  "scope": "shared",
  "rate": 2.0
 }
}
EVAL avg_chamfer=3.956 avg_hausdorff=24.070 pieces=4->4 loss=0.032294
