r0 6s L=0.3043 cov=[0.0036, 0.0202] ov=[0.03962, 0.0537] P=4 S=23 arc=0.00 lr=0.35 w_ov=0.1 iou=[0.968, 0.891] acc=13
r1 11s L=0.265 cov=[0.0025, 0.0146] ov=[0.03617, 0.04628] P=4 S=27 arc=0.30 lr=0.35 w_ov=0.103 iou=[0.981, 0.921] acc=13
r2 18s L=0.2417 cov=[0.0022, 0.0107] ov=[0.03426, 0.04177] P=4 S=27 arc=0.70 lr=0.5 w_ov=0.107 iou=[0.98, 0.936] acc=11
r3 26s L=0.1865 cov=[0.0027, 0.0086] ov=[0.02672, 0.03143] P=4 S=32 arc=0.81 lr=0.5 w_ov=0.111 iou=[0.97, 0.876] acc=8
r4 33s L=0.1387 cov=[0.0016, 0.0052] ov=[0.02049, 0.02324] P=4 S=31 arc=0.84 lr=0.18 w_ov=0.116 iou=[0.984, 0.964] acc=5
r5 41s L=0.1303 cov=[0.0013, 0.0041] ov=[0.01939, 0.02197] P=4 S=30 arc=0.83 lr=0.12 w_ov=0.121 iou=[0.987, 0.968] acc=6
r6 48s L=0.1122 cov=[0.0014, 0.0038] ov=[0.017, 0.01844] P=4 S=32 arc=0.81 lr=0.47 w_ov=0.126 iou=[0.985, 0.967] acc=12
r7 54s L=0.1043 cov=[0.0012, 0.0031] ov=[0.01562, 0.01747] P=4 S=32 arc=0.81 lr=0.16 w_ov=0.131 iou=[0.99, 0.975] acc=4
r8 62s L=0.09648 cov=[0.0012, 0.0027] ov=[0.01443, 0.01618] P=4 S=32 arc=0.81 lr=0.23 w_ov=0.136 iou=[0.99, 0.978] acc=4
r9 69s L=0.09011 cov=[0.0012, 0.0024] ov=[0.0135, 0.01512] P=4 S=32 arc=0.84 lr=0.23 w_ov=0.142 iou=[0.99, 0.979] acc=3
r10 76s L=0.09484 cov=[0.001, 0.0022] ov=[0.01423, 0.01608] P=4 S=31 arc=0.81 lr=0.11 w_ov=0.148 iou=[0.991, 0.979] acc=6
r11 83s L=0.07751 cov=[0.0011, 0.0021] ov=[0.0113, 0.01325] P=4 S=30 arc=0.87 lr=0.22 w_ov=0.154 iou=[0.99, 0.98] acc=2
r12 90s L=0.08361 cov=[0.0019, 0.0039] ov=[0.01246, 0.01326] P=4 S=32 arc=0.78 lr=0.15 w_ov=0.16 iou=[0.985, 0.955] acc=7
r13 97s L=0.06821 cov=[0.0011, 0.0018] ov=[0.00982, 0.01172] P=4 S=32 arc=0.81 lr=0.21 w_ov=0.166 iou=[0.99, 0.983] acc=2
r14 105s L=0.0661 cov=[0.0011, 0.0016] ov=[0.00959, 0.0113] P=4 S=32 arc=0.88 lr=0.3 w_ov=0.173 iou=[0.99, 0.983] acc=1
r15 113s L=0.0642 cov=[0.0011, 0.0016] ov=[0.00946, 0.01079] P=4 S=35 arc=0.86 lr=0.3 w_ov=0.181 iou=[0.99, 0.982] acc=11
r16 121s L=0.06223 cov=[0.0011, 0.0014] ov=[0.00916, 0.0105] P=4 S=33 arc=0.85 lr=0.11 w_ov=0.19 iou=[0.992, 0.985] acc=5
r17 129s L=0.06082 cov=[0.0011, 0.0014] ov=[0.00891, 0.01028] P=4 S=30 arc=0.83 lr=0.2 w_ov=0.199 iou=[0.991, 0.984] acc=6
r18 136s L=0.05849 cov=[0.001, 0.0013] ov=[0.00854, 0.00993] P=4 S=30 arc=0.83 lr=0.071 w_ov=0.208 iou=[0.992, 0.985] acc=3
r19 143s L=0.05786 cov=[0.0011, 0.0013] ov=[0.00852, 0.00972] P=4 S=30 arc=0.87 lr=0.068 w_ov=0.216 iou=[0.992, 0.985] acc=3
r20 151s L=0.0568 cov=[0.0012, 0.0013] ov=[0.00853, 0.00934] P=4 S=29 arc=0.86 lr=0.19 w_ov=0.226 iou=[0.991, 0.985] acc=5
r21 158s L=0.05472 cov=[0.0011, 0.0012] ov=[0.00826, 0.00899] P=4 S=28 arc=0.82 lr=0.19 w_ov=0.235 iou=[0.991, 0.986] acc=4
r22 165s L=0.05317 cov=[0.0011, 0.0012] ov=[0.008, 0.00874] P=4 S=28 arc=0.82 lr=0.095 w_ov=0.245 iou=[0.992, 0.987] acc=2
r23 173s L=0.05185 cov=[0.0012, 0.0012] ov=[0.00792, 0.00836] P=4 S=27 arc=0.81 lr=0.18 w_ov=0.255 iou=[0.992, 0.986] acc=2
r24 180s L=0.04973 cov=[0.0012, 0.0011] ov=[0.00765, 0.00793] P=4 S=27 arc=0.81 lr=0.18 w_ov=0.267 iou=[0.991, 0.987] acc=2
r25 187s L=0.04809 cov=[0.0012, 0.0011] ov=[0.00748, 0.00756] P=4 S=27 arc=0.85 lr=0.064 w_ov=0.278 iou=[0.992, 0.987] acc=0
r26 193s L=0.04638 cov=[0.0012, 0.0011] ov=[0.00727, 0.00718] P=4 S=27 arc=0.85 lr=0.086 w_ov=0.289 iou=[0.991, 0.987] acc=3
r27 200s L=0.04507 cov=[0.0013, 0.0011] ov=[0.00707, 0.00693] P=4 S=26 arc=0.92 lr=0.085 w_ov=0.3 iou=[0.992, 0.987] acc=3
r28 206s L=0.04252 cov=[0.0014, 0.0011] ov=[0.00664, 0.00648] P=4 S=26 arc=0.88 lr=0.083 w_ov=0.311 iou=[0.991, 0.985] acc=2
r29 213s L=0.0411 cov=[0.0014, 0.0012] ov=[0.00641, 0.00622] P=4 S=26 arc=0.88 lr=0.082 w_ov=0.322 iou=[0.991, 0.985] acc=0
r30 220s L=0.0395 cov=[0.0015, 0.0012] ov=[0.00618, 0.00589] P=4 S=25 arc=0.92 lr=0.16 w_ov=0.336 iou=[0.991, 0.985] acc=2
r31 227s L=0.03654 cov=[0.0015, 0.0012] ov=[0.0058, 0.00525] P=4 S=25 arc=0.96 lr=0.057 w_ov=0.348 iou=[0.99, 0.983] acc=0
r32 234s L=0.0361 cov=[0.0018, 0.0013] ov=[0.00588, 0.00493] P=4 S=26 arc=0.81 lr=0.16 w_ov=0.362 iou=[0.988, 0.984] acc=5
r33 241s L=0.03138 cov=[0.0016, 0.0013] ov=[0.00492, 0.00436] P=4 S=25 arc=0.76 lr=0.16 w_ov=0.376 iou=[0.99, 0.982] acc=5
r34 248s L=0.02884 cov=[0.0016, 0.0013] ov=[0.00454, 0.00389] P=4 S=26 arc=0.85 lr=0.22 w_ov=0.392 iou=[0.99, 0.982] acc=2
r35 254s L=0.02573 cov=[0.0016, 0.0014] ov=[0.00425, 0.00311] P=4 S=25 arc=0.84 lr=0.11 w_ov=0.407 iou=[0.989, 0.981] acc=1
r36 261s L=0.02802 cov=[0.0022, 0.0015] ov=[0.00515, 0.00275] P=4 S=28 arc=0.71 lr=0.2 w_ov=0.422 iou=[0.987, 0.981] acc=10
r37 268s L=0.02199 cov=[0.0016, 0.0016] ov=[0.00347, 0.00258] P=4 S=26 arc=0.73 lr=0.072 w_ov=0.439 iou=[0.989, 0.98] acc=5
r38 275s L=0.0201 cov=[0.0015, 0.0015] ov=[0.00329, 0.00216] P=4 S=24 arc=0.75 lr=0.049 w_ov=0.457 iou=[0.989, 0.98] acc=3
r39 281s L=0.01904 cov=[0.0015, 0.0015] ov=[0.00326, 0.00187] P=4 S=24 arc=0.79 lr=0.034 w_ov=0.475 iou=[0.99, 0.98] acc=1
r40 288s L=0.01819 cov=[0.0015, 0.0015] ov=[0.00313, 0.00171] P=4 S=24 arc=0.83 lr=0.033 w_ov=0.493 iou=[0.99, 0.98] acc=2
r41 294s L=0.01736 cov=[0.0015, 0.0015] ov=[0.003, 0.00157] P=4 S=24 arc=0.92 lr=0.023 w_ov=0.512 iou=[0.99, 0.98] acc=2
r42 301s L=0.01647 cov=[0.0015, 0.0016] ov=[0.0029, 0.00137] P=4 S=24 arc=0.96 lr=0.045 w_ov=0.531 iou=[0.99, 0.98] acc=1
r43 307s L=0.01579 cov=[0.0014, 0.0015] ov=[0.00283, 0.00122] P=4 S=24 arc=0.96 lr=0.031 w_ov=0.551 iou=[0.991, 0.98] acc=0
r44 314s L=0.01515 cov=[0.0014, 0.0015] ov=[0.00272, 0.00113] P=4 S=24 arc=0.96 lr=0.043 w_ov=0.571 iou=[0.991, 0.979] acc=0
r45 321s L=0.01467 cov=[0.0014, 0.0016] ov=[0.00261, 0.00107] P=4 S=23 arc=0.91 lr=0.03 w_ov=0.593 iou=[0.991, 0.979] acc=3
r46 327s L=0.01399 cov=[0.0014, 0.0016] ov=[0.00243, 0.00104] P=4 S=23 arc=0.96 lr=0.041 w_ov=0.616 iou=[0.991, 0.979] acc=1
r47 333s L=0.01349 cov=[0.0014, 0.0016] ov=[0.0023, 0.001] P=4 S=23 arc=1.00 lr=0.02 w_ov=0.639 iou=[0.991, 0.98] acc=0
r48 340s L=0.01309 cov=[0.0014, 0.0016] ov=[0.00221, 0.00096] P=4 S=23 arc=1.00 lr=0.039 w_ov=0.661 iou=[0.991, 0.98] acc=0
r49 346s L=0.01272 cov=[0.0013, 0.0016] ov=[0.00212, 0.00093] P=4 S=23 arc=1.00 lr=0.038 w_ov=0.685 iou=[0.991, 0.981] acc=0
r50 353s L=0.01233 cov=[0.0013, 0.0017] ov=[0.00199, 0.00091] P=4 S=23 arc=1.00 lr=0.026 w_ov=0.712 iou=[0.991, 0.98] acc=0
r51 359s L=0.01178 cov=[0.0014, 0.0018] ov=[0.00179, 0.00088] P=4 S=23 arc=0.96 lr=0.026 w_ov=0.74 iou=[0.991, 0.98] acc=1
r52 365s L=0.01142 cov=[0.0013, 0.0018] ov=[0.00172, 0.00085] P=4 S=23 arc=0.96 lr=0.05 w_ov=0.767 iou=[0.991, 0.98] acc=0
r53 372s L=0.01097 cov=[0.0013, 0.0018] ov=[0.00161, 0.0008] P=4 S=23 arc=0.96 lr=0.035 w_ov=0.793 iou=[0.991, 0.979] acc=0
r54 378s L=0.01065 cov=[0.0013, 0.0018] ov=[0.00156, 0.00074] P=4 S=23 arc=0.96 lr=0.034 w_ov=0.822 iou=[0.992, 0.978] acc=0
r55 384s L=0.01031 cov=[0.0013, 0.0018] ov=[0.00152, 0.00067] P=4 S=23 arc=0.96 lr=0.033 w_ov=0.851 iou=[0.991, 0.978] acc=0
r56 389s L=0.009898 cov=[0.0013, 0.0018] ov=[0.00142, 0.00062] P=4 S=23 arc=0.96 lr=0.045 w_ov=0.88 iou=[0.991, 0.979] acc=0
r57 395s L=0.009325 cov=[0.0013, 0.0019] ov=[0.00129, 0.00055] P=4 S=23 arc=0.96 lr=0.022 w_ov=0.908 iou=[0.991, 0.978] acc=0
r58 401s L=0.008954 cov=[0.0013, 0.0019] ov=[0.00121, 0.0005] P=4 S=23 arc=0.91 lr=0.021 w_ov=0.937 iou=[0.991, 0.978] acc=1
r59 407s L=0.008737 cov=[0.0012, 0.0019] ov=[0.00119, 0.00046] P=4 S=22 arc=0.91 lr=0.029 w_ov=0.969 iou=[0.991, 0.978] acc=2
r60 412s L=0.008406 cov=[0.0012, 0.002] ov=[0.0011, 0.00042] P=4 S=22 arc=0.95 lr=0.04 w_ov=1 iou=[0.991, 0.978] acc=0
r61 418s L=0.008141 cov=[0.0012, 0.002] ov=[0.00103, 0.0004] P=4 S=22 arc=0.95 lr=0.028 w_ov=1.04 iou=[0.991, 0.979] acc=0
r62 424s L=0.007982 cov=[0.0012, 0.002] ov=[0.00099, 0.00038] P=4 S=22 arc=0.95 lr=0.038 w_ov=1.07 iou=[0.991, 0.979] acc=0
r63 431s L=0.007735 cov=[0.0012, 0.0021] ov=[0.00093, 0.00035] P=4 S=22 arc=0.95 lr=0.013 w_ov=1.11 iou=[0.991, 0.979] acc=0
r64 436s L=0.007485 cov=[0.0012, 0.0021] ov=[0.00086, 0.00031] P=4 S=22 arc=0.91 lr=0.025 w_ov=1.15 iou=[0.992, 0.978] acc=1
r65 442s L=0.00725 cov=[0.0012, 0.0022] ov=[0.00078, 0.0003] P=4 S=22 arc=0.91 lr=0.012 w_ov=1.19 iou=[0.993, 0.977] acc=1
r66 448s L=0.007118 cov=[0.0012, 0.0022] ov=[0.00076, 0.00027] P=4 S=22 arc=0.95 lr=0.033 w_ov=1.23 iou=[0.992, 0.977] acc=0
r67 454s L=0.006925 cov=[0.0012, 0.0022] ov=[0.00072, 0.00024] P=4 S=22 arc=0.95 lr=0.022 w_ov=1.27 iou=[0.992, 0.977] acc=0
r68 460s L=0.006781 cov=[0.0012, 0.0022] ov=[0.00068, 0.00022] P=4 S=22 arc=0.91 lr=0.015 w_ov=1.31 iou=[0.992, 0.977] acc=2
r69 466s L=0.006571 cov=[0.0012, 0.0023] ov=[0.00063, 0.00018] P=4 S=22 arc=0.95 lr=0.015 w_ov=1.36 iou=[0.992, 0.976] acc=0
r70 472s L=0.006331 cov=[0.0012, 0.0023] ov=[0.00055, 0.00016] P=4 S=22 arc=0.95 lr=0.007 w_ov=1.4 iou=[0.992, 0.976] acc=1
r71 477s L=0.006175 cov=[0.0012, 0.0024] ov=[0.00051, 0.00014] P=4 S=22 arc=0.91 lr=0.019 w_ov=1.45 iou=[0.992, 0.976] acc=2
r72 483s L=0.005909 cov=[0.0013, 0.0024] ov=[0.00041, 0.00012] P=4 S=22 arc=0.91 lr=0.013 w_ov=1.5 iou=[0.992, 0.976] acc=1
r73 489s L=0.005818 cov=[0.0013, 0.0024] ov=[0.00039, 0.00011] P=4 S=22 arc=0.95 lr=0.012 w_ov=1.55 iou=[0.992, 0.975] acc=0
r74 494s L=0.00577 cov=[0.0013, 0.0025] ov=[0.00037, 0.0001] P=4 S=22 arc=0.95 lr=0.001 w_ov=1.6 iou=[0.992, 0.976] acc=1
r75 500s L=0.005612 cov=[0.0013, 0.0025] ov=[0.00032, 9e-05] P=4 S=22 arc=0.95 lr=0.011 w_ov=1.65 iou=[0.992, 0.974] acc=1
r76 506s L=0.00547 cov=[0.0012, 0.0025] ov=[0.00029, 8e-05] P=4 S=22 arc=0.95 lr=0.0074 w_ov=1.7 iou=[0.991, 0.974] acc=0
r77 512s L=0.005432 cov=[0.0012, 0.0026] ov=[0.00027, 7e-05] P=4 S=22 arc=0.91 lr=0.0002 w_ov=1.76 iou=[0.991, 0.974] acc=1
r78 517s L=0.005389 cov=[0.0012, 0.0026] ov=[0.00026, 7e-05] P=4 S=22 arc=0.91 lr=0.013 w_ov=1.82 iou=[0.991, 0.974] acc=1
r79 523s L=0.005272 cov=[0.0012, 0.0026] ov=[0.00023, 5e-05] P=4 S=22 arc=0.95 lr=0.0086 w_ov=1.88 iou=[0.991, 0.974] acc=0
r80 529s L=0.005235 cov=[0.0012, 0.0027] ov=[0.0002, 5e-05] P=4 S=22 arc=0.91 lr=0.00025 w_ov=1.94 iou=[0.991, 0.975] acc=1
r81 535s L=0.005165 cov=[0.0012, 0.0027] ov=[0.00019, 5e-05] P=4 S=22 arc=0.91 lr=0.0026 w_ov=2.01 iou=[0.991, 0.974] acc=0
r82 541s L=0.00514 cov=[0.0012, 0.0027] ov=[0.00018, 4e-05] P=4 S=22 arc=0.91 lr=0.0096 w_ov=2.08 iou=[0.992, 0.974] acc=2
r83 546s L=0.005059 cov=[0.0012, 0.0027] ov=[0.00015, 4e-05] P=4 S=22 arc=0.95 lr=0.0044 w_ov=2.15 iou=[0.992, 0.974] acc=1
r84 552s L=0.005045 cov=[0.0012, 0.0027] ov=[0.00014, 3e-05] P=4 S=22 arc=0.95 lr=0.0002 w_ov=2.21 iou=[0.992, 0.973] acc=0
r85 558s L=0.005006 cov=[0.0012, 0.0027] ov=[0.00013, 3e-05] P=4 S=22 arc=0.95 lr=0.005 w_ov=2.29 iou=[0.992, 0.974] acc=0
r86 564s L=0.004977 cov=[0.0012, 0.0028] ov=[0.00012, 3e-05] P=4 S=22 arc=0.95 lr=0.0062 w_ov=2.36 iou=[0.992, 0.973] acc=0
r87 570s L=0.004959 cov=[0.0012, 0.0028] ov=[0.00011, 2e-05] P=4 S=22 arc=0.95 lr=0.0053 w_ov=2.44 iou=[0.992, 0.973] acc=0
r88 575s L=0.004937 cov=[0.0012, 0.0028] ov=[0.00011, 2e-05] P=4 S=22 arc=0.95 lr=0.0032 w_ov=2.53 iou=[0.992, 0.973] acc=0
r89 581s L=0.004928 cov=[0.0012, 0.0028] ov=[0.0001, 2e-05] P=4 S=22 arc=0.95 lr=0.0018 w_ov=2.61 iou=[0.992, 0.973] acc=0
r90 587s L=0.004921 cov=[0.0012, 0.0028] ov=[0.0001, 2e-05] P=4 S=22 arc=0.95 lr=0.0028 w_ov=2.69 iou=[0.992, 0.973] acc=0
r91 592s L=0.004913 cov=[0.0012, 0.0028] ov=[0.0001, 2e-05] P=4 S=22 arc=0.95 lr=0.0028 w_ov=2.78 iou=[0.992, 0.974] acc=0
r92 597s L=0.004908 cov=[0.0012, 0.0028] ov=[0.0001, 2e-05] P=4 S=22 arc=0.95 lr=0.00085 w_ov=2.86 iou=[0.992, 0.974] acc=0
r93 603s L=0.004907 cov=[0.0012, 0.0028] ov=[0.0001, 2e-05] P=4 S=22 arc=0.95 lr=0.0002 w_ov=2.96 iou=[0.992, 0.974] acc=0
{
 "Rotate": {
  "proposed": 1049,
  "accepted": 2,
  "scope": "per-target",
  "rate": 0.0019065776930409914
 },
 "ToArc": {
  "proposed": 194,
  "accepted": 79,
  "scope": "shared",
  "rate": 0.4072164948453608
 },
 "Split": {
  "proposed": 2059,
  "accepted": 38,
  "scope": "shared",
  "rate": 0.018455560951918408
 },
 "SwapPoses": {
  "proposed": 485,
  "accepted": 0,
  "scope": "per-target",
  "rate": 0.0
 },
 "Merge": {
  "proposed": 643,
  "accepted": 31,
  "scope": "shared",
  "rate": 0.04821150855365474
 },
 "ToLine": {
  "proposed": 1573,
  "accepted": 60,
  "scope": "shared",
  "rate": 0.03814367450731087
 },
 "MergeClose": {
  "proposed": 13,
  "accepted": 1,
  "scope": "shared",
  "rate": 0.07692307692307693
 }
}
EVAL avg_chamfer=6.776 avg_hausdorff=36.228 pieces=4->4 loss=0.0049071
