r0 5s L=0.212 cov=[0.0056, 0.0234] ov=[0.0211, 0.03968] P=4 S=20 arc=0.00 lr=0.5 w_ov=0.1 iou=[0.966, 0.881] acc=12
r1 10s L=0.15 cov=[0.0079, 0.022] ov=[0.00825, 0.03157] P=4 S=29 arc=0.31 lr=0.18 w_ov=0.103 iou=[0.956, 0.881] acc=16
r2 17s L=0.1284 cov=[0.0041, 0.0152] ov=[0.00761, 0.02853] P=4 S=27 arc=0.44 lr=0.087 w_ov=0.106 iou=[0.978, 0.926] acc=9
r3 23s L=0.1197 cov=[0.0036, 0.0137] ov=[0.0077, 0.02619] P=4 S=27 arc=0.63 lr=0.17 w_ov=0.11 iou=[0.982, 0.929] acc=10
r4 29s L=0.1234 cov=[0.0044, 0.0119] ov=[0.01029, 0.02516] P=4 S=34 arc=0.59 lr=0.24 w_ov=0.114 iou=[0.975, 0.936] acc=9
r5 36s L=0.1087 cov=[0.0035, 0.0085] ov=[0.00966, 0.02234] P=4 S=37 arc=0.46 lr=0.34 w_ov=0.118 iou=[0.98, 0.955] acc=12
r6 43s L=0.1105 cov=[0.0037, 0.0081] ov=[0.01113, 0.02154] P=4 S=35 arc=0.51 lr=0.12 w_ov=0.122 iou=[0.979, 0.955] acc=6
r7 51s L=0.107 cov=[0.003, 0.0077] ov=[0.01066, 0.02121] P=4 S=31 arc=0.68 lr=0.12 w_ov=0.128 iou=[0.983, 0.961] acc=5
r8 58s L=0.09761 cov=[0.0027, 0.0076] ov=[0.00928, 0.01961] P=4 S=28 arc=0.75 lr=0.16 w_ov=0.133 iou=[0.985, 0.96] acc=6
r9 65s L=0.09702 cov=[0.0025, 0.0075] ov=[0.00927, 0.01949] P=4 S=27 arc=0.85 lr=0.08 w_ov=0.139 iou=[0.986, 0.961] acc=3
r10 72s L=0.09423 cov=[0.0024, 0.0075] ov=[0.00888, 0.01898] P=4 S=26 arc=0.88 lr=0.22 w_ov=0.144 iou=[0.986, 0.96] acc=1
r11 78s L=0.09337 cov=[0.0025, 0.0074] ov=[0.0088, 0.01882] P=4 S=25 arc=0.92 lr=0.079 w_ov=0.15 iou=[0.986, 0.961] acc=2
r12 85s L=0.09206 cov=[0.0026, 0.0073] ov=[0.0089, 0.01826] P=4 S=25 arc=0.88 lr=0.15 w_ov=0.156 iou=[0.985, 0.961] acc=5
r13 91s L=0.09085 cov=[0.0025, 0.0071] ov=[0.00865, 0.01823] P=4 S=24 arc=0.83 lr=0.21 w_ov=0.162 iou=[0.985, 0.961] acc=2
r14 98s L=0.09044 cov=[0.0025, 0.0071] ov=[0.00875, 0.01799] P=4 S=24 arc=0.75 lr=0.11 w_ov=0.168 iou=[0.985, 0.959] acc=3
r15 104s L=0.08551 cov=[0.0026, 0.0071] ov=[0.0081, 0.01698] P=4 S=27 arc=0.63 lr=0.21 w_ov=0.174 iou=[0.985, 0.958] acc=5
r16 110s L=0.0836 cov=[0.0026, 0.007] ov=[0.0079, 0.01653] P=4 S=27 arc=0.56 lr=0.21 w_ov=0.18 iou=[0.984, 0.958] acc=8
r17 117s L=0.08388 cov=[0.0033, 0.007] ov=[0.0083, 0.01599] P=4 S=26 arc=0.69 lr=0.074 w_ov=0.187 iou=[0.981, 0.959] acc=8
r18 123s L=0.08002 cov=[0.0027, 0.007] ov=[0.00747, 0.01574] P=4 S=26 arc=0.85 lr=0.2 w_ov=0.194 iou=[0.984, 0.959] acc=6
r19 130s L=0.07923 cov=[0.0037, 0.0071] ov=[0.00762, 0.01497] P=4 S=30 arc=0.73 lr=0.2 w_ov=0.201 iou=[0.976, 0.956] acc=8
r20 137s L=0.0772 cov=[0.0028, 0.007] ov=[0.00714, 0.01509] P=4 S=29 arc=0.55 lr=0.2 w_ov=0.209 iou=[0.984, 0.961] acc=11
r21 144s L=0.07313 cov=[0.0027, 0.007] ov=[0.00654, 0.01437] P=4 S=27 arc=0.63 lr=0.1 w_ov=0.218 iou=[0.983, 0.957] acc=7
r22 151s L=0.06893 cov=[0.003, 0.0071] ov=[0.00601, 0.01338] P=4 S=25 arc=0.80 lr=0.27 w_ov=0.226 iou=[0.983, 0.955] acc=5
r23 157s L=0.06898 cov=[0.0027, 0.007] ov=[0.00608, 0.01345] P=4 S=25 arc=0.80 lr=0.048 w_ov=0.235 iou=[0.983, 0.956] acc=3
r24 163s L=0.06777 cov=[0.0028, 0.0071] ov=[0.00604, 0.01305] P=4 S=24 arc=0.83 lr=0.092 w_ov=0.243 iou=[0.983, 0.956] acc=2
r25 169s L=0.06467 cov=[0.0027, 0.0071] ov=[0.00562, 0.01245] P=4 S=24 arc=0.83 lr=0.18 w_ov=0.252 iou=[0.983, 0.957] acc=2
r26 176s L=0.06287 cov=[0.0027, 0.0072] ov=[0.00541, 0.01204] P=4 S=26 arc=0.85 lr=0.18 w_ov=0.261 iou=[0.983, 0.957] acc=4
r27 182s L=0.06134 cov=[0.0028, 0.007] ov=[0.00517, 0.01179] P=4 S=25 arc=0.84 lr=0.13 w_ov=0.271 iou=[0.982, 0.956] acc=3
r28 189s L=0.05986 cov=[0.0028, 0.0071] ov=[0.00497, 0.01149] P=4 S=25 arc=0.92 lr=0.17 w_ov=0.281 iou=[0.982, 0.956] acc=1
r29 196s L=0.05851 cov=[0.0028, 0.007] ov=[0.00472, 0.01128] P=4 S=25 arc=0.92 lr=0.17 w_ov=0.291 iou=[0.982, 0.955] acc=1
r30 202s L=0.05724 cov=[0.0031, 0.007] ov=[0.00454, 0.01094] P=4 S=25 arc=0.88 lr=0.087 w_ov=0.303 iou=[0.982, 0.956] acc=1
r31 209s L=0.05562 cov=[0.0029, 0.0071] ov=[0.00433, 0.01065] P=4 S=25 arc=0.88 lr=0.083 w_ov=0.315 iou=[0.982, 0.956] acc=1
r32 216s L=0.05429 cov=[0.003, 0.0071] ov=[0.00419, 0.01031] P=4 S=25 arc=0.92 lr=0.081 w_ov=0.327 iou=[0.981, 0.956] acc=0
r33 222s L=0.05329 cov=[0.003, 0.0071] ov=[0.00403, 0.01013] P=4 S=25 arc=0.92 lr=0.08 w_ov=0.34 iou=[0.981, 0.956] acc=1
r34 229s L=0.0521 cov=[0.0031, 0.0072] ov=[0.00387, 0.00987] P=4 S=25 arc=0.96 lr=0.056 w_ov=0.352 iou=[0.98, 0.956] acc=0
r35 236s L=0.05518 cov=[0.004, 0.0071] ov=[0.00446, 0.01] P=4 S=31 arc=0.74 lr=0.22 w_ov=0.366 iou=[0.979, 0.957] acc=14
r36 244s L=0.05205 cov=[0.0031, 0.0071] ov=[0.00357, 0.01012] P=4 S=27 arc=0.70 lr=0.077 w_ov=0.381 iou=[0.979, 0.956] acc=6
r37 251s L=0.05027 cov=[0.0032, 0.0072] ov=[0.00337, 0.00972] P=4 S=25 arc=0.84 lr=0.074 w_ov=0.398 iou=[0.978, 0.958] acc=4
r38 257s L=0.06685 cov=[0.0073, 0.0077] ov=[0.00609, 0.01099] P=4 S=25 arc=0.72 lr=0.1 w_ov=0.414 iou=[0.955, 0.955] acc=5
r39 264s L=0.04751 cov=[0.0035, 0.0072] ov=[0.00312, 0.00895] P=4 S=25 arc=0.72 lr=0.071 w_ov=0.43 iou=[0.976, 0.957] acc=3
r40 271s L=0.04647 cov=[0.0035, 0.0072] ov=[0.00294, 0.00878] P=4 S=25 arc=0.84 lr=0.07 w_ov=0.447 iou=[0.976, 0.956] acc=2
r41 278s L=0.04582 cov=[0.0035, 0.0072] ov=[0.00275, 0.00874] P=4 S=25 arc=0.88 lr=0.068 w_ov=0.465 iou=[0.975, 0.957] acc=2
r42 285s L=0.04384 cov=[0.0039, 0.0074] ov=[0.00259, 0.00804] P=4 S=29 arc=0.69 lr=0.19 w_ov=0.484 iou=[0.974, 0.952] acc=11
r43 292s L=0.04214 cov=[0.0043, 0.0075] ov=[0.00259, 0.0073] P=4 S=27 arc=0.70 lr=0.095 w_ov=0.502 iou=[0.975, 0.954] acc=8
r44 299s L=0.04071 cov=[0.0038, 0.0075] ov=[0.00215, 0.00741] P=4 S=29 arc=0.76 lr=0.13 w_ov=0.524 iou=[0.971, 0.953] acc=5
r45 305s L=0.03833 cov=[0.0038, 0.0076] ov=[0.0019, 0.00686] P=4 S=30 arc=0.77 lr=0.13 w_ov=0.544 iou=[0.973, 0.953] acc=2
r46 312s L=0.0373 cov=[0.0038, 0.0075] ov=[0.00189, 0.00654] P=4 S=31 arc=0.71 lr=0.13 w_ov=0.565 iou=[0.972, 0.955] acc=3
r47 319s L=0.03487 cov=[0.004, 0.0076] ov=[0.00173, 0.00579] P=4 S=30 arc=0.77 lr=0.13 w_ov=0.587 iou=[0.972, 0.953] acc=4
r48 326s L=0.03427 cov=[0.004, 0.0076] ov=[0.00167, 0.00564] P=4 S=30 arc=0.87 lr=0.045 w_ov=0.61 iou=[0.972, 0.954] acc=2
r49 333s L=0.03352 cov=[0.0041, 0.0076] ov=[0.00163, 0.0054] P=4 S=30 arc=0.93 lr=0.057 w_ov=0.634 iou=[0.972, 0.954] acc=0
r50 340s L=0.03299 cov=[0.0042, 0.0077] ov=[0.00157, 0.00524] P=4 S=30 arc=0.93 lr=0.056 w_ov=0.66 iou=[0.971, 0.954] acc=1
r51 347s L=0.0321 cov=[0.0043, 0.0077] ov=[0.00151, 0.00496] P=4 S=30 arc=0.97 lr=0.038 w_ov=0.687 iou=[0.97, 0.953] acc=0
r52 354s L=0.03166 cov=[0.0043, 0.0078] ov=[0.00145, 0.00485] P=4 S=30 arc=0.97 lr=0.037 w_ov=0.715 iou=[0.97, 0.952] acc=1
r53 361s L=0.03068 cov=[0.0044, 0.0078] ov=[0.00135, 0.00455] P=4 S=30 arc=0.97 lr=0.051 w_ov=0.744 iou=[0.968, 0.952] acc=1
r54 368s L=0.03022 cov=[0.0045, 0.0079] ov=[0.00129, 0.00442] P=4 S=30 arc=0.90 lr=0.012 w_ov=0.774 iou=[0.967, 0.952] acc=2
r55 374s L=0.02959 cov=[0.0046, 0.008] ov=[0.00123, 0.00421] P=4 S=30 arc=0.90 lr=0.034 w_ov=0.803 iou=[0.966, 0.951] acc=0
r56 381s L=0.02937 cov=[0.0046, 0.008] ov=[0.00122, 0.00413] P=4 S=30 arc=0.90 lr=0.047 w_ov=0.834 iou=[0.966, 0.951] acc=1
r57 389s L=0.02905 cov=[0.0047, 0.0081] ov=[0.00121, 0.00401] P=4 S=30 arc=0.93 lr=0.032 w_ov=0.87 iou=[0.966, 0.95] acc=0
r58 396s L=0.02869 cov=[0.0047, 0.0081] ov=[0.00119, 0.00386] P=4 S=30 arc=0.93 lr=0.044 w_ov=0.906 iou=[0.966, 0.949] acc=1
r59 403s L=0.02842 cov=[0.0048, 0.0082] ov=[0.00116, 0.00378] P=4 S=30 arc=0.93 lr=0.043 w_ov=0.943 iou=[0.966, 0.949] acc=1
r60 410s L=0.02808 cov=[0.0049, 0.0082] ov=[0.00113, 0.00365] P=4 S=30 arc=0.93 lr=0.041 w_ov=0.98 iou=[0.964, 0.949] acc=1
r61 417s L=0.02748 cov=[0.005, 0.0083] ov=[0.00107, 0.00343] P=4 S=30 arc=0.87 lr=0.04 w_ov=1.02 iou=[0.964, 0.947] acc=2
r62 423s L=0.02732 cov=[0.0049, 0.0084] ov=[0.00104, 0.0034] P=4 S=30 arc=0.90 lr=0.027 w_ov=1.06 iou=[0.965, 0.947] acc=2
r63 430s L=0.02705 cov=[0.005, 0.0084] ov=[0.001, 0.00331] P=4 S=30 arc=0.97 lr=0.037 w_ov=1.1 iou=[0.964, 0.946] acc=0
r64 437s L=0.02672 cov=[0.0051, 0.0085] ov=[0.00097, 0.00318] P=4 S=30 arc=0.97 lr=0.035 w_ov=1.15 iou=[0.963, 0.946] acc=1
r65 444s L=0.02634 cov=[0.0053, 0.0085] ov=[0.00096, 0.003] P=4 S=29 arc=0.97 lr=0.012 w_ov=1.19 iou=[0.961, 0.946] acc=1
r66 451s L=0.02607 cov=[0.0053, 0.0086] ov=[0.00093, 0.00291] P=4 S=29 arc=0.97 lr=0.033 w_ov=1.24 iou=[0.962, 0.946] acc=1
r67 457s L=0.02575 cov=[0.0054, 0.0087] ov=[0.0009, 0.00277] P=4 S=29 arc=0.97 lr=0.044 w_ov=1.29 iou=[0.961, 0.945] acc=1
r68 464s L=0.02548 cov=[0.0055, 0.0087] ov=[0.00088, 0.00266] P=4 S=29 arc=0.97 lr=0.059 w_ov=1.34 iou=[0.961, 0.945] acc=0
r69 471s L=0.02511 cov=[0.0056, 0.0088] ov=[0.00081, 0.00255] P=4 S=29 arc=0.97 lr=0.03 w_ov=1.39 iou=[0.961, 0.944] acc=0
r70 477s L=0.0245 cov=[0.0057, 0.009] ov=[0.00076, 0.00229] P=4 S=29 arc=0.97 lr=0.054 w_ov=1.44 iou=[0.96, 0.942] acc=0
r71 483s L=0.02412 cov=[0.0058, 0.0091] ov=[0.00072, 0.00214] P=4 S=29 arc=0.97 lr=0.054 w_ov=1.49 iou=[0.96, 0.942] acc=0
r72 490s L=0.0237 cov=[0.006, 0.0091] ov=[0.00066, 0.00197] P=4 S=29 arc=0.97 lr=0.019 w_ov=1.55 iou=[0.959, 0.942] acc=1
r73 497s L=0.02333 cov=[0.0061, 0.0092] ov=[0.00062, 0.00182] P=4 S=29 arc=0.97 lr=0.023 w_ov=1.61 iou=[0.958, 0.942] acc=1
r74 503s L=0.02307 cov=[0.0063, 0.0093] ov=[0.00059, 0.00168] P=4 S=28 arc=0.96 lr=0.043 w_ov=1.67 iou=[0.957, 0.941] acc=1
r75 510s L=0.02279 cov=[0.0064, 0.0092] ov=[0.00055, 0.00163] P=4 S=28 arc=0.96 lr=0.03 w_ov=1.73 iou=[0.956, 0.942] acc=0
r76 516s L=0.02246 cov=[0.0065, 0.0093] ov=[0.00047, 0.00153] P=4 S=28 arc=0.96 lr=0.019 w_ov=1.8 iou=[0.956, 0.942] acc=0
r77 523s L=0.02226 cov=[0.0065, 0.0093] ov=[0.00044, 0.00147] P=4 S=28 arc=0.96 lr=0.025 w_ov=1.87 iou=[0.956, 0.942] acc=0
r78 529s L=0.02204 cov=[0.0066, 0.0094] ov=[0.00041, 0.00138] P=4 S=28 arc=0.96 lr=0.011 w_ov=1.94 iou=[0.956, 0.941] acc=1
r79 535s L=0.02195 cov=[0.0067, 0.0096] ov=[0.00037, 0.00128] P=4 S=28 arc=1.00 lr=0.029 w_ov=2.01 iou=[0.956, 0.94] acc=0
r80 542s L=0.02176 cov=[0.0067, 0.0095] ov=[0.00035, 0.00128] P=4 S=28 arc=0.96 lr=0.01 w_ov=2.08 iou=[0.955, 0.94] acc=1
r81 548s L=0.02167 cov=[0.0067, 0.0096] ov=[0.00033, 0.00124] P=4 S=28 arc=0.96 lr=0.017 w_ov=2.16 iou=[0.955, 0.939] acc=1
r82 555s L=0.02155 cov=[0.0067, 0.0096] ov=[0.00032, 0.00118] P=4 S=28 arc=1.00 lr=0.0054 w_ov=2.23 iou=[0.955, 0.938] acc=0
r83 561s L=0.02146 cov=[0.0068, 0.0098] ov=[0.0003, 0.00111] P=4 S=28 arc=1.00 lr=0.027 w_ov=2.32 iou=[0.955, 0.938] acc=0
r84 567s L=0.02136 cov=[0.0069, 0.0098] ov=[0.00026, 0.00109] P=4 S=28 arc=1.00 lr=0.027 w_ov=2.4 iou=[0.955, 0.937] acc=0
r85 573s L=0.02102 cov=[0.007, 0.0099] ov=[0.00024, 0.0009] P=4 S=32 arc=0.97 lr=0.054 w_ov=2.49 iou=[0.954, 0.936] acc=5
r86 580s L=0.02052 cov=[0.007, 0.0098] ov=[0.0002, 0.00078] P=4 S=31 arc=0.94 lr=0.019 w_ov=2.57 iou=[0.953, 0.937] acc=2
r87 587s L=0.02027 cov=[0.0071, 0.01] ov=[0.00018, 0.00066] P=4 S=30 arc=0.93 lr=0.027 w_ov=2.68 iou=[0.952, 0.937] acc=1
r88 593s L=0.02007 cov=[0.0071, 0.0099] ov=[0.00015, 0.00063] P=4 S=29 arc=0.93 lr=0.027 w_ov=2.78 iou=[0.952, 0.937] acc=1
r89 600s L=0.01985 cov=[0.0072, 0.01] ov=[9e-05, 0.00055] P=4 S=29 arc=0.93 lr=0.013 w_ov=2.88 iou=[0.953, 0.937] acc=2
r90 606s L=0.01971 cov=[0.0072, 0.01] ov=[8e-05, 0.0005] P=4 S=29 arc=1.00 lr=0.013 w_ov=2.99 iou=[0.953, 0.937] acc=0
{
 "Split": {
  "proposed": 2139,
  "accepted": 62,
  "scope": "shared",
  "rate": 0.028985507246376812
 },
 "SwapPoses": {
  "proposed": 339,
  "accepted": 0,
  "scope": "per-target",
  "rate": 0.0
 },
 "ToArc": {
  "proposed": 272,
  "accepted": 96,
  "scope": "shared",
  "rate": 0.35294117647058826
 },
 "Rotate": {
  "proposed": 1088,
  "accepted": 1,
  "scope": "per-target",
  "rate": 0.0009191176470588235
 },
 "ToLine": {
  "proposed": 1450,
  "accepted": 77,
  "scope": "shared",
  "rate": 0.05310344827586207
 },
 "Merge": {
  "proposed": 536,
  "accepted": 47,
  "scope": "shared",
  "rate": 0.08768656716417911
 }
}
EVAL avg_chamfer=11.291 avg_hausdorff=34.443 pieces=4->4 loss=0.019712
