r0 6s L=0.1466 cov=[0.0052, 0.0278] ov=[0.01321, 0.02446] P=4 S=24 arc=0.00 lr=0.5 w_ov=0.1 iou=[0.968, 0.862] acc=13
r1 10s L=0.1053 cov=[0.005, 0.0168] ov=[0.0054, 0.02222] P=4 S=23 arc=0.22 lr=0.25 w_ov=0.103 iou=[0.969, 0.913] acc=11
r2 15s L=0.09486 cov=[0.0052, 0.0146] ov=[0.00426, 0.02052] P=4 S=20 arc=0.45 lr=0.25 w_ov=0.106 iou=[0.965, 0.925] acc=6
r3 20s L=0.09642 cov=[0.0056, 0.0134] ov=[0.00452, 0.02106] P=4 S=20 arc=0.50 lr=0.25 w_ov=0.109 iou=[0.965, 0.929] acc=7
r4 25s L=0.09726 cov=[0.0055, 0.013] ov=[0.00474, 0.02133] P=4 S=20 arc=0.80 lr=0.25 w_ov=0.112 iou=[0.967, 0.929] acc=2
r5 30s L=0.09912 cov=[0.0055, 0.0129] ov=[0.00573, 0.02096] P=4 S=20 arc=0.65 lr=0.25 w_ov=0.115 iou=[0.967, 0.927] acc=9
r6 35s L=0.09587 cov=[0.0056, 0.0122] ov=[0.00486, 0.02095] P=4 S=21 arc=0.67 lr=0.25 w_ov=0.119 iou=[0.966, 0.93] acc=4
r7 40s L=0.09578 cov=[0.0054, 0.0122] ov=[0.00502, 0.02084] P=4 S=18 arc=0.78 lr=0.13 w_ov=0.122 iou=[0.966, 0.933] acc=4
r8 45s L=0.0945 cov=[0.0058, 0.0116] ov=[0.00499, 0.02051] P=4 S=18 arc=0.78 lr=0.23 w_ov=0.126 iou=[0.965, 0.935] acc=3
r9 50s L=0.09568 cov=[0.006, 0.0117] ov=[0.00491, 0.02089] P=4 S=20 arc=0.45 lr=0.33 w_ov=0.129 iou=[0.966, 0.936] acc=12
r10 56s L=0.09599 cov=[0.006, 0.0111] ov=[0.00554, 0.02055] P=4 S=19 arc=0.53 lr=0.16 w_ov=0.133 iou=[0.964, 0.938] acc=5
r11 62s L=0.0949 cov=[0.006, 0.0113] ov=[0.00511, 0.02059] P=4 S=19 arc=0.63 lr=0.16 w_ov=0.138 iou=[0.964, 0.937] acc=3
r12 67s L=0.09369 cov=[0.0058, 0.0112] ov=[0.00518, 0.02016] P=4 S=19 arc=0.68 lr=0.11 w_ov=0.142 iou=[0.965, 0.938] acc=2
r13 77s L=0.09091 cov=[0.0061, 0.0113] ov=[0.00511, 0.01921] P=4 S=23 arc=0.52 lr=0.31 w_ov=0.146 iou=[0.961, 0.937] acc=9
r14 82s L=0.1096 cov=[0.0032, 0.0092] ov=[0.01239, 0.01979] P=4 S=21 arc=0.62 lr=0.11 w_ov=0.155 iou=[0.978, 0.945] acc=5
r15 88s L=0.1208 cov=[0.0029, 0.0083] ov=[0.01512, 0.02117] P=4 S=24 arc=0.62 lr=0.22 w_ov=0.16 iou=[0.979, 0.948] acc=9
r16 94s L=0.1169 cov=[0.003, 0.0066] ov=[0.01609, 0.01947] P=4 S=21 arc=0.71 lr=0.15 w_ov=0.165 iou=[0.979, 0.956] acc=5
r17 99s L=0.1204 cov=[0.003, 0.006] ov=[0.01727, 0.01968] P=4 S=21 arc=0.76 lr=0.075 w_ov=0.17 iou=[0.979, 0.958] acc=1
r18 105s L=0.1225 cov=[0.003, 0.0056] ov=[0.01798, 0.01977] P=4 S=21 arc=0.81 lr=0.21 w_ov=0.176 iou=[0.979, 0.961] acc=0
r19 110s L=0.1403 cov=[0.003, 0.0075] ov=[0.01947, 0.02356] P=4 S=22 arc=0.68 lr=0.15 w_ov=0.181 iou=[0.98, 0.951] acc=4
r20 116s L=0.1234 cov=[0.0031, 0.0052] ov=[0.01854, 0.01963] P=4 S=20 arc=0.75 lr=0.2 w_ov=0.187 iou=[0.979, 0.959] acc=3
r21 122s L=0.1265 cov=[0.0031, 0.0064] ov=[0.01864, 0.02015] P=4 S=26 arc=0.73 lr=0.29 w_ov=0.194 iou=[0.975, 0.951] acc=10
r22 128s L=0.1263 cov=[0.0032, 0.0048] ov=[0.01955, 0.01965] P=4 S=24 arc=0.71 lr=0.072 w_ov=0.2 iou=[0.978, 0.963] acc=5
r23 135s L=0.1263 cov=[0.003, 0.0049] ov=[0.01944, 0.01981] P=4 S=23 arc=0.65 lr=0.098 w_ov=0.207 iou=[0.979, 0.964] acc=5
r24 140s L=0.1269 cov=[0.003, 0.0058] ov=[0.01923, 0.01994] P=4 S=22 arc=0.68 lr=0.097 w_ov=0.215 iou=[0.978, 0.949] acc=5
r25 146s L=0.1263 cov=[0.0029, 0.0047] ov=[0.01978, 0.01959] P=4 S=22 arc=0.77 lr=0.096 w_ov=0.222 iou=[0.978, 0.963] acc=1
r26 152s L=0.1263 cov=[0.0029, 0.0048] ov=[0.01984, 0.01951] P=4 S=22 arc=0.82 lr=0.095 w_ov=0.229 iou=[0.979, 0.963] acc=1
r27 158s L=0.1252 cov=[0.0029, 0.0047] ov=[0.01962, 0.01936] P=4 S=22 arc=0.82 lr=0.047 w_ov=0.236 iou=[0.979, 0.962] acc=1
r28 163s L=0.1247 cov=[0.003, 0.0047] ov=[0.01952, 0.01929] P=4 S=22 arc=0.82 lr=0.033 w_ov=0.244 iou=[0.979, 0.961] acc=0
r29 169s L=0.1237 cov=[0.003, 0.0048] ov=[0.01934, 0.01911] P=4 S=22 arc=0.82 lr=0.016 w_ov=0.253 iou=[0.978, 0.96] acc=2
r30 175s L=0.1233 cov=[0.003, 0.0048] ov=[0.01923, 0.01907] P=4 S=22 arc=0.91 lr=0.045 w_ov=0.261 iou=[0.978, 0.962] acc=1
r31 181s L=0.1221 cov=[0.0031, 0.0048] ov=[0.019, 0.01886] P=4 S=22 arc=0.95 lr=0.13 w_ov=0.27 iou=[0.978, 0.96] acc=0
r32 186s L=0.1207 cov=[0.0031, 0.0049] ov=[0.01877, 0.01859] P=4 S=22 arc=0.95 lr=0.015 w_ov=0.279 iou=[0.978, 0.96] acc=0
r33 192s L=0.1188 cov=[0.0032, 0.005] ov=[0.01844, 0.01821] P=4 S=22 arc=0.91 lr=0.0054 w_ov=0.288 iou=[0.977, 0.956] acc=1
r34 198s L=0.1171 cov=[0.0033, 0.0051] ov=[0.01818, 0.01785] P=4 S=22 arc=0.91 lr=0.0053 w_ov=0.298 iou=[0.976, 0.956] acc=1
r35 204s L=0.1152 cov=[0.0033, 0.0053] ov=[0.01783, 0.01748] P=4 S=21 arc=0.95 lr=0.0018 w_ov=0.308 iou=[0.977, 0.955] acc=1
r36 210s L=0.1125 cov=[0.0034, 0.0055] ov=[0.01747, 0.01685] P=4 S=21 arc=0.95 lr=0.0052 w_ov=0.319 iou=[0.976, 0.955] acc=0
r37 216s L=0.1153 cov=[0.0035, 0.0058] ov=[0.01798, 0.01713] P=4 S=23 arc=0.87 lr=0.11 w_ov=0.329 iou=[0.976, 0.958] acc=5
r38 222s L=0.1093 cov=[0.0037, 0.0055] ov=[0.01713, 0.01601] P=4 S=21 arc=0.86 lr=0.08 w_ov=0.34 iou=[0.975, 0.954] acc=3
r39 227s L=0.1083 cov=[0.0038, 0.0055] ov=[0.01705, 0.01574] P=4 S=21 arc=0.86 lr=0.039 w_ov=0.351 iou=[0.975, 0.955] acc=0
r40 233s L=0.1074 cov=[0.0038, 0.0056] ov=[0.01687, 0.01557] P=4 S=21 arc=0.86 lr=0.039 w_ov=0.363 iou=[0.975, 0.954] acc=1
r41 239s L=0.1062 cov=[0.0039, 0.0056] ov=[0.01654, 0.01546] P=4 S=21 arc=0.90 lr=0.027 w_ov=0.375 iou=[0.974, 0.954] acc=0
r42 245s L=0.1045 cov=[0.0041, 0.0057] ov=[0.01625, 0.01512] P=4 S=21 arc=0.90 lr=0.038 w_ov=0.387 iou=[0.973, 0.954] acc=0
r43 250s L=0.1012 cov=[0.0043, 0.0059] ov=[0.01558, 0.01454] P=4 S=21 arc=0.81 lr=0.074 w_ov=0.4 iou=[0.972, 0.953] acc=2
r44 256s L=0.09788 cov=[0.0044, 0.0061] ov=[0.01497, 0.01394] P=4 S=21 arc=0.81 lr=0.073 w_ov=0.413 iou=[0.971, 0.952] acc=2
r45 262s L=0.09503 cov=[0.0046, 0.0062] ov=[0.01444, 0.01345] P=4 S=21 arc=0.90 lr=0.036 w_ov=0.427 iou=[0.967, 0.953] acc=0
r46 267s L=0.09171 cov=[0.0048, 0.0062] ov=[0.01386, 0.01282] P=4 S=21 arc=0.86 lr=0.05 w_ov=0.441 iou=[0.964, 0.952] acc=2
r47 273s L=0.08954 cov=[0.005, 0.0063] ov=[0.01352, 0.01237] P=4 S=20 arc=0.85 lr=0.069 w_ov=0.456 iou=[0.965, 0.951] acc=2
r48 279s L=0.086 cov=[0.0052, 0.0065] ov=[0.01284, 0.01174] P=4 S=20 arc=0.80 lr=0.034 w_ov=0.471 iou=[0.962, 0.95] acc=3
r49 284s L=0.08205 cov=[0.0055, 0.0066] ov=[0.01225, 0.01088] P=4 S=20 arc=0.80 lr=0.067 w_ov=0.485 iou=[0.961, 0.949] acc=3
r50 290s L=0.07919 cov=[0.0055, 0.0067] ov=[0.01186, 0.01026] P=4 S=20 arc=0.85 lr=0.066 w_ov=0.501 iou=[0.959, 0.947] acc=1
r51 296s L=0.0765 cov=[0.0059, 0.007] ov=[0.01138, 0.00963] P=4 S=24 arc=0.92 lr=0.13 w_ov=0.518 iou=[0.958, 0.946] acc=7
r52 301s L=0.07064 cov=[0.006, 0.0071] ov=[0.01013, 0.00886] P=4 S=23 arc=0.87 lr=0.065 w_ov=0.535 iou=[0.957, 0.949] acc=4
r53 307s L=0.06668 cov=[0.0062, 0.007] ov=[0.00947, 0.00813] P=4 S=22 arc=0.86 lr=0.062 w_ov=0.552 iou=[0.955, 0.948] acc=3
r54 312s L=0.06138 cov=[0.0067, 0.0072] ov=[0.00844, 0.0072] P=4 S=22 arc=0.91 lr=0.043 w_ov=0.57 iou=[0.952, 0.947] acc=0
r55 318s L=0.0574 cov=[0.0068, 0.0074] ov=[0.00755, 0.00664] P=4 S=22 arc=0.91 lr=0.042 w_ov=0.587 iou=[0.951, 0.948] acc=0
r56 323s L=0.05417 cov=[0.0069, 0.0076] ov=[0.00679, 0.00621] P=4 S=22 arc=0.91 lr=0.042 w_ov=0.606 iou=[0.95, 0.946] acc=0
r57 328s L=0.0511 cov=[0.0069, 0.0078] ov=[0.00621, 0.00573] P=4 S=22 arc=0.82 lr=0.082 w_ov=0.625 iou=[0.954, 0.946] acc=5
r58 334s L=0.04718 cov=[0.0067, 0.0077] ov=[0.00533, 0.00538] P=4 S=21 arc=0.76 lr=0.057 w_ov=0.644 iou=[0.956, 0.945] acc=5
r59 340s L=0.04292 cov=[0.0071, 0.0077] ov=[0.00459, 0.0046] P=4 S=21 arc=0.71 lr=0.055 w_ov=0.663 iou=[0.952, 0.941] acc=6
r60 350s L=0.03666 cov=[0.0072, 0.0067] ov=[0.0036, 0.00381] P=4 S=24 arc=0.83 lr=0.077 w_ov=0.686 iou=[0.949, 0.95] acc=4
r61 356s L=0.03236 cov=[0.0069, 0.0059] ov=[0.0039, 0.00239] P=4 S=22 arc=0.82 lr=0.052 w_ov=0.725 iou=[0.954, 0.96] acc=5
r62 363s L=0.02411 cov=[0.0058, 0.0046] ov=[0.00257, 0.00179] P=4 S=25 arc=0.84 lr=0.1 w_ov=0.753 iou=[0.961, 0.966] acc=6
r63 370s L=0.02217 cov=[0.006, 0.0045] ov=[0.00216, 0.0015] P=4 S=24 arc=0.88 lr=0.036 w_ov=0.782 iou=[0.961, 0.964] acc=1
r64 376s L=0.01924 cov=[0.0057, 0.0043] ov=[0.00155, 0.00128] P=4 S=23 arc=0.91 lr=0.034 w_ov=0.813 iou=[0.961, 0.967] acc=2
r65 383s L=0.01818 cov=[0.0057, 0.0043] ov=[0.00138, 0.00113] P=4 S=23 arc=0.91 lr=0.023 w_ov=0.843 iou=[0.962, 0.965] acc=1
r66 389s L=0.01733 cov=[0.0057, 0.0043] ov=[0.00123, 0.001] P=4 S=23 arc=0.91 lr=0.032 w_ov=0.875 iou=[0.962, 0.965] acc=0
r67 395s L=0.01675 cov=[0.0056, 0.0044] ov=[0.00109, 0.00096] P=4 S=23 arc=0.91 lr=0.031 w_ov=0.908 iou=[0.962, 0.965] acc=1
r68 402s L=0.01582 cov=[0.0056, 0.0044] ov=[0.00089, 0.00082] P=4 S=23 arc=0.87 lr=0.03 w_ov=0.941 iou=[0.964, 0.967] acc=2
r69 409s L=0.01517 cov=[0.0055, 0.0043] ov=[0.0008, 0.00076] P=4 S=23 arc=0.87 lr=0.021 w_ov=0.976 iou=[0.964, 0.967] acc=0
r70 415s L=0.01468 cov=[0.0055, 0.0044] ov=[0.00073, 0.00067] P=4 S=23 arc=0.87 lr=0.04 w_ov=1.01 iou=[0.965, 0.966] acc=1
r71 421s L=0.01421 cov=[0.0054, 0.0044] ov=[0.00064, 0.00064] P=4 S=23 arc=0.91 lr=0.019 w_ov=1.05 iou=[0.966, 0.966] acc=0
r72 428s L=0.0136 cov=[0.0054, 0.0045] ov=[0.00047, 0.00056] P=4 S=23 arc=0.91 lr=0.026 w_ov=1.09 iou=[0.965, 0.964] acc=0
r73 435s L=0.01314 cov=[0.0054, 0.0045] ov=[0.00038, 0.00052] P=4 S=23 arc=0.91 lr=0.025 w_ov=1.13 iou=[0.966, 0.964] acc=0
r74 441s L=0.01287 cov=[0.0052, 0.0045] ov=[0.00035, 0.0005] P=4 S=23 arc=0.91 lr=0.024 w_ov=1.17 iou=[0.967, 0.966] acc=0
r75 448s L=0.01254 cov=[0.0052, 0.0045] ov=[0.00028, 0.00046] P=4 S=23 arc=0.91 lr=0.033 w_ov=1.22 iou=[0.967, 0.966] acc=0
r76 455s L=0.01239 cov=[0.0051, 0.0045] ov=[0.00025, 0.00048] P=4 S=23 arc=0.91 lr=0.032 w_ov=1.27 iou=[0.967, 0.964] acc=1
r77 461s L=0.01215 cov=[0.005, 0.0045] ov=[0.00022, 0.00045] P=4 S=23 arc=0.96 lr=0.021 w_ov=1.32 iou=[0.968, 0.964] acc=0
r78 468s L=0.01189 cov=[0.0051, 0.0045] ov=[0.00017, 0.0004] P=4 S=23 arc=0.96 lr=0.014 w_ov=1.37 iou=[0.968, 0.965] acc=1
r79 475s L=0.01174 cov=[0.0051, 0.0045] ov=[0.00015, 0.00036] P=4 S=23 arc=1.00 lr=0.0097 w_ov=1.42 iou=[0.968, 0.965] acc=0
r80 482s L=0.01154 cov=[0.005, 0.0045] ov=[0.00011, 0.00034] P=4 S=23 arc=1.00 lr=0.018 w_ov=1.48 iou=[0.968, 0.965] acc=0
r81 488s L=0.01132 cov=[0.005, 0.0045] ov=[9e-05, 0.00029] P=4 S=23 arc=1.00 lr=0.017 w_ov=1.53 iou=[0.968, 0.965] acc=0
r82 495s L=0.01119 cov=[0.005, 0.0045] ov=[7e-05, 0.00028] P=4 S=23 arc=1.00 lr=0.0082 w_ov=1.59 iou=[0.968, 0.965] acc=0
r83 501s L=0.0111 cov=[0.005, 0.0045] ov=[6e-05, 0.00026] P=4 S=23 arc=1.00 lr=0.015 w_ov=1.65 iou=[0.968, 0.964] acc=0
r84 508s L=0.01098 cov=[0.005, 0.0045] ov=[5e-05, 0.00023] P=4 S=23 arc=1.00 lr=0.01 w_ov=1.71 iou=[0.968, 0.965] acc=0
r85 514s L=0.01087 cov=[0.005, 0.0045] ov=[4e-05, 0.00021] P=4 S=23 arc=1.00 lr=0.0068 w_ov=1.78 iou=[0.967, 0.964] acc=0
r86 521s L=0.0108 cov=[0.005, 0.0045] ov=[3e-05, 0.00019] P=4 S=23 arc=0.96 lr=0.0045 w_ov=1.85 iou=[0.967, 0.964] acc=1
r87 527s L=0.01073 cov=[0.005, 0.0045] ov=[3e-05, 0.00017] P=4 S=23 arc=0.96 lr=0.0082 w_ov=1.92 iou=[0.967, 0.965] acc=0
r88 534s L=0.01068 cov=[0.005, 0.0045] ov=[3e-05, 0.00016] P=4 S=23 arc=0.96 lr=0.011 w_ov=1.99 iou=[0.967, 0.965] acc=1
r89 540s L=0.01062 cov=[0.005, 0.0045] ov=[2e-05, 0.00015] P=4 S=23 arc=1.00 lr=0.0034 w_ov=2.06 iou=[0.967, 0.965] acc=0
r90 547s L=0.01058 cov=[0.005, 0.0045] ov=[1e-05, 0.00013] P=4 S=23 arc=1.00 lr=0.0088 w_ov=2.14 iou=[0.967, 0.965] acc=0
r91 554s L=0.01053 cov=[0.005, 0.0045] ov=[1e-05, 0.00013] P=4 S=23 arc=1.00 lr=0.0055 w_ov=2.22 iou=[0.967, 0.965] acc=0
r92 561s L=0.01048 cov=[0.005, 0.0045] ov=[1e-05, 0.00012] P=4 S=23 arc=0.96 lr=0.0068 w_ov=2.31 iou=[0.967, 0.965] acc=1
r93 567s L=0.01046 cov=[0.005, 0.0045] ov=[1e-05, 0.00011] P=4 S=23 arc=0.96 lr=0.0041 w_ov=2.4 iou=[0.967, 0.965] acc=1
r94 574s L=0.01041 cov=[0.005, 0.0045] ov=[1e-05, 0.0001] P=4 S=23 arc=1.00 lr=0.0034 w_ov=2.49 iou=[0.967, 0.966] acc=0
r95 581s L=0.01038 cov=[0.005, 0.0045] ov=[1e-05, 9e-05] P=4 S=23 arc=0.96 lr=0.0038 w_ov=2.59 iou=[0.967, 0.966] acc=1
r96 588s L=0.01036 cov=[0.005, 0.0045] ov=[1e-05, 8e-05] P=4 S=23 arc=0.96 lr=0.004 w_ov=2.69 iou=[0.967, 0.965] acc=1
r97 594s L=0.01035 cov=[0.005, 0.0045] ov=[1e-05, 8e-05] P=4 S=23 arc=0.96 lr=0.0018 w_ov=2.8 iou=[0.967, 0.965] acc=1
r98 601s L=0.01033 cov=[0.005, 0.0045] ov=[1e-05, 8e-05] P=4 S=23 arc=0.96 lr=0.0032 w_ov=2.91 iou=[0.967, 0.965] acc=0
{
 "ToArc": {
  "proposed": 291,
  "accepted": 80,
  "scope": "shared",
  "rate": 0.27491408934707906
 },
 "Rotate": {
  "proposed": 1564,
  "accepted": 9,
  "scope": "per-target",
  "rate": 0.005754475703324808
 },
 "SwapPoses": {
  "proposed": 248,
  "accepted": 0,
  "scope": "per-target",
  "rate": 0.0
 },
 "Split": {
  "proposed": 2137,
  "accepted": 45,
  "scope": "shared",
  "rate": 0.02105755732335049
 },
 "ToLine": {
  "proposed": 1448,
  "accepted": 62,
  "scope": "shared",
  "rate": 0.04281767955801105
 },
 "Merge": {
  "proposed": 631,
  "accepted": 39,
  "scope": "shared",
  "rate": 0.061806656101426306
 },
 "MergeClose": {
  "proposed": 17,
  "accepted": 0,
  "scope": "shared",
  "rate": 0.0
 },
 "forced:CutPart": {
  "proposed": 0,
  "accepted": 2,
  "scope": "shared",
  "rate": 2.0
 }
}
EVAL avg_chamfer=8.736 avg_hausdorff=30.890 pieces=4->4 loss=0.010326
