r0 6s L=0.2585 cov=[0.0064, 0.0217] ov=[0.02787, 0.04875] P=4 S=21 arc=0.00 lr=0.71 w_ov=0.1 iou=[0.96, 0.891] acc=8
r1 11s L=0.2011 cov=[0.0104, 0.0204] ov=[0.01978, 0.03676] P=4 S=21 arc=0.10 lr=0.0028 w_ov=0.103 iou=[0.942, 0.905] acc=7
r2 17s L=0.1971 cov=[0.0104, 0.0157] ov=[0.02008, 0.03671] P=4 S=21 arc=0.43 lr=0.031 w_ov=0.107 iou=[0.943, 0.909] acc=8
r3 25s L=0.1968 cov=[0.0078, 0.0095] ov=[0.02373, 0.03592] P=4 S=27 arc=0.70 lr=0.5 w_ov=0.11 iou=[0.956, 0.943] acc=14
r4 31s L=0.1718 cov=[0.0072, 0.006] ov=[0.02177, 0.03089] P=4 S=29 arc=0.72 lr=0.35 w_ov=0.115 iou=[0.96, 0.961] acc=8
r5 38s L=0.1608 cov=[0.0066, 0.0056] ov=[0.02136, 0.02793] P=4 S=28 arc=0.71 lr=0.18 w_ov=0.119 iou=[0.962, 0.961] acc=7
r6 46s L=0.1511 cov=[0.0064, 0.0048] ov=[0.02023, 0.02615] P=4 S=28 arc=0.89 lr=0.18 w_ov=0.124 iou=[0.964, 0.963] acc=2
r7 52s L=0.1462 cov=[0.006, 0.0049] ov=[0.02016, 0.02472] P=4 S=28 arc=0.93 lr=0.35 w_ov=0.129 iou=[0.966, 0.962] acc=1
r8 59s L=0.1445 cov=[0.0054, 0.0047] ov=[0.02064, 0.02393] P=4 S=29 arc=0.97 lr=0.35 w_ov=0.135 iou=[0.967, 0.962] acc=2
r9 66s L=0.1419 cov=[0.0053, 0.0044] ov=[0.02055, 0.0233] P=4 S=36 arc=0.83 lr=0.35 w_ov=0.14 iou=[0.968, 0.965] acc=11
r10 74s L=0.1395 cov=[0.0045, 0.004] ov=[0.02111, 0.0223] P=4 S=34 arc=0.85 lr=0.18 w_ov=0.146 iou=[0.97, 0.968] acc=4
r11 82s L=0.1361 cov=[0.0043, 0.0037] ov=[0.02084, 0.02162] P=4 S=34 arc=0.85 lr=0.35 w_ov=0.152 iou=[0.972, 0.967] acc=2
r12 90s L=0.1376 cov=[0.004, 0.0035] ov=[0.02221, 0.02091] P=4 S=33 arc=0.82 lr=0.18 w_ov=0.159 iou=[0.976, 0.97] acc=4
r13 99s L=0.1319 cov=[0.0037, 0.0032] ov=[0.02077, 0.02063] P=4 S=32 arc=0.88 lr=0.18 w_ov=0.166 iou=[0.976, 0.971] acc=3
r14 106s L=0.1291 cov=[0.0034, 0.0031] ov=[0.02075, 0.01988] P=4 S=32 arc=0.88 lr=0.25 w_ov=0.175 iou=[0.977, 0.971] acc=3
r15 114s L=0.1247 cov=[0.0033, 0.0029] ov=[0.0205, 0.01877] P=4 S=31 arc=0.84 lr=0.25 w_ov=0.183 iou=[0.978, 0.972] acc=4
r16 121s L=0.1196 cov=[0.0033, 0.0026] ov=[0.01979, 0.01785] P=4 S=31 arc=0.87 lr=0.25 w_ov=0.191 iou=[0.977, 0.972] acc=2
r17 129s L=0.1173 cov=[0.0031, 0.0026] ov=[0.02011, 0.01682] P=4 S=31 arc=0.74 lr=0.25 w_ov=0.199 iou=[0.979, 0.975] acc=10
r18 137s L=0.1129 cov=[0.0031, 0.0022] ov=[0.01904, 0.01658] P=4 S=31 arc=0.71 lr=0.25 w_ov=0.208 iou=[0.98, 0.977] acc=9
r19 145s L=0.1081 cov=[0.0028, 0.0022] ov=[0.01912, 0.01502] P=4 S=30 arc=0.70 lr=0.25 w_ov=0.218 iou=[0.984, 0.975] acc=7
r20 152s L=0.09863 cov=[0.0026, 0.0019] ov=[0.01747, 0.01366] P=4 S=29 arc=0.72 lr=0.25 w_ov=0.227 iou=[0.983, 0.978] acc=5
r21 158s L=0.09385 cov=[0.0023, 0.0019] ov=[0.01694, 0.01269] P=4 S=28 arc=0.82 lr=0.25 w_ov=0.236 iou=[0.983, 0.977] acc=5
r22 164s L=0.08942 cov=[0.0023, 0.0018] ov=[0.01629, 0.01195] P=4 S=27 arc=0.89 lr=0.18 w_ov=0.244 iou=[0.985, 0.98] acc=3
r23 170s L=0.08483 cov=[0.0021, 0.0017] ov=[0.01552, 0.01126] P=4 S=27 arc=0.85 lr=0.25 w_ov=0.254 iou=[0.985, 0.979] acc=1
r24 176s L=0.0803 cov=[0.0024, 0.0016] ov=[0.01425, 0.01098] P=4 S=35 arc=0.66 lr=0.35 w_ov=0.263 iou=[0.981, 0.978] acc=15
r25 184s L=0.07509 cov=[0.0024, 0.0021] ov=[0.01363, 0.00967] P=4 S=32 arc=0.69 lr=0.13 w_ov=0.272 iou=[0.986, 0.976] acc=8
r26 191s L=0.07265 cov=[0.002, 0.0017] ov=[0.01326, 0.00947] P=4 S=28 arc=0.86 lr=0.13 w_ov=0.283 iou=[0.986, 0.979] acc=7
r27 197s L=0.07024 cov=[0.0022, 0.0016] ov=[0.01273, 0.00919] P=4 S=28 arc=0.93 lr=0.13 w_ov=0.295 iou=[0.986, 0.979] acc=2
r28 202s L=0.06754 cov=[0.0022, 0.0016] ov=[0.01214, 0.00889] P=4 S=28 arc=0.96 lr=0.063 w_ov=0.305 iou=[0.985, 0.982] acc=1
r29 209s L=0.06529 cov=[0.0022, 0.0016] ov=[0.01172, 0.00853] P=4 S=28 arc=0.96 lr=0.088 w_ov=0.315 iou=[0.985, 0.982] acc=0
r30 214s L=0.06108 cov=[0.0023, 0.0016] ov=[0.01072, 0.0081] P=4 S=28 arc=0.93 lr=0.088 w_ov=0.326 iou=[0.983, 0.981] acc=2
r31 220s L=0.05836 cov=[0.0024, 0.0016] ov=[0.01013, 0.00776] P=4 S=28 arc=0.93 lr=0.13 w_ov=0.337 iou=[0.982, 0.983] acc=1
r32 225s L=0.05627 cov=[0.0023, 0.0016] ov=[0.0095, 0.0077] P=4 S=28 arc=0.93 lr=0.18 w_ov=0.348 iou=[0.983, 0.982] acc=1
r33 231s L=0.05393 cov=[0.0024, 0.0017] ov=[0.00893, 0.00747] P=4 S=27 arc=0.96 lr=0.25 w_ov=0.359 iou=[0.983, 0.981] acc=1
r34 236s L=0.06065 cov=[0.0043, 0.0053] ov=[0.008, 0.00878] P=4 S=35 arc=0.71 lr=0.35 w_ov=0.37 iou=[0.975, 0.965] acc=20
r35 244s L=0.05122 cov=[0.0027, 0.0019] ov=[0.00852, 0.00679] P=4 S=29 arc=0.69 lr=0.13 w_ov=0.382 iou=[0.983, 0.98] acc=10
r36 250s L=0.04887 cov=[0.0026, 0.002] ov=[0.00804, 0.00649] P=4 S=27 arc=0.81 lr=0.18 w_ov=0.398 iou=[0.982, 0.981] acc=4
r37 256s L=0.04729 cov=[0.0027, 0.002] ov=[0.00775, 0.00622] P=4 S=27 arc=0.89 lr=0.088 w_ov=0.413 iou=[0.981, 0.981] acc=1
r38 262s L=0.0464 cov=[0.0027, 0.0021] ov=[0.00757, 0.00607] P=4 S=27 arc=0.93 lr=0.088 w_ov=0.427 iou=[0.981, 0.979] acc=2
r39 268s L=0.04494 cov=[0.0028, 0.0021] ov=[0.00728, 0.00583] P=4 S=27 arc=1.00 lr=0.18 w_ov=0.442 iou=[0.979, 0.979] acc=0
r40 274s L=0.04295 cov=[0.003, 0.0022] ov=[0.00688, 0.00549] P=4 S=27 arc=0.93 lr=0.18 w_ov=0.457 iou=[0.976, 0.979] acc=2
r41 280s L=0.04166 cov=[0.0031, 0.0022] ov=[0.00658, 0.00531] P=4 S=27 arc=0.93 lr=0.088 w_ov=0.473 iou=[0.975, 0.977] acc=0
r42 286s L=0.04088 cov=[0.0032, 0.0022] ov=[0.00642, 0.00518] P=4 S=27 arc=0.93 lr=0.13 w_ov=0.489 iou=[0.974, 0.977] acc=1
r43 291s L=0.03982 cov=[0.0033, 0.0023] ov=[0.00631, 0.00489] P=4 S=27 arc=0.89 lr=0.13 w_ov=0.505 iou=[0.973, 0.977] acc=1
r44 297s L=0.03909 cov=[0.0033, 0.0023] ov=[0.00615, 0.00478] P=4 S=27 arc=0.89 lr=0.063 w_ov=0.522 iou=[0.972, 0.977] acc=1
r45 304s L=0.03803 cov=[0.0034, 0.0024] ov=[0.00596, 0.00458] P=4 S=27 arc=0.93 lr=0.13 w_ov=0.54 iou=[0.973, 0.976] acc=1
r46 310s L=0.03697 cov=[0.0035, 0.0024] ov=[0.00579, 0.00435] P=4 S=27 arc=0.93 lr=0.13 w_ov=0.559 iou=[0.972, 0.975] acc=1
r47 315s L=0.0359 cov=[0.0036, 0.0026] ov=[0.00552, 0.00416] P=4 S=28 arc=0.82 lr=0.13 w_ov=0.578 iou=[0.971, 0.974] acc=6
r48 322s L=0.03465 cov=[0.0035, 0.0027] ov=[0.00541, 0.00386] P=4 S=28 arc=0.86 lr=0.031 w_ov=0.598 iou=[0.969, 0.973] acc=4
r49 328s L=0.03418 cov=[0.0035, 0.0027] ov=[0.00534, 0.00375] P=4 S=28 arc=0.93 lr=0.044 w_ov=0.62 iou=[0.969, 0.973] acc=1
r50 333s L=0.03381 cov=[0.0035, 0.0028] ov=[0.00528, 0.00366] P=4 S=28 arc=0.93 lr=0.016 w_ov=0.64 iou=[0.969, 0.973] acc=1
r51 339s L=0.03349 cov=[0.0036, 0.0028] ov=[0.00522, 0.0036] P=4 S=28 arc=0.96 lr=0.031 w_ov=0.662 iou=[0.968, 0.972] acc=1
r52 345s L=0.03283 cov=[0.0036, 0.0028] ov=[0.00505, 0.00352] P=4 S=28 arc=0.96 lr=0.022 w_ov=0.685 iou=[0.968, 0.972] acc=1
r53 351s L=0.03217 cov=[0.0036, 0.0029] ov=[0.00489, 0.00342] P=4 S=28 arc=0.96 lr=0.031 w_ov=0.708 iou=[0.968, 0.971] acc=1
r54 357s L=0.0317 cov=[0.0037, 0.003] ov=[0.00479, 0.00333] P=4 S=28 arc=1.00 lr=0.031 w_ov=0.731 iou=[0.967, 0.971] acc=0
r55 363s L=0.03139 cov=[0.0037, 0.003] ov=[0.00473, 0.00327] P=4 S=28 arc=0.96 lr=0.031 w_ov=0.755 iou=[0.967, 0.971] acc=1
r56 369s L=0.03079 cov=[0.0038, 0.003] ov=[0.00457, 0.00318] P=4 S=28 arc=0.96 lr=0.031 w_ov=0.782 iou=[0.967, 0.971] acc=0
r57 376s L=0.03027 cov=[0.0039, 0.0031] ov=[0.00443, 0.00309] P=4 S=28 arc=0.96 lr=0.044 w_ov=0.812 iou=[0.966, 0.971] acc=1
r58 382s L=0.02949 cov=[0.004, 0.0032] ov=[0.00428, 0.00292] P=4 S=28 arc=1.00 lr=0.031 w_ov=0.841 iou=[0.965, 0.971] acc=0
r59 388s L=0.02911 cov=[0.0041, 0.0032] ov=[0.00423, 0.00281] P=4 S=28 arc=1.00 lr=0.016 w_ov=0.871 iou=[0.964, 0.97] acc=0
r60 394s L=0.02879 cov=[0.0041, 0.0033] ov=[0.00418, 0.00272] P=4 S=28 arc=1.00 lr=0.031 w_ov=0.902 iou=[0.963, 0.969] acc=0
r61 400s L=0.0283 cov=[0.0042, 0.0034] ov=[0.00407, 0.00261] P=4 S=28 arc=1.00 lr=0.016 w_ov=0.934 iou=[0.963, 0.969] acc=0
r62 406s L=0.02794 cov=[0.0043, 0.0034] ov=[0.004, 0.00253] P=4 S=28 arc=0.96 lr=0.022 w_ov=0.967 iou=[0.962, 0.968] acc=1
r63 412s L=0.02736 cov=[0.0044, 0.0035] ov=[0.0039, 0.00237] P=4 S=28 arc=0.93 lr=0.022 w_ov=1 iou=[0.962, 0.968] acc=1
r64 419s L=0.02678 cov=[0.0045, 0.0036] ov=[0.00376, 0.00223] P=4 S=28 arc=0.89 lr=0.044 w_ov=1.04 iou=[0.961, 0.967] acc=2
r65 424s L=0.02567 cov=[0.0046, 0.0038] ov=[0.00347, 0.00208] P=4 S=28 arc=0.93 lr=0.044 w_ov=1.07 iou=[0.96, 0.966] acc=0
r66 431s L=0.0251 cov=[0.0047, 0.0038] ov=[0.00333, 0.00198] P=4 S=28 arc=0.93 lr=0.022 w_ov=1.11 iou=[0.96, 0.965] acc=1
r67 437s L=0.02463 cov=[0.0048, 0.0039] ov=[0.00319, 0.00188] P=4 S=28 arc=0.96 lr=0.044 w_ov=1.15 iou=[0.959, 0.965] acc=0
r68 443s L=0.02403 cov=[0.005, 0.004] ov=[0.00307, 0.00172] P=4 S=28 arc=0.96 lr=0.031 w_ov=1.19 iou=[0.959, 0.964] acc=1
r69 449s L=0.02363 cov=[0.0051, 0.0041] ov=[0.00297, 0.00162] P=4 S=28 arc=0.93 lr=0.031 w_ov=1.23 iou=[0.959, 0.964] acc=2
r70 455s L=0.02323 cov=[0.0052, 0.0041] ov=[0.00292, 0.00149] P=4 S=28 arc=0.93 lr=0.022 w_ov=1.27 iou=[0.958, 0.963] acc=1
r71 460s L=0.02283 cov=[0.0053, 0.0042] ov=[0.00288, 0.00132] P=4 S=29 arc=0.90 lr=0.044 w_ov=1.32 iou=[0.957, 0.963] acc=3
r72 466s L=0.02225 cov=[0.0055, 0.0043] ov=[0.00277, 0.00115] P=4 S=28 arc=0.89 lr=0.044 w_ov=1.36 iou=[0.957, 0.963] acc=2
r73 472s L=0.02178 cov=[0.0058, 0.0043] ov=[0.00264, 0.00103] P=4 S=28 arc=0.93 lr=0.044 w_ov=1.41 iou=[0.956, 0.963] acc=1
r74 478s L=0.02128 cov=[0.0058, 0.0044] ov=[0.0025, 0.00096] P=4 S=28 arc=0.96 lr=0.022 w_ov=1.45 iou=[0.955, 0.961] acc=1
r75 485s L=0.02102 cov=[0.0058, 0.0045] ov=[0.00242, 0.00093] P=4 S=28 arc=0.96 lr=0.022 w_ov=1.5 iou=[0.955, 0.961] acc=1
r76 491s L=0.02082 cov=[0.0059, 0.0045] ov=[0.00237, 0.00088] P=4 S=28 arc=0.93 lr=0.022 w_ov=1.56 iou=[0.955, 0.961] acc=1
r77 497s L=0.02056 cov=[0.0059, 0.0046] ov=[0.00227, 0.00086] P=4 S=28 arc=0.93 lr=0.022 w_ov=1.62 iou=[0.955, 0.961] acc=1
r78 502s L=0.02005 cov=[0.0061, 0.0047] ov=[0.00211, 0.00076] P=4 S=28 arc=0.93 lr=0.022 w_ov=1.67 iou=[0.954, 0.961] acc=1
r79 508s L=0.01978 cov=[0.0061, 0.0047] ov=[0.00204, 0.0007] P=4 S=28 arc=0.93 lr=0.0078 w_ov=1.73 iou=[0.954, 0.96] acc=1
r80 514s L=0.01967 cov=[0.0061, 0.0048] ov=[0.00201, 0.00068] P=4 S=28 arc=0.93 lr=0.022 w_ov=1.78 iou=[0.954, 0.959] acc=0
r81 520s L=0.01935 cov=[0.0063, 0.0048] ov=[0.00192, 0.00061] P=4 S=28 arc=0.93 lr=0.0078 w_ov=1.84 iou=[0.954, 0.959] acc=0
r82 526s L=0.01924 cov=[0.0063, 0.0049] ov=[0.00187, 0.00059] P=4 S=28 arc=0.93 lr=0.016 w_ov=1.91 iou=[0.954, 0.959] acc=1
r83 532s L=0.0191 cov=[0.0063, 0.0049] ov=[0.00184, 0.00055] P=4 S=28 arc=0.93 lr=0.011 w_ov=1.97 iou=[0.954, 0.958] acc=1
r84 539s L=0.01898 cov=[0.0064, 0.005] ov=[0.00179, 0.00053] P=4 S=28 arc=0.93 lr=0.016 w_ov=2.05 iou=[0.954, 0.958] acc=0
r85 545s L=0.01887 cov=[0.0064, 0.005] ov=[0.00174, 0.00051] P=4 S=28 arc=0.89 lr=0.016 w_ov=2.12 iou=[0.954, 0.957] acc=1
r86 551s L=0.01862 cov=[0.0066, 0.0051] ov=[0.00162, 0.00044] P=4 S=28 arc=0.89 lr=0.022 w_ov=2.19 iou=[0.954, 0.958] acc=2
r87 557s L=0.01841 cov=[0.0067, 0.0052] ov=[0.00156, 0.00041] P=4 S=28 arc=0.89 lr=0.016 w_ov=2.27 iou=[0.954, 0.958] acc=3
r88 563s L=0.01811 cov=[0.0068, 0.0053] ov=[0.00144, 0.00036] P=4 S=28 arc=0.86 lr=0.016 w_ov=2.35 iou=[0.954, 0.958] acc=2
r89 573s L=0.0174 cov=[0.0073, 0.0053] ov=[0.00137, 6e-05] P=4 S=29 arc=0.83 lr=0.016 w_ov=2.43 iou=[0.953, 0.958] acc=1
r90 579s L=0.01697 cov=[0.0072, 0.0053] ov=[0.0012, 5e-05] P=4 S=29 arc=0.79 lr=0.022 w_ov=2.58 iou=[0.951, 0.957] acc=2
r91 585s L=0.01678 cov=[0.0074, 0.0053] ov=[0.00109, 4e-05] P=4 S=29 arc=0.83 lr=0.011 w_ov=2.66 iou=[0.947, 0.957] acc=0
r92 590s L=0.01666 cov=[0.0075, 0.0054] ov=[0.001, 3e-05] P=4 S=29 arc=0.83 lr=0.016 w_ov=2.75 iou=[0.946, 0.956] acc=1
r93 596s L=0.01648 cov=[0.0074, 0.0055] ov=[0.00092, 3e-05] P=4 S=29 arc=0.86 lr=0.0055 w_ov=2.84 iou=[0.947, 0.956] acc=3
r94 602s L=0.01646 cov=[0.0074, 0.0055] ov=[0.0009, 3e-05] P=4 S=29 arc=0.93 lr=0.0028 w_ov=2.93 iou=[0.947, 0.956] acc=2
{
 "ToArc": {
  "proposed": 232,
  "accepted": 90,
  "scope": "shared",
  "rate": 0.3879310344827586
 },
 "Rotate": {
  "proposed": 1100,
  "accepted": 10,
  "scope": "per-target",
  "rate": 0.00909090909090909
 },
 "SwapPoses": {
  "proposed": 48,
  "accepted": 1,
  "scope": "per-target",
  "rate": 0.020833333333333332
 },
 "Split": {
  "proposed": 2145,
  "accepted": 50,
  "scope": "shared",
  "rate": 0.023310023310023312
 },
 "Merge": {
  "proposed": 843,
  "accepted": 38,
  "scope": "shared",
  "rate": 0.045077105575326216
 },
 "ToLine": {
  "proposed": 1712,
  "accepted": 79,
  "scope": "shared",
  "rate": 0.04614485981308411
 },
 "forced:CutPart": {
  "proposed": 0,
  "accepted": 1,
  "scope": "shared",
  "rate": 1.0
 }
}
EVAL avg_chamfer=6.501 avg_hausdorff=29.915 pieces=4->4 loss=0.016457
