r0 6s L=0.2766 cov=[0.0069, 0.0385] ov=[0.03296, 0.04394] P=4 S=20 arc=0.00 lr=0.71 w_ov=0.1 iou=[0.941, 0.819] acc=7
r1 11s L=0.2563 cov=[0.0039, 0.0059] ov=[0.0402, 0.04179] P=4 S=20 arc=0.05 lr=0.25 w_ov=0.104 iou=[0.98, 0.958] acc=11
r2 17s L=0.2309 cov=[0.0036, 0.0038] ov=[0.03699, 0.03729] P=4 S=23 arc=0.39 lr=0.35 w_ov=0.107 iou=[0.98, 0.972] acc=9
r3 26s L=0.19 cov=[0.003, 0.0034] ov=[0.0305, 0.03047] P=4 S=24 arc=0.54 lr=0.35 w_ov=0.11 iou=[0.955, 0.973] acc=5
r4 33s L=0.1618 cov=[0.0031, 0.0037] ov=[0.02683, 0.02462] P=4 S=26 arc=0.38 lr=0.35 w_ov=0.116 iou=[0.971, 0.962] acc=10
r5 41s L=0.146 cov=[0.0022, 0.0029] ov=[0.02343, 0.02332] P=4 S=25 arc=0.36 lr=0.25 w_ov=0.12 iou=[0.988, 0.978] acc=10
r6 49s L=0.1382 cov=[0.0021, 0.0025] ov=[0.02178, 0.02255] P=4 S=20 arc=0.60 lr=0.13 w_ov=0.126 iou=[0.988, 0.981] acc=8
r7 56s L=0.133 cov=[0.0021, 0.0024] ov=[0.02059, 0.02204] P=4 S=19 arc=0.68 lr=0.25 w_ov=0.132 iou=[0.988, 0.981] acc=3
r8 63s L=0.1313 cov=[0.0021, 0.0023] ov=[0.02029, 0.02179] P=4 S=19 arc=0.68 lr=0.35 w_ov=0.138 iou=[0.912, 0.98] acc=4
r9 70s L=0.1184 cov=[0.0056, 0.0018] ov=[0.01798, 0.01883] P=4 S=23 arc=0.78 lr=0.5 w_ov=0.143 iou=[0.964, 0.984] acc=8
r10 76s L=0.1041 cov=[0.0038, 0.0024] ov=[0.01478, 0.01765] P=4 S=25 arc=0.76 lr=0.5 w_ov=0.149 iou=[0.977, 0.929] acc=5
r11 83s L=0.09415 cov=[0.0037, 0.0063] ov=[0.01201, 0.0158] P=4 S=29 arc=0.69 lr=0.18 w_ov=0.154 iou=[0.973, 0.956] acc=14
r12 91s L=0.1004 cov=[0.0022, 0.0031] ov=[0.01392, 0.01752] P=4 S=25 arc=0.76 lr=0.18 w_ov=0.16 iou=[0.988, 0.976] acc=6
r13 99s L=0.1 cov=[0.002, 0.0024] ov=[0.01393, 0.01774] P=4 S=23 arc=0.78 lr=0.088 w_ov=0.168 iou=[0.988, 0.976] acc=6
r14 106s L=0.1122 cov=[0.0022, 0.0038] ov=[0.01628, 0.0189] P=4 S=22 arc=0.82 lr=0.13 w_ov=0.175 iou=[0.988, 0.956] acc=3
r15 113s L=0.09311 cov=[0.0019, 0.0022] ov=[0.01293, 0.01653] P=4 S=21 arc=0.81 lr=0.13 w_ov=0.182 iou=[0.988, 0.98] acc=4
r16 120s L=0.09139 cov=[0.0019, 0.0022] ov=[0.01264, 0.01625] P=4 S=21 arc=0.90 lr=0.25 w_ov=0.189 iou=[0.988, 0.98] acc=1
r17 126s L=0.09045 cov=[0.0019, 0.0022] ov=[0.01253, 0.01606] P=4 S=20 arc=0.85 lr=0.063 w_ov=0.197 iou=[0.987, 0.98] acc=2
r18 133s L=0.08804 cov=[0.0019, 0.0022] ov=[0.01211, 0.01566] P=4 S=20 arc=0.90 lr=0.088 w_ov=0.205 iou=[0.986, 0.98] acc=2
r19 140s L=0.08634 cov=[0.0019, 0.0022] ov=[0.01184, 0.01534] P=4 S=20 arc=0.95 lr=0.13 w_ov=0.213 iou=[0.987, 0.98] acc=0
r20 146s L=0.08433 cov=[0.002, 0.0023] ov=[0.01148, 0.01501] P=4 S=20 arc=0.90 lr=0.18 w_ov=0.221 iou=[0.986, 0.98] acc=2
r21 153s L=0.08061 cov=[0.0021, 0.0025] ov=[0.01059, 0.01455] P=4 S=22 arc=0.59 lr=0.25 w_ov=0.229 iou=[0.987, 0.977] acc=11
r22 159s L=0.07965 cov=[0.002, 0.0022] ov=[0.01076, 0.01418] P=4 S=20 arc=0.65 lr=0.088 w_ov=0.238 iou=[0.988, 0.981] acc=5
r23 166s L=0.08599 cov=[0.0021, 0.0023] ov=[0.01217, 0.01482] P=4 S=21 arc=0.71 lr=0.13 w_ov=0.246 iou=[0.988, 0.976] acc=5
r24 173s L=0.07403 cov=[0.002, 0.0023] ov=[0.00977, 0.01326] P=4 S=20 arc=0.80 lr=0.063 w_ov=0.256 iou=[0.987, 0.98] acc=1
r25 179s L=0.07118 cov=[0.002, 0.0025] ov=[0.00913, 0.0129] P=4 S=19 arc=0.79 lr=0.088 w_ov=0.266 iou=[0.988, 0.979] acc=2
r26 186s L=0.0695 cov=[0.0021, 0.0025] ov=[0.00884, 0.01259] P=4 S=19 arc=0.79 lr=0.18 w_ov=0.277 iou=[0.988, 0.978] acc=1
r27 193s L=0.06809 cov=[0.002, 0.0026] ov=[0.00848, 0.01247] P=4 S=19 arc=0.79 lr=0.088 w_ov=0.287 iou=[0.987, 0.977] acc=1
r28 199s L=0.06722 cov=[0.0021, 0.0026] ov=[0.00827, 0.01238] P=4 S=19 arc=0.84 lr=0.088 w_ov=0.298 iou=[0.988, 0.978] acc=1
r29 205s L=0.06612 cov=[0.0021, 0.0027] ov=[0.00798, 0.01229] P=4 S=19 arc=0.89 lr=0.088 w_ov=0.309 iou=[0.987, 0.976] acc=0
r30 212s L=0.06464 cov=[0.0021, 0.0027] ov=[0.00766, 0.01208] P=4 S=19 arc=0.89 lr=0.044 w_ov=0.32 iou=[0.987, 0.976] acc=0
r31 218s L=0.06374 cov=[0.0022, 0.0027] ov=[0.00747, 0.01194] P=4 S=19 arc=0.89 lr=0.063 w_ov=0.332 iou=[0.986, 0.976] acc=0
r32 225s L=0.06285 cov=[0.0022, 0.0027] ov=[0.0073, 0.01179] P=4 S=19 arc=0.89 lr=0.063 w_ov=0.344 iou=[0.986, 0.976] acc=0
r33 231s L=0.06239 cov=[0.0023, 0.0028] ov=[0.00728, 0.01164] P=4 S=19 arc=0.89 lr=0.031 w_ov=0.357 iou=[0.986, 0.976] acc=0
r34 238s L=0.06123 cov=[0.0023, 0.0028] ov=[0.00703, 0.01146] P=4 S=19 arc=0.89 lr=0.044 w_ov=0.371 iou=[0.985, 0.976] acc=0
r35 244s L=0.06003 cov=[0.0024, 0.0029] ov=[0.00683, 0.01122] P=4 S=19 arc=0.89 lr=0.031 w_ov=0.385 iou=[0.985, 0.975] acc=0
r36 251s L=0.05909 cov=[0.0024, 0.003] ov=[0.00665, 0.01105] P=4 S=19 arc=0.89 lr=0.022 w_ov=0.4 iou=[0.984, 0.974] acc=0
r37 257s L=0.05773 cov=[0.0025, 0.0031] ov=[0.00631, 0.01088] P=4 S=19 arc=0.89 lr=0.016 w_ov=0.414 iou=[0.983, 0.974] acc=0
r38 263s L=0.05688 cov=[0.0025, 0.0032] ov=[0.00613, 0.01075] P=4 S=19 arc=0.89 lr=0.031 w_ov=0.429 iou=[0.984, 0.973] acc=0
r39 269s L=0.05606 cov=[0.0025, 0.0033] ov=[0.00591, 0.01065] P=4 S=19 arc=0.84 lr=0.044 w_ov=0.443 iou=[0.983, 0.973] acc=1
r40 276s L=0.05401 cov=[0.0026, 0.0034] ov=[0.0054, 0.01039] P=4 S=19 arc=0.84 lr=0.031 w_ov=0.459 iou=[0.981, 0.972] acc=0
r41 282s L=0.05299 cov=[0.0027, 0.0035] ov=[0.00517, 0.01023] P=4 S=19 arc=0.84 lr=0.031 w_ov=0.477 iou=[0.981, 0.971] acc=0
r42 289s L=0.05199 cov=[0.0028, 0.0036] ov=[0.00493, 0.01009] P=4 S=19 arc=0.84 lr=0.031 w_ov=0.495 iou=[0.979, 0.971] acc=1
r43 296s L=0.0507 cov=[0.0029, 0.0037] ov=[0.00459, 0.00993] P=4 S=19 arc=0.89 lr=0.016 w_ov=0.514 iou=[0.978, 0.97] acc=0
r44 302s L=0.04973 cov=[0.0029, 0.0038] ov=[0.00435, 0.0098] P=4 S=19 arc=0.89 lr=0.022 w_ov=0.534 iou=[0.978, 0.97] acc=0
r45 309s L=0.04878 cov=[0.003, 0.0039] ov=[0.00412, 0.00967] P=4 S=19 arc=0.89 lr=0.022 w_ov=0.555 iou=[0.977, 0.969] acc=0
r46 315s L=0.04747 cov=[0.0031, 0.004] ov=[0.00383, 0.00944] P=4 S=19 arc=0.89 lr=0.016 w_ov=0.575 iou=[0.976, 0.968] acc=0
r47 322s L=0.04639 cov=[0.0031, 0.0042] ov=[0.00364, 0.0092] P=4 S=19 arc=0.89 lr=0.044 w_ov=0.598 iou=[0.975, 0.967] acc=1
r48 328s L=0.04365 cov=[0.0033, 0.0044] ov=[0.00301, 0.00877] P=4 S=19 arc=0.89 lr=0.016 w_ov=0.62 iou=[0.974, 0.965] acc=1
r49 334s L=0.04229 cov=[0.0034, 0.0046] ov=[0.00269, 0.00855] P=4 S=19 arc=0.84 lr=0.022 w_ov=0.643 iou=[0.973, 0.965] acc=1
r50 341s L=0.04125 cov=[0.0035, 0.0047] ov=[0.00246, 0.00836] P=4 S=19 arc=0.84 lr=0.022 w_ov=0.666 iou=[0.971, 0.965] acc=1
r51 347s L=0.03906 cov=[0.0037, 0.005] ov=[0.00189, 0.00804] P=4 S=18 arc=0.83 lr=0.031 w_ov=0.69 iou=[0.971, 0.963] acc=3
r52 353s L=0.03694 cov=[0.0039, 0.0053] ov=[0.00131, 0.00776] P=4 S=18 arc=0.89 lr=0.044 w_ov=0.715 iou=[0.97, 0.961] acc=0
r53 359s L=0.03531 cov=[0.004, 0.0054] ov=[0.00091, 0.00754] P=4 S=18 arc=0.78 lr=0.044 w_ov=0.741 iou=[0.968, 0.959] acc=2
r54 366s L=0.03433 cov=[0.0041, 0.0054] ov=[0.00066, 0.00742] P=4 S=18 arc=0.78 lr=0.044 w_ov=0.767 iou=[0.968, 0.96] acc=1
r55 372s L=0.03358 cov=[0.0042, 0.0055] ov=[0.00057, 0.0072] P=4 S=18 arc=0.83 lr=0.044 w_ov=0.795 iou=[0.966, 0.959] acc=0
r56 379s L=0.03333 cov=[0.0042, 0.0054] ov=[0.00058, 0.00711] P=4 S=18 arc=0.83 lr=0.016 w_ov=0.825 iou=[0.966, 0.959] acc=2
r57 385s L=0.03307 cov=[0.0043, 0.0055] ov=[0.00055, 0.00703] P=4 S=18 arc=0.89 lr=0.0055 w_ov=0.856 iou=[0.966, 0.959] acc=2
r58 392s L=0.03295 cov=[0.0043, 0.0055] ov=[0.00054, 0.00699] P=4 S=18 arc=0.89 lr=0.00035 w_ov=0.888 iou=[0.966, 0.959] acc=1
r59 398s L=0.03293 cov=[0.0043, 0.0055] ov=[0.00054, 0.00699] P=4 S=18 arc=0.89 lr=0.0002 w_ov=0.92 iou=[0.966, 0.959] acc=1
r60 404s L=0.03291 cov=[0.0043, 0.0055] ov=[0.00053, 0.00698] P=4 S=18 arc=0.89 lr=0.0002 w_ov=0.955 iou=[0.966, 0.959] acc=1
r61 411s L=0.03277 cov=[0.0043, 0.0056] ov=[0.00053, 0.00692] P=4 S=18 arc=0.89 lr=0.0002 w_ov=0.989 iou=[0.966, 0.959] acc=2
r62 417s L=0.03275 cov=[0.0043, 0.0056] ov=[0.00052, 0.00691] P=4 S=18 arc=0.94 lr=0.0002 w_ov=1.03 iou=[0.966, 0.959] acc=1
r63 424s L=0.03271 cov=[0.0043, 0.0056] ov=[0.00052, 0.0069] P=4 S=18 arc=0.89 lr=0.0002 w_ov=1.07 iou=[0.966, 0.958] acc=2
r64 431s L=0.03268 cov=[0.0043, 0.0056] ov=[0.00051, 0.0069] P=4 S=18 arc=0.83 lr=0.0002 w_ov=1.11 iou=[0.966, 0.959] acc=3
r65 437s L=0.03264 cov=[0.0043, 0.0056] ov=[0.0005, 0.00689] P=4 S=18 arc=0.83 lr=0.0002 w_ov=1.15 iou=[0.965, 0.958] acc=1
r66 444s L=0.03258 cov=[0.0043, 0.0056] ov=[0.00049, 0.00687] P=4 S=18 arc=0.83 lr=0.0002 w_ov=1.19 iou=[0.965, 0.958] acc=1
r67 450s L=0.03251 cov=[0.0043, 0.0056] ov=[0.00048, 0.00685] P=4 S=18 arc=0.83 lr=0.0002 w_ov=1.24 iou=[0.965, 0.958] acc=1
r68 457s L=0.0323 cov=[0.0044, 0.0057] ov=[0.00044, 0.00679] P=4 S=18 arc=0.83 lr=0.0032 w_ov=1.28 iou=[0.964, 0.958] acc=0
r69 464s L=0.03067 cov=[0.0047, 0.006] ov=[0.00034, 0.00613] P=4 S=18 arc=0.78 lr=0.036 w_ov=1.33 iou=[0.963, 0.955] acc=1
r70 471s L=0.02874 cov=[0.0051, 0.0063] ov=[0.00035, 0.00526] P=4 S=18 arc=0.78 lr=0.026 w_ov=1.39 iou=[0.959, 0.954] acc=2
r71 477s L=0.02771 cov=[0.0055, 0.0063] ov=[0.00026, 0.00485] P=4 S=18 arc=0.89 lr=0.018 w_ov=1.44 iou=[0.958, 0.956] acc=0
r72 484s L=0.02703 cov=[0.0057, 0.0064] ov=[0.00023, 0.00455] P=4 S=18 arc=0.89 lr=0.026 w_ov=1.49 iou=[0.957, 0.957] acc=0
r73 490s L=0.02634 cov=[0.0059, 0.0064] ov=[0.00021, 0.00428] P=4 S=18 arc=0.89 lr=0.026 w_ov=1.55 iou=[0.956, 0.957] acc=1
r74 497s L=0.02571 cov=[0.0062, 0.0064] ov=[0.00019, 0.00398] P=4 S=18 arc=0.89 lr=0.026 w_ov=1.61 iou=[0.955, 0.956] acc=1
r75 503s L=0.02521 cov=[0.0065, 0.0063] ov=[0.00019, 0.00374] P=4 S=18 arc=0.89 lr=0.026 w_ov=1.67 iou=[0.954, 0.956] acc=1
r76 509s L=0.02461 cov=[0.0069, 0.0064] ov=[0.00016, 0.00341] P=4 S=18 arc=0.89 lr=0.026 w_ov=1.73 iou=[0.952, 0.957] acc=2
r77 516s L=0.02337 cov=[0.0074, 0.0063] ov=[0.0002, 0.00284] P=4 S=18 arc=0.94 lr=0.036 w_ov=1.79 iou=[0.95, 0.956] acc=2
r78 522s L=0.02164 cov=[0.0079, 0.0064] ov=[0.00016, 0.00211] P=4 S=18 arc=0.89 lr=0.036 w_ov=1.86 iou=[0.947, 0.954] acc=3
r79 529s L=0.02015 cov=[0.0081, 0.0068] ov=[0.00013, 0.00143] P=4 S=19 arc=0.89 lr=0.051 w_ov=1.93 iou=[0.947, 0.954] acc=2
r80 535s L=0.0191 cov=[0.0077, 0.0066] ov=[0.00015, 0.00124] P=4 S=20 arc=0.85 lr=0.036 w_ov=2 iou=[0.947, 0.956] acc=4
r81 542s L=0.01826 cov=[0.0079, 0.0065] ov=[0.00012, 0.00098] P=4 S=20 arc=0.85 lr=0.026 w_ov=2.08 iou=[0.947, 0.955] acc=2
r82 548s L=0.01783 cov=[0.0078, 0.0064] ov=[0.00014, 0.00087] P=4 S=20 arc=0.90 lr=0.036 w_ov=2.16 iou=[0.948, 0.956] acc=0
r83 555s L=0.01737 cov=[0.008, 0.0064] ov=[8e-05, 0.00073] P=4 S=20 arc=0.80 lr=0.036 w_ov=2.24 iou=[0.949, 0.956] acc=3
r84 562s L=0.01696 cov=[0.0078, 0.0064] ov=[9e-05, 0.00063] P=4 S=20 arc=0.85 lr=0.013 w_ov=2.33 iou=[0.95, 0.957] acc=2
r85 568s L=0.01692 cov=[0.0078, 0.0064] ov=[9e-05, 0.00062] P=4 S=20 arc=0.90 lr=0.0002 w_ov=2.42 iou=[0.95, 0.957] acc=1
r86 575s L=0.01691 cov=[0.0078, 0.0064] ov=[9e-05, 0.00061] P=4 S=20 arc=0.90 lr=0.00028 w_ov=2.51 iou=[0.95, 0.957] acc=1
r87 582s L=0.01691 cov=[0.0078, 0.0064] ov=[9e-05, 0.00061] P=4 S=20 arc=0.95 lr=0.0002 w_ov=2.6 iou=[0.95, 0.957] acc=0
r88 588s L=0.01691 cov=[0.0078, 0.0064] ov=[9e-05, 0.00061] P=4 S=20 arc=0.95 lr=0.0002 w_ov=2.7 iou=[0.95, 0.957] acc=1
r89 594s L=0.0169 cov=[0.0078, 0.0064] ov=[9e-05, 0.00061] P=4 S=20 arc=0.95 lr=0.0002 w_ov=2.8 iou=[0.95, 0.957] acc=1
r90 601s L=0.0169 cov=[0.0079, 0.0064] ov=[8e-05, 0.0006] P=4 S=20 arc=0.90 lr=0.0002 w_ov=2.91 iou=[0.95, 0.957] acc=1
{
 "Split": {
  "proposed": 1748,
  "accepted": 36,
  "scope": "shared",
  "rate": 0.020594965675057208
 },
 "SwapPoses": {
  "proposed": 536,
  "accepted": 3,
  "scope": "per-target",
  "rate": 0.005597014925373134
 },
 "ToArc": {
  "proposed": 289,
  "accepted": 70,
  "scope": "shared",
  "rate": 0.2422145328719723
 },
 "Rotate": {
  "proposed": 1963,
  "accepted": 7,
  "scope": "per-target",
  "rate": 0.003565970453387672
 },
 "ToLine": {
  "proposed": 1123,
  "accepted": 60,
  "scope": "shared",
  "rate": 0.053428317008014245
 },
 "Merge": {
  "proposed": 165,
  "accepted": 32,
  "scope": "shared",
  "rate": 0.19393939393939394
 }
}
EVAL avg_chamfer=10.154 avg_hausdorff=38.991 pieces=4->4 loss=0.016901
