r0 12s L=1.618 cov=[0.0173, 0.0564] ov=[0.05623, 0.09809] P=6 S=67 arc=0.00 lr=0.5 w_ov=0.1 iou=[0.935, 0.83] acc=16
r1 25s L=1.388 cov=[0.0176, 0.0413] ov=[0.04728, 0.08552] P=6 S=72 arc=0.11 lr=0.71 w_ov=0.102 iou=[0.93, 0.871] acc=19
r2 36s L=1.237 cov=[0.012, 0.034] ov=[0.04518, 0.07381] P=6 S=72 arc=0.19 lr=0.5 w_ov=0.105 iou=[0.95, 0.888] acc=13
r3 47s L=1.167 cov=[0.0105, 0.0298] ov=[0.04393, 0.06859] P=6 S=70 arc=0.23 lr=0.25 w_ov=0.107 iou=[0.955, 0.897] acc=18
r4 59s L=1.136 cov=[0.0113, 0.0248] ov=[0.04398, 0.0659] P=6 S=69 arc=0.41 lr=0.25 w_ov=0.109 iou=[0.951, 0.914] acc=10
r5 78s L=1.05 cov=[0.0106, 0.0223] ov=[0.04089, 0.06075] P=6 S=70 arc=0.47 lr=0.25 w_ov=0.112 iou=[0.956, 0.918] acc=13
r6 94s L=0.9888 cov=[0.0089, 0.0155] ov=[0.04229, 0.05403] P=6 S=66 arc=0.59 lr=0.25 w_ov=0.116 iou=[0.959, 0.936] acc=9
r7 109s L=0.9373 cov=[0.0082, 0.012] ov=[0.04263, 0.04894] P=6 S=66 arc=0.59 lr=0.35 w_ov=0.12 iou=[0.961, 0.945] acc=8
r8 122s L=0.8804 cov=[0.0077, 0.0103] ov=[0.0417, 0.04441] P=6 S=65 arc=0.60 lr=0.35 w_ov=0.123 iou=[0.964, 0.947] acc=8
r9 137s L=0.8038 cov=[0.0071, 0.0093] ov=[0.0386, 0.04] P=6 S=66 arc=0.61 lr=0.18 w_ov=0.127 iou=[0.966, 0.956] acc=6
r10 154s L=0.7652 cov=[0.0069, 0.0091] ov=[0.03688, 0.03791] P=6 S=67 arc=0.63 lr=0.13 w_ov=0.13 iou=[0.966, 0.956] acc=3
r11 169s L=0.753 cov=[0.0069, 0.009] ov=[0.03622, 0.03736] P=6 S=66 arc=0.64 lr=0.13 w_ov=0.134 iou=[0.966, 0.956] acc=3
r12 187s L=0.7395 cov=[0.0068, 0.009] ov=[0.03535, 0.03688] P=6 S=66 arc=0.65 lr=0.044 w_ov=0.138 iou=[0.966, 0.956] acc=3
r13 204s L=0.7247 cov=[0.0068, 0.009] ov=[0.03461, 0.03615] P=6 S=65 arc=0.68 lr=0.063 w_ov=0.143 iou=[0.965, 0.955] acc=6
r14 219s L=0.7138 cov=[0.0068, 0.009] ov=[0.03415, 0.03553] P=6 S=65 arc=0.74 lr=0.088 w_ov=0.148 iou=[0.966, 0.955] acc=1
r15 237s L=0.7041 cov=[0.0068, 0.0091] ov=[0.03397, 0.03473] P=6 S=65 arc=0.75 lr=0.088 w_ov=0.152 iou=[0.966, 0.955] acc=1
r16 252s L=0.6921 cov=[0.0068, 0.009] ov=[0.03335, 0.03415] P=6 S=65 arc=0.75 lr=0.088 w_ov=0.158 iou=[0.966, 0.955] acc=2
r17 268s L=0.6793 cov=[0.0068, 0.009] ov=[0.03268, 0.03355] P=6 S=65 arc=0.77 lr=0.088 w_ov=0.162 iou=[0.965, 0.956] acc=1
r18 284s L=0.6665 cov=[0.0068, 0.009] ov=[0.03186, 0.03309] P=6 S=65 arc=0.77 lr=0.044 w_ov=0.167 iou=[0.965, 0.955] acc=4
r19 301s L=0.6564 cov=[0.0067, 0.0089] ov=[0.03132, 0.03263] P=6 S=65 arc=0.83 lr=0.063 w_ov=0.173 iou=[0.965, 0.955] acc=0
r20 317s L=0.6412 cov=[0.0068, 0.0089] ov=[0.03061, 0.03182] P=6 S=64 arc=0.81 lr=0.088 w_ov=0.178 iou=[0.965, 0.955] acc=5
r21 331s L=0.622 cov=[0.0068, 0.009] ov=[0.02973, 0.03078] P=6 S=64 arc=0.83 lr=0.088 w_ov=0.184 iou=[0.964, 0.956] acc=3
r22 348s L=0.6118 cov=[0.0068, 0.009] ov=[0.0291, 0.03037] P=6 S=64 arc=0.86 lr=0.088 w_ov=0.189 iou=[0.965, 0.956] acc=0
r23 364s L=0.5931 cov=[0.0068, 0.009] ov=[0.02824, 0.02936] P=6 S=65 arc=0.85 lr=0.088 w_ov=0.195 iou=[0.965, 0.956] acc=3
r24 377s L=0.5822 cov=[0.0069, 0.009] ov=[0.02764, 0.02888] P=6 S=65 arc=0.86 lr=0.088 w_ov=0.201 iou=[0.965, 0.955] acc=0
r25 391s L=0.5706 cov=[0.0068, 0.009] ov=[0.02716, 0.02819] P=6 S=64 arc=0.86 lr=0.088 w_ov=0.206 iou=[0.964, 0.956] acc=2
r26 405s L=0.5592 cov=[0.0068, 0.009] ov=[0.02642, 0.02779] P=6 S=64 arc=0.88 lr=0.088 w_ov=0.212 iou=[0.964, 0.956] acc=0
r27 422s L=0.5496 cov=[0.0069, 0.009] ov=[0.02592, 0.02732] P=6 S=62 arc=0.89 lr=0.088 w_ov=0.218 iou=[0.963, 0.956] acc=4
r28 438s L=0.5429 cov=[0.007, 0.009] ov=[0.02559, 0.02698] P=6 S=62 arc=0.89 lr=0.088 w_ov=0.225 iou=[0.964, 0.956] acc=2
r29 456s L=0.5259 cov=[0.0069, 0.0091] ov=[0.02488, 0.02598] P=6 S=63 arc=0.89 lr=0.088 w_ov=0.232 iou=[0.964, 0.956] acc=1
r30 470s L=0.5173 cov=[0.007, 0.0091] ov=[0.02431, 0.02569] P=6 S=62 arc=0.87 lr=0.088 w_ov=0.24 iou=[0.964, 0.955] acc=2
r31 485s L=0.5035 cov=[0.0069, 0.0092] ov=[0.02362, 0.025] P=6 S=62 arc=0.87 lr=0.088 w_ov=0.247 iou=[0.964, 0.955] acc=2
r32 501s L=0.4964 cov=[0.007, 0.0091] ov=[0.02306, 0.02484] P=6 S=62 arc=0.90 lr=0.088 w_ov=0.254 iou=[0.964, 0.955] acc=1
r33 517s L=0.4839 cov=[0.007, 0.0092] ov=[0.02247, 0.02418] P=6 S=62 arc=0.92 lr=0.088 w_ov=0.262 iou=[0.964, 0.955] acc=1
r34 532s L=0.4731 cov=[0.007, 0.0092] ov=[0.02173, 0.02383] P=6 S=62 arc=0.94 lr=0.088 w_ov=0.27 iou=[0.963, 0.954] acc=1
r35 544s L=0.4584 cov=[0.007, 0.0094] ov=[0.0211, 0.02299] P=6 S=62 arc=0.94 lr=0.088 w_ov=0.278 iou=[0.963, 0.953] acc=1
r36 557s L=0.4523 cov=[0.0069, 0.0093] ov=[0.02075, 0.02274] P=6 S=62 arc=0.94 lr=0.088 w_ov=0.284 iou=[0.962, 0.954] acc=1
r37 572s L=0.4434 cov=[0.0069, 0.0092] ov=[0.02022, 0.02239] P=6 S=62 arc=0.95 lr=0.088 w_ov=0.291 iou=[0.962, 0.955] acc=0
r38 587s L=0.4425 cov=[0.0073, 0.0092] ov=[0.02031, 0.02216] P=6 S=63 arc=0.95 lr=0.18 w_ov=0.3 iou=[0.962, 0.956] acc=1
r39 599s L=0.4155 cov=[0.007, 0.0093] ov=[0.01867, 0.02114] P=6 S=63 arc=0.95 lr=0.063 w_ov=0.309 iou=[0.963, 0.956] acc=0
r40 615s L=0.4562 cov=[0.007, 0.0103] ov=[0.02136, 0.02241] P=6 S=65 arc=0.88 lr=0.088 w_ov=0.316 iou=[0.965, 0.95] acc=7
r41 631s L=0.3982 cov=[0.0071, 0.0092] ov=[0.01785, 0.02022] P=6 S=64 arc=0.89 lr=0.088 w_ov=0.326 iou=[0.963, 0.957] acc=1
r42 648s L=0.3925 cov=[0.0071, 0.0092] ov=[0.01767, 0.01983] P=6 S=64 arc=0.89 lr=0.088 w_ov=0.336 iou=[0.963, 0.956] acc=1
r43 662s L=0.3826 cov=[0.0072, 0.0092] ov=[0.01718, 0.01931] P=6 S=64 arc=0.89 lr=0.13 w_ov=0.347 iou=[0.963, 0.956] acc=1
r44 680s L=0.4392 cov=[0.0095, 0.01] ov=[0.02022, 0.02162] P=6 S=65 arc=0.86 lr=0.18 w_ov=0.357 iou=[0.955, 0.952] acc=5
r45 695s L=0.3527 cov=[0.0074, 0.0093] ov=[0.01558, 0.0179] P=6 S=65 arc=0.89 lr=0.044 w_ov=0.369 iou=[0.963, 0.955] acc=4
r46 714s L=0.3531 cov=[0.0079, 0.0098] ov=[0.01622, 0.01719] P=6 S=65 arc=0.91 lr=0.063 w_ov=0.38 iou=[0.962, 0.953] acc=3
r47 729s L=0.3371 cov=[0.0075, 0.0094] ov=[0.01482, 0.01708] P=6 S=66 arc=0.89 lr=0.088 w_ov=0.393 iou=[0.962, 0.955] acc=2
r48 744s L=0.3294 cov=[0.0075, 0.0094] ov=[0.01443, 0.01669] P=6 S=66 arc=0.89 lr=0.031 w_ov=0.405 iou=[0.962, 0.955] acc=2
r49 761s L=0.3255 cov=[0.0075, 0.0095] ov=[0.0142, 0.01652] P=6 S=66 arc=0.92 lr=0.016 w_ov=0.417 iou=[0.962, 0.955] acc=0
r50 777s L=0.3226 cov=[0.0076, 0.0096] ov=[0.01412, 0.0163] P=6 S=66 arc=0.92 lr=0.044 w_ov=0.431 iou=[0.962, 0.954] acc=0
r51 794s L=0.3146 cov=[0.0077, 0.0096] ov=[0.01354, 0.01607] P=6 S=66 arc=0.91 lr=0.044 w_ov=0.444 iou=[0.961, 0.954] acc=1
r52 810s L=0.3093 cov=[0.0077, 0.0098] ov=[0.01337, 0.01568] P=6 S=64 arc=0.91 lr=0.044 w_ov=0.459 iou=[0.956, 0.953] acc=5
r53 825s L=0.2874 cov=[0.0092, 0.01] ov=[0.01295, 0.01376] P=6 S=63 arc=0.95 lr=0.022 w_ov=0.474 iou=[0.957, 0.952] acc=1
r54 841s L=0.2824 cov=[0.0092, 0.0101] ov=[0.01271, 0.01348] P=6 S=63 arc=0.95 lr=0.031 w_ov=0.487 iou=[0.957, 0.952] acc=0
r55 855s L=0.2755 cov=[0.0092, 0.0103] ov=[0.01227, 0.01321] P=6 S=63 arc=0.95 lr=0.031 w_ov=0.502 iou=[0.956, 0.952] acc=0
r56 869s L=0.271 cov=[0.0092, 0.0104] ov=[0.01206, 0.01295] P=6 S=63 arc=0.95 lr=0.022 w_ov=0.516 iou=[0.956, 0.952] acc=0
r57 886s L=0.2669 cov=[0.0092, 0.0105] ov=[0.01186, 0.01274] P=6 S=63 arc=0.95 lr=0.016 w_ov=0.53 iou=[0.956, 0.951] acc=1
r58 901s L=0.2622 cov=[0.0092, 0.0106] ov=[0.01154, 0.01258] P=6 S=63 arc=0.95 lr=0.022 w_ov=0.548 iou=[0.956, 0.951] acc=1
r59 918s L=0.2564 cov=[0.0092, 0.0107] ov=[0.01115, 0.01238] P=6 S=63 arc=0.95 lr=0.022 w_ov=0.564 iou=[0.956, 0.95] acc=0
r60 933s L=0.2528 cov=[0.0093, 0.0108] ov=[0.01093, 0.01223] P=6 S=63 arc=0.94 lr=0.022 w_ov=0.582 iou=[0.956, 0.95] acc=1
r61 946s L=0.2497 cov=[0.0093, 0.0108] ov=[0.01075, 0.01208] P=6 S=63 arc=0.94 lr=0.031 w_ov=0.599 iou=[0.955, 0.95] acc=1
r62 962s L=0.2459 cov=[0.0093, 0.0109] ov=[0.0105, 0.01194] P=6 S=63 arc=0.95 lr=0.031 w_ov=0.614 iou=[0.954, 0.95] acc=1
r63 976s L=0.2436 cov=[0.0093, 0.011] ov=[0.01046, 0.01175] P=6 S=63 arc=0.97 lr=0.031 w_ov=0.633 iou=[0.954, 0.95] acc=1
r64 992s L=0.2386 cov=[0.0094, 0.0111] ov=[0.01007, 0.01161] P=6 S=63 arc=0.98 lr=0.031 w_ov=0.65 iou=[0.954, 0.95] acc=0
r65 1007s L=0.2337 cov=[0.0095, 0.0112] ov=[0.00977, 0.0114] P=6 S=62 arc=0.97 lr=0.022 w_ov=0.671 iou=[0.953, 0.95] acc=2
r66 1022s L=0.2296 cov=[0.0096, 0.0113] ov=[0.00954, 0.0112] P=6 S=62 arc=0.97 lr=0.016 w_ov=0.691 iou=[0.953, 0.95] acc=0
r67 1038s L=0.2226 cov=[0.0097, 0.0115] ov=[0.00904, 0.01098] P=6 S=62 arc=0.95 lr=0.031 w_ov=0.711 iou=[0.952, 0.95] acc=2
r68 1053s L=0.2121 cov=[0.01, 0.0119] ov=[0.00844, 0.01046] P=6 S=62 arc=0.95 lr=0.022 w_ov=0.732 iou=[0.952, 0.95] acc=1
r69 1068s L=0.205 cov=[0.0101, 0.012] ov=[0.00803, 0.01013] P=6 S=62 arc=0.95 lr=0.022 w_ov=0.754 iou=[0.951, 0.948] acc=1
r70 1082s L=0.2004 cov=[0.0103, 0.0122] ov=[0.00789, 0.00978] P=6 S=62 arc=0.97 lr=0.022 w_ov=0.776 iou=[0.951, 0.949] acc=1
r71 1094s L=0.1949 cov=[0.0104, 0.0122] ov=[0.00764, 0.00947] P=6 S=62 arc=0.97 lr=0.031 w_ov=0.798 iou=[0.95, 0.948] acc=2
r72 1108s L=0.1911 cov=[0.0106, 0.0122] ov=[0.00747, 0.00922] P=6 S=55 arc=0.96 lr=0.016 w_ov=0.816 iou=[0.911, 0.892] acc=2
r73 1118s L=0.1533 cov=[0.0209, 0.0303] ov=[0.00143, 0.00867] P=6 S=53 arc=0.94 lr=0.063 w_ov=0.838 iou=[0.924, 0.902] acc=3
r74 1129s L=0.1345 cov=[0.0184, 0.028] ov=[0.00102, 0.00767] P=6 S=58 arc=0.95 lr=0.063 w_ov=0.855 iou=[0.932, 0.909] acc=6
r75 1142s L=0.1225 cov=[0.0175, 0.0271] ov=[0.0008, 0.00687] P=6 S=59 arc=0.92 lr=0.031 w_ov=0.873 iou=[0.934, 0.91] acc=4
r76 1155s L=0.1122 cov=[0.0156, 0.0258] ov=[0.00083, 0.00614] P=6 S=58 arc=0.90 lr=0.044 w_ov=0.895 iou=[0.938, 0.913] acc=3
r77 1166s L=0.1092 cov=[0.0147, 0.0251] ov=[0.00078, 0.00604] P=6 S=59 arc=0.90 lr=0.063 w_ov=0.917 iou=[0.939, 0.913] acc=4
r78 1180s L=0.1066 cov=[0.0144, 0.0247] ov=[0.00084, 0.00578] P=6 S=61 arc=0.92 lr=0.063 w_ov=0.937 iou=[0.941, 0.916] acc=4
r79 1194s L=0.1146 cov=[0.0141, 0.0244] ov=[0.00178, 0.00571] P=6 S=62 arc=0.92 lr=0.063 w_ov=0.962 iou=[0.941, 0.914] acc=2
r80 1207s L=0.0938 cov=[0.0131, 0.0232] ov=[0.00085, 0.00478] P=6 S=61 arc=0.90 lr=0.031 w_ov=0.988 iou=[0.945, 0.919] acc=2
r81 1221s L=0.09203 cov=[0.013, 0.0225] ov=[0.00087, 0.00466] P=6 S=61 arc=0.89 lr=0.044 w_ov=1.01 iou=[0.945, 0.92] acc=2
r82 1235s L=0.0904 cov=[0.013, 0.0221] ov=[0.00087, 0.00454] P=6 S=60 arc=0.88 lr=0.022 w_ov=1.04 iou=[0.946, 0.921] acc=3
r83 1248s L=0.0899 cov=[0.0129, 0.0219] ov=[0.00093, 0.00446] P=6 S=59 arc=0.88 lr=0.022 w_ov=1.07 iou=[0.946, 0.921] acc=4
r84 1261s L=0.08911 cov=[0.0129, 0.0218] ov=[0.00095, 0.00437] P=6 S=57 arc=0.91 lr=0.022 w_ov=1.1 iou=[0.947, 0.921] acc=2
r85 1274s L=0.08752 cov=[0.013, 0.0216] ov=[0.00094, 0.00423] P=6 S=58 arc=0.91 lr=0.031 w_ov=1.12 iou=[0.946, 0.921] acc=1
r86 1285s L=0.08488 cov=[0.013, 0.0212] ov=[0.0009, 0.00405] P=6 S=57 arc=0.91 lr=0.031 w_ov=1.15 iou=[0.945, 0.922] acc=2
r87 1298s L=0.08332 cov=[0.013, 0.0208] ov=[0.00088, 0.00395] P=6 S=57 arc=0.91 lr=0.031 w_ov=1.18 iou=[0.946, 0.923] acc=1
r88 1309s L=0.08189 cov=[0.013, 0.0206] ov=[0.00086, 0.00385] P=6 S=56 arc=0.91 lr=0.022 w_ov=1.21 iou=[0.945, 0.924] acc=2
r89 1321s L=0.07885 cov=[0.0132, 0.0204] ov=[0.00087, 0.00354] P=6 S=56 arc=0.93 lr=0.022 w_ov=1.23 iou=[0.945, 0.925] acc=2
r90 1335s L=0.07769 cov=[0.0132, 0.0202] ov=[0.00084, 0.00347] P=6 S=56 arc=0.93 lr=0.016 w_ov=1.26 iou=[0.945, 0.926] acc=2
r91 1347s L=0.07668 cov=[0.0132, 0.02] ov=[0.00083, 0.0034] P=6 S=56 arc=0.93 lr=0.016 w_ov=1.29 iou=[0.944, 0.926] acc=1
r92 1358s L=0.07523 cov=[0.0133, 0.02] ov=[0.00079, 0.00329] P=6 S=56 arc=0.95 lr=0.0078 w_ov=1.33 iou=[0.944, 0.926] acc=1
r93 1371s L=0.07425 cov=[0.0133, 0.0198] ov=[0.00077, 0.00323] P=6 S=56 arc=0.96 lr=0.011 w_ov=1.35 iou=[0.944, 0.927] acc=1
r94 1383s L=0.07484 cov=[0.0133, 0.0196] ov=[0.00093, 0.00314] P=6 S=56 arc=0.96 lr=0.044 w_ov=1.39 iou=[0.945, 0.927] acc=1
r95 1395s L=0.07064 cov=[0.0135, 0.0195] ov=[0.0007, 0.00295] P=6 S=55 arc=0.93 lr=0.022 w_ov=1.42 iou=[0.943, 0.927] acc=3
r96 1407s L=0.06923 cov=[0.0137, 0.0193] ov=[0.00066, 0.00284] P=6 S=56 arc=0.91 lr=0.031 w_ov=1.45 iou=[0.943, 0.928] acc=3
r97 1418s L=0.06797 cov=[0.0137, 0.0193] ov=[0.00065, 0.00273] P=6 S=56 arc=0.93 lr=0.016 w_ov=1.49 iou=[0.943, 0.928] acc=1
r98 1430s L=0.06672 cov=[0.0138, 0.0192] ov=[0.00063, 0.00262] P=6 S=55 arc=0.93 lr=0.0078 w_ov=1.52 iou=[0.942, 0.928] acc=3
r99 1443s L=0.06628 cov=[0.0139, 0.0192] ov=[0.00064, 0.00257] P=6 S=55 arc=0.93 lr=0.011 w_ov=1.56 iou=[0.942, 0.928] acc=1
r100 1456s L=0.06456 cov=[0.0139, 0.0192] ov=[0.0006, 0.00242] P=6 S=55 arc=0.93 lr=0.011 w_ov=1.59 iou=[0.943, 0.928] acc=0
r101 1468s L=0.0635 cov=[0.014, 0.0192] ov=[0.00059, 0.00232] P=6 S=55 arc=0.93 lr=0.0055 w_ov=1.63 iou=[0.942, 0.927] acc=0
r102 1481s L=0.06287 cov=[0.0141, 0.0192] ov=[0.00057, 0.00227] P=6 S=55 arc=0.93 lr=0.011 w_ov=1.67 iou=[0.942, 0.927] acc=0
r103 1495s L=0.06199 cov=[0.0141, 0.0193] ov=[0.00055, 0.00219] P=6 S=55 arc=0.93 lr=0.016 w_ov=1.72 iou=[0.941, 0.927] acc=0
r104 1508s L=0.06017 cov=[0.0143, 0.0194] ov=[0.00052, 0.00202] P=6 S=55 arc=0.93 lr=0.0055 w_ov=1.76 iou=[0.94, 0.927] acc=0
r105 1521s L=0.05937 cov=[0.0143, 0.0194] ov=[0.00051, 0.00194] P=6 S=55 arc=0.93 lr=0.022 w_ov=1.81 iou=[0.94, 0.927] acc=1
r106 1534s L=0.05783 cov=[0.0144, 0.0194] ov=[0.00051, 0.00178] P=6 S=55 arc=0.93 lr=0.011 w_ov=1.85 iou=[0.939, 0.927] acc=2
r107 1546s L=0.05458 cov=[0.0148, 0.0194] ov=[0.0005, 0.00142] P=6 S=55 arc=0.95 lr=0.011 w_ov=1.9 iou=[0.939, 0.926] acc=0
r108 1560s L=0.05361 cov=[0.0149, 0.0194] ov=[0.00049, 0.00132] P=6 S=55 arc=0.91 lr=0.016 w_ov=1.94 iou=[0.938, 0.927] acc=3
r109 1573s L=0.05321 cov=[0.0149, 0.0194] ov=[0.00054, 0.00123] P=6 S=55 arc=0.93 lr=0.0078 w_ov=1.99 iou=[0.938, 0.927] acc=0
r110 1585s L=0.05221 cov=[0.015, 0.0194] ov=[0.00047, 0.0012] P=6 S=55 arc=0.93 lr=0.016 w_ov=2.04 iou=[0.938, 0.926] acc=0
r111 1598s L=0.0518 cov=[0.015, 0.0194] ov=[0.00046, 0.00117] P=6 S=55 arc=0.91 lr=0.0078 w_ov=2.09 iou=[0.939, 0.927] acc=2
r112 1609s L=0.05129 cov=[0.015, 0.0194] ov=[0.00045, 0.00113] P=6 S=55 arc=0.93 lr=0.011 w_ov=2.15 iou=[0.939, 0.926] acc=0
r113 1622s L=0.05056 cov=[0.015, 0.0194] ov=[0.00043, 0.00107] P=6 S=53 arc=0.89 lr=0.011 w_ov=2.19 iou=[0.937, 0.927] acc=4
r114 1635s L=0.04559 cov=[0.016, 0.0192] ov=[0.00041, 0.00051] P=6 S=51 arc=0.88 lr=0.011 w_ov=2.25 iou=[0.937, 0.927] acc=4
r115 1647s L=0.04441 cov=[0.0161, 0.0191] ov=[0.0004, 0.00041] P=6 S=51 arc=0.92 lr=0.0055 w_ov=2.3 iou=[0.936, 0.927] acc=1
r116 1659s L=0.04408 cov=[0.016, 0.019] ov=[0.00038, 0.00042] P=6 S=51 arc=0.90 lr=0.016 w_ov=2.36 iou=[0.937, 0.927] acc=2
r117 1673s L=0.04359 cov=[0.016, 0.019] ov=[0.00036, 0.00038] P=6 S=51 arc=0.92 lr=0.00035 w_ov=2.41 iou=[0.937, 0.927] acc=1
r118 1685s L=0.04351 cov=[0.0159, 0.019] ov=[0.00036, 0.00038] P=6 S=51 arc=0.94 lr=0.0055 w_ov=2.48 iou=[0.937, 0.926] acc=1
r119 1696s L=0.04335 cov=[0.0159, 0.019] ov=[0.00036, 0.00038] P=6 S=51 arc=0.96 lr=0.016 w_ov=2.54 iou=[0.937, 0.926] acc=0
r120 1709s L=0.04301 cov=[0.0159, 0.0189] ov=[0.00034, 0.00038] P=6 S=51 arc=0.96 lr=0.0078 w_ov=2.59 iou=[0.936, 0.926] acc=0
r121 1720s L=0.04274 cov=[0.0159, 0.0189] ov=[0.00033, 0.00036] P=6 S=51 arc=0.94 lr=0.0039 w_ov=2.65 iou=[0.936, 0.926] acc=1
r122 1731s L=0.04258 cov=[0.0159, 0.0189] ov=[0.00032, 0.00035] P=6 S=51 arc=0.94 lr=0.0028 w_ov=2.72 iou=[0.936, 0.926] acc=0
r123 1743s L=0.04249 cov=[0.0159, 0.0189] ov=[0.00031, 0.00035] P=6 S=51 arc=0.94 lr=0.0055 w_ov=2.77 iou=[0.936, 0.927] acc=1
r124 1753s L=0.04236 cov=[0.0159, 0.0189] ov=[0.0003, 0.00034] P=6 S=51 arc=0.96 lr=0.0039 w_ov=2.83 iou=[0.937, 0.926] acc=0
r125 1765s L=0.04227 cov=[0.0159, 0.0189] ov=[0.0003, 0.00034] P=6 S=51 arc=0.94 lr=0.0028 w_ov=2.89 iou=[0.937, 0.927] acc=1
r126 1776s L=0.04223 cov=[0.0159, 0.0189] ov=[0.0003, 0.00034] P=6 S=51 arc=0.94 lr=0.00024 w_ov=2.96 iou=[0.937, 0.926] acc=0
r127 1788s L=0.04223 cov=[0.0159, 0.0189] ov=[0.0003, 0.00034] P=6 S=51 arc=0.94 lr=0.0002 w_ov=3.02 iou=[0.937, 0.926] acc=0
r128 1800s L=0.04223 cov=[0.0159, 0.0189] ov=[0.0003, 0.00034] P=6 S=51 arc=0.94 lr=0.0002 w_ov=3.09 iou=[0.937, 0.926] acc=0
r129 1813s L=0.04222 cov=[0.0159, 0.0189] ov=[0.0003, 0.00034] P=6 S=51 arc=0.94 lr=0.0002 w_ov=3.16 iou=[0.937, 0.926] acc=0
r130 1824s L=0.04222 cov=[0.0159, 0.0189] ov=[0.0003, 0.00034] P=6 S=51 arc=0.94 lr=0.0002 w_ov=3.24 iou=[0.937, 0.926] acc=0
r131 1838s L=0.04221 cov=[0.0159, 0.0189] ov=[0.0003, 0.00034] P=6 S=51 arc=0.94 lr=0.0002 w_ov=3.31 iou=[0.937, 0.926] acc=0
r132 1850s L=0.0422 cov=[0.0159, 0.0189] ov=[0.00029, 0.00034] P=6 S=51 arc=0.94 lr=0.0002 w_ov=3.4 iou=[0.937, 0.926] acc=1
r133 1863s L=0.04218 cov=[0.0159, 0.0189] ov=[0.00029, 0.00034] P=6 S=51 arc=0.94 lr=0.0002 w_ov=3.48 iou=[0.937, 0.926] acc=1
r134 1876s L=0.04217 cov=[0.0159, 0.0189] ov=[0.00029, 0.00033] P=6 S=51 arc=0.94 lr=0.0002 w_ov=3.57 iou=[0.937, 0.926] acc=0
r135 1887s L=0.04216 cov=[0.0159, 0.0189] ov=[0.00029, 0.00033] P=6 S=51 arc=0.94 lr=0.0002 w_ov=3.66 iou=[0.937, 0.926] acc=1
r136 1900s L=0.04214 cov=[0.0159, 0.0189] ov=[0.00029, 0.00033] P=6 S=51 arc=0.96 lr=0.0002 w_ov=3.74 iou=[0.937, 0.926] acc=0
r137 1912s L=0.04213 cov=[0.0159, 0.0189] ov=[0.00029, 0.00033] P=6 S=51 arc=0.94 lr=0.0002 w_ov=3.83 iou=[0.937, 0.926] acc=1
r138 1924s L=0.04211 cov=[0.0159, 0.0189] ov=[0.00029, 0.00033] P=6 S=51 arc=0.94 lr=0.0002 w_ov=3.92 iou=[0.937, 0.926] acc=0
r139 1935s L=0.04209 cov=[0.0159, 0.0189] ov=[0.00029, 0.00033] P=6 S=51 arc=0.94 lr=0.00028 w_ov=4.01 iou=[0.937, 0.926] acc=0
r140 1946s L=0.04207 cov=[0.0159, 0.019] ov=[0.00028, 0.00033] P=6 S=51 arc=0.94 lr=0.0002 w_ov=4.1 iou=[0.937, 0.926] acc=0
r141 1960s L=0.04204 cov=[0.0159, 0.019] ov=[0.00028, 0.00033] P=6 S=51 arc=0.94 lr=0.0002 w_ov=4.19 iou=[0.937, 0.926] acc=0
r142 1972s L=0.04201 cov=[0.0159, 0.019] ov=[0.00028, 0.00033] P=6 S=51 arc=0.94 lr=0.0002 w_ov=4.3 iou=[0.937, 0.926] acc=0
r143 1984s L=0.04199 cov=[0.0159, 0.019] ov=[0.00028, 0.00032] P=6 S=51 arc=0.94 lr=0.0002 w_ov=4.4 iou=[0.936, 0.926] acc=0
r144 1996s L=0.04196 cov=[0.0159, 0.019] ov=[0.00027, 0.00032] P=6 S=51 arc=0.94 lr=0.0002 w_ov=4.5 iou=[0.936, 0.926] acc=1
r145 2008s L=0.04193 cov=[0.0159, 0.019] ov=[0.00027, 0.00032] P=6 S=51 arc=0.96 lr=0.00028 w_ov=4.61 iou=[0.936, 0.926] acc=0
r146 2021s L=0.0419 cov=[0.0159, 0.019] ov=[0.00027, 0.00032] P=6 S=51 arc=0.96 lr=0.0002 w_ov=4.72 iou=[0.936, 0.926] acc=0
r147 2034s L=0.04187 cov=[0.0159, 0.019] ov=[0.00027, 0.00032] P=6 S=51 arc=0.96 lr=0.0002 w_ov=4.83 iou=[0.936, 0.926] acc=1
r148 2045s L=0.04184 cov=[0.0159, 0.019] ov=[0.00026, 0.00032] P=6 S=51 arc=0.98 lr=0.00028 w_ov=4.95 iou=[0.936, 0.926] acc=0
r149 2057s L=0.04181 cov=[0.0159, 0.019] ov=[0.00026, 0.00031] P=6 S=51 arc=0.98 lr=0.0002 w_ov=5.06 iou=[0.936, 0.926] acc=0
r150 2068s L=0.04177 cov=[0.016, 0.019] ov=[0.00026, 0.00031] P=6 S=51 arc=0.96 lr=0.0002 w_ov=5.18 iou=[0.936, 0.926] acc=1
r151 2081s L=0.04174 cov=[0.016, 0.019] ov=[0.00025, 0.00031] P=6 S=51 arc=0.96 lr=0.0002 w_ov=5.29 iou=[0.936, 0.926] acc=0
r152 2092s L=0.04171 cov=[0.016, 0.019] ov=[0.00025, 0.00031] P=6 S=51 arc=0.96 lr=0.0002 w_ov=5.42 iou=[0.936, 0.926] acc=1
r153 2103s L=0.04167 cov=[0.016, 0.0191] ov=[0.00025, 0.0003] P=6 S=51 arc=0.96 lr=0.0002 w_ov=5.54 iou=[0.936, 0.926] acc=0
r154 2116s L=0.04164 cov=[0.016, 0.0191] ov=[0.00025, 0.0003] P=6 S=51 arc=0.94 lr=0.00028 w_ov=5.66 iou=[0.936, 0.926] acc=1
r155 2128s L=0.04149 cov=[0.016, 0.0191] ov=[0.00024, 0.00029] P=6 S=51 arc=0.94 lr=0.0016 w_ov=5.8 iou=[0.937, 0.926] acc=1
r156 2141s L=0.04123 cov=[0.016, 0.0192] ov=[0.00022, 0.00026] P=6 S=51 arc=0.94 lr=0.0023 w_ov=5.93 iou=[0.937, 0.926] acc=1
r157 2153s L=0.04102 cov=[0.0161, 0.0193] ov=[0.00022, 0.00024] P=6 S=51 arc=0.96 lr=0.0032 w_ov=6.08 iou=[0.937, 0.926] acc=0
r158 2164s L=0.04064 cov=[0.0161, 0.0194] ov=[0.00021, 0.0002] P=6 S=51 arc=0.94 lr=0.0045 w_ov=6.22 iou=[0.936, 0.925] acc=2
r159 2176s L=0.04054 cov=[0.0161, 0.0194] ov=[0.0002, 0.00019] P=6 S=51 arc=0.96 lr=0.0045 w_ov=6.36 iou=[0.936, 0.925] acc=0
r160 2188s L=0.0403 cov=[0.0162, 0.0196] ov=[0.00019, 0.00016] P=6 S=51 arc=0.92 lr=0.0064 w_ov=6.51 iou=[0.936, 0.924] acc=2
r161 2200s L=0.03998 cov=[0.0162, 0.0197] ov=[0.00018, 0.00012] P=6 S=51 arc=0.92 lr=0.0045 w_ov=6.66 iou=[0.936, 0.924] acc=1
r162 2212s L=0.03971 cov=[0.0163, 0.0197] ov=[0.00015, 0.00011] P=6 S=51 arc=0.94 lr=0.0045 w_ov=6.81 iou=[0.936, 0.924] acc=0
r163 2224s L=0.03958 cov=[0.0163, 0.0197] ov=[0.00015, 0.00011] P=6 S=51 arc=0.94 lr=0.0023 w_ov=6.97 iou=[0.936, 0.924] acc=0
r164 2235s L=0.03936 cov=[0.0163, 0.0197] ov=[0.00013, 9e-05] P=6 S=51 arc=0.94 lr=0.0023 w_ov=7.14 iou=[0.936, 0.924] acc=0
r165 2247s L=0.0392 cov=[0.0163, 0.0198] ov=[0.00012, 8e-05] P=6 S=51 arc=0.94 lr=0.0032 w_ov=7.29 iou=[0.936, 0.924] acc=0
r166 2257s L=0.03912 cov=[0.0163, 0.0198] ov=[0.00011, 8e-05] P=6 S=51 arc=0.94 lr=0.0023 w_ov=7.45 iou=[0.936, 0.924] acc=1
r167 2268s L=0.03906 cov=[0.0163, 0.0198] ov=[0.00011, 8e-05] P=6 S=51 arc=0.96 lr=0.0023 w_ov=7.6 iou=[0.936, 0.924] acc=0
r168 2281s L=0.03894 cov=[0.0163, 0.0198] ov=[0.0001, 7e-05] P=6 S=51 arc=0.92 lr=0.0032 w_ov=7.77 iou=[0.936, 0.924] acc=3
r169 2293s L=0.03884 cov=[0.0163, 0.0198] ov=[0.0001, 7e-05] P=6 S=51 arc=0.94 lr=0.0016 w_ov=7.96 iou=[0.936, 0.924] acc=1
r170 2305s L=0.0388 cov=[0.0163, 0.0198] ov=[0.0001, 6e-05] P=6 S=51 arc=0.96 lr=0.0008 w_ov=8.15 iou=[0.936, 0.924] acc=0
r171 2318s L=0.03876 cov=[0.0163, 0.0198] ov=[0.0001, 6e-05] P=6 S=51 arc=0.96 lr=0.0016 w_ov=8.34 iou=[0.936, 0.924] acc=1
r172 2328s L=0.03869 cov=[0.0163, 0.0199] ov=[9e-05, 5e-05] P=6 S=51 arc=0.98 lr=0.0011 w_ov=8.54 iou=[0.936, 0.924] acc=0
r173 2339s L=0.03865 cov=[0.0163, 0.0199] ov=[9e-05, 5e-05] P=6 S=51 arc=0.98 lr=0.0008 w_ov=8.72 iou=[0.936, 0.924] acc=0
r174 2350s L=0.03863 cov=[0.0163, 0.0199] ov=[9e-05, 5e-05] P=6 S=51 arc=0.98 lr=0.0002 w_ov=8.9 iou=[0.936, 0.924] acc=0
r175 2362s L=0.03862 cov=[0.0163, 0.0199] ov=[9e-05, 5e-05] P=6 S=51 arc=0.98 lr=0.0002 w_ov=9.08 iou=[0.936, 0.924] acc=0
r176 2374s L=0.03861 cov=[0.0163, 0.0199] ov=[9e-05, 5e-05] P=6 S=51 arc=0.98 lr=0.0002 w_ov=9.3 iou=[0.936, 0.925] acc=0
r177 2385s L=0.0386 cov=[0.0163, 0.0199] ov=[9e-05, 5e-05] P=6 S=51 arc=0.98 lr=0.0002 w_ov=9.52 iou=[0.936, 0.925] acc=0
r178 2397s L=0.03859 cov=[0.0163, 0.0199] ov=[9e-05, 5e-05] P=6 S=51 arc=0.98 lr=0.00028 w_ov=9.71 iou=[0.936, 0.925] acc=0
r179 2409s L=0.03858 cov=[0.0163, 0.0199] ov=[9e-05, 5e-05] P=6 S=51 arc=0.98 lr=0.0002 w_ov=9.94 iou=[0.936, 0.925] acc=0
{
 "Rotate": {
  "proposed": 1749,
  "accepted": 3,
  "scope": "per-target",
  "rate": 0.0017152658662092624
 },
 "Flip": {
  "proposed": 780,
  "accepted": 1,
  "scope": "per-target",
  "rate": 0.001282051282051282
 },
 "Split": {
  "proposed": 3889,
  "accepted": 42,
  "scope": "shared",
  "rate": 0.010799691437387503
 },
 "ToArc": {
  "proposed": 379,
  "accepted": 151,
  "scope": "shared",
  "rate": 0.39841688654353563
 },
 "Merge": {
  "proposed": 1171,
  "accepted": 45,
  "scope": "shared",
  "rate": 0.03842869342442357
 },
 "SwapPoses": {
  "proposed": 1315,
  "accepted": 0,
  "scope": "per-target",
  "rate": 0.0
 },
 "MergeClose": {
  "proposed": 5,
  "accepted": 3,
  "scope": "shared",
  "rate": 0.6
 },
 "forced:RemoveSmallPart": {
  "proposed": 0,
  "accepted": 3,
  "scope": "shared",
  "rate": 3.0
 },
 "ToLine": {
  "proposed": 2232,
  "accepted": 85,
  "scope": "shared",
  "rate": 0.03808243727598566
 },
 "forced:CutPart": {
  "proposed": 0,
  "accepted": 1,
  "scope": "shared",
  "rate": 1.0
 }
}
EVAL avg_chamfer=7.175 avg_hausdorff=32.474 pieces=6->6 loss=0.038584
