r0 13s L=1.59 cov=[0.0258, 0.0621] ov=[0.06602, 0.08406] P=8 S=78 arc=0.00 lr=1 w_ov=0.1 iou=[0.896, 0.81] acc=18
r1 26s L=1.765 cov=[0.0187, 0.0425] ov=[0.07972, 0.09053] P=6 S=73 arc=0.08 lr=0.71 w_ov=0.103 iou=[0.926, 0.868] acc=15
r2 44s L=1.223 cov=[0.0206, 0.036] ov=[0.06049, 0.05606] P=6 S=74 arc=0.12 lr=0.71 w_ov=0.105 iou=[0.916, 0.889] acc=9
r3 55s L=1.031 cov=[0.0127, 0.0237] ov=[0.04626, 0.0531] P=6 S=71 arc=0.17 lr=0.71 w_ov=0.109 iou=[0.946, 0.913] acc=16
r4 66s L=0.9187 cov=[0.0123, 0.015] ov=[0.04429, 0.04472] P=6 S=79 arc=0.20 lr=0.71 w_ov=0.111 iou=[0.948, 0.938] acc=19
r5 80s L=0.8816 cov=[0.008, 0.0124] ov=[0.04224, 0.04374] P=6 S=76 arc=0.29 lr=0.25 w_ov=0.113 iou=[0.962, 0.945] acc=12
r6 94s L=0.7954 cov=[0.0077, 0.011] ov=[0.03761, 0.03993] P=6 S=76 arc=0.38 lr=0.25 w_ov=0.117 iou=[0.963, 0.949] acc=8
r7 108s L=0.7377 cov=[0.0076, 0.0093] ov=[0.03545, 0.03649] P=6 S=74 arc=0.43 lr=0.25 w_ov=0.12 iou=[0.951, 0.946] acc=11
r8 123s L=0.669 cov=[0.0074, 0.0079] ov=[0.03417, 0.03107] P=6 S=72 arc=0.53 lr=0.35 w_ov=0.123 iou=[0.965, 0.96] acc=5
r9 136s L=0.574 cov=[0.0071, 0.007] ov=[0.02852, 0.02734] P=6 S=71 arc=0.56 lr=0.35 w_ov=0.127 iou=[0.965, 0.962] acc=8
r10 151s L=0.5436 cov=[0.0072, 0.0066] ov=[0.02625, 0.02659] P=6 S=72 arc=0.65 lr=0.35 w_ov=0.13 iou=[0.965, 0.962] acc=4
r11 165s L=0.5349 cov=[0.0074, 0.0065] ov=[0.02707, 0.0249] P=6 S=73 arc=0.71 lr=0.35 w_ov=0.134 iou=[0.967, 0.962] acc=5
r12 182s L=0.5849 cov=[0.0069, 0.0057] ov=[0.02851, 0.02859] P=6 S=69 arc=0.67 lr=0.25 w_ov=0.137 iou=[0.967, 0.964] acc=7
r13 197s L=0.4712 cov=[0.0068, 0.0054] ov=[0.02231, 0.02346] P=6 S=68 arc=0.69 lr=0.25 w_ov=0.142 iou=[0.967, 0.967] acc=4
r14 214s L=0.4641 cov=[0.0068, 0.0052] ov=[0.02187, 0.02321] P=6 S=68 arc=0.72 lr=0.13 w_ov=0.146 iou=[0.968, 0.967] acc=5
r15 229s L=0.4553 cov=[0.0068, 0.005] ov=[0.02141, 0.02282] P=6 S=68 arc=0.76 lr=0.25 w_ov=0.151 iou=[0.967, 0.968] acc=2
r16 245s L=0.4521 cov=[0.0068, 0.0049] ov=[0.02131, 0.02262] P=6 S=68 arc=0.78 lr=0.25 w_ov=0.155 iou=[0.968, 0.968] acc=0
r17 259s L=0.4439 cov=[0.0068, 0.0048] ov=[0.02087, 0.02224] P=6 S=68 arc=0.78 lr=0.25 w_ov=0.16 iou=[0.968, 0.969] acc=2
r18 272s L=0.4394 cov=[0.0067, 0.0048] ov=[0.02067, 0.02198] P=6 S=65 arc=0.82 lr=0.13 w_ov=0.164 iou=[0.968, 0.969] acc=3
r19 287s L=0.4301 cov=[0.0067, 0.0048] ov=[0.02008, 0.02166] P=6 S=66 arc=0.80 lr=0.18 w_ov=0.169 iou=[0.968, 0.969] acc=3
r20 300s L=0.4222 cov=[0.0067, 0.0046] ov=[0.01963, 0.02133] P=6 S=66 arc=0.83 lr=0.18 w_ov=0.174 iou=[0.968, 0.969] acc=3
r21 314s L=0.4107 cov=[0.0067, 0.0046] ov=[0.0191, 0.02071] P=6 S=66 arc=0.86 lr=0.25 w_ov=0.178 iou=[0.968, 0.969] acc=4
r22 329s L=0.4022 cov=[0.0076, 0.0042] ov=[0.01863, 0.02028] P=6 S=64 arc=0.89 lr=0.35 w_ov=0.183 iou=[0.965, 0.971] acc=1
r23 341s L=0.399 cov=[0.0075, 0.0043] ov=[0.01842, 0.02018] P=6 S=64 arc=0.89 lr=0.13 w_ov=0.188 iou=[0.965, 0.972] acc=1
r24 355s L=0.3819 cov=[0.0076, 0.0042] ov=[0.01741, 0.01947] P=6 S=64 arc=0.91 lr=0.18 w_ov=0.193 iou=[0.965, 0.971] acc=1
r25 368s L=0.3688 cov=[0.0077, 0.0043] ov=[0.01667, 0.0189] P=6 S=64 arc=0.91 lr=0.25 w_ov=0.198 iou=[0.965, 0.972] acc=3
r26 382s L=0.3462 cov=[0.0076, 0.0043] ov=[0.01559, 0.01772] P=6 S=64 arc=0.91 lr=0.25 w_ov=0.203 iou=[0.965, 0.971] acc=1
r27 395s L=0.3327 cov=[0.0077, 0.0043] ov=[0.01484, 0.01711] P=6 S=65 arc=0.89 lr=0.25 w_ov=0.208 iou=[0.964, 0.972] acc=4
r28 410s L=0.3251 cov=[0.0077, 0.0041] ov=[0.01456, 0.01665] P=6 S=65 arc=0.92 lr=0.13 w_ov=0.213 iou=[0.965, 0.972] acc=0
r29 425s L=0.3189 cov=[0.0077, 0.0041] ov=[0.01423, 0.01635] P=6 S=65 arc=0.92 lr=0.18 w_ov=0.22 iou=[0.964, 0.972] acc=0
r30 438s L=0.3154 cov=[0.0077, 0.0041] ov=[0.01406, 0.01618] P=6 S=65 arc=0.91 lr=0.18 w_ov=0.226 iou=[0.964, 0.972] acc=2
r31 451s L=0.3092 cov=[0.0077, 0.0042] ov=[0.01364, 0.01596] P=6 S=65 arc=0.92 lr=0.088 w_ov=0.232 iou=[0.964, 0.972] acc=1
r32 465s L=0.3052 cov=[0.0077, 0.0041] ov=[0.01351, 0.01569] P=6 S=65 arc=0.94 lr=0.088 w_ov=0.238 iou=[0.964, 0.971] acc=0
r33 478s L=0.2999 cov=[0.0078, 0.0042] ov=[0.01321, 0.01546] P=6 S=65 arc=0.94 lr=0.13 w_ov=0.244 iou=[0.964, 0.971] acc=0
r34 492s L=0.2943 cov=[0.0078, 0.0042] ov=[0.01289, 0.01522] P=6 S=65 arc=0.94 lr=0.13 w_ov=0.25 iou=[0.964, 0.971] acc=0
r35 504s L=0.2885 cov=[0.0078, 0.0042] ov=[0.01258, 0.01494] P=6 S=65 arc=0.94 lr=0.18 w_ov=0.257 iou=[0.963, 0.972] acc=0
r36 520s L=0.2839 cov=[0.0079, 0.0043] ov=[0.01236, 0.0147] P=6 S=65 arc=0.94 lr=0.088 w_ov=0.263 iou=[0.963, 0.971] acc=1
r37 533s L=0.2781 cov=[0.0079, 0.0043] ov=[0.01195, 0.01451] P=6 S=65 arc=0.94 lr=0.13 w_ov=0.271 iou=[0.963, 0.972] acc=1
r38 547s L=0.2754 cov=[0.0079, 0.0043] ov=[0.01183, 0.01435] P=6 S=65 arc=0.94 lr=0.18 w_ov=0.278 iou=[0.962, 0.972] acc=2
r39 561s L=0.2737 cov=[0.008, 0.0043] ov=[0.01173, 0.01429] P=6 S=65 arc=0.97 lr=0.25 w_ov=0.286 iou=[0.962, 0.971] acc=0
r40 576s L=0.264 cov=[0.008, 0.0044] ov=[0.01117, 0.01386] P=6 S=65 arc=0.97 lr=0.088 w_ov=0.294 iou=[0.962, 0.971] acc=0
r41 590s L=0.2603 cov=[0.0081, 0.0045] ov=[0.011, 0.01365] P=6 S=65 arc=0.97 lr=0.13 w_ov=0.302 iou=[0.962, 0.97] acc=0
r42 605s L=0.2556 cov=[0.0081, 0.0045] ov=[0.01076, 0.0134] P=6 S=65 arc=0.97 lr=0.18 w_ov=0.31 iou=[0.962, 0.97] acc=1
r43 620s L=0.2516 cov=[0.0082, 0.0046] ov=[0.01063, 0.01313] P=6 S=65 arc=0.98 lr=0.088 w_ov=0.319 iou=[0.962, 0.969] acc=0
r44 635s L=0.2433 cov=[0.0082, 0.0047] ov=[0.01036, 0.01255] P=6 S=65 arc=0.97 lr=0.13 w_ov=0.329 iou=[0.962, 0.969] acc=1
r45 649s L=0.2365 cov=[0.0083, 0.0048] ov=[0.01003, 0.01219] P=6 S=65 arc=0.95 lr=0.18 w_ov=0.338 iou=[0.962, 0.97] acc=1
r46 663s L=0.2308 cov=[0.0084, 0.0049] ov=[0.00973, 0.0119] P=6 S=65 arc=0.95 lr=0.088 w_ov=0.347 iou=[0.962, 0.969] acc=0
r47 678s L=0.2271 cov=[0.0084, 0.0049] ov=[0.00953, 0.01172] P=6 S=65 arc=0.94 lr=0.13 w_ov=0.357 iou=[0.962, 0.969] acc=1
r48 693s L=0.2238 cov=[0.0083, 0.0051] ov=[0.00932, 0.0116] P=6 S=65 arc=0.92 lr=0.18 w_ov=0.368 iou=[0.962, 0.969] acc=3
r49 708s L=0.2216 cov=[0.0083, 0.0051] ov=[0.0092, 0.01148] P=6 S=64 arc=0.95 lr=0.088 w_ov=0.378 iou=[0.962, 0.968] acc=1
r50 721s L=0.2188 cov=[0.0083, 0.0052] ov=[0.009, 0.01141] P=6 S=64 arc=0.95 lr=0.13 w_ov=0.389 iou=[0.962, 0.969] acc=0
r51 734s L=0.2151 cov=[0.0084, 0.0052] ov=[0.00875, 0.01128] P=6 S=64 arc=0.95 lr=0.18 w_ov=0.399 iou=[0.962, 0.968] acc=1
r52 746s L=0.2108 cov=[0.0085, 0.0053] ov=[0.00848, 0.0111] P=6 S=64 arc=0.97 lr=0.088 w_ov=0.409 iou=[0.962, 0.968] acc=0
r53 758s L=0.2067 cov=[0.0085, 0.0053] ov=[0.00823, 0.01093] P=6 S=64 arc=0.97 lr=0.13 w_ov=0.419 iou=[0.961, 0.968] acc=0
r54 772s L=0.2039 cov=[0.0086, 0.0054] ov=[0.00809, 0.01078] P=6 S=64 arc=0.97 lr=0.063 w_ov=0.428 iou=[0.96, 0.968] acc=0
r55 787s L=0.2013 cov=[0.0086, 0.0054] ov=[0.00796, 0.01064] P=6 S=64 arc=0.97 lr=0.13 w_ov=0.44 iou=[0.96, 0.968] acc=1
r56 800s L=0.1987 cov=[0.0087, 0.0055] ov=[0.00784, 0.01049] P=6 S=64 arc=0.98 lr=0.063 w_ov=0.453 iou=[0.96, 0.968] acc=0
r57 815s L=0.1957 cov=[0.0087, 0.0055] ov=[0.00767, 0.01035] P=6 S=64 arc=0.98 lr=0.088 w_ov=0.464 iou=[0.96, 0.968] acc=0
r58 827s L=0.1915 cov=[0.0088, 0.0056] ov=[0.0074, 0.01018] P=6 S=63 arc=0.97 lr=0.13 w_ov=0.478 iou=[0.96, 0.967] acc=2
r59 842s L=0.188 cov=[0.0089, 0.0056] ov=[0.00725, 0.00997] P=6 S=63 arc=0.97 lr=0.063 w_ov=0.489 iou=[0.96, 0.967] acc=0
r60 856s L=0.1787 cov=[0.0091, 0.0058] ov=[0.00674, 0.00951] P=6 S=63 arc=0.97 lr=0.088 w_ov=0.503 iou=[0.959, 0.966] acc=0
r61 868s L=0.1732 cov=[0.0092, 0.0058] ov=[0.00651, 0.00918] P=6 S=63 arc=0.94 lr=0.13 w_ov=0.517 iou=[0.958, 0.967] acc=2
r62 883s L=0.1649 cov=[0.0094, 0.006] ov=[0.00611, 0.00871] P=6 S=63 arc=0.94 lr=0.13 w_ov=0.529 iou=[0.958, 0.966] acc=0
r63 896s L=0.1607 cov=[0.0095, 0.006] ov=[0.00589, 0.0085] P=6 S=64 arc=0.94 lr=0.13 w_ov=0.544 iou=[0.957, 0.966] acc=3
r64 910s L=0.1547 cov=[0.0096, 0.0061] ov=[0.00554, 0.00824] P=6 S=64 arc=0.95 lr=0.13 w_ov=0.558 iou=[0.957, 0.964] acc=1
r65 922s L=0.1484 cov=[0.0096, 0.0062] ov=[0.00523, 0.00791] P=6 S=64 arc=0.95 lr=0.063 w_ov=0.573 iou=[0.956, 0.964] acc=0
r66 935s L=0.1423 cov=[0.0097, 0.0063] ov=[0.00492, 0.00758] P=6 S=64 arc=0.95 lr=0.088 w_ov=0.587 iou=[0.955, 0.964] acc=0
r67 946s L=0.1381 cov=[0.0098, 0.0064] ov=[0.00471, 0.00735] P=6 S=64 arc=0.95 lr=0.044 w_ov=0.602 iou=[0.955, 0.964] acc=0
r68 959s L=0.1354 cov=[0.0098, 0.0065] ov=[0.00462, 0.00717] P=6 S=64 arc=0.95 lr=0.063 w_ov=0.615 iou=[0.955, 0.964] acc=1
r69 971s L=0.1311 cov=[0.01, 0.0066] ov=[0.00448, 0.00685] P=6 S=64 arc=0.95 lr=0.088 w_ov=0.63 iou=[0.954, 0.963] acc=3
r70 984s L=0.1257 cov=[0.0101, 0.0067] ov=[0.00429, 0.00647] P=6 S=64 arc=0.97 lr=0.13 w_ov=0.645 iou=[0.954, 0.963] acc=1
r71 997s L=0.1198 cov=[0.0102, 0.0069] ov=[0.00402, 0.00613] P=6 S=64 arc=0.97 lr=0.063 w_ov=0.661 iou=[0.953, 0.963] acc=0
r72 1009s L=0.1155 cov=[0.0103, 0.007] ov=[0.00383, 0.00586] P=6 S=64 arc=0.97 lr=0.088 w_ov=0.677 iou=[0.954, 0.962] acc=0
r73 1024s L=0.1117 cov=[0.0103, 0.0072] ov=[0.00355, 0.00574] P=6 S=64 arc=0.97 lr=0.13 w_ov=0.694 iou=[0.953, 0.961] acc=0
r74 1036s L=0.1074 cov=[0.0103, 0.0074] ov=[0.00322, 0.00562] P=6 S=65 arc=0.97 lr=0.13 w_ov=0.713 iou=[0.953, 0.961] acc=1
r75 1050s L=0.1017 cov=[0.0103, 0.0074] ov=[0.00263, 0.00564] P=6 S=64 arc=0.95 lr=0.13 w_ov=0.73 iou=[0.953, 0.962] acc=3
r76 1064s L=0.1002 cov=[0.0104, 0.0075] ov=[0.00258, 0.00553] P=6 S=64 arc=0.95 lr=0.063 w_ov=0.75 iou=[0.953, 0.96] acc=1
r77 1078s L=0.09417 cov=[0.0103, 0.0075] ov=[0.0022, 0.0053] P=6 S=64 arc=0.94 lr=0.088 w_ov=0.77 iou=[0.953, 0.961] acc=2
r78 1090s L=0.09216 cov=[0.0103, 0.0076] ov=[0.00212, 0.00518] P=6 S=64 arc=0.94 lr=0.044 w_ov=0.791 iou=[0.952, 0.961] acc=1
r79 1104s L=0.0905 cov=[0.0104, 0.0076] ov=[0.00205, 0.00508] P=6 S=64 arc=0.94 lr=0.063 w_ov=0.81 iou=[0.952, 0.961] acc=1
r80 1117s L=0.08877 cov=[0.0104, 0.0076] ov=[0.00195, 0.005] P=6 S=64 arc=0.94 lr=0.031 w_ov=0.833 iou=[0.952, 0.961] acc=1
r81 1128s L=0.0874 cov=[0.0105, 0.0076] ov=[0.0019, 0.0049] P=6 S=64 arc=0.94 lr=0.044 w_ov=0.852 iou=[0.952, 0.961] acc=0
r82 1141s L=0.08622 cov=[0.0105, 0.0077] ov=[0.00187, 0.00481] P=6 S=64 arc=0.94 lr=0.063 w_ov=0.871 iou=[0.952, 0.961] acc=1
r83 1155s L=0.08467 cov=[0.0106, 0.0077] ov=[0.00183, 0.00468] P=6 S=64 arc=0.95 lr=0.044 w_ov=0.893 iou=[0.951, 0.961] acc=0
r84 1170s L=0.08343 cov=[0.0106, 0.0077] ov=[0.00178, 0.00461] P=6 S=64 arc=0.95 lr=0.022 w_ov=0.917 iou=[0.951, 0.961] acc=0
r85 1183s L=0.0825 cov=[0.0107, 0.0078] ov=[0.00173, 0.00456] P=6 S=64 arc=0.95 lr=0.011 w_ov=0.944 iou=[0.951, 0.961] acc=0
r86 1196s L=0.08219 cov=[0.0107, 0.0078] ov=[0.0017, 0.00454] P=6 S=64 arc=0.95 lr=0.00035 w_ov=0.969 iou=[0.951, 0.961] acc=0
r87 1209s L=0.08216 cov=[0.0107, 0.0078] ov=[0.0017, 0.00454] P=6 S=64 arc=0.95 lr=0.0002 w_ov=0.993 iou=[0.951, 0.961] acc=1
r88 1221s L=0.0821 cov=[0.0107, 0.0078] ov=[0.0017, 0.00454] P=6 S=64 arc=0.97 lr=0.0002 w_ov=1.02 iou=[0.951, 0.961] acc=1
r89 1233s L=0.08202 cov=[0.0107, 0.0078] ov=[0.00169, 0.00454] P=6 S=64 arc=0.95 lr=0.0002 w_ov=1.04 iou=[0.951, 0.961] acc=2
r90 1247s L=0.08199 cov=[0.0107, 0.0078] ov=[0.00169, 0.00453] P=6 S=64 arc=0.95 lr=0.0002 w_ov=1.07 iou=[0.951, 0.961] acc=1
r91 1261s L=0.08188 cov=[0.0107, 0.0078] ov=[0.00169, 0.00452] P=6 S=64 arc=0.95 lr=0.0002 w_ov=1.09 iou=[0.951, 0.961] acc=0
r92 1275s L=0.08177 cov=[0.0107, 0.0078] ov=[0.00169, 0.00452] P=6 S=64 arc=0.97 lr=0.0002 w_ov=1.12 iou=[0.951, 0.961] acc=1
r93 1289s L=0.08168 cov=[0.0107, 0.0078] ov=[0.00168, 0.00451] P=6 S=64 arc=0.97 lr=0.0002 w_ov=1.16 iou=[0.951, 0.961] acc=1
r94 1300s L=0.08149 cov=[0.0107, 0.0078] ov=[0.00167, 0.0045] P=6 S=64 arc=0.97 lr=0.0002 w_ov=1.19 iou=[0.951, 0.96] acc=0
r95 1313s L=0.08137 cov=[0.0107, 0.0078] ov=[0.00166, 0.00449] P=6 S=64 arc=0.97 lr=0.0002 w_ov=1.21 iou=[0.951, 0.96] acc=1
r96 1326s L=0.08118 cov=[0.0107, 0.0079] ov=[0.00165, 0.00448] P=6 S=64 arc=0.97 lr=0.00028 w_ov=1.24 iou=[0.951, 0.96] acc=1
r97 1340s L=0.08098 cov=[0.0107, 0.0079] ov=[0.00164, 0.00447] P=6 S=64 arc=0.97 lr=0.00028 w_ov=1.27 iou=[0.951, 0.96] acc=0
r98 1353s L=0.08073 cov=[0.0107, 0.0079] ov=[0.00163, 0.00446] P=6 S=64 arc=0.97 lr=0.0002 w_ov=1.31 iou=[0.95, 0.96] acc=0
r99 1364s L=0.08051 cov=[0.0108, 0.0079] ov=[0.00162, 0.00444] P=6 S=63 arc=0.97 lr=0.0002 w_ov=1.34 iou=[0.949, 0.96] acc=1
r100 1376s L=0.07955 cov=[0.0109, 0.0079] ov=[0.00161, 0.00435] P=6 S=63 arc=0.97 lr=0.0002 w_ov=1.37 iou=[0.949, 0.96] acc=0
r101 1390s L=0.07934 cov=[0.0109, 0.008] ov=[0.00159, 0.00434] P=6 S=63 arc=0.97 lr=0.0002 w_ov=1.4 iou=[0.949, 0.96] acc=0
r102 1404s L=0.07909 cov=[0.0109, 0.008] ov=[0.00158, 0.00432] P=6 S=63 arc=0.95 lr=0.0002 w_ov=1.44 iou=[0.949, 0.959] acc=1
r103 1417s L=0.07697 cov=[0.011, 0.0082] ov=[0.00135, 0.00431] P=6 S=63 arc=0.95 lr=0.0002 w_ov=1.48 iou=[0.949, 0.959] acc=0
r104 1429s L=0.07667 cov=[0.011, 0.0082] ov=[0.00134, 0.00428] P=6 S=63 arc=0.95 lr=0.00028 w_ov=1.52 iou=[0.949, 0.959] acc=1
r105 1445s L=0.0751 cov=[0.0111, 0.0083] ov=[0.00127, 0.00418] P=6 S=63 arc=0.97 lr=0.0045 w_ov=1.55 iou=[0.949, 0.959] acc=1
r106 1456s L=0.06493 cov=[0.0117, 0.0089] ov=[0.0009, 0.0034] P=6 S=63 arc=0.98 lr=0.051 w_ov=1.6 iou=[0.948, 0.956] acc=0
r107 1470s L=0.05712 cov=[0.0123, 0.0091] ov=[0.00067, 0.00279] P=6 S=63 arc=0.98 lr=0.072 w_ov=1.63 iou=[0.946, 0.956] acc=0
r108 1485s L=0.05397 cov=[0.0126, 0.009] ov=[0.00068, 0.00243] P=6 S=63 arc=0.97 lr=0.051 w_ov=1.68 iou=[0.945, 0.956] acc=1
r109 1497s L=0.04901 cov=[0.0129, 0.0091] ov=[0.00048, 0.0021] P=6 S=63 arc=0.97 lr=0.051 w_ov=1.73 iou=[0.943, 0.957] acc=0
r110 1510s L=0.04684 cov=[0.013, 0.0091] ov=[0.00042, 0.00193] P=6 S=63 arc=0.97 lr=0.036 w_ov=1.77 iou=[0.943, 0.956] acc=1
r111 1525s L=0.04495 cov=[0.0132, 0.0092] ov=[0.00035, 0.00178] P=6 S=63 arc=0.97 lr=0.026 w_ov=1.81 iou=[0.942, 0.957] acc=1
r112 1539s L=0.04359 cov=[0.0132, 0.0093] ov=[0.00032, 0.00166] P=6 S=63 arc=0.97 lr=0.026 w_ov=1.87 iou=[0.942, 0.957] acc=0
r113 1551s L=0.04302 cov=[0.0133, 0.0092] ov=[0.00031, 0.00162] P=6 S=63 arc=0.95 lr=0.036 w_ov=1.92 iou=[0.942, 0.956] acc=2
r114 1563s L=0.04221 cov=[0.0133, 0.0092] ov=[0.00027, 0.00157] P=6 S=63 arc=0.97 lr=0.036 w_ov=1.96 iou=[0.942, 0.957] acc=1
r115 1577s L=0.04163 cov=[0.0133, 0.0093] ov=[0.00026, 0.00152] P=6 S=63 arc=0.97 lr=0.018 w_ov=2.01 iou=[0.943, 0.956] acc=1
r116 1592s L=0.04085 cov=[0.0133, 0.0094] ov=[0.00023, 0.00146] P=6 S=63 arc=0.97 lr=0.026 w_ov=2.06 iou=[0.942, 0.955] acc=1
r117 1606s L=0.03995 cov=[0.0134, 0.0094] ov=[0.00022, 0.00136] P=6 S=63 arc=0.97 lr=0.0091 w_ov=2.12 iou=[0.942, 0.956] acc=2
r118 1619s L=0.0396 cov=[0.0134, 0.0095] ov=[0.00022, 0.00133] P=6 S=63 arc=0.98 lr=0.018 w_ov=2.18 iou=[0.942, 0.955] acc=0
r119 1633s L=0.03906 cov=[0.0135, 0.0095] ov=[0.00021, 0.00128] P=6 S=63 arc=0.98 lr=0.018 w_ov=2.24 iou=[0.941, 0.955] acc=1
r120 1648s L=0.03853 cov=[0.0136, 0.0095] ov=[0.0002, 0.00123] P=6 S=63 arc=1.00 lr=0.0091 w_ov=2.29 iou=[0.941, 0.955] acc=0
r121 1661s L=0.03829 cov=[0.0136, 0.0095] ov=[0.0002, 0.0012] P=6 S=63 arc=1.00 lr=0.0064 w_ov=2.36 iou=[0.941, 0.955] acc=0
r122 1674s L=0.03783 cov=[0.0136, 0.0095] ov=[0.00019, 0.00115] P=6 S=63 arc=1.00 lr=0.013 w_ov=2.42 iou=[0.942, 0.955] acc=0
r123 1688s L=0.03749 cov=[0.0137, 0.0095] ov=[0.00019, 0.00112] P=6 S=63 arc=1.00 lr=0.018 w_ov=2.48 iou=[0.941, 0.955] acc=0
r124 1701s L=0.03722 cov=[0.0137, 0.0095] ov=[0.00018, 0.0011] P=6 S=63 arc=1.00 lr=0.0091 w_ov=2.55 iou=[0.941, 0.955] acc=0
r125 1714s L=0.03682 cov=[0.0138, 0.0095] ov=[0.00016, 0.00106] P=6 S=63 arc=1.00 lr=0.018 w_ov=2.61 iou=[0.941, 0.955] acc=0
r126 1726s L=0.03607 cov=[0.0139, 0.0096] ov=[0.00016, 0.00098] P=6 S=63 arc=1.00 lr=0.018 w_ov=2.68 iou=[0.94, 0.955] acc=0
r127 1740s L=0.0356 cov=[0.0139, 0.0096] ov=[0.00014, 0.00095] P=6 S=63 arc=1.00 lr=0.018 w_ov=2.75 iou=[0.94, 0.955] acc=0
r128 1752s L=0.03528 cov=[0.0139, 0.0096] ov=[0.00013, 0.00092] P=6 S=63 arc=1.00 lr=0.013 w_ov=2.82 iou=[0.94, 0.955] acc=0
r129 1765s L=0.03497 cov=[0.014, 0.0096] ov=[0.00013, 0.00089] P=6 S=63 arc=1.00 lr=0.0064 w_ov=2.89 iou=[0.94, 0.955] acc=0
r130 1778s L=0.03473 cov=[0.014, 0.0096] ov=[0.00012, 0.00086] P=6 S=63 arc=1.00 lr=0.0091 w_ov=2.96 iou=[0.94, 0.955] acc=0
r131 1792s L=0.03434 cov=[0.0141, 0.0097] ov=[0.00012, 0.00082] P=6 S=63 arc=0.98 lr=0.013 w_ov=3.03 iou=[0.94, 0.955] acc=1
r132 1805s L=0.03394 cov=[0.0141, 0.0097] ov=[0.00011, 0.00078] P=6 S=63 arc=0.97 lr=0.0045 w_ov=3.11 iou=[0.94, 0.955] acc=1
r133 1820s L=0.03352 cov=[0.0142, 0.0097] ov=[0.00011, 0.00073] P=6 S=63 arc=0.97 lr=0.0064 w_ov=3.19 iou=[0.94, 0.955] acc=0
r134 1835s L=0.03324 cov=[0.0142, 0.0097] ov=[0.0001, 0.0007] P=6 S=63 arc=0.97 lr=0.0091 w_ov=3.29 iou=[0.94, 0.954] acc=0
r135 1849s L=0.03294 cov=[0.0142, 0.0098] ov=[0.00011, 0.00066] P=6 S=63 arc=0.97 lr=0.013 w_ov=3.38 iou=[0.94, 0.954] acc=0
r136 1863s L=0.03241 cov=[0.0143, 0.0098] ov=[9e-05, 0.00061] P=6 S=63 arc=0.97 lr=0.0091 w_ov=3.48 iou=[0.939, 0.954] acc=0
r137 1876s L=0.03226 cov=[0.0143, 0.0098] ov=[9e-05, 0.00061] P=6 S=63 arc=0.97 lr=0.0045 w_ov=3.57 iou=[0.939, 0.954] acc=0
r138 1890s L=0.03213 cov=[0.0143, 0.0098] ov=[9e-05, 0.00059] P=6 S=63 arc=0.95 lr=0.0032 w_ov=3.66 iou=[0.938, 0.954] acc=2
r139 1902s L=0.03202 cov=[0.0144, 0.0098] ov=[8e-05, 0.00058] P=6 S=63 arc=0.95 lr=0.0064 w_ov=3.76 iou=[0.939, 0.954] acc=0
r140 1916s L=0.03175 cov=[0.0144, 0.0098] ov=[7e-05, 0.00056] P=6 S=63 arc=0.97 lr=0.0045 w_ov=3.85 iou=[0.938, 0.954] acc=1
r141 1928s L=0.03136 cov=[0.0145, 0.0099] ov=[6e-05, 0.00051] P=6 S=63 arc=0.95 lr=0.0032 w_ov=3.95 iou=[0.938, 0.954] acc=2
r142 1942s L=0.03109 cov=[0.0145, 0.0099] ov=[6e-05, 0.00049] P=6 S=63 arc=0.95 lr=0.0023 w_ov=4.04 iou=[0.938, 0.954] acc=2
r143 1956s L=0.03085 cov=[0.0146, 0.0099] ov=[5e-05, 0.00046] P=6 S=63 arc=0.97 lr=0.0091 w_ov=4.15 iou=[0.938, 0.954] acc=0
r144 1968s L=0.03057 cov=[0.0147, 0.0099] ov=[5e-05, 0.00043] P=6 S=63 arc=0.98 lr=0.0045 w_ov=4.27 iou=[0.938, 0.954] acc=0
r145 1981s L=0.03029 cov=[0.0147, 0.01] ov=[4e-05, 0.00039] P=6 S=63 arc=0.98 lr=0.0064 w_ov=4.37 iou=[0.938, 0.953] acc=0
r146 1993s L=0.03006 cov=[0.0147, 0.01] ov=[4e-05, 0.00036] P=6 S=63 arc=0.98 lr=0.0045 w_ov=4.48 iou=[0.938, 0.953] acc=0
r147 2006s L=0.02997 cov=[0.0148, 0.01] ov=[5e-05, 0.00035] P=6 S=63 arc=0.98 lr=0.0032 w_ov=4.58 iou=[0.938, 0.953] acc=0
r148 2019s L=0.02986 cov=[0.0148, 0.01] ov=[4e-05, 0.00034] P=6 S=63 arc=0.98 lr=0.0008 w_ov=4.7 iou=[0.938, 0.953] acc=0
r149 2035s L=0.02984 cov=[0.0148, 0.01] ov=[4e-05, 0.00034] P=6 S=63 arc=0.98 lr=0.00028 w_ov=4.82 iou=[0.938, 0.953] acc=0
r150 2047s L=0.02983 cov=[0.0148, 0.01] ov=[4e-05, 0.00034] P=6 S=63 arc=0.98 lr=0.0002 w_ov=4.97 iou=[0.938, 0.953] acc=1
r151 2061s L=0.02982 cov=[0.0148, 0.01] ov=[4e-05, 0.00034] P=6 S=63 arc=1.00 lr=0.0002 w_ov=5.08 iou=[0.938, 0.953] acc=0
r152 2072s L=0.0298 cov=[0.0148, 0.01] ov=[4e-05, 0.00034] P=6 S=63 arc=1.00 lr=0.0002 w_ov=5.22 iou=[0.938, 0.953] acc=0
r153 2085s L=0.02979 cov=[0.0148, 0.01] ov=[4e-05, 0.00034] P=6 S=63 arc=1.00 lr=0.0002 w_ov=5.33 iou=[0.938, 0.953] acc=0
r154 2099s L=0.02976 cov=[0.0148, 0.01] ov=[4e-05, 0.00033] P=6 S=63 arc=1.00 lr=0.0002 w_ov=5.47 iou=[0.937, 0.953] acc=0
r155 2113s L=0.02974 cov=[0.0148, 0.01] ov=[4e-05, 0.00033] P=6 S=63 arc=1.00 lr=0.0002 w_ov=5.62 iou=[0.937, 0.953] acc=0
r156 2128s L=0.02972 cov=[0.0148, 0.01] ov=[3e-05, 0.00033] P=6 S=63 arc=1.00 lr=0.0002 w_ov=5.77 iou=[0.937, 0.953] acc=0
r157 2142s L=0.02969 cov=[0.0148, 0.01] ov=[3e-05, 0.00032] P=6 S=63 arc=1.00 lr=0.0002 w_ov=5.94 iou=[0.937, 0.953] acc=0
r158 2153s L=0.02967 cov=[0.0148, 0.0101] ov=[3e-05, 0.00032] P=6 S=63 arc=1.00 lr=0.0002 w_ov=6.1 iou=[0.937, 0.953] acc=0
r159 2168s L=0.02964 cov=[0.0148, 0.0101] ov=[3e-05, 0.00032] P=6 S=63 arc=1.00 lr=0.0002 w_ov=6.23 iou=[0.937, 0.953] acc=0
r160 2182s L=0.02962 cov=[0.0149, 0.0101] ov=[3e-05, 0.00032] P=6 S=63 arc=1.00 lr=0.0002 w_ov=6.4 iou=[0.937, 0.953] acc=0
r161 2195s L=0.0296 cov=[0.0149, 0.0101] ov=[3e-05, 0.00031] P=6 S=63 arc=1.00 lr=0.0002 w_ov=6.58 iou=[0.937, 0.953] acc=0
r162 2209s L=0.02958 cov=[0.0149, 0.0101] ov=[3e-05, 0.00031] P=6 S=63 arc=1.00 lr=0.0002 w_ov=6.75 iou=[0.937, 0.953] acc=0
r163 2224s L=0.02956 cov=[0.0149, 0.0101] ov=[3e-05, 0.00031] P=6 S=63 arc=1.00 lr=0.00028 w_ov=6.93 iou=[0.937, 0.953] acc=0
r164 2238s L=0.02943 cov=[0.0149, 0.0102] ov=[3e-05, 0.00028] P=6 S=63 arc=1.00 lr=0.0045 w_ov=7.14 iou=[0.937, 0.953] acc=0
r165 2251s L=0.02905 cov=[0.0151, 0.0103] ov=[2e-05, 0.00023] P=6 S=63 arc=1.00 lr=0.0091 w_ov=7.33 iou=[0.937, 0.953] acc=0
r166 2265s L=0.02873 cov=[0.0152, 0.0104] ov=[1e-05, 0.00018] P=6 S=63 arc=1.00 lr=0.0045 w_ov=7.51 iou=[0.937, 0.952] acc=0
r167 2278s L=0.02865 cov=[0.0152, 0.0104] ov=[1e-05, 0.00017] P=6 S=63 arc=1.00 lr=0.0023 w_ov=7.73 iou=[0.937, 0.952] acc=0
r168 2291s L=0.02859 cov=[0.0152, 0.0104] ov=[1e-05, 0.00016] P=6 S=63 arc=1.00 lr=0.0032 w_ov=7.91 iou=[0.937, 0.951] acc=0
r169 2305s L=0.02851 cov=[0.0153, 0.0104] ov=[1e-05, 0.00015] P=6 S=63 arc=0.98 lr=0.0023 w_ov=8.11 iou=[0.937, 0.952] acc=1
r170 2317s L=0.02844 cov=[0.0153, 0.0104] ov=[1e-05, 0.00014] P=6 S=63 arc=0.98 lr=0.0032 w_ov=8.34 iou=[0.936, 0.952] acc=1
r171 2330s L=0.02839 cov=[0.0153, 0.0105] ov=[1e-05, 0.00013] P=6 S=63 arc=1.00 lr=0.0023 w_ov=8.53 iou=[0.936, 0.952] acc=0
r172 2342s L=0.02834 cov=[0.0153, 0.0105] ov=[1e-05, 0.00012] P=6 S=63 arc=1.00 lr=0.0016 w_ov=8.75 iou=[0.936, 0.952] acc=0
r173 2356s L=0.02829 cov=[0.0153, 0.0105] ov=[1e-05, 0.00011] P=6 S=63 arc=0.98 lr=0.0011 w_ov=8.95 iou=[0.936, 0.952] acc=1
r174 2370s L=0.02823 cov=[0.0154, 0.0105] ov=[1e-05, 0.00011] P=6 S=63 arc=0.98 lr=0.0023 w_ov=9.2 iou=[0.936, 0.951] acc=1
r175 2382s L=0.02818 cov=[0.0154, 0.0105] ov=[1e-05, 0.0001] P=6 S=63 arc=0.98 lr=0.0011 w_ov=9.44 iou=[0.936, 0.951] acc=1
r176 2396s L=0.02816 cov=[0.0154, 0.0105] ov=[1e-05, 0.0001] P=6 S=63 arc=0.98 lr=0.0008 w_ov=9.67 iou=[0.936, 0.952] acc=0
r177 2408s L=0.02814 cov=[0.0154, 0.0105] ov=[1e-05, 0.0001] P=6 S=63 arc=0.97 lr=0.0002 w_ov=9.93 iou=[0.936, 0.952] acc=1
{
 "Rotate": {
  "proposed": 1755,
  "accepted": 4,
  "scope": "per-target",
  "rate": 0.002279202279202279
 },
 "SwapPoses": {
  "proposed": 1379,
  "accepted": 0,
  "scope": "per-target",
  "rate": 0.0
 },
 "Flip": {
  "proposed": 757,
  "accepted": 3,
  "scope": "per-target",
  "rate": 0.003963011889035667
 },
 "ToArc": {
  "proposed": 260,
  "accepted": 123,
  "scope": "shared",
  "rate": 0.47307692307692306
 },
 "Split": {
  "proposed": 3648,
  "accepted": 38,
  "scope": "shared",
  "rate": 0.010416666666666666
 },
 "Merge": {
  "proposed": 1054,
  "accepted": 32,
  "scope": "shared",
  "rate": 0.030360531309297913
 },
 "MergeClose": {
  "proposed": 41,
  "accepted": 1,
  "scope": "shared",
  "rate": 0.024390243902439025
 },
 "forced:RemoveSmallPart": {
  "proposed": 0,
  "accepted": 3,
  "scope": "shared",
  "rate": 3.0
 },
 "ToLine": {
  "proposed": 2498,
  "accepted": 50,
  "scope": "shared",
  "rate": 0.020016012810248198
 },
 "forced:CutPart": {
  "proposed": 0,
  "accepted": 1,
  "scope": "shared",
  "rate": 1.0
 }
}
EVAL avg_chamfer=8.977 avg_hausdorff=31.741 pieces=6->6 loss=0.028144
