r0 14s L=1.354 cov=[0.0214, 0.0274] ov=[0.05492, 0.07538] P=7 S=96 arc=0.00 lr=0.71 w_ov=0.1 iou=[0.903, 0.888] acc=20
r1 24s L=1.308 cov=[0.0169, 0.0194] ov=[0.05495, 0.0721] P=6 S=87 arc=0.08 lr=0.25 w_ov=0.103 iou=[0.921, 0.918] acc=18
r2 37s L=1.272 cov=[0.0174, 0.0134] ov=[0.05217, 0.07184] P=6 S=81 arc=0.25 lr=0.35 w_ov=0.105 iou=[0.927, 0.935] acc=15
r3 50s L=1.137 cov=[0.0177, 0.0081] ov=[0.0446, 0.06642] P=6 S=75 arc=0.33 lr=0.5 w_ov=0.107 iou=[0.928, 0.957] acc=19
r4 62s L=0.9873 cov=[0.0228, 0.0067] ov=[0.03573, 0.05991] P=6 S=71 arc=0.45 lr=0.25 w_ov=0.11 iou=[0.904, 0.963] acc=8
r5 74s L=0.928 cov=[0.0178, 0.0061] ov=[0.03469, 0.05559] P=6 S=68 arc=0.51 lr=0.25 w_ov=0.113 iou=[0.929, 0.967] acc=7
r6 87s L=0.8717 cov=[0.0178, 0.0055] ov=[0.03205, 0.05266] P=6 S=67 arc=0.52 lr=0.13 w_ov=0.115 iou=[0.928, 0.968] acc=8
r7 100s L=0.7955 cov=[0.0176, 0.0052] ov=[0.02825, 0.0489] P=6 S=66 arc=0.56 lr=0.25 w_ov=0.118 iou=[0.927, 0.97] acc=3
r8 112s L=0.7373 cov=[0.0179, 0.0049] ov=[0.02529, 0.04604] P=6 S=68 arc=0.59 lr=0.5 w_ov=0.121 iou=[0.924, 0.972] acc=7
r9 125s L=0.6875 cov=[0.0173, 0.0046] ov=[0.02329, 0.04314] P=6 S=67 arc=0.61 lr=0.18 w_ov=0.124 iou=[0.926, 0.973] acc=10
r10 139s L=0.6534 cov=[0.0173, 0.0044] ov=[0.02145, 0.0416] P=6 S=63 arc=0.75 lr=0.18 w_ov=0.127 iou=[0.926, 0.974] acc=8
r11 151s L=0.6191 cov=[0.0172, 0.0041] ov=[0.01985, 0.03981] P=6 S=63 arc=0.76 lr=0.18 w_ov=0.131 iou=[0.928, 0.975] acc=3
r12 164s L=0.5969 cov=[0.0171, 0.0042] ov=[0.01883, 0.03861] P=6 S=61 arc=0.79 lr=0.18 w_ov=0.134 iou=[0.929, 0.976] acc=5
r13 179s L=0.5814 cov=[0.0171, 0.0041] ov=[0.0181, 0.0378] P=6 S=62 arc=0.84 lr=0.18 w_ov=0.137 iou=[0.93, 0.976] acc=4
r14 192s L=0.5684 cov=[0.017, 0.0041] ov=[0.01768, 0.03692] P=6 S=60 arc=0.85 lr=0.088 w_ov=0.141 iou=[0.931, 0.976] acc=7
r15 206s L=0.5611 cov=[0.0169, 0.0041] ov=[0.0175, 0.03638] P=6 S=60 arc=0.88 lr=0.13 w_ov=0.144 iou=[0.931, 0.976] acc=2
r16 218s L=0.5591 cov=[0.0168, 0.0041] ov=[0.01733, 0.03635] P=6 S=55 arc=0.89 lr=0.25 w_ov=0.148 iou=[0.931, 0.945] acc=4
r17 230s L=0.4613 cov=[0.0186, 0.0082] ov=[0.00812, 0.03522] P=6 S=53 arc=0.85 lr=0.35 w_ov=0.152 iou=[0.925, 0.962] acc=7
r18 240s L=0.4488 cov=[0.019, 0.007] ov=[0.00779, 0.03437] P=6 S=49 arc=0.86 lr=0.35 w_ov=0.155 iou=[0.907, 0.961] acc=10
r19 251s L=0.3946 cov=[0.0234, 0.0077] ov=[0.00764, 0.02859] P=6 S=51 arc=0.86 lr=0.35 w_ov=0.159 iou=[0.906, 0.959] acc=13
r20 262s L=0.3933 cov=[0.0223, 0.007] ov=[0.0083, 0.02799] P=6 S=47 arc=0.87 lr=0.18 w_ov=0.162 iou=[0.91, 0.964] acc=7
r21 272s L=0.3873 cov=[0.0217, 0.0061] ov=[0.00845, 0.02738] P=6 S=46 arc=0.87 lr=0.088 w_ov=0.165 iou=[0.913, 0.967] acc=3
r22 282s L=0.3852 cov=[0.0218, 0.006] ov=[0.00845, 0.02719] P=6 S=46 arc=0.89 lr=0.13 w_ov=0.169 iou=[0.913, 0.968] acc=1
r23 293s L=0.3828 cov=[0.0217, 0.0059] ov=[0.0085, 0.02691] P=6 S=45 arc=0.91 lr=0.18 w_ov=0.172 iou=[0.913, 0.968] acc=2
r24 304s L=0.384 cov=[0.0216, 0.006] ov=[0.00846, 0.02706] P=6 S=44 arc=0.84 lr=0.25 w_ov=0.176 iou=[0.912, 0.971] acc=5
r25 314s L=0.3789 cov=[0.0217, 0.0058] ov=[0.00853, 0.02651] P=6 S=43 arc=0.79 lr=0.25 w_ov=0.179 iou=[0.914, 0.969] acc=4
r26 325s L=0.3741 cov=[0.0215, 0.0058] ov=[0.00838, 0.02619] P=6 S=43 arc=0.81 lr=0.25 w_ov=0.183 iou=[0.913, 0.968] acc=1
r27 334s L=0.3706 cov=[0.0214, 0.0058] ov=[0.0082, 0.02603] P=6 S=43 arc=0.84 lr=0.13 w_ov=0.186 iou=[0.914, 0.968] acc=3
r28 344s L=0.3667 cov=[0.0214, 0.0057] ov=[0.00806, 0.02579] P=6 S=43 arc=0.91 lr=0.18 w_ov=0.19 iou=[0.913, 0.968] acc=0
r29 354s L=0.3621 cov=[0.0213, 0.0057] ov=[0.00792, 0.02548] P=6 S=43 arc=0.88 lr=0.25 w_ov=0.194 iou=[0.914, 0.969] acc=2
r30 365s L=0.3564 cov=[0.0213, 0.0057] ov=[0.00769, 0.02515] P=6 S=43 arc=0.91 lr=0.25 w_ov=0.197 iou=[0.914, 0.969] acc=0
r31 376s L=0.3523 cov=[0.0213, 0.0058] ov=[0.00756, 0.02485] P=6 S=43 arc=0.84 lr=0.25 w_ov=0.202 iou=[0.913, 0.969] acc=3
r32 386s L=0.3496 cov=[0.0213, 0.0058] ov=[0.00728, 0.02487] P=6 S=43 arc=0.84 lr=0.13 w_ov=0.206 iou=[0.914, 0.968] acc=3
r33 396s L=0.3454 cov=[0.0213, 0.0057] ov=[0.00721, 0.02453] P=6 S=43 arc=0.91 lr=0.18 w_ov=0.21 iou=[0.914, 0.969] acc=0
r34 406s L=0.3426 cov=[0.0213, 0.0057] ov=[0.00704, 0.02441] P=6 S=43 arc=0.88 lr=0.25 w_ov=0.214 iou=[0.915, 0.969] acc=2
r35 417s L=0.3394 cov=[0.0213, 0.0056] ov=[0.00697, 0.02417] P=6 S=43 arc=0.88 lr=0.13 w_ov=0.218 iou=[0.915, 0.969] acc=1
r36 428s L=0.3365 cov=[0.0213, 0.0056] ov=[0.00691, 0.02395] P=6 S=43 arc=0.86 lr=0.18 w_ov=0.223 iou=[0.914, 0.969] acc=2
r37 437s L=0.3352 cov=[0.0213, 0.0057] ov=[0.00676, 0.02396] P=6 S=43 arc=0.88 lr=0.25 w_ov=0.227 iou=[0.915, 0.967] acc=4
r38 447s L=0.3322 cov=[0.0212, 0.0059] ov=[0.00682, 0.0236] P=6 S=44 arc=0.89 lr=0.25 w_ov=0.231 iou=[0.913, 0.968] acc=6
r39 458s L=0.3309 cov=[0.0213, 0.0057] ov=[0.00695, 0.02334] P=6 S=44 arc=0.91 lr=0.25 w_ov=0.236 iou=[0.914, 0.969] acc=4
r40 468s L=0.3287 cov=[0.0213, 0.0056] ov=[0.00688, 0.0232] P=6 S=42 arc=0.93 lr=0.25 w_ov=0.241 iou=[0.914, 0.971] acc=4
r41 479s L=0.3277 cov=[0.0213, 0.0055] ov=[0.00688, 0.0231] P=6 S=42 arc=0.95 lr=0.088 w_ov=0.246 iou=[0.914, 0.971] acc=0
r42 488s L=0.326 cov=[0.0213, 0.0055] ov=[0.00683, 0.02299] P=6 S=41 arc=0.95 lr=0.13 w_ov=0.251 iou=[0.914, 0.971] acc=2
r43 498s L=0.3232 cov=[0.0212, 0.0055] ov=[0.00675, 0.02279] P=6 S=41 arc=0.98 lr=0.18 w_ov=0.255 iou=[0.914, 0.971] acc=0
r44 508s L=0.3202 cov=[0.0212, 0.0055] ov=[0.00664, 0.02261] P=6 S=41 arc=0.93 lr=0.25 w_ov=0.26 iou=[0.914, 0.97] acc=3
r45 520s L=0.3179 cov=[0.0213, 0.0055] ov=[0.0066, 0.02241] P=6 S=41 arc=0.93 lr=0.13 w_ov=0.265 iou=[0.914, 0.97] acc=2
r46 530s L=0.3157 cov=[0.0214, 0.0054] ov=[0.00658, 0.02221] P=6 S=41 arc=0.93 lr=0.18 w_ov=0.271 iou=[0.914, 0.97] acc=1
r47 541s L=0.3122 cov=[0.0213, 0.0055] ov=[0.00641, 0.02203] P=6 S=41 arc=0.93 lr=0.18 w_ov=0.277 iou=[0.914, 0.97] acc=1
r48 550s L=0.3087 cov=[0.0212, 0.0056] ov=[0.00624, 0.02184] P=6 S=41 arc=0.95 lr=0.088 w_ov=0.282 iou=[0.914, 0.97] acc=1
r49 561s L=0.3045 cov=[0.0212, 0.0057] ov=[0.00596, 0.0217] P=6 S=41 arc=0.98 lr=0.13 w_ov=0.287 iou=[0.914, 0.97] acc=0
r50 571s L=0.3006 cov=[0.0213, 0.0057] ov=[0.00583, 0.02143] P=6 S=41 arc=0.95 lr=0.18 w_ov=0.293 iou=[0.912, 0.968] acc=2
r51 581s L=0.2993 cov=[0.0212, 0.0057] ov=[0.00577, 0.02137] P=6 S=41 arc=0.98 lr=0.18 w_ov=0.299 iou=[0.914, 0.969] acc=0
r52 591s L=0.2975 cov=[0.0213, 0.0057] ov=[0.00571, 0.02123] P=6 S=41 arc=0.95 lr=0.031 w_ov=0.305 iou=[0.913, 0.969] acc=1
r53 601s L=0.2972 cov=[0.0213, 0.0057] ov=[0.0057, 0.02122] P=6 S=41 arc=0.95 lr=0.00035 w_ov=0.311 iou=[0.913, 0.969] acc=1
r54 611s L=0.2972 cov=[0.0213, 0.0057] ov=[0.0057, 0.02122] P=6 S=41 arc=0.98 lr=0.0002 w_ov=0.317 iou=[0.913, 0.969] acc=0
r55 621s L=0.2971 cov=[0.0213, 0.0057] ov=[0.0057, 0.02122] P=6 S=41 arc=0.98 lr=0.0002 w_ov=0.323 iou=[0.913, 0.969] acc=0
r56 631s L=0.2971 cov=[0.0213, 0.0057] ov=[0.0057, 0.02121] P=6 S=41 arc=0.98 lr=0.0002 w_ov=0.329 iou=[0.913, 0.969] acc=1
r57 641s L=0.2971 cov=[0.0213, 0.0057] ov=[0.0057, 0.02121] P=6 S=41 arc=0.95 lr=0.0002 w_ov=0.336 iou=[0.913, 0.969] acc=1
r58 651s L=0.2971 cov=[0.0213, 0.0057] ov=[0.0057, 0.02121] P=6 S=41 arc=0.95 lr=0.0002 w_ov=0.342 iou=[0.913, 0.969] acc=2
r59 662s L=0.297 cov=[0.0213, 0.0057] ov=[0.0057, 0.02121] P=6 S=41 arc=0.98 lr=0.0002 w_ov=0.349 iou=[0.913, 0.969] acc=1
r60 672s L=0.297 cov=[0.0213, 0.0057] ov=[0.00569, 0.02121] P=6 S=41 arc=0.95 lr=0.0002 w_ov=0.356 iou=[0.913, 0.969] acc=1
r61 683s L=0.2965 cov=[0.0213, 0.0057] ov=[0.00565, 0.0212] P=6 S=41 arc=0.95 lr=0.0002 w_ov=0.363 iou=[0.913, 0.969] acc=2
r62 693s L=0.2964 cov=[0.0213, 0.0057] ov=[0.00564, 0.0212] P=6 S=41 arc=0.95 lr=0.0002 w_ov=0.371 iou=[0.913, 0.969] acc=1
r63 704s L=0.2964 cov=[0.0213, 0.0057] ov=[0.00564, 0.0212] P=6 S=41 arc=0.95 lr=0.0002 w_ov=0.378 iou=[0.913, 0.969] acc=1
r64 714s L=0.2964 cov=[0.0213, 0.0057] ov=[0.00564, 0.02121] P=6 S=41 arc=0.93 lr=0.0002 w_ov=0.386 iou=[0.913, 0.969] acc=1
r65 725s L=0.2964 cov=[0.0213, 0.0057] ov=[0.00564, 0.0212] P=6 S=41 arc=0.93 lr=0.0002 w_ov=0.394 iou=[0.913, 0.969] acc=0
r66 735s L=0.2963 cov=[0.0213, 0.0057] ov=[0.00563, 0.0212] P=6 S=41 arc=0.93 lr=0.0002 w_ov=0.402 iou=[0.913, 0.969] acc=2
r67 745s L=0.2962 cov=[0.0213, 0.0057] ov=[0.00563, 0.02119] P=6 S=41 arc=0.95 lr=0.0002 w_ov=0.41 iou=[0.913, 0.969] acc=1
r68 755s L=0.2961 cov=[0.0213, 0.0057] ov=[0.00562, 0.02119] P=6 S=41 arc=0.93 lr=0.0002 w_ov=0.418 iou=[0.913, 0.969] acc=2
r69 765s L=0.296 cov=[0.0213, 0.0057] ov=[0.00562, 0.02118] P=6 S=41 arc=0.93 lr=0.0002 w_ov=0.426 iou=[0.913, 0.969] acc=2
r70 775s L=0.2959 cov=[0.0213, 0.0057] ov=[0.00562, 0.02117] P=6 S=41 arc=0.95 lr=0.0002 w_ov=0.434 iou=[0.913, 0.969] acc=1
r71 785s L=0.2958 cov=[0.0213, 0.0057] ov=[0.00561, 0.02117] P=6 S=40 arc=0.97 lr=0.0002 w_ov=0.442 iou=[0.913, 0.969] acc=1
r72 796s L=0.2948 cov=[0.0213, 0.0058] ov=[0.00552, 0.02116] P=6 S=40 arc=0.95 lr=0.0002 w_ov=0.451 iou=[0.913, 0.969] acc=2
r73 806s L=0.2947 cov=[0.0213, 0.0058] ov=[0.00551, 0.02115] P=6 S=40 arc=0.93 lr=0.0002 w_ov=0.46 iou=[0.913, 0.969] acc=2
r74 817s L=0.2956 cov=[0.0213, 0.0057] ov=[0.00562, 0.02114] P=6 S=40 arc=0.90 lr=0.0002 w_ov=0.47 iou=[0.913, 0.969] acc=2
r75 827s L=0.2951 cov=[0.0213, 0.0057] ov=[0.00561, 0.02109] P=6 S=40 arc=0.90 lr=0.0002 w_ov=0.479 iou=[0.913, 0.969] acc=2
r76 837s L=0.2949 cov=[0.0213, 0.0057] ov=[0.00561, 0.02108] P=6 S=40 arc=0.93 lr=0.0002 w_ov=0.489 iou=[0.913, 0.969] acc=0
r77 848s L=0.2948 cov=[0.0213, 0.0057] ov=[0.0056, 0.02107] P=6 S=40 arc=0.90 lr=0.0002 w_ov=0.499 iou=[0.913, 0.969] acc=1
r78 858s L=0.2946 cov=[0.0213, 0.0057] ov=[0.00559, 0.02106] P=6 S=40 arc=0.88 lr=0.0002 w_ov=0.509 iou=[0.913, 0.969] acc=1
r79 869s L=0.2944 cov=[0.0213, 0.0057] ov=[0.00559, 0.02105] P=6 S=40 arc=0.88 lr=0.0002 w_ov=0.519 iou=[0.913, 0.969] acc=1
r80 879s L=0.2943 cov=[0.0213, 0.0057] ov=[0.00558, 0.02104] P=6 S=40 arc=0.88 lr=0.0002 w_ov=0.53 iou=[0.913, 0.969] acc=2
r81 890s L=0.2941 cov=[0.0213, 0.0057] ov=[0.00557, 0.02103] P=6 S=40 arc=0.88 lr=0.0002 w_ov=0.54 iou=[0.913, 0.969] acc=3
r82 900s L=0.2936 cov=[0.0213, 0.0058] ov=[0.00556, 0.02099] P=6 S=40 arc=0.93 lr=0.0002 w_ov=0.552 iou=[0.913, 0.969] acc=2
r83 911s L=0.2934 cov=[0.0213, 0.0058] ov=[0.00555, 0.02097] P=6 S=40 arc=0.88 lr=0.0002 w_ov=0.563 iou=[0.913, 0.969] acc=3
r84 921s L=0.2932 cov=[0.0213, 0.0058] ov=[0.00554, 0.02096] P=6 S=40 arc=0.88 lr=0.0002 w_ov=0.575 iou=[0.913, 0.97] acc=0
r85 932s L=0.293 cov=[0.0213, 0.0058] ov=[0.00553, 0.02095] P=6 S=39 arc=0.90 lr=0.0002 w_ov=0.586 iou=[0.912, 0.969] acc=1
r86 942s L=0.2909 cov=[0.0214, 0.0059] ov=[0.00533, 0.02094] P=6 S=39 arc=0.90 lr=0.0002 w_ov=0.598 iou=[0.912, 0.969] acc=1
r87 952s L=0.2906 cov=[0.0214, 0.0059] ov=[0.00532, 0.02092] P=6 S=39 arc=0.90 lr=0.0002 w_ov=0.61 iou=[0.912, 0.969] acc=1
r88 963s L=0.2904 cov=[0.0214, 0.0059] ov=[0.00531, 0.02091] P=6 S=39 arc=0.92 lr=0.0002 w_ov=0.622 iou=[0.912, 0.969] acc=0
r89 974s L=0.2902 cov=[0.0214, 0.0059] ov=[0.0053, 0.02089] P=6 S=39 arc=0.92 lr=0.0002 w_ov=0.634 iou=[0.912, 0.968] acc=1
r90 984s L=0.2899 cov=[0.0214, 0.0059] ov=[0.00529, 0.02088] P=6 S=39 arc=0.90 lr=0.0002 w_ov=0.648 iou=[0.912, 0.969] acc=1
r91 994s L=0.2897 cov=[0.0214, 0.0059] ov=[0.00528, 0.02086] P=6 S=39 arc=0.90 lr=0.0002 w_ov=0.661 iou=[0.912, 0.968] acc=0
r92 1005s L=0.2894 cov=[0.0214, 0.0059] ov=[0.00527, 0.02084] P=6 S=39 arc=0.87 lr=0.00028 w_ov=0.674 iou=[0.912, 0.968] acc=3
r93 1016s L=0.2891 cov=[0.0214, 0.0059] ov=[0.00525, 0.02083] P=6 S=39 arc=0.90 lr=0.0002 w_ov=0.688 iou=[0.912, 0.968] acc=2
r94 1026s L=0.2888 cov=[0.0214, 0.0059] ov=[0.00524, 0.02081] P=6 S=39 arc=0.92 lr=0.00028 w_ov=0.702 iou=[0.912, 0.968] acc=1
r95 1036s L=0.2885 cov=[0.0214, 0.0059] ov=[0.00523, 0.02079] P=6 S=39 arc=0.92 lr=0.0002 w_ov=0.716 iou=[0.912, 0.968] acc=1
r96 1045s L=0.2882 cov=[0.0214, 0.006] ov=[0.00522, 0.02077] P=6 S=39 arc=0.90 lr=0.0002 w_ov=0.731 iou=[0.912, 0.968] acc=2
r97 1056s L=0.2879 cov=[0.0214, 0.006] ov=[0.0052, 0.02075] P=6 S=39 arc=0.92 lr=0.0002 w_ov=0.744 iou=[0.912, 0.968] acc=0
r98 1066s L=0.2876 cov=[0.0214, 0.006] ov=[0.00519, 0.02073] P=6 S=39 arc=0.92 lr=0.0002 w_ov=0.758 iou=[0.912, 0.968] acc=0
r99 1077s L=0.2872 cov=[0.0214, 0.006] ov=[0.00517, 0.02072] P=6 S=39 arc=0.90 lr=0.0002 w_ov=0.774 iou=[0.912, 0.968] acc=1
r100 1086s L=0.2845 cov=[0.0216, 0.006] ov=[0.00516, 0.02044] P=6 S=39 arc=0.87 lr=0.0002 w_ov=0.789 iou=[0.912, 0.968] acc=1
r101 1097s L=0.2842 cov=[0.0216, 0.006] ov=[0.00514, 0.02042] P=6 S=39 arc=0.87 lr=0.0002 w_ov=0.804 iou=[0.912, 0.968] acc=0
r102 1108s L=0.2839 cov=[0.0216, 0.006] ov=[0.00513, 0.0204] P=6 S=39 arc=0.87 lr=0.0002 w_ov=0.821 iou=[0.912, 0.968] acc=0
r103 1119s L=0.2836 cov=[0.0216, 0.006] ov=[0.00511, 0.02039] P=6 S=39 arc=0.87 lr=0.0002 w_ov=0.838 iou=[0.912, 0.968] acc=0
r104 1129s L=0.2832 cov=[0.0216, 0.006] ov=[0.00509, 0.02036] P=6 S=39 arc=0.87 lr=0.0002 w_ov=0.855 iou=[0.912, 0.968] acc=1
r105 1139s L=0.2828 cov=[0.0216, 0.0061] ov=[0.00508, 0.02034] P=6 S=39 arc=0.87 lr=0.00028 w_ov=0.872 iou=[0.911, 0.968] acc=1
r106 1148s L=0.2812 cov=[0.0217, 0.0061] ov=[0.00504, 0.0202] P=6 S=39 arc=0.82 lr=0.0016 w_ov=0.89 iou=[0.911, 0.968] acc=3
r107 1159s L=0.271 cov=[0.0218, 0.0064] ov=[0.00459, 0.01959] P=6 S=39 arc=0.82 lr=0.026 w_ov=0.906 iou=[0.91, 0.967] acc=1
r108 1170s L=0.2613 cov=[0.027, 0.0122] ov=[0.00284, 0.01928] P=6 S=40 arc=0.78 lr=0.14 w_ov=0.924 iou=[0.885, 0.941] acc=7
r109 1181s L=0.1911 cov=[0.0234, 0.0087] ov=[0.00143, 0.01438] P=6 S=37 arc=0.86 lr=0.14 w_ov=0.944 iou=[0.897, 0.956] acc=6
r110 1190s L=0.1743 cov=[0.0239, 0.0088] ov=[0.00108, 0.01299] P=6 S=39 arc=0.90 lr=0.2 w_ov=0.964 iou=[0.895, 0.954] acc=5
r111 1201s L=0.1662 cov=[0.0243, 0.0094] ov=[0.00109, 0.01207] P=6 S=45 arc=0.89 lr=0.2 w_ov=0.981 iou=[0.892, 0.951] acc=13
r112 1214s L=0.1644 cov=[0.0239, 0.0098] ov=[0.00116, 0.01181] P=6 S=45 arc=0.78 lr=0.2 w_ov=1 iou=[0.895, 0.949] acc=10
r113 1227s L=0.1552 cov=[0.0236, 0.0097] ov=[0.00067, 0.01141] P=6 S=43 arc=0.81 lr=0.072 w_ov=1.03 iou=[0.894, 0.953] acc=5
r114 1238s L=0.1475 cov=[0.0239, 0.0096] ov=[0.00043, 0.01086] P=6 S=42 arc=0.86 lr=0.1 w_ov=1.05 iou=[0.893, 0.951] acc=3
r115 1250s L=0.144 cov=[0.0241, 0.0096] ov=[0.00041, 0.01051] P=6 S=42 arc=0.90 lr=0.036 w_ov=1.08 iou=[0.894, 0.951] acc=2
r116 1261s L=0.1404 cov=[0.0243, 0.0097] ov=[0.00035, 0.01019] P=6 S=41 arc=0.95 lr=0.051 w_ov=1.1 iou=[0.893, 0.951] acc=1
r117 1272s L=0.1378 cov=[0.0244, 0.0098] ov=[0.0003, 0.00995] P=6 S=41 arc=0.95 lr=0.026 w_ov=1.12 iou=[0.893, 0.95] acc=0
r118 1283s L=0.1365 cov=[0.0245, 0.0098] ov=[0.0003, 0.00982] P=6 S=41 arc=0.95 lr=0.018 w_ov=1.15 iou=[0.892, 0.95] acc=2
r119 1295s L=0.1353 cov=[0.0245, 0.0099] ov=[0.0003, 0.00969] P=6 S=41 arc=1.00 lr=0.013 w_ov=1.17 iou=[0.892, 0.95] acc=0
r120 1308s L=0.1342 cov=[0.0245, 0.0099] ov=[0.00029, 0.00958] P=6 S=41 arc=1.00 lr=0.0091 w_ov=1.2 iou=[0.892, 0.95] acc=0
r121 1320s L=0.1339 cov=[0.0246, 0.01] ov=[0.00028, 0.00955] P=6 S=41 arc=1.00 lr=0.0008 w_ov=1.23 iou=[0.892, 0.95] acc=0
r122 1332s L=0.1338 cov=[0.0246, 0.01] ov=[0.00028, 0.00955] P=6 S=41 arc=1.00 lr=0.0002 w_ov=1.26 iou=[0.892, 0.95] acc=0
r123 1342s L=0.1338 cov=[0.0246, 0.01] ov=[0.00028, 0.00954] P=6 S=41 arc=1.00 lr=0.0002 w_ov=1.29 iou=[0.892, 0.95] acc=0
r124 1353s L=0.1338 cov=[0.0246, 0.01] ov=[0.00028, 0.00954] P=6 S=41 arc=1.00 lr=0.0002 w_ov=1.31 iou=[0.892, 0.95] acc=0
r125 1364s L=0.1337 cov=[0.0246, 0.01] ov=[0.00028, 0.00954] P=6 S=41 arc=1.00 lr=0.0002 w_ov=1.34 iou=[0.892, 0.95] acc=0
r126 1375s L=0.1337 cov=[0.0246, 0.01] ov=[0.00028, 0.00953] P=6 S=41 arc=1.00 lr=0.0002 w_ov=1.37 iou=[0.892, 0.95] acc=0
r127 1387s L=0.1337 cov=[0.0246, 0.01] ov=[0.00028, 0.00953] P=6 S=41 arc=1.00 lr=0.0002 w_ov=1.4 iou=[0.892, 0.95] acc=0
r128 1399s L=0.1336 cov=[0.0246, 0.01] ov=[0.00028, 0.00953] P=6 S=41 arc=1.00 lr=0.0002 w_ov=1.43 iou=[0.892, 0.95] acc=0
r129 1410s L=0.1336 cov=[0.0246, 0.01] ov=[0.00028, 0.00952] P=6 S=41 arc=1.00 lr=0.0002 w_ov=1.47 iou=[0.892, 0.95] acc=0
r130 1422s L=0.1335 cov=[0.0246, 0.01] ov=[0.00028, 0.00951] P=6 S=41 arc=1.00 lr=0.0002 w_ov=1.5 iou=[0.892, 0.95] acc=0
r131 1433s L=0.1334 cov=[0.0246, 0.01] ov=[0.00028, 0.00951] P=6 S=41 arc=1.00 lr=0.0002 w_ov=1.53 iou=[0.891, 0.95] acc=0
r132 1445s L=0.1334 cov=[0.0246, 0.01] ov=[0.00028, 0.0095] P=6 S=41 arc=1.00 lr=0.0002 w_ov=1.56 iou=[0.891, 0.95] acc=0
r133 1457s L=0.1333 cov=[0.0246, 0.01] ov=[0.00028, 0.00949] P=6 S=41 arc=1.00 lr=0.0002 w_ov=1.6 iou=[0.891, 0.95] acc=0
r134 1468s L=0.1332 cov=[0.0246, 0.01] ov=[0.00028, 0.00949] P=6 S=41 arc=1.00 lr=0.0002 w_ov=1.64 iou=[0.891, 0.95] acc=0
r135 1478s L=0.1331 cov=[0.0246, 0.01] ov=[0.00027, 0.00948] P=6 S=41 arc=1.00 lr=0.0002 w_ov=1.67 iou=[0.891, 0.95] acc=0
r136 1490s L=0.133 cov=[0.0246, 0.01] ov=[0.00027, 0.00947] P=6 S=41 arc=1.00 lr=0.0002 w_ov=1.71 iou=[0.891, 0.95] acc=0
r137 1502s L=0.1329 cov=[0.0246, 0.01] ov=[0.00027, 0.00946] P=6 S=41 arc=1.00 lr=0.00028 w_ov=1.75 iou=[0.891, 0.95] acc=0
r138 1513s L=0.1328 cov=[0.0246, 0.01] ov=[0.00027, 0.00944] P=6 S=41 arc=1.00 lr=0.0002 w_ov=1.79 iou=[0.891, 0.949] acc=0
r139 1525s L=0.1327 cov=[0.0246, 0.01] ov=[0.00027, 0.00943] P=6 S=41 arc=1.00 lr=0.0002 w_ov=1.83 iou=[0.891, 0.949] acc=0
r140 1536s L=0.1326 cov=[0.0246, 0.0101] ov=[0.00027, 0.00942] P=6 S=41 arc=1.00 lr=0.0002 w_ov=1.86 iou=[0.891, 0.949] acc=0
r141 1546s L=0.1324 cov=[0.0246, 0.0101] ov=[0.00026, 0.00941] P=6 S=41 arc=1.00 lr=0.0002 w_ov=1.9 iou=[0.891, 0.949] acc=0
r142 1557s L=0.1323 cov=[0.0247, 0.0101] ov=[0.00026, 0.00939] P=6 S=41 arc=1.00 lr=0.0002 w_ov=1.94 iou=[0.891, 0.949] acc=0
r143 1568s L=0.1322 cov=[0.0247, 0.0101] ov=[0.00026, 0.00938] P=6 S=41 arc=1.00 lr=0.0002 w_ov=1.98 iou=[0.891, 0.949] acc=0
r144 1579s L=0.132 cov=[0.0247, 0.0101] ov=[0.00026, 0.00936] P=6 S=41 arc=1.00 lr=0.00028 w_ov=2.03 iou=[0.891, 0.949] acc=0
r145 1590s L=0.1318 cov=[0.0247, 0.0101] ov=[0.00026, 0.00935] P=6 S=41 arc=0.98 lr=0.0002 w_ov=2.07 iou=[0.89, 0.948] acc=1
r146 1601s L=0.1277 cov=[0.025, 0.0106] ov=[0.00026, 0.00885] P=6 S=41 arc=0.98 lr=0.0002 w_ov=2.11 iou=[0.89, 0.948] acc=1
r147 1613s L=0.1275 cov=[0.025, 0.0106] ov=[0.00025, 0.00883] P=6 S=41 arc=1.00 lr=0.0004 w_ov=2.16 iou=[0.89, 0.948] acc=0
r148 1624s L=0.126 cov=[0.0251, 0.0107] ov=[0.00024, 0.00868] P=6 S=41 arc=0.98 lr=0.0064 w_ov=2.21 iou=[0.89, 0.947] acc=1
r149 1635s L=0.1116 cov=[0.0261, 0.0122] ov=[0.00012, 0.00711] P=6 S=41 arc=0.95 lr=0.072 w_ov=2.26 iou=[0.886, 0.941] acc=1
r150 1646s L=0.09254 cov=[0.027, 0.0135] ov=[9e-05, 0.00501] P=6 S=40 arc=0.90 lr=0.072 w_ov=2.3 iou=[0.882, 0.944] acc=4
r151 1657s L=0.06252 cov=[0.0267, 0.0123] ov=[9e-05, 0.00216] P=6 S=41 arc=0.85 lr=0.051 w_ov=2.35 iou=[0.884, 0.939] acc=3
r152 1669s L=0.05606 cov=[0.0263, 0.0124] ov=[8e-05, 0.00156] P=6 S=43 arc=0.84 lr=0.072 w_ov=2.41 iou=[0.886, 0.939] acc=7
r153 1682s L=0.05126 cov=[0.0259, 0.0125] ov=[6e-05, 0.00112] P=6 S=41 arc=0.95 lr=0.036 w_ov=2.46 iou=[0.885, 0.941] acc=2
r154 1693s L=0.0498 cov=[0.0257, 0.0126] ov=[6e-05, 0.00098] P=6 S=41 arc=0.93 lr=0.018 w_ov=2.52 iou=[0.888, 0.942] acc=2
r155 1705s L=0.04823 cov=[0.0256, 0.0127] ov=[4e-05, 0.00085] P=6 S=41 arc=0.95 lr=0.018 w_ov=2.58 iou=[0.887, 0.942] acc=1
r156 1716s L=0.04708 cov=[0.0255, 0.0127] ov=[5e-05, 0.00074] P=6 S=41 arc=0.95 lr=0.018 w_ov=2.64 iou=[0.889, 0.942] acc=1
r157 1728s L=0.04666 cov=[0.0255, 0.0128] ov=[9e-05, 0.00064] P=6 S=41 arc=0.95 lr=0.036 w_ov=2.69 iou=[0.888, 0.942] acc=0
r158 1739s L=0.04572 cov=[0.0254, 0.0127] ov=[4e-05, 0.00062] P=6 S=41 arc=0.95 lr=0.018 w_ov=2.75 iou=[0.889, 0.94] acc=0
r159 1751s L=0.04474 cov=[0.0251, 0.0127] ov=[3e-05, 0.00056] P=6 S=41 arc=0.95 lr=0.018 w_ov=2.81 iou=[0.89, 0.941] acc=0
r160 1763s L=0.04441 cov=[0.0251, 0.0127] ov=[3e-05, 0.00052] P=6 S=41 arc=0.95 lr=0.0091 w_ov=2.88 iou=[0.891, 0.941] acc=1
r161 1774s L=0.04392 cov=[0.025, 0.0128] ov=[3e-05, 0.00048] P=6 S=41 arc=0.98 lr=0.013 w_ov=2.95 iou=[0.891, 0.942] acc=0
r162 1786s L=0.0437 cov=[0.025, 0.0128] ov=[4e-05, 0.00045] P=6 S=41 arc=0.95 lr=0.018 w_ov=3.01 iou=[0.891, 0.941] acc=1
r163 1798s L=0.0431 cov=[0.0249, 0.0128] ov=[3e-05, 0.00041] P=6 S=41 arc=0.95 lr=0.013 w_ov=3.08 iou=[0.892, 0.942] acc=0
r164 1809s L=0.0428 cov=[0.0249, 0.0128] ov=[2e-05, 0.00039] P=6 S=41 arc=0.95 lr=0.013 w_ov=3.15 iou=[0.892, 0.941] acc=2
r165 1820s L=0.04254 cov=[0.0248, 0.0128] ov=[2e-05, 0.00037] P=6 S=41 arc=0.98 lr=0.013 w_ov=3.22 iou=[0.892, 0.941] acc=1
r166 1832s L=0.04238 cov=[0.0248, 0.0127] ov=[2e-05, 0.00036] P=6 S=41 arc=0.98 lr=0.0064 w_ov=3.29 iou=[0.892, 0.942] acc=0
r167 1844s L=0.04226 cov=[0.0248, 0.0127] ov=[3e-05, 0.00035] P=6 S=41 arc=0.98 lr=0.0091 w_ov=3.36 iou=[0.892, 0.942] acc=0
r168 1856s L=0.04232 cov=[0.0248, 0.0127] ov=[3e-05, 0.00036] P=6 S=41 arc=0.98 lr=0.013 w_ov=3.44 iou=[0.891, 0.942] acc=2
r169 1868s L=0.04171 cov=[0.0248, 0.0127] ov=[2e-05, 0.0003] P=6 S=41 arc=1.00 lr=0.0064 w_ov=3.52 iou=[0.892, 0.941] acc=0
r170 1880s L=0.04167 cov=[0.0248, 0.0127] ov=[2e-05, 0.00029] P=6 S=41 arc=1.00 lr=0.0016 w_ov=3.6 iou=[0.892, 0.941] acc=0
r171 1892s L=0.04164 cov=[0.0248, 0.0127] ov=[2e-05, 0.00029] P=6 S=41 arc=1.00 lr=0.0002 w_ov=3.69 iou=[0.892, 0.941] acc=0
r172 1903s L=0.04164 cov=[0.0248, 0.0127] ov=[2e-05, 0.00029] P=6 S=41 arc=1.00 lr=0.0002 w_ov=3.77 iou=[0.892, 0.941] acc=0
r173 1915s L=0.04164 cov=[0.0248, 0.0127] ov=[2e-05, 0.00029] P=6 S=41 arc=1.00 lr=0.0002 w_ov=3.85 iou=[0.892, 0.941] acc=0
r174 1925s L=0.04163 cov=[0.0248, 0.0127] ov=[2e-05, 0.00029] P=6 S=41 arc=1.00 lr=0.0002 w_ov=3.94 iou=[0.892, 0.941] acc=0
r175 1937s L=0.04162 cov=[0.0248, 0.0127] ov=[2e-05, 0.00029] P=6 S=41 arc=1.00 lr=0.0002 w_ov=4.02 iou=[0.892, 0.941] acc=0
r176 1948s L=0.04161 cov=[0.0248, 0.0127] ov=[2e-05, 0.00029] P=6 S=41 arc=1.00 lr=0.0002 w_ov=4.11 iou=[0.892, 0.941] acc=0
r177 1960s L=0.0416 cov=[0.0248, 0.0127] ov=[2e-05, 0.00029] P=6 S=41 arc=1.00 lr=0.0002 w_ov=4.2 iou=[0.892, 0.941] acc=0
r178 1972s L=0.0416 cov=[0.0248, 0.0127] ov=[2e-05, 0.00029] P=6 S=41 arc=1.00 lr=0.0002 w_ov=4.3 iou=[0.892, 0.941] acc=0
r179 1983s L=0.04159 cov=[0.0248, 0.0127] ov=[2e-05, 0.00029] P=6 S=41 arc=1.00 lr=0.0002 w_ov=4.4 iou=[0.892, 0.941] acc=0
r180 1994s L=0.04158 cov=[0.0248, 0.0127] ov=[2e-05, 0.00029] P=6 S=41 arc=1.00 lr=0.0002 w_ov=4.49 iou=[0.892, 0.941] acc=0
r181 2006s L=0.04158 cov=[0.0248, 0.0127] ov=[2e-05, 0.00029] P=6 S=41 arc=1.00 lr=0.0002 w_ov=4.59 iou=[0.892, 0.941] acc=0
r182 2018s L=0.04157 cov=[0.0248, 0.0127] ov=[2e-05, 0.00029] P=6 S=41 arc=1.00 lr=0.0002 w_ov=4.69 iou=[0.892, 0.941] acc=0
r183 2029s L=0.04156 cov=[0.0248, 0.0127] ov=[2e-05, 0.00028] P=6 S=41 arc=1.00 lr=0.0002 w_ov=4.8 iou=[0.892, 0.941] acc=0
r184 2041s L=0.04155 cov=[0.0248, 0.0127] ov=[2e-05, 0.00028] P=6 S=41 arc=1.00 lr=0.0002 w_ov=4.91 iou=[0.892, 0.941] acc=0
r185 2052s L=0.04154 cov=[0.0248, 0.0128] ov=[2e-05, 0.00028] P=6 S=41 arc=1.00 lr=0.0002 w_ov=5.02 iou=[0.892, 0.941] acc=0
r186 2064s L=0.04153 cov=[0.0248, 0.0128] ov=[1e-05, 0.00028] P=6 S=41 arc=1.00 lr=0.0002 w_ov=5.13 iou=[0.892, 0.941] acc=0
r187 2075s L=0.04152 cov=[0.0248, 0.0128] ov=[1e-05, 0.00028] P=6 S=41 arc=1.00 lr=0.0002 w_ov=5.25 iou=[0.892, 0.941] acc=0
r188 2087s L=0.04151 cov=[0.0248, 0.0128] ov=[1e-05, 0.00028] P=6 S=41 arc=1.00 lr=0.0002 w_ov=5.37 iou=[0.892, 0.941] acc=0
r189 2098s L=0.04149 cov=[0.0248, 0.0128] ov=[1e-05, 0.00028] P=6 S=41 arc=1.00 lr=0.0002 w_ov=5.49 iou=[0.892, 0.941] acc=0
r190 2110s L=0.04148 cov=[0.0248, 0.0128] ov=[1e-05, 0.00028] P=6 S=41 arc=1.00 lr=0.00028 w_ov=5.6 iou=[0.891, 0.941] acc=1
r191 2121s L=0.04138 cov=[0.0247, 0.0128] ov=[1e-05, 0.00027] P=6 S=41 arc=1.00 lr=0.0002 w_ov=5.73 iou=[0.891, 0.941] acc=0
r192 2133s L=0.04136 cov=[0.0247, 0.0128] ov=[1e-05, 0.00027] P=6 S=41 arc=1.00 lr=0.0002 w_ov=5.86 iou=[0.891, 0.941] acc=0
r193 2145s L=0.04134 cov=[0.0247, 0.0128] ov=[1e-05, 0.00027] P=6 S=41 arc=1.00 lr=0.0002 w_ov=5.99 iou=[0.891, 0.941] acc=0
r194 2156s L=0.04132 cov=[0.0247, 0.0128] ov=[1e-05, 0.00027] P=6 S=41 arc=0.98 lr=0.00028 w_ov=6.13 iou=[0.891, 0.941] acc=1
r195 2166s L=0.04129 cov=[0.0248, 0.0128] ov=[1e-05, 0.00027] P=6 S=41 arc=0.98 lr=0.0002 w_ov=6.26 iou=[0.891, 0.941] acc=1
r196 2178s L=0.04127 cov=[0.0248, 0.0128] ov=[1e-05, 0.00026] P=6 S=41 arc=1.00 lr=0.00028 w_ov=6.39 iou=[0.891, 0.941] acc=0
r197 2190s L=0.04124 cov=[0.0248, 0.0128] ov=[1e-05, 0.00026] P=6 S=41 arc=1.00 lr=0.0002 w_ov=6.53 iou=[0.891, 0.941] acc=0
r198 2202s L=0.04122 cov=[0.0248, 0.0128] ov=[1e-05, 0.00026] P=6 S=41 arc=0.98 lr=0.0002 w_ov=6.68 iou=[0.891, 0.941] acc=1
r199 2214s L=0.0412 cov=[0.0248, 0.0128] ov=[1e-05, 0.00025] P=6 S=41 arc=0.98 lr=0.0002 w_ov=6.84 iou=[0.892, 0.941] acc=0
r200 2226s L=0.04118 cov=[0.0248, 0.0128] ov=[1e-05, 0.00025] P=6 S=41 arc=0.98 lr=0.0002 w_ov=7 iou=[0.892, 0.941] acc=0
r201 2237s L=0.04115 cov=[0.0248, 0.0128] ov=[1e-05, 0.00025] P=6 S=41 arc=0.98 lr=0.0002 w_ov=7.16 iou=[0.892, 0.941] acc=0
r202 2249s L=0.04113 cov=[0.0248, 0.0128] ov=[1e-05, 0.00025] P=6 S=41 arc=0.98 lr=0.0002 w_ov=7.31 iou=[0.892, 0.941] acc=0
r203 2260s L=0.04111 cov=[0.0248, 0.0128] ov=[1e-05, 0.00024] P=6 S=41 arc=0.98 lr=0.0002 w_ov=7.48 iou=[0.892, 0.941] acc=0
r204 2271s L=0.04109 cov=[0.0248, 0.0129] ov=[1e-05, 0.00024] P=6 S=41 arc=0.95 lr=0.00028 w_ov=7.64 iou=[0.892, 0.941] acc=2
r205 2283s L=0.04093 cov=[0.0248, 0.0129] ov=[0.0, 0.00022] P=6 S=41 arc=0.93 lr=0.0045 w_ov=7.81 iou=[0.892, 0.941] acc=2
r206 2295s L=0.04034 cov=[0.0248, 0.0132] ov=[0.0, 0.00014] P=6 S=41 arc=0.90 lr=0.0064 w_ov=7.99 iou=[0.892, 0.94] acc=1
r207 2307s L=0.04015 cov=[0.0248, 0.0132] ov=[0.0, 0.00012] P=6 S=41 arc=0.90 lr=0.0032 w_ov=8.17 iou=[0.892, 0.939] acc=0
r208 2317s L=0.04005 cov=[0.0247, 0.0132] ov=[0.0, 0.00011] P=6 S=41 arc=0.90 lr=0.0016 w_ov=8.36 iou=[0.891, 0.939] acc=2
r209 2329s L=0.03992 cov=[0.0247, 0.0133] ov=[0.0, 9e-05] P=6 S=41 arc=0.95 lr=0.0064 w_ov=8.53 iou=[0.891, 0.939] acc=0
r210 2340s L=0.03978 cov=[0.0247, 0.0133] ov=[0.0, 8e-05] P=6 S=41 arc=0.95 lr=0.0032 w_ov=8.72 iou=[0.891, 0.938] acc=0
r211 2351s L=0.03972 cov=[0.0246, 0.0133] ov=[0.0, 7e-05] P=6 S=41 arc=0.95 lr=0.0023 w_ov=8.92 iou=[0.891, 0.938] acc=0
r212 2361s L=0.03965 cov=[0.0246, 0.0133] ov=[0.0, 7e-05] P=6 S=41 arc=0.93 lr=0.0016 w_ov=9.11 iou=[0.892, 0.938] acc=1
r213 2373s L=0.0396 cov=[0.0246, 0.0134] ov=[0.0, 6e-05] P=6 S=41 arc=0.93 lr=0.0011 w_ov=9.29 iou=[0.892, 0.938] acc=0
r214 2384s L=0.03958 cov=[0.0246, 0.0133] ov=[0.0, 6e-05] P=6 S=41 arc=0.93 lr=0.00028 w_ov=9.49 iou=[0.891, 0.938] acc=1
r215 2396s L=0.03958 cov=[0.0246, 0.0133] ov=[0.0, 6e-05] P=6 S=41 arc=0.95 lr=0.00028 w_ov=9.7 iou=[0.892, 0.938] acc=0
r216 2407s L=0.03957 cov=[0.0246, 0.0133] ov=[0.0, 6e-05] P=6 S=41 arc=0.93 lr=0.0002 w_ov=9.92 iou=[0.892, 0.938] acc=1
{
 "Merge": {
  "proposed": 1480,
  "accepted": 75,
  "scope": "shared",
  "rate": 0.05067567567567568
 },
 "MergeClose": {
  "proposed": 53,
  "accepted": 5,
  "scope": "shared",
  "rate": 0.09433962264150944
 },
 "ToArc": {
  "proposed": 372,
  "accepted": 166,
  "scope": "shared",
  "rate": 0.44623655913978494
 },
 "Rotate": {
  "proposed": 2277,
  "accepted": 10,
  "scope": "per-target",
  "rate": 0.004391743522178305
 },
 "SwapPoses": {
  "proposed": 1700,
  "accepted": 1,
  "scope": "per-target",
  "rate": 0.000588235294117647
 },
 "Split": {
  "proposed": 5053,
  "accepted": 39,
  "scope": "shared",
  "rate": 0.007718187215515536
 },
 "forced:RemoveSmallPart": {
  "proposed": 0,
  "accepted": 5,
  "scope": "shared",
  "rate": 5.0
 },
 "ToLine": {
  "proposed": 2953,
  "accepted": 110,
  "scope": "shared",
  "rate": 0.0372502539790044
 }
}
EVAL avg_chamfer=4.241 avg_hausdorff=25.995 pieces=6->6 loss=0.039571
