r0 5s L=0.8438 cov=[0.0086, 0.038] ov=[0.03093, 0.04873] P=4 S=24 arc=0.00 lr=0.5 w_ov=0.1 iou=[0.943, 0.816] acc=14
r1 10s L=0.6763 cov=[0.0034, 0.0222] ov=[0.02327, 0.04173] P=4 S=22 arc=0.18 lr=0.18 w_ov=0.104 iou=[0.976, 0.889] acc=12
r2 16s L=0.6571 cov=[0.0036, 0.0197] ov=[0.02373, 0.03958] P=4 S=20 arc=0.65 lr=0.25 w_ov=0.108 iou=[0.976, 0.899] acc=5
r3 22s L=0.6067 cov=[0.0038, 0.0179] ov=[0.02203, 0.03642] P=4 S=20 arc=0.70 lr=0.25 w_ov=0.113 iou=[0.975, 0.908] acc=4
r4 28s L=0.57 cov=[0.0047, 0.0169] ov=[0.02032, 0.03445] P=4 S=23 arc=0.70 lr=0.35 w_ov=0.118 iou=[0.974, 0.912] acc=11
r5 33s L=0.5551 cov=[0.0063, 0.0179] ov=[0.01925, 0.03378] P=4 S=27 arc=0.59 lr=0.35 w_ov=0.124 iou=[0.962, 0.898] acc=12
r6 40s L=0.5195 cov=[0.0038, 0.0143] ov=[0.01922, 0.03086] P=4 S=25 arc=0.56 lr=0.12 w_ov=0.129 iou=[0.974, 0.923] acc=6
r7 46s L=0.5476 cov=[0.0044, 0.0135] ov=[0.02189, 0.03102] P=4 S=22 arc=0.68 lr=0.17 w_ov=0.136 iou=[0.964, 0.927] acc=7
r8 52s L=0.4982 cov=[0.0043, 0.0122] ov=[0.01958, 0.02854] P=4 S=26 arc=0.58 lr=0.23 w_ov=0.143 iou=[0.97, 0.935] acc=11
r9 59s L=0.5107 cov=[0.0042, 0.0111] ov=[0.02074, 0.02874] P=4 S=27 arc=0.56 lr=0.23 w_ov=0.15 iou=[0.967, 0.938] acc=7
r10 66s L=0.4726 cov=[0.004, 0.0094] ov=[0.01901, 0.02684] P=4 S=25 arc=0.68 lr=0.23 w_ov=0.158 iou=[0.974, 0.941] acc=4
r11 72s L=0.4585 cov=[0.0039, 0.0086] ov=[0.01882, 0.02571] P=4 S=23 arc=0.70 lr=0.23 w_ov=0.166 iou=[0.972, 0.946] acc=4
r12 78s L=0.4684 cov=[0.0041, 0.008] ov=[0.02035, 0.02522] P=4 S=26 arc=0.65 lr=0.23 w_ov=0.174 iou=[0.971, 0.936] acc=5
r13 85s L=0.4559 cov=[0.0033, 0.0052] ov=[0.01996, 0.02472] P=4 S=30 arc=0.60 lr=0.23 w_ov=0.182 iou=[0.978, 0.961] acc=10
r14 92s L=0.4328 cov=[0.003, 0.0045] ov=[0.01887, 0.02358] P=4 S=28 arc=0.46 lr=0.23 w_ov=0.192 iou=[0.98, 0.963] acc=12
r15 100s L=0.4106 cov=[0.0024, 0.0043] ov=[0.01829, 0.02203] P=4 S=30 arc=0.50 lr=0.23 w_ov=0.203 iou=[0.984, 0.969] acc=7
r16 107s L=0.3774 cov=[0.0023, 0.0041] ov=[0.01656, 0.02047] P=4 S=27 arc=0.63 lr=0.23 w_ov=0.215 iou=[0.986, 0.97] acc=5
r17 114s L=0.3407 cov=[0.0022, 0.0041] ov=[0.0149, 0.01848] P=4 S=29 arc=0.69 lr=0.23 w_ov=0.228 iou=[0.985, 0.971] acc=8
r18 121s L=0.3009 cov=[0.0023, 0.0042] ov=[0.01257, 0.0168] P=4 S=28 arc=0.71 lr=0.23 w_ov=0.24 iou=[0.985, 0.966] acc=7
r19 127s L=0.2708 cov=[0.0022, 0.0035] ov=[0.01169, 0.01475] P=4 S=26 arc=0.81 lr=0.12 w_ov=0.253 iou=[0.983, 0.974] acc=6
r20 133s L=0.2506 cov=[0.0022, 0.0035] ov=[0.01087, 0.01355] P=4 S=27 arc=0.85 lr=0.2 w_ov=0.266 iou=[0.984, 0.973] acc=4
r21 140s L=0.24 cov=[0.0022, 0.0036] ov=[0.01035, 0.013] P=4 S=27 arc=0.85 lr=0.2 w_ov=0.278 iou=[0.984, 0.972] acc=5
r22 146s L=0.2114 cov=[0.0023, 0.0035] ov=[0.00925, 0.01124] P=4 S=27 arc=0.85 lr=0.2 w_ov=0.292 iou=[0.984, 0.974] acc=2
r23 152s L=0.1971 cov=[0.0025, 0.0046] ov=[0.00897, 0.00996] P=4 S=31 arc=0.84 lr=0.28 w_ov=0.308 iou=[0.982, 0.971] acc=7
r24 160s L=0.2046 cov=[0.0029, 0.0057] ov=[0.00814, 0.01138] P=4 S=28 arc=0.71 lr=0.14 w_ov=0.322 iou=[0.98, 0.945] acc=7
r25 166s L=0.1488 cov=[0.0025, 0.0037] ov=[0.0068, 0.00738] P=4 S=27 arc=0.74 lr=0.18 w_ov=0.341 iou=[0.984, 0.97] acc=2
r26 172s L=0.1415 cov=[0.0025, 0.0038] ov=[0.00653, 0.00692] P=4 S=27 arc=0.74 lr=0.18 w_ov=0.358 iou=[0.985, 0.97] acc=4
r27 179s L=0.1322 cov=[0.0025, 0.0039] ov=[0.00619, 0.00632] P=4 S=26 arc=0.81 lr=0.18 w_ov=0.375 iou=[0.984, 0.971] acc=4
r28 185s L=0.1235 cov=[0.0025, 0.004] ov=[0.00582, 0.00581] P=4 S=25 arc=0.88 lr=0.13 w_ov=0.395 iou=[0.984, 0.97] acc=2
r29 191s L=0.1169 cov=[0.0026, 0.004] ov=[0.00558, 0.00538] P=4 S=25 arc=0.88 lr=0.12 w_ov=0.415 iou=[0.983, 0.968] acc=1
r30 197s L=0.1107 cov=[0.0026, 0.0041] ov=[0.00524, 0.00509] P=4 S=25 arc=0.88 lr=0.12 w_ov=0.433 iou=[0.983, 0.968] acc=0
r31 202s L=0.1075 cov=[0.0027, 0.0041] ov=[0.00505, 0.00496] P=4 S=25 arc=0.88 lr=0.084 w_ov=0.453 iou=[0.983, 0.968] acc=1
r32 208s L=0.1033 cov=[0.0027, 0.0042] ov=[0.00489, 0.00468] P=4 S=25 arc=0.92 lr=0.041 w_ov=0.472 iou=[0.982, 0.967] acc=0
r33 214s L=0.09691 cov=[0.0028, 0.0043] ov=[0.00467, 0.00425] P=4 S=24 arc=0.88 lr=0.082 w_ov=0.493 iou=[0.981, 0.967] acc=3
r34 220s L=0.09364 cov=[0.0029, 0.0043] ov=[0.00453, 0.00406] P=4 S=24 arc=0.88 lr=0.028 w_ov=0.516 iou=[0.981, 0.966] acc=1
r35 226s L=0.09111 cov=[0.0029, 0.0043] ov=[0.00444, 0.00388] P=4 S=24 arc=0.92 lr=0.056 w_ov=0.54 iou=[0.98, 0.967] acc=1
r36 231s L=0.08728 cov=[0.003, 0.0044] ov=[0.00429, 0.00363] P=4 S=24 arc=0.88 lr=0.055 w_ov=0.565 iou=[0.98, 0.967] acc=2
r37 237s L=0.0841 cov=[0.003, 0.0044] ov=[0.00418, 0.00342] P=4 S=24 arc=0.88 lr=0.054 w_ov=0.591 iou=[0.98, 0.966] acc=1
r38 244s L=0.07997 cov=[0.0031, 0.0045] ov=[0.004, 0.00318] P=4 S=24 arc=0.92 lr=0.053 w_ov=0.619 iou=[0.979, 0.967] acc=0
r39 250s L=0.07519 cov=[0.0032, 0.0047] ov=[0.00381, 0.00286] P=4 S=24 arc=0.92 lr=0.052 w_ov=0.649 iou=[0.978, 0.966] acc=0
r40 256s L=0.0744 cov=[0.0031, 0.0047] ov=[0.00359, 0.003] P=4 S=25 arc=0.88 lr=0.15 w_ov=0.681 iou=[0.977, 0.966] acc=2
r41 262s L=0.06606 cov=[0.0032, 0.0049] ov=[0.00317, 0.00255] P=4 S=26 arc=0.88 lr=0.15 w_ov=0.714 iou=[0.977, 0.965] acc=2
r42 268s L=0.06303 cov=[0.0033, 0.0049] ov=[0.00283, 0.00259] P=4 S=26 arc=0.85 lr=0.15 w_ov=0.747 iou=[0.977, 0.965] acc=2
r43 275s L=0.05843 cov=[0.0033, 0.005] ov=[0.00259, 0.00235] P=4 S=28 arc=0.86 lr=0.21 w_ov=0.784 iou=[0.976, 0.965] acc=4
r44 281s L=0.05448 cov=[0.0032, 0.005] ov=[0.00242, 0.00214] P=4 S=27 arc=0.93 lr=0.073 w_ov=0.825 iou=[0.975, 0.962] acc=1
r45 287s L=0.04475 cov=[0.0033, 0.0052] ov=[0.00183, 0.00173] P=4 S=28 arc=0.82 lr=0.19 w_ov=0.865 iou=[0.976, 0.963] acc=4
r46 293s L=0.04009 cov=[0.0035, 0.0052] ov=[0.00153, 0.00155] P=4 S=28 arc=0.79 lr=0.066 w_ov=0.906 iou=[0.977, 0.963] acc=3
r47 299s L=0.03573 cov=[0.0034, 0.0052] ov=[0.00132, 0.00133] P=4 S=28 arc=0.82 lr=0.13 w_ov=0.949 iou=[0.976, 0.963] acc=2
r48 305s L=0.03178 cov=[0.0032, 0.0052] ov=[0.00095, 0.00131] P=4 S=28 arc=0.86 lr=0.064 w_ov=0.994 iou=[0.979, 0.962] acc=2
r49 311s L=0.02948 cov=[0.0032, 0.0053] ov=[0.00082, 0.00121] P=4 S=28 arc=0.93 lr=0.043 w_ov=1.04 iou=[0.979, 0.962] acc=1
r50 317s L=0.02776 cov=[0.0032, 0.0054] ov=[0.00073, 0.00112] P=4 S=28 arc=0.96 lr=0.043 w_ov=1.09 iou=[0.979, 0.961] acc=0
r51 323s L=0.02553 cov=[0.0033, 0.0055] ov=[0.00057, 0.00104] P=4 S=28 arc=0.93 lr=0.083 w_ov=1.14 iou=[0.979, 0.96] acc=1
r52 329s L=0.0239 cov=[0.0033, 0.0055] ov=[0.00046, 0.00098] P=4 S=28 arc=0.89 lr=0.041 w_ov=1.19 iou=[0.979, 0.96] acc=1
r53 335s L=0.02304 cov=[0.0033, 0.0055] ov=[0.00041, 0.00095] P=4 S=28 arc=0.89 lr=0.04 w_ov=1.25 iou=[0.978, 0.96] acc=1
r54 340s L=0.022 cov=[0.0034, 0.0055] ov=[0.00034, 0.0009] P=4 S=28 arc=0.93 lr=0.028 w_ov=1.3 iou=[0.977, 0.96] acc=0
r55 346s L=0.02256 cov=[0.0033, 0.0055] ov=[0.00039, 0.00092] P=4 S=28 arc=0.89 lr=0.027 w_ov=1.36 iou=[0.978, 0.961] acc=2
r56 352s L=0.0205 cov=[0.0035, 0.0055] ov=[0.00023, 0.00086] P=4 S=28 arc=0.89 lr=0.053 w_ov=1.42 iou=[0.976, 0.96] acc=2
r57 358s L=0.01994 cov=[0.0036, 0.0054] ov=[0.00018, 0.00085] P=4 S=28 arc=0.93 lr=0.037 w_ov=1.49 iou=[0.975, 0.96] acc=0
r58 363s L=0.01907 cov=[0.0036, 0.0054] ov=[0.00016, 0.00078] P=4 S=28 arc=0.93 lr=0.036 w_ov=1.56 iou=[0.975, 0.96] acc=0
r59 369s L=0.0204 cov=[0.0037, 0.0053] ov=[0.00024, 0.00083] P=4 S=28 arc=0.89 lr=0.035 w_ov=1.63 iou=[0.976, 0.961] acc=1
r60 375s L=0.01787 cov=[0.0038, 0.0053] ov=[7e-05, 0.00074] P=4 S=28 arc=0.89 lr=0.034 w_ov=1.7 iou=[0.975, 0.961] acc=1
r61 381s L=0.01684 cov=[0.0038, 0.0054] ov=[8e-05, 0.00062] P=4 S=28 arc=0.93 lr=0.023 w_ov=1.78 iou=[0.974, 0.961] acc=0
r62 387s L=0.01664 cov=[0.0038, 0.0053] ov=[8e-05, 0.0006] P=4 S=28 arc=0.93 lr=0.016 w_ov=1.86 iou=[0.974, 0.962] acc=1
r63 393s L=0.0163 cov=[0.0038, 0.0053] ov=[6e-05, 0.00059] P=4 S=28 arc=0.96 lr=0.011 w_ov=1.95 iou=[0.974, 0.961] acc=0
r64 399s L=0.01639 cov=[0.0038, 0.0053] ov=[9e-05, 0.00057] P=4 S=28 arc=0.93 lr=0.031 w_ov=2.04 iou=[0.974, 0.962] acc=1
r65 405s L=0.01577 cov=[0.0038, 0.0053] ov=[6e-05, 0.00053] P=4 S=28 arc=0.93 lr=0.021 w_ov=2.14 iou=[0.974, 0.962] acc=0
r66 410s L=0.01562 cov=[0.0038, 0.0054] ov=[7e-05, 0.0005] P=4 S=28 arc=0.93 lr=0.029 w_ov=2.23 iou=[0.974, 0.961] acc=1
r67 416s L=0.01497 cov=[0.0039, 0.0054] ov=[3e-05, 0.00047] P=4 S=28 arc=0.96 lr=0.014 w_ov=2.33 iou=[0.974, 0.96] acc=0
r68 422s L=0.01478 cov=[0.0039, 0.0054] ov=[3e-05, 0.00045] P=4 S=28 arc=0.96 lr=0.019 w_ov=2.44 iou=[0.974, 0.96] acc=0
r69 428s L=0.01457 cov=[0.0039, 0.0055] ov=[3e-05, 0.00043] P=4 S=28 arc=0.96 lr=0.013 w_ov=2.56 iou=[0.975, 0.959] acc=0
r70 434s L=0.01434 cov=[0.0039, 0.0055] ov=[3e-05, 0.0004] P=4 S=28 arc=0.96 lr=0.009 w_ov=2.67 iou=[0.974, 0.96] acc=1
r71 440s L=0.0137 cov=[0.0039, 0.0056] ov=[2e-05, 0.00034] P=4 S=28 arc=1.00 lr=0.012 w_ov=2.79 iou=[0.974, 0.96] acc=0
r72 446s L=0.01338 cov=[0.0039, 0.0056] ov=[2e-05, 0.0003] P=4 S=28 arc=1.00 lr=0.012 w_ov=2.93 iou=[0.973, 0.96] acc=0
r73 452s L=0.01314 cov=[0.004, 0.0056] ov=[2e-05, 0.00028] P=4 S=28 arc=1.00 lr=0.011 w_ov=3.06 iou=[0.973, 0.96] acc=0
r74 457s L=0.01302 cov=[0.004, 0.0055] ov=[2e-05, 0.00026] P=4 S=28 arc=1.00 lr=0.0077 w_ov=3.2 iou=[0.973, 0.96] acc=0
r75 463s L=0.01292 cov=[0.004, 0.0055] ov=[2e-05, 0.00025] P=4 S=28 arc=1.00 lr=0.011 w_ov=3.34 iou=[0.973, 0.96] acc=0
r76 469s L=0.01278 cov=[0.004, 0.0055] ov=[1e-05, 0.00024] P=4 S=28 arc=1.00 lr=0.0071 w_ov=3.5 iou=[0.973, 0.96] acc=0
r77 475s L=0.01271 cov=[0.0041, 0.0055] ov=[1e-05, 0.00024] P=4 S=28 arc=1.00 lr=0.0048 w_ov=3.67 iou=[0.973, 0.96] acc=0
r78 481s L=0.01265 cov=[0.0041, 0.0055] ov=[1e-05, 0.00024] P=4 S=28 arc=1.00 lr=0.0032 w_ov=3.84 iou=[0.973, 0.96] acc=0
r79 487s L=0.0126 cov=[0.0041, 0.0055] ov=[1e-05, 0.00023] P=4 S=28 arc=1.00 lr=0.0062 w_ov=4.02 iou=[0.973, 0.96] acc=0
r80 493s L=0.01255 cov=[0.0041, 0.0055] ov=[1e-05, 0.00023] P=4 S=28 arc=1.00 lr=0.0029 w_ov=4.21 iou=[0.973, 0.96] acc=0
r81 498s L=0.01251 cov=[0.0041, 0.0055] ov=[0.0, 0.00022] P=4 S=28 arc=1.00 lr=0.0028 w_ov=4.39 iou=[0.973, 0.96] acc=0
r82 504s L=0.01248 cov=[0.0041, 0.0055] ov=[1e-05, 0.00022] P=4 S=28 arc=1.00 lr=0.0026 w_ov=4.58 iou=[0.973, 0.96] acc=0
r83 510s L=0.01245 cov=[0.0041, 0.0055] ov=[0.0, 0.00022] P=4 S=28 arc=1.00 lr=0.0025 w_ov=4.8 iou=[0.973, 0.96] acc=0
r84 516s L=0.01242 cov=[0.0041, 0.0055] ov=[0.0, 0.00021] P=4 S=28 arc=1.00 lr=0.0047 w_ov=5.02 iou=[0.972, 0.96] acc=0
r85 522s L=0.01238 cov=[0.0041, 0.0055] ov=[0.0, 0.00021] P=4 S=28 arc=1.00 lr=0.0022 w_ov=5.25 iou=[0.972, 0.959] acc=0
r86 527s L=0.01235 cov=[0.0041, 0.0055] ov=[0.0, 0.0002] P=4 S=28 arc=1.00 lr=0.002 w_ov=5.48 iou=[0.972, 0.959] acc=0
r87 533s L=0.01232 cov=[0.0041, 0.0055] ov=[0.0, 0.0002] P=4 S=28 arc=1.00 lr=0.0027 w_ov=5.73 iou=[0.972, 0.959] acc=0
r88 540s L=0.01229 cov=[0.0041, 0.0055] ov=[0.0, 0.0002] P=4 S=28 arc=0.96 lr=0.0035 w_ov=6 iou=[0.972, 0.959] acc=1
r89 546s L=0.01226 cov=[0.0041, 0.0055] ov=[0.0, 0.00019] P=4 S=28 arc=0.96 lr=0.0016 w_ov=6.3 iou=[0.972, 0.959] acc=0
r90 552s L=0.01225 cov=[0.0041, 0.0056] ov=[0.0, 0.00019] P=4 S=28 arc=0.96 lr=0.0002 w_ov=6.6 iou=[0.972, 0.959] acc=0
r91 558s L=0.01208 cov=[0.0041, 0.0056] ov=[0.0, 0.00017] P=4 S=28 arc=0.93 lr=0.0071 w_ov=6.9 iou=[0.972, 0.96] acc=1
r92 563s L=0.01201 cov=[0.0041, 0.0055] ov=[0.0, 0.00017] P=4 S=28 arc=0.93 lr=0.0044 w_ov=7.22 iou=[0.972, 0.96] acc=2
r93 569s L=0.01197 cov=[0.0041, 0.0056] ov=[0.0, 0.00016] P=4 S=28 arc=0.93 lr=0.0019 w_ov=7.54 iou=[0.972, 0.96] acc=2
r94 575s L=0.01194 cov=[0.0041, 0.0056] ov=[0.0, 0.00015] P=4 S=28 arc=0.93 lr=0.0023 w_ov=7.9 iou=[0.972, 0.96] acc=1
r95 581s L=0.01191 cov=[0.0041, 0.0056] ov=[0.0, 0.00015] P=4 S=28 arc=0.96 lr=0.00065 w_ov=8.25 iou=[0.972, 0.96] acc=1
r96 586s L=0.01189 cov=[0.0041, 0.0056] ov=[0.0, 0.00015] P=4 S=28 arc=0.96 lr=0.0014 w_ov=8.62 iou=[0.972, 0.96] acc=1
r97 592s L=0.01187 cov=[0.0041, 0.0056] ov=[0.0, 0.00014] P=4 S=28 arc=0.96 lr=0.00072 w_ov=8.99 iou=[0.972, 0.96] acc=1
r98 598s L=0.01186 cov=[0.0041, 0.0056] ov=[0.0, 0.00014] P=4 S=28 arc=0.96 lr=0.0003 w_ov=9.4 iou=[0.972, 0.96] acc=1
r99 604s L=0.01185 cov=[0.0041, 0.0056] ov=[0.0, 0.00014] P=4 S=28 arc=0.96 lr=0.0002 w_ov=9.86 iou=[0.972, 0.96] acc=1
{
 "Rotate": {
  "proposed": 1214,
  "accepted": 4,
  "scope": "per-target",
  "rate": 0.0032948929159802307
 },
 "ToArc": {
  "proposed": 285,
  "accepted": 83,
  "scope": "shared",
  "rate": 0.2912280701754386
 },
 "Split": {
  "proposed": 2466,
  "accepted": 53,
  "scope": "shared",
  "rate": 0.021492295214922953
 },
 "SwapPoses": {
  "proposed": 320,
  "accepted": 0,
  "scope": "per-target",
  "rate": 0.0
 },
 "Merge": {
  "proposed": 533,
  "accepted": 40,
  "scope": "shared",
  "rate": 0.075046904315197
 },
 "ToLine": {
  "proposed": 1580,
  "accepted": 71,
  "scope": "shared",
  "rate": 0.04493670886075949
 },
 "MergeClose": {
  "proposed": 2,
  "accepted": 1,
  "scope": "shared",
  "rate": 0.5
 }
}
EVAL avg_chamfer=7.666 avg_hausdorff=29.793 pieces=4->4 loss=0.011855
