r0 6s L=0.5402 cov=[0.0141, 0.0447] ov=[0.02463, 0.02346] P=4 S=19 arc=0.00 lr=0.71 w_ov=0.1 iou=[0.927, 0.739] acc=8
r1 10s L=0.6217 cov=[0.0151, 0.013] ov=[0.03395, 0.02535] P=4 S=20 arc=0.05 lr=0.25 w_ov=0.104 iou=[0.916, 0.914] acc=11
r2 14s L=0.4735 cov=[0.0052, 0.004] ov=[0.02483, 0.02153] P=4 S=19 arc=0.37 lr=0.25 w_ov=0.108 iou=[0.968, 0.966] acc=7
r3 19s L=0.4649 cov=[0.0046, 0.0037] ov=[0.02475, 0.02085] P=4 S=18 arc=0.44 lr=0.25 w_ov=0.112 iou=[0.972, 0.97] acc=5
r4 25s L=0.4566 cov=[0.0043, 0.0037] ov=[0.02425, 0.02056] P=4 S=17 arc=0.65 lr=0.25 w_ov=0.116 iou=[0.971, 0.969] acc=4
r5 30s L=0.452 cov=[0.0041, 0.0037] ov=[0.02408, 0.02029] P=4 S=17 arc=0.82 lr=0.13 w_ov=0.121 iou=[0.975, 0.968] acc=1
r6 35s L=0.433 cov=[0.0038, 0.0037] ov=[0.02324, 0.01926] P=4 S=17 arc=0.88 lr=0.24 w_ov=0.126 iou=[0.976, 0.968] acc=0
r7 41s L=0.4252 cov=[0.0036, 0.0037] ov=[0.02277, 0.01896] P=4 S=17 arc=0.82 lr=0.24 w_ov=0.131 iou=[0.976, 0.969] acc=1
r8 46s L=0.4179 cov=[0.0035, 0.0036] ov=[0.02241, 0.01861] P=4 S=17 arc=0.82 lr=0.12 w_ov=0.137 iou=[0.979, 0.97] acc=1
r9 52s L=0.4174 cov=[0.0036, 0.0038] ov=[0.02211, 0.01882] P=4 S=27 arc=0.74 lr=0.46 w_ov=0.143 iou=[0.978, 0.97] acc=14
r10 58s L=0.3906 cov=[0.0033, 0.0036] ov=[0.02135, 0.01695] P=4 S=24 arc=0.75 lr=0.16 w_ov=0.149 iou=[0.979, 0.971] acc=5
r11 64s L=0.3748 cov=[0.0034, 0.0032] ov=[0.0205, 0.01626] P=4 S=24 arc=0.75 lr=0.23 w_ov=0.156 iou=[0.978, 0.973] acc=2
r12 69s L=0.3666 cov=[0.0034, 0.0032] ov=[0.02024, 0.01571] P=4 S=23 arc=0.70 lr=0.32 w_ov=0.163 iou=[0.981, 0.961] acc=4
r13 74s L=0.3375 cov=[0.0035, 0.0032] ov=[0.01897, 0.01404] P=4 S=25 arc=0.60 lr=0.32 w_ov=0.17 iou=[0.979, 0.972] acc=6
r14 79s L=0.3127 cov=[0.0035, 0.0032] ov=[0.01768, 0.01286] P=4 S=23 arc=0.65 lr=0.32 w_ov=0.177 iou=[0.979, 0.973] acc=4
r15 84s L=0.2912 cov=[0.0035, 0.0032] ov=[0.01685, 0.01154] P=4 S=24 arc=0.67 lr=0.32 w_ov=0.184 iou=[0.979, 0.973] acc=3
r16 89s L=0.2689 cov=[0.0037, 0.0032] ov=[0.01609, 0.01005] P=4 S=33 arc=0.61 lr=0.32 w_ov=0.191 iou=[0.976, 0.974] acc=11
r17 96s L=0.2287 cov=[0.0035, 0.0032] ov=[0.01384, 0.00828] P=4 S=35 arc=0.54 lr=0.45 w_ov=0.198 iou=[0.978, 0.973] acc=10
r18 103s L=0.1785 cov=[0.0041, 0.0037] ov=[0.01124, 0.00577] P=4 S=33 arc=0.67 lr=0.16 w_ov=0.209 iou=[0.976, 0.967] acc=7
r19 110s L=0.1663 cov=[0.0033, 0.0033] ov=[0.01041, 0.00549] P=4 S=31 arc=0.65 lr=0.29 w_ov=0.221 iou=[0.981, 0.971] acc=8
r20 116s L=0.1732 cov=[0.0036, 0.0036] ov=[0.01083, 0.00569] P=4 S=30 arc=0.63 lr=0.15 w_ov=0.232 iou=[0.97, 0.974] acc=6
r21 122s L=0.1416 cov=[0.003, 0.0034] ov=[0.00897, 0.00448] P=4 S=28 arc=0.75 lr=0.29 w_ov=0.244 iou=[0.981, 0.972] acc=3
r22 128s L=0.1309 cov=[0.0028, 0.0035] ov=[0.00821, 0.00419] P=4 S=28 arc=0.75 lr=0.1 w_ov=0.255 iou=[0.983, 0.972] acc=6
r23 134s L=0.1248 cov=[0.0028, 0.0035] ov=[0.00773, 0.00405] P=4 S=28 arc=0.93 lr=0.098 w_ov=0.267 iou=[0.983, 0.972] acc=1
r24 140s L=0.1143 cov=[0.0028, 0.0036] ov=[0.00719, 0.00353] P=4 S=28 arc=0.89 lr=0.069 w_ov=0.279 iou=[0.983, 0.971] acc=1
r25 145s L=0.1104 cov=[0.0027, 0.0036] ov=[0.00691, 0.00342] P=4 S=26 arc=0.81 lr=0.068 w_ov=0.292 iou=[0.984, 0.962] acc=5
r26 150s L=0.09009 cov=[0.003, 0.0047] ov=[0.00485, 0.00332] P=4 S=26 arc=0.77 lr=0.19 w_ov=0.305 iou=[0.98, 0.965] acc=2
r27 156s L=0.07876 cov=[0.003, 0.0046] ov=[0.00428, 0.00277] P=4 S=24 arc=0.79 lr=0.19 w_ov=0.317 iou=[0.981, 0.967] acc=4
r28 161s L=0.07653 cov=[0.0029, 0.0042] ov=[0.00436, 0.00251] P=4 S=24 arc=0.79 lr=0.13 w_ov=0.331 iou=[0.981, 0.966] acc=2
r29 166s L=0.08195 cov=[0.003, 0.0043] ov=[0.00468, 0.00272] P=4 S=24 arc=0.79 lr=0.091 w_ov=0.344 iou=[0.981, 0.966] acc=3
r30 171s L=0.07223 cov=[0.0029, 0.0041] ov=[0.00412, 0.00235] P=4 S=22 arc=0.91 lr=0.064 w_ov=0.358 iou=[0.981, 0.966] acc=2
r31 176s L=0.07477 cov=[0.0029, 0.0041] ov=[0.00428, 0.00245] P=4 S=22 arc=0.82 lr=0.18 w_ov=0.373 iou=[0.98, 0.967] acc=5
r32 182s L=0.06989 cov=[0.0029, 0.004] ov=[0.00409, 0.00215] P=4 S=23 arc=0.83 lr=0.18 w_ov=0.388 iou=[0.98, 0.967] acc=4
r33 187s L=0.0668 cov=[0.003, 0.0043] ov=[0.00402, 0.00187] P=4 S=23 arc=0.78 lr=0.089 w_ov=0.403 iou=[0.98, 0.966] acc=3
r34 193s L=0.06611 cov=[0.0028, 0.0039] ov=[0.00403, 0.00186] P=4 S=23 arc=0.83 lr=0.061 w_ov=0.421 iou=[0.981, 0.968] acc=1
r35 198s L=0.06303 cov=[0.0028, 0.0039] ov=[0.00392, 0.00165] P=4 S=23 arc=0.87 lr=0.06 w_ov=0.439 iou=[0.981, 0.968] acc=1
r36 204s L=0.05969 cov=[0.0029, 0.004] ov=[0.00376, 0.00146] P=4 S=23 arc=0.87 lr=0.059 w_ov=0.458 iou=[0.981, 0.968] acc=2
r37 209s L=0.05661 cov=[0.0028, 0.004] ov=[0.00362, 0.0013] P=4 S=23 arc=0.87 lr=0.058 w_ov=0.477 iou=[0.981, 0.968] acc=2
r38 214s L=0.05359 cov=[0.0031, 0.0044] ov=[0.00346, 0.00109] P=4 S=27 arc=0.85 lr=0.16 w_ov=0.497 iou=[0.98, 0.966] acc=6
r39 220s L=0.05229 cov=[0.0028, 0.0042] ov=[0.00338, 0.00109] P=4 S=23 arc=0.96 lr=0.058 w_ov=0.518 iou=[0.98, 0.965] acc=4
r40 225s L=0.04839 cov=[0.0028, 0.0042] ov=[0.00317, 0.00091] P=4 S=22 arc=0.95 lr=0.056 w_ov=0.542 iou=[0.98, 0.966] acc=2
r41 230s L=0.04737 cov=[0.0028, 0.0042] ov=[0.00315, 0.00083] P=4 S=22 arc=0.91 lr=0.078 w_ov=0.563 iou=[0.98, 0.966] acc=2
r42 236s L=0.04616 cov=[0.0029, 0.0042] ov=[0.00302, 0.00082] P=4 S=22 arc=0.91 lr=0.054 w_ov=0.587 iou=[0.98, 0.965] acc=0
r43 241s L=0.04225 cov=[0.0029, 0.0043] ov=[0.00276, 0.00068] P=4 S=22 arc=0.91 lr=0.054 w_ov=0.61 iou=[0.979, 0.965] acc=0
r44 246s L=0.04037 cov=[0.003, 0.0044] ov=[0.00251, 0.00072] P=4 S=25 arc=0.76 lr=0.15 w_ov=0.635 iou=[0.978, 0.964] acc=6
r45 251s L=0.03685 cov=[0.0029, 0.0044] ov=[0.00245, 0.00044] P=4 S=24 arc=0.79 lr=0.053 w_ov=0.66 iou=[0.98, 0.965] acc=4
r46 256s L=0.03568 cov=[0.003, 0.0043] ov=[0.00244, 0.00034] P=4 S=23 arc=0.91 lr=0.051 w_ov=0.688 iou=[0.98, 0.965] acc=2
r47 262s L=0.03498 cov=[0.0029, 0.0043] ov=[0.00243, 0.00028] P=4 S=23 arc=0.91 lr=0.051 w_ov=0.716 iou=[0.979, 0.965] acc=1
r48 267s L=0.03398 cov=[0.0029, 0.0043] ov=[0.0024, 0.00021] P=4 S=22 arc=0.91 lr=0.05 w_ov=0.746 iou=[0.979, 0.965] acc=2
r49 273s L=0.0329 cov=[0.0029, 0.0043] ov=[0.00231, 0.00019] P=4 S=22 arc=0.95 lr=0.035 w_ov=0.777 iou=[0.979, 0.965] acc=0
r50 277s L=0.03216 cov=[0.0029, 0.0044] ov=[0.00228, 0.00014] P=4 S=22 arc=0.95 lr=0.024 w_ov=0.81 iou=[0.98, 0.966] acc=0
r51 282s L=0.03129 cov=[0.0029, 0.0044] ov=[0.00221, 0.00012] P=4 S=22 arc=0.95 lr=0.017 w_ov=0.841 iou=[0.979, 0.966] acc=0
r52 288s L=0.03087 cov=[0.0029, 0.0044] ov=[0.00217, 0.00011] P=4 S=22 arc=0.95 lr=0.023 w_ov=0.874 iou=[0.979, 0.967] acc=0
r53 293s L=0.03048 cov=[0.0029, 0.0045] ov=[0.00214, 0.0001] P=4 S=22 arc=0.95 lr=0.023 w_ov=0.909 iou=[0.979, 0.967] acc=0
r54 298s L=0.02993 cov=[0.0029, 0.0045] ov=[0.00209, 9e-05] P=4 S=22 arc=0.95 lr=0.023 w_ov=0.946 iou=[0.979, 0.966] acc=0
r55 303s L=0.02924 cov=[0.003, 0.0045] ov=[0.00203, 8e-05] P=4 S=22 arc=0.95 lr=0.011 w_ov=0.985 iou=[0.979, 0.967] acc=0
r56 309s L=0.02861 cov=[0.003, 0.0046] ov=[0.00197, 8e-05] P=4 S=22 arc=0.95 lr=0.022 w_ov=1.02 iou=[0.979, 0.966] acc=1
r57 314s L=0.02794 cov=[0.003, 0.0047] ov=[0.0019, 6e-05] P=4 S=22 arc=1.00 lr=0.011 w_ov=1.07 iou=[0.979, 0.966] acc=0
r58 319s L=0.02745 cov=[0.003, 0.0047] ov=[0.00186, 6e-05] P=4 S=22 arc=1.00 lr=0.0075 w_ov=1.11 iou=[0.979, 0.967] acc=0
r59 324s L=0.02664 cov=[0.003, 0.0048] ov=[0.00178, 5e-05] P=4 S=22 arc=1.00 lr=0.021 w_ov=1.16 iou=[0.978, 0.966] acc=0
r60 329s L=0.02575 cov=[0.003, 0.0048] ov=[0.00168, 4e-05] P=4 S=22 arc=1.00 lr=0.02 w_ov=1.2 iou=[0.979, 0.966] acc=0
r61 334s L=0.02528 cov=[0.003, 0.0049] ov=[0.00164, 4e-05] P=4 S=22 arc=1.00 lr=0.02 w_ov=1.25 iou=[0.978, 0.966] acc=0
r62 339s L=0.02449 cov=[0.003, 0.0049] ov=[0.00156, 3e-05] P=4 S=22 arc=1.00 lr=0.014 w_ov=1.3 iou=[0.978, 0.965] acc=0
r63 344s L=0.02347 cov=[0.0031, 0.005] ov=[0.00145, 3e-05] P=4 S=22 arc=1.00 lr=0.014 w_ov=1.35 iou=[0.978, 0.965] acc=0
r64 349s L=0.023 cov=[0.0031, 0.0051] ov=[0.00139, 3e-05] P=4 S=22 arc=1.00 lr=0.013 w_ov=1.4 iou=[0.978, 0.965] acc=0
r65 354s L=0.02271 cov=[0.0031, 0.0051] ov=[0.00136, 3e-05] P=4 S=22 arc=1.00 lr=0.0092 w_ov=1.46 iou=[0.978, 0.965] acc=0
r66 359s L=0.02176 cov=[0.0031, 0.0052] ov=[0.00126, 3e-05] P=4 S=22 arc=1.00 lr=0.013 w_ov=1.52 iou=[0.978, 0.965] acc=0
r67 364s L=0.02088 cov=[0.0031, 0.0054] ov=[0.00116, 2e-05] P=4 S=22 arc=1.00 lr=0.025 w_ov=1.58 iou=[0.978, 0.964] acc=0
r68 369s L=0.02019 cov=[0.003, 0.0055] ov=[0.00109, 1e-05] P=4 S=22 arc=1.00 lr=0.017 w_ov=1.64 iou=[0.979, 0.962] acc=0
r69 374s L=0.01862 cov=[0.0031, 0.0057] ov=[0.00091, 1e-05] P=4 S=22 arc=1.00 lr=0.048 w_ov=1.7 iou=[0.979, 0.962] acc=0
r70 379s L=0.01834 cov=[0.003, 0.0057] ov=[0.00089, 1e-05] P=4 S=22 arc=1.00 lr=0.024 w_ov=1.77 iou=[0.98, 0.962] acc=0
r71 384s L=0.01747 cov=[0.003, 0.0058] ov=[0.00079, 1e-05] P=4 S=22 arc=1.00 lr=0.023 w_ov=1.83 iou=[0.98, 0.961] acc=0
r72 389s L=0.01684 cov=[0.0029, 0.0059] ov=[0.00072, 1e-05] P=4 S=22 arc=1.00 lr=0.016 w_ov=1.91 iou=[0.98, 0.961] acc=0
r73 395s L=0.01622 cov=[0.0029, 0.006] ov=[0.00066, 1e-05] P=4 S=22 arc=1.00 lr=0.016 w_ov=1.99 iou=[0.98, 0.96] acc=0
r74 400s L=0.01586 cov=[0.0029, 0.0061] ov=[0.00061, 1e-05] P=4 S=22 arc=1.00 lr=0.021 w_ov=2.07 iou=[0.98, 0.96] acc=0
r75 405s L=0.0152 cov=[0.0029, 0.0062] ov=[0.00054, 1e-05] P=4 S=22 arc=1.00 lr=0.01 w_ov=2.15 iou=[0.981, 0.96] acc=0
r76 410s L=0.01483 cov=[0.0029, 0.0062] ov=[0.0005, 0.0] P=4 S=22 arc=1.00 lr=0.01 w_ov=2.23 iou=[0.981, 0.959] acc=0
r77 415s L=0.01457 cov=[0.0029, 0.0063] ov=[0.00047, 1e-05] P=4 S=22 arc=0.95 lr=0.00031 w_ov=2.32 iou=[0.981, 0.958] acc=1
r78 420s L=0.01403 cov=[0.003, 0.0063] ov=[0.00041, 1e-05] P=4 S=22 arc=0.95 lr=0.019 w_ov=2.42 iou=[0.98, 0.958] acc=1
r79 426s L=0.01389 cov=[0.0029, 0.0064] ov=[0.00039, 0.0] P=4 S=22 arc=1.00 lr=0.013 w_ov=2.52 iou=[0.982, 0.959] acc=0
r80 431s L=0.01341 cov=[0.0029, 0.0064] ov=[0.00034, 0.0] P=4 S=22 arc=1.00 lr=0.0091 w_ov=2.63 iou=[0.981, 0.958] acc=0
r81 436s L=0.01298 cov=[0.0029, 0.0065] ov=[0.00029, 0.0] P=4 S=22 arc=1.00 lr=0.018 w_ov=2.74 iou=[0.982, 0.958] acc=0
r82 441s L=0.01257 cov=[0.0029, 0.0066] ov=[0.00024, 1e-05] P=4 S=22 arc=1.00 lr=0.0085 w_ov=2.85 iou=[0.981, 0.958] acc=0
r83 447s L=0.01221 cov=[0.0029, 0.0067] ov=[0.0002, 0.0] P=4 S=22 arc=1.00 lr=0.017 w_ov=2.96 iou=[0.981, 0.957] acc=0
r84 452s L=0.01206 cov=[0.0028, 0.0067] ov=[0.00019, 0.0] P=4 S=22 arc=1.00 lr=0.016 w_ov=3.08 iou=[0.982, 0.957] acc=0
r85 457s L=0.01181 cov=[0.0028, 0.0067] ov=[0.00016, 0.0] P=4 S=22 arc=1.00 lr=0.011 w_ov=3.21 iou=[0.981, 0.957] acc=0
r86 462s L=0.01168 cov=[0.0029, 0.0067] ov=[0.00014, 0.0] P=4 S=22 arc=1.00 lr=0.00023 w_ov=3.33 iou=[0.981, 0.956] acc=0
r87 466s L=0.01145 cov=[0.0028, 0.0067] ov=[0.00012, 0.0] P=4 S=22 arc=1.00 lr=0.014 w_ov=3.46 iou=[0.981, 0.956] acc=0
r88 471s L=0.01136 cov=[0.0029, 0.0067] ov=[0.00011, 0.0] P=4 S=22 arc=1.00 lr=0.00022 w_ov=3.59 iou=[0.981, 0.956] acc=0
r89 476s L=0.01123 cov=[0.0029, 0.0067] ov=[0.0001, 0.0] P=4 S=22 arc=1.00 lr=0.0067 w_ov=3.73 iou=[0.981, 0.957] acc=0
r90 482s L=0.01109 cov=[0.0029, 0.0067] ov=[9e-05, 0.0] P=4 S=22 arc=1.00 lr=0.0091 w_ov=3.87 iou=[0.981, 0.957] acc=0
r91 487s L=0.01107 cov=[0.0029, 0.0067] ov=[8e-05, 0.0] P=4 S=22 arc=1.00 lr=0.0002 w_ov=4.03 iou=[0.98, 0.957] acc=0
r92 492s L=0.01092 cov=[0.003, 0.0066] ov=[7e-05, 0.0] P=4 S=22 arc=1.00 lr=0.012 w_ov=4.2 iou=[0.98, 0.957] acc=0
r93 497s L=0.01093 cov=[0.003, 0.0066] ov=[7e-05, 0.0] P=4 S=22 arc=1.00 lr=0.0002 w_ov=4.37 iou=[0.98, 0.957] acc=0
r94 502s L=0.01088 cov=[0.003, 0.0066] ov=[6e-05, 0.0] P=4 S=22 arc=1.00 lr=0.00033 w_ov=4.54 iou=[0.98, 0.956] acc=0
r95 507s L=0.01081 cov=[0.003, 0.0066] ov=[6e-05, 0.0] P=4 S=22 arc=1.00 lr=0.0051 w_ov=4.73 iou=[0.98, 0.957] acc=0
r96 513s L=0.01079 cov=[0.003, 0.0065] ov=[6e-05, 0.0] P=4 S=22 arc=1.00 lr=0.0002 w_ov=4.91 iou=[0.98, 0.957] acc=0
r97 518s L=0.0108 cov=[0.003, 0.0066] ov=[6e-05, 0.0] P=4 S=22 arc=1.00 lr=0.0002 w_ov=5.11 iou=[0.98, 0.956] acc=0
r98 523s L=0.01079 cov=[0.003, 0.0066] ov=[6e-05, 0.0] P=4 S=22 arc=1.00 lr=0.0021 w_ov=5.32 iou=[0.979, 0.957] acc=0
r99 528s L=0.01075 cov=[0.003, 0.0065] ov=[6e-05, 0.0] P=4 S=22 arc=1.00 lr=0.008 w_ov=5.53 iou=[0.98, 0.957] acc=0
r100 534s L=0.01075 cov=[0.0031, 0.0066] ov=[5e-05, 0.0] P=4 S=22 arc=1.00 lr=0.0002 w_ov=5.77 iou=[0.979, 0.956] acc=0
r101 539s L=0.01075 cov=[0.0031, 0.0066] ov=[4e-05, 0.0] P=4 S=22 arc=1.00 lr=0.00022 w_ov=6.01 iou=[0.979, 0.957] acc=0
r102 544s L=0.01073 cov=[0.0031, 0.0065] ov=[5e-05, 0.0] P=4 S=22 arc=1.00 lr=0.0002 w_ov=6.25 iou=[0.979, 0.956] acc=0
r103 549s L=0.01066 cov=[0.0031, 0.0065] ov=[4e-05, 0.0] P=4 S=22 arc=1.00 lr=0.0021 w_ov=6.51 iou=[0.979, 0.957] acc=0
r104 554s L=0.01066 cov=[0.0031, 0.0065] ov=[4e-05, 0.0] P=4 S=22 arc=1.00 lr=0.0002 w_ov=6.77 iou=[0.979, 0.956] acc=0
r105 559s L=0.0107 cov=[0.0031, 0.0065] ov=[4e-05, 0.0] P=4 S=22 arc=1.00 lr=0.0002 w_ov=7.02 iou=[0.979, 0.957] acc=0
r106 564s L=0.01062 cov=[0.0031, 0.0065] ov=[4e-05, 0.0] P=4 S=22 arc=1.00 lr=0.0043 w_ov=7.31 iou=[0.979, 0.957] acc=0
r107 569s L=0.01062 cov=[0.0032, 0.0065] ov=[3e-05, 0.0] P=4 S=22 arc=1.00 lr=0.0002 w_ov=7.61 iou=[0.979, 0.957] acc=0
r108 575s L=0.0106 cov=[0.0031, 0.0065] ov=[3e-05, 0.0] P=4 S=22 arc=1.00 lr=0.0002 w_ov=7.91 iou=[0.979, 0.957] acc=0
r109 580s L=0.01057 cov=[0.0031, 0.0065] ov=[3e-05, 0.0] P=4 S=22 arc=1.00 lr=0.0019 w_ov=8.23 iou=[0.979, 0.957] acc=0
r110 585s L=0.0106 cov=[0.0032, 0.0065] ov=[3e-05, 0.0] P=4 S=22 arc=1.00 lr=0.0002 w_ov=8.6 iou=[0.98, 0.957] acc=0
r111 591s L=0.01055 cov=[0.0032, 0.0065] ov=[2e-05, 0.0] P=4 S=22 arc=1.00 lr=0.0021 w_ov=8.95 iou=[0.979, 0.957] acc=0
r112 596s L=0.01054 cov=[0.0032, 0.0065] ov=[2e-05, 0.0] P=4 S=22 arc=1.00 lr=0.0002 w_ov=9.31 iou=[0.979, 0.957] acc=0
r113 601s L=0.01053 cov=[0.0032, 0.0065] ov=[2e-05, 0.0] P=4 S=22 arc=1.00 lr=0.0002 w_ov=9.66 iou=[0.979, 0.957] acc=0
{
 "ToArc": {
  "proposed": 226,
  "accepted": 65,
  "scope": "shared",
  "rate": 0.28761061946902655
 },
 "Split": {
  "proposed": 2497,
  "accepted": 41,
  "scope": "shared",
  "rate": 0.016419703644373247
 },
 "Rotate": {
  "proposed": 1912,
  "accepted": 6,
  "scope": "per-target",
  "rate": 0.0031380753138075313
 },
 "SwapPoses": {
  "proposed": 260,
  "accepted": 0,
  "scope": "per-target",
  "rate": 0.0
 },
 "Merge": {
  "proposed": 579,
  "accepted": 32,
  "scope": "shared",
  "rate": 0.055267702936096716
 },
 "ToLine": {
  "proposed": 1822,
  "accepted": 52,
  "scope": "shared",
  "rate": 0.02854006586169045
 },
 "forced:RemoveSmallPart": {
  "proposed": 0,
  "accepted": 1,
  "scope": "shared",
  "rate": 1.0
 }
}
EVAL avg_chamfer=7.610 avg_hausdorff=27.771 pieces=4->4 loss=0.010535
