r0 9s L=0.9492 cov=[0.0172, 0.0273] ov=[0.04281, 0.04754] P=6 S=71 arc=0.00 lr=1 w_ov=0.1 iou=[0.883, 0.835] acc=16
r1 17s L=0.6082 cov=[0.0062, 0.0165] ov=[0.02419, 0.03424] P=6 S=69 arc=0.07 lr=0.71 w_ov=0.104 iou=[0.946, 0.884] acc=17
r2 26s L=0.5604 cov=[0.0049, 0.0117] ov=[0.02429, 0.02996] P=6 S=68 arc=0.21 lr=0.5 w_ov=0.107 iou=[0.95, 0.914] acc=14
r3 39s L=0.5445 cov=[0.0054, 0.0083] ov=[0.02461, 0.02834] P=6 S=73 arc=0.36 lr=0.5 w_ov=0.111 iou=[0.95, 0.93] acc=13
r4 50s L=0.5223 cov=[0.0051, 0.0086] ov=[0.02222, 0.0285] P=6 S=75 arc=0.44 lr=0.5 w_ov=0.116 iou=[0.954, 0.93] acc=12
r5 60s L=0.4873 cov=[0.0048, 0.0057] ov=[0.02149, 0.02603] P=6 S=70 arc=0.46 lr=0.35 w_ov=0.121 iou=[0.953, 0.949] acc=10
r6 73s L=0.4845 cov=[0.0049, 0.005] ov=[0.02136, 0.02596] P=6 S=66 arc=0.50 lr=0.35 w_ov=0.126 iou=[0.953, 0.951] acc=10
r7 83s L=0.485 cov=[0.0047, 0.0047] ov=[0.02128, 0.02615] P=6 S=65 arc=0.55 lr=0.18 w_ov=0.133 iou=[0.956, 0.953] acc=8
r8 93s L=0.4927 cov=[0.0049, 0.0082] ov=[0.02071, 0.02712] P=6 S=64 arc=0.61 lr=0.25 w_ov=0.138 iou=[0.956, 0.926] acc=5
r9 102s L=0.4758 cov=[0.0043, 0.0043] ov=[0.02069, 0.02591] P=6 S=59 arc=0.68 lr=0.25 w_ov=0.143 iou=[0.959, 0.955] acc=9
r10 112s L=0.47 cov=[0.0042, 0.0042] ov=[0.02026, 0.02577] P=6 S=57 arc=0.75 lr=0.25 w_ov=0.148 iou=[0.961, 0.956] acc=6
r11 120s L=0.4671 cov=[0.0042, 0.0041] ov=[0.02003, 0.02574] P=6 S=57 arc=0.81 lr=0.25 w_ov=0.153 iou=[0.962, 0.956] acc=2
r12 134s L=0.4625 cov=[0.0042, 0.0041] ov=[0.01965, 0.02565] P=6 S=56 arc=0.84 lr=0.35 w_ov=0.159 iou=[0.959, 0.958] acc=6
r13 145s L=0.4534 cov=[0.0044, 0.0038] ov=[0.01918, 0.02523] P=6 S=56 arc=0.84 lr=0.18 w_ov=0.167 iou=[0.961, 0.959] acc=1
r14 154s L=0.4599 cov=[0.0043, 0.0038] ov=[0.01927, 0.02579] P=6 S=56 arc=0.79 lr=0.25 w_ov=0.175 iou=[0.962, 0.959] acc=5
r15 165s L=0.4293 cov=[0.0043, 0.0038] ov=[0.01785, 0.02416] P=6 S=54 arc=0.83 lr=0.13 w_ov=0.181 iou=[0.963, 0.957] acc=4
r16 174s L=0.423 cov=[0.0043, 0.0039] ov=[0.01764, 0.02372] P=6 S=54 arc=0.78 lr=0.5 w_ov=0.188 iou=[0.962, 0.956] acc=12
r17 184s L=0.4071 cov=[0.004, 0.0038] ov=[0.01731, 0.02251] P=6 S=56 arc=0.79 lr=0.5 w_ov=0.195 iou=[0.962, 0.956] acc=5
r18 195s L=0.3792 cov=[0.004, 0.0039] ov=[0.01584, 0.02118] P=6 S=55 arc=0.71 lr=0.35 w_ov=0.203 iou=[0.963, 0.956] acc=7
r19 204s L=0.3413 cov=[0.0041, 0.0036] ov=[0.01451, 0.01874] P=6 S=54 arc=0.69 lr=0.35 w_ov=0.211 iou=[0.961, 0.96] acc=5
r20 217s L=0.3253 cov=[0.0037, 0.0031] ov=[0.01366, 0.01807] P=6 S=52 arc=0.73 lr=0.18 w_ov=0.219 iou=[0.965, 0.962] acc=5
r21 227s L=0.3106 cov=[0.0037, 0.0031] ov=[0.01304, 0.01724] P=6 S=51 arc=0.80 lr=0.25 w_ov=0.23 iou=[0.965, 0.964] acc=3
r22 236s L=0.2985 cov=[0.0037, 0.0031] ov=[0.0127, 0.01635] P=6 S=54 arc=0.81 lr=0.35 w_ov=0.239 iou=[0.964, 0.963] acc=4
r23 247s L=0.2786 cov=[0.0038, 0.0034] ov=[0.0115, 0.01553] P=6 S=54 arc=0.76 lr=0.35 w_ov=0.247 iou=[0.966, 0.961] acc=9
r24 255s L=0.2651 cov=[0.0035, 0.003] ov=[0.01111, 0.01463] P=6 S=53 arc=0.75 lr=0.35 w_ov=0.258 iou=[0.965, 0.965] acc=3
r25 268s L=0.2461 cov=[0.0035, 0.0029] ov=[0.01049, 0.01337] P=6 S=51 arc=0.80 lr=0.18 w_ov=0.267 iou=[0.966, 0.964] acc=3
r26 279s L=0.216 cov=[0.0036, 0.0027] ov=[0.00978, 0.01108] P=6 S=51 arc=0.78 lr=0.18 w_ov=0.279 iou=[0.963, 0.964] acc=3
r27 288s L=0.2116 cov=[0.0036, 0.0026] ov=[0.00949, 0.01094] P=6 S=51 arc=0.82 lr=0.25 w_ov=0.292 iou=[0.962, 0.967] acc=1
r28 297s L=0.1933 cov=[0.0035, 0.0026] ov=[0.00893, 0.00969] P=6 S=50 arc=0.84 lr=0.35 w_ov=0.302 iou=[0.965, 0.968] acc=4
r29 312s L=0.1917 cov=[0.0036, 0.0025] ov=[0.00876, 0.00969] P=6 S=50 arc=0.90 lr=0.13 w_ov=0.313 iou=[0.964, 0.968] acc=1
r30 329s L=0.1895 cov=[0.0034, 0.0025] ov=[0.00884, 0.00941] P=6 S=50 arc=0.92 lr=0.18 w_ov=0.331 iou=[0.965, 0.967] acc=0
r31 338s L=0.1848 cov=[0.0034, 0.0025] ov=[0.00868, 0.00909] P=6 S=50 arc=0.90 lr=0.088 w_ov=0.354 iou=[0.965, 0.968] acc=3
r32 347s L=0.1787 cov=[0.0034, 0.0026] ov=[0.00848, 0.00868] P=6 S=50 arc=0.92 lr=0.13 w_ov=0.366 iou=[0.965, 0.967] acc=2
r33 356s L=0.1743 cov=[0.0034, 0.0026] ov=[0.00828, 0.00843] P=6 S=50 arc=0.94 lr=0.18 w_ov=0.379 iou=[0.964, 0.967] acc=0
r34 364s L=0.1721 cov=[0.0034, 0.0026] ov=[0.0083, 0.00821] P=6 S=50 arc=0.94 lr=0.18 w_ov=0.392 iou=[0.966, 0.964] acc=0
r35 372s L=0.1682 cov=[0.0034, 0.0026] ov=[0.0081, 0.00801] P=6 S=50 arc=0.94 lr=0.088 w_ov=0.404 iou=[0.965, 0.965] acc=1
r36 381s L=0.1645 cov=[0.0034, 0.0027] ov=[0.00797, 0.00777] P=6 S=50 arc=0.96 lr=0.13 w_ov=0.416 iou=[0.965, 0.964] acc=0
r37 390s L=0.1617 cov=[0.0034, 0.0027] ov=[0.00778, 0.00767] P=6 S=50 arc=0.92 lr=0.18 w_ov=0.431 iou=[0.966, 0.963] acc=2
r38 399s L=0.1579 cov=[0.0034, 0.0028] ov=[0.00765, 0.00742] P=6 S=50 arc=0.88 lr=0.25 w_ov=0.447 iou=[0.964, 0.963] acc=3
r39 408s L=0.1534 cov=[0.0034, 0.0028] ov=[0.00729, 0.00731] P=6 S=50 arc=0.88 lr=0.13 w_ov=0.462 iou=[0.963, 0.962] acc=1
r40 416s L=0.1508 cov=[0.0035, 0.0028] ov=[0.00712, 0.00721] P=6 S=49 arc=0.90 lr=0.18 w_ov=0.48 iou=[0.963, 0.964] acc=2
r41 425s L=0.1487 cov=[0.0036, 0.003] ov=[0.00689, 0.00722] P=6 S=49 arc=0.92 lr=0.088 w_ov=0.494 iou=[0.963, 0.963] acc=0
r42 433s L=0.1447 cov=[0.0036, 0.003] ov=[0.00677, 0.00693] P=6 S=49 arc=0.92 lr=0.13 w_ov=0.511 iou=[0.962, 0.961] acc=1
r43 443s L=0.1414 cov=[0.0036, 0.0031] ov=[0.00664, 0.00672] P=6 S=49 arc=0.94 lr=0.18 w_ov=0.528 iou=[0.961, 0.96] acc=2
r44 451s L=0.1356 cov=[0.0037, 0.0032] ov=[0.00634, 0.00642] P=6 S=49 arc=0.98 lr=0.063 w_ov=0.547 iou=[0.961, 0.96] acc=1
r45 460s L=0.1326 cov=[0.0038, 0.0032] ov=[0.00618, 0.00626] P=6 S=49 arc=1.00 lr=0.088 w_ov=0.565 iou=[0.96, 0.96] acc=0
r46 469s L=0.1304 cov=[0.0039, 0.0033] ov=[0.00608, 0.00614] P=6 S=49 arc=1.00 lr=0.044 w_ov=0.585 iou=[0.96, 0.96] acc=0
r47 478s L=0.1288 cov=[0.0039, 0.0033] ov=[0.00598, 0.00608] P=6 S=49 arc=0.98 lr=0.031 w_ov=0.605 iou=[0.96, 0.96] acc=1
r48 487s L=0.1268 cov=[0.004, 0.0033] ov=[0.00586, 0.00598] P=6 S=49 arc=0.98 lr=0.063 w_ov=0.625 iou=[0.96, 0.96] acc=0
r49 495s L=0.1243 cov=[0.0041, 0.0034] ov=[0.00571, 0.00587] P=6 S=49 arc=0.98 lr=0.044 w_ov=0.648 iou=[0.959, 0.959] acc=1
r50 503s L=0.121 cov=[0.0041, 0.0035] ov=[0.00552, 0.00571] P=6 S=49 arc=0.98 lr=0.031 w_ov=0.668 iou=[0.959, 0.958] acc=1
r51 511s L=0.1193 cov=[0.0042, 0.0035] ov=[0.00544, 0.00561] P=6 S=49 arc=0.98 lr=0.063 w_ov=0.689 iou=[0.958, 0.957] acc=0
r52 519s L=0.1175 cov=[0.0043, 0.0035] ov=[0.00534, 0.00551] P=6 S=49 arc=0.98 lr=0.088 w_ov=0.711 iou=[0.958, 0.957] acc=0
r53 527s L=0.1131 cov=[0.0045, 0.0036] ov=[0.00504, 0.00535] P=6 S=49 arc=0.96 lr=0.088 w_ov=0.734 iou=[0.956, 0.956] acc=1
r54 536s L=0.1094 cov=[0.0046, 0.0038] ov=[0.0048, 0.00519] P=6 S=49 arc=0.94 lr=0.031 w_ov=0.757 iou=[0.955, 0.956] acc=1
r55 545s L=0.1081 cov=[0.0046, 0.0038] ov=[0.00475, 0.00511] P=6 S=49 arc=0.94 lr=0.022 w_ov=0.781 iou=[0.955, 0.956] acc=2
r56 552s L=0.1075 cov=[0.0046, 0.0038] ov=[0.00471, 0.00508] P=6 S=49 arc=0.96 lr=0.0055 w_ov=0.809 iou=[0.954, 0.956] acc=1
r57 560s L=0.1072 cov=[0.0046, 0.0038] ov=[0.0047, 0.00506] P=6 S=49 arc=0.96 lr=0.0002 w_ov=0.833 iou=[0.954, 0.956] acc=1
r58 569s L=0.1071 cov=[0.0046, 0.0039] ov=[0.0047, 0.00506] P=6 S=49 arc=0.98 lr=0.0002 w_ov=0.857 iou=[0.954, 0.956] acc=0
r59 576s L=0.1071 cov=[0.0046, 0.0039] ov=[0.0047, 0.00506] P=6 S=49 arc=0.98 lr=0.0002 w_ov=0.887 iou=[0.954, 0.956] acc=0
r60 584s L=0.1071 cov=[0.0046, 0.0039] ov=[0.00469, 0.00505] P=6 S=49 arc=0.98 lr=0.0002 w_ov=0.913 iou=[0.954, 0.956] acc=0
r61 592s L=0.107 cov=[0.0046, 0.0039] ov=[0.00469, 0.00505] P=6 S=49 arc=0.96 lr=0.0002 w_ov=0.941 iou=[0.954, 0.956] acc=1
r62 601s L=0.1069 cov=[0.0046, 0.0039] ov=[0.00469, 0.00504] P=6 S=49 arc=0.96 lr=0.0002 w_ov=0.971 iou=[0.954, 0.956] acc=1
r63 609s L=0.1068 cov=[0.0047, 0.0039] ov=[0.00468, 0.00504] P=6 S=49 arc=0.96 lr=0.0002 w_ov=1 iou=[0.954, 0.954] acc=2
r64 618s L=0.1045 cov=[0.0047, 0.0041] ov=[0.00444, 0.00503] P=6 S=49 arc=0.94 lr=0.00028 w_ov=1.04 iou=[0.954, 0.954] acc=2
r65 626s L=0.1044 cov=[0.0047, 0.0041] ov=[0.00443, 0.00502] P=6 S=49 arc=0.94 lr=0.0002 w_ov=1.07 iou=[0.954, 0.954] acc=1
r66 634s L=0.1042 cov=[0.0047, 0.0041] ov=[0.00442, 0.00501] P=6 S=49 arc=0.94 lr=0.0002 w_ov=1.11 iou=[0.954, 0.954] acc=1
r67 643s L=0.104 cov=[0.0047, 0.0041] ov=[0.00441, 0.005] P=6 S=48 arc=0.94 lr=0.0002 w_ov=1.14 iou=[0.955, 0.953] acc=2
r68 652s L=0.1028 cov=[0.0046, 0.0043] ov=[0.00429, 0.00499] P=6 S=48 arc=0.96 lr=0.0002 w_ov=1.18 iou=[0.955, 0.952] acc=1
r69 662s L=0.1026 cov=[0.0047, 0.0043] ov=[0.00428, 0.00498] P=6 S=48 arc=0.94 lr=0.0002 w_ov=1.22 iou=[0.955, 0.952] acc=3
r70 669s L=0.1015 cov=[0.0047, 0.0044] ov=[0.00422, 0.00491] P=6 S=48 arc=0.92 lr=0.0032 w_ov=1.27 iou=[0.955, 0.952] acc=2
r71 677s L=0.09256 cov=[0.0053, 0.0046] ov=[0.00372, 0.00444] P=6 S=48 arc=0.92 lr=0.051 w_ov=1.3 iou=[0.95, 0.95] acc=0
r72 685s L=0.07477 cov=[0.0063, 0.0053] ov=[0.0027, 0.0035] P=6 S=48 arc=0.90 lr=0.072 w_ov=1.35 iou=[0.941, 0.946] acc=1
r73 694s L=0.068 cov=[0.0069, 0.0054] ov=[0.00245, 0.00302] P=6 S=48 arc=0.85 lr=0.072 w_ov=1.38 iou=[0.935, 0.945] acc=5
r74 701s L=0.05985 cov=[0.0074, 0.0055] ov=[0.00243, 0.00215] P=6 S=48 arc=0.92 lr=0.051 w_ov=1.43 iou=[0.936, 0.944] acc=0
r75 709s L=0.05672 cov=[0.0075, 0.0058] ov=[0.00228, 0.00197] P=6 S=48 arc=0.92 lr=0.072 w_ov=1.47 iou=[0.937, 0.942] acc=0
r76 718s L=0.05476 cov=[0.0075, 0.0058] ov=[0.00215, 0.00188] P=6 S=48 arc=0.92 lr=0.026 w_ov=1.52 iou=[0.937, 0.941] acc=0
r77 726s L=0.05314 cov=[0.0076, 0.0059] ov=[0.00205, 0.00181] P=6 S=48 arc=0.92 lr=0.026 w_ov=1.57 iou=[0.936, 0.941] acc=1
r78 734s L=0.05145 cov=[0.0077, 0.006] ov=[0.00195, 0.00172] P=6 S=48 arc=0.92 lr=0.036 w_ov=1.62 iou=[0.935, 0.941] acc=2
r79 742s L=0.04949 cov=[0.0079, 0.0061] ov=[0.00187, 0.00158] P=6 S=47 arc=0.96 lr=0.036 w_ov=1.67 iou=[0.933, 0.938] acc=1
r80 750s L=0.04265 cov=[0.0084, 0.0066] ov=[0.00159, 0.00107] P=6 S=47 arc=0.94 lr=0.051 w_ov=1.73 iou=[0.932, 0.937] acc=1
r81 759s L=0.04184 cov=[0.0084, 0.0066] ov=[0.00152, 0.00104] P=6 S=45 arc=0.96 lr=0.018 w_ov=1.78 iou=[0.929, 0.936] acc=1
r82 766s L=0.0383 cov=[0.0093, 0.0065] ov=[0.00154, 0.00059] P=6 S=45 arc=0.96 lr=0.026 w_ov=1.84 iou=[0.929, 0.939] acc=1
r83 774s L=0.03795 cov=[0.0093, 0.0065] ov=[0.00153, 0.00057] P=6 S=45 arc=0.98 lr=0.026 w_ov=1.89 iou=[0.927, 0.937] acc=2
r84 782s L=0.03158 cov=[0.0097, 0.0065] ov=[0.00105, 0.00039] P=6 S=46 arc=1.00 lr=0.072 w_ov=1.95 iou=[0.927, 0.939] acc=1
r85 790s L=0.02826 cov=[0.0094, 0.0061] ov=[0.00087, 0.0003] P=6 S=46 arc=0.96 lr=0.051 w_ov=2.01 iou=[0.93, 0.943] acc=2
r86 798s L=0.02573 cov=[0.0092, 0.0058] ov=[0.00082, 0.00015] P=6 S=46 arc=0.96 lr=0.051 w_ov=2.08 iou=[0.93, 0.944] acc=0
r87 805s L=0.02469 cov=[0.0091, 0.0057] ov=[0.00077, 0.00011] P=6 S=46 arc=0.91 lr=0.036 w_ov=2.14 iou=[0.93, 0.945] acc=3
r88 812s L=0.02418 cov=[0.009, 0.0055] ov=[0.00074, 0.00012] P=6 S=46 arc=0.91 lr=0.026 w_ov=2.19 iou=[0.932, 0.946] acc=3
r89 819s L=0.02353 cov=[0.009, 0.0055] ov=[0.0007, 9e-05] P=6 S=46 arc=0.96 lr=0.026 w_ov=2.25 iou=[0.932, 0.947] acc=0
r90 826s L=0.02301 cov=[0.0088, 0.0055] ov=[0.00066, 9e-05] P=6 S=46 arc=0.96 lr=0.018 w_ov=2.32 iou=[0.931, 0.946] acc=0
r91 835s L=0.02267 cov=[0.0088, 0.0055] ov=[0.00064, 9e-05] P=6 S=46 arc=0.93 lr=0.0091 w_ov=2.38 iou=[0.932, 0.946] acc=1
r92 842s L=0.02223 cov=[0.0088, 0.0056] ov=[0.00061, 7e-05] P=6 S=46 arc=0.93 lr=0.018 w_ov=2.46 iou=[0.932, 0.946] acc=1
r93 850s L=0.02196 cov=[0.0087, 0.0056] ov=[0.0006, 7e-05] P=6 S=46 arc=0.93 lr=0.013 w_ov=2.53 iou=[0.931, 0.946] acc=2
r94 857s L=0.02149 cov=[0.0087, 0.0056] ov=[0.00056, 5e-05] P=6 S=46 arc=0.96 lr=0.013 w_ov=2.61 iou=[0.932, 0.945] acc=1
r95 865s L=0.02117 cov=[0.0086, 0.0056] ov=[0.00054, 4e-05] P=6 S=46 arc=0.98 lr=0.0064 w_ov=2.68 iou=[0.932, 0.945] acc=1
r96 872s L=0.02099 cov=[0.0086, 0.0057] ov=[0.00053, 4e-05] P=6 S=46 arc=1.00 lr=0.0091 w_ov=2.76 iou=[0.933, 0.945] acc=0
r97 881s L=0.0208 cov=[0.0086, 0.0057] ov=[0.00051, 3e-05] P=6 S=46 arc=1.00 lr=0.0023 w_ov=2.85 iou=[0.933, 0.945] acc=0
r98 888s L=0.02063 cov=[0.0086, 0.0057] ov=[0.00049, 3e-05] P=6 S=46 arc=1.00 lr=0.0045 w_ov=2.94 iou=[0.933, 0.944] acc=0
r99 896s L=0.02034 cov=[0.0086, 0.0057] ov=[0.00047, 3e-05] P=6 S=46 arc=1.00 lr=0.0091 w_ov=3.02 iou=[0.933, 0.944] acc=0
r100 904s L=0.02014 cov=[0.0086, 0.0057] ov=[0.00045, 2e-05] P=6 S=46 arc=1.00 lr=0.0045 w_ov=3.11 iou=[0.933, 0.943] acc=0
r101 912s L=0.02002 cov=[0.0086, 0.0057] ov=[0.00044, 2e-05] P=6 S=46 arc=1.00 lr=0.0032 w_ov=3.22 iou=[0.933, 0.943] acc=0
r102 920s L=0.01997 cov=[0.0086, 0.0057] ov=[0.00043, 3e-05] P=6 S=46 arc=0.98 lr=0.0064 w_ov=3.31 iou=[0.933, 0.943] acc=1
r103 926s L=0.01978 cov=[0.0086, 0.0057] ov=[0.00041, 2e-05] P=6 S=46 arc=0.98 lr=0.0032 w_ov=3.41 iou=[0.933, 0.943] acc=0
r104 934s L=0.01962 cov=[0.0086, 0.0057] ov=[0.00039, 2e-05] P=6 S=46 arc=0.98 lr=0.0064 w_ov=3.5 iou=[0.933, 0.942] acc=0
r105 942s L=0.01942 cov=[0.0086, 0.0058] ov=[0.00038, 2e-05] P=6 S=46 arc=0.98 lr=0.0091 w_ov=3.61 iou=[0.933, 0.942] acc=0
r106 949s L=0.01929 cov=[0.0086, 0.0058] ov=[0.00036, 2e-05] P=6 S=46 arc=0.98 lr=0.0091 w_ov=3.72 iou=[0.933, 0.943] acc=0
r107 957s L=0.01914 cov=[0.0086, 0.0058] ov=[0.00035, 2e-05] P=6 S=46 arc=0.98 lr=0.0032 w_ov=3.82 iou=[0.934, 0.943] acc=1
r108 964s L=0.01907 cov=[0.0086, 0.0058] ov=[0.00034, 2e-05] P=6 S=46 arc=1.00 lr=0.0023 w_ov=3.94 iou=[0.934, 0.944] acc=0
r109 972s L=0.01901 cov=[0.0086, 0.0058] ov=[0.00034, 2e-05] P=6 S=46 arc=1.00 lr=0.0016 w_ov=4.05 iou=[0.935, 0.944] acc=0
r110 979s L=0.01898 cov=[0.0086, 0.0058] ov=[0.00033, 2e-05] P=6 S=46 arc=1.00 lr=0.0011 w_ov=4.17 iou=[0.935, 0.944] acc=0
r111 986s L=0.01895 cov=[0.0086, 0.0058] ov=[0.00033, 2e-05] P=6 S=46 arc=1.00 lr=0.0002 w_ov=4.29 iou=[0.935, 0.944] acc=0
r112 994s L=0.01895 cov=[0.0086, 0.0058] ov=[0.00033, 2e-05] P=6 S=46 arc=1.00 lr=0.00028 w_ov=4.4 iou=[0.935, 0.944] acc=0
r113 1002s L=0.01894 cov=[0.0086, 0.0058] ov=[0.00033, 2e-05] P=6 S=46 arc=1.00 lr=0.0002 w_ov=4.53 iou=[0.935, 0.944] acc=0
r114 1010s L=0.01893 cov=[0.0086, 0.0058] ov=[0.00033, 2e-05] P=6 S=46 arc=1.00 lr=0.0002 w_ov=4.67 iou=[0.935, 0.944] acc=0
r115 1018s L=0.01892 cov=[0.0086, 0.0058] ov=[0.00033, 2e-05] P=6 S=46 arc=1.00 lr=0.0002 w_ov=4.82 iou=[0.935, 0.944] acc=0
r116 1025s L=0.01891 cov=[0.0086, 0.0058] ov=[0.00033, 2e-05] P=6 S=46 arc=0.98 lr=0.0002 w_ov=4.97 iou=[0.934, 0.944] acc=1
r117 1032s L=0.01889 cov=[0.0086, 0.0058] ov=[0.00032, 2e-05] P=6 S=46 arc=0.98 lr=0.00028 w_ov=5.11 iou=[0.934, 0.944] acc=0
r118 1041s L=0.01888 cov=[0.0086, 0.0058] ov=[0.00032, 2e-05] P=6 S=46 arc=0.98 lr=0.0002 w_ov=5.26 iou=[0.934, 0.944] acc=1
r119 1049s L=0.01885 cov=[0.0086, 0.0058] ov=[0.00032, 2e-05] P=6 S=46 arc=1.00 lr=0.0002 w_ov=5.42 iou=[0.934, 0.944] acc=0
r120 1057s L=0.01882 cov=[0.0086, 0.0058] ov=[0.00031, 2e-05] P=6 S=46 arc=0.98 lr=0.0002 w_ov=5.6 iou=[0.934, 0.944] acc=1
r121 1065s L=0.0188 cov=[0.0086, 0.0058] ov=[0.00031, 2e-05] P=6 S=45 arc=0.98 lr=0.0002 w_ov=5.77 iou=[0.933, 0.944] acc=1
r122 1073s L=0.01865 cov=[0.0087, 0.0059] ov=[0.00029, 1e-05] P=6 S=45 arc=0.98 lr=0.0032 w_ov=5.96 iou=[0.933, 0.944] acc=1
r123 1081s L=0.01819 cov=[0.0089, 0.0059] ov=[0.00023, 1e-05] P=6 S=45 arc=0.98 lr=0.0064 w_ov=6.15 iou=[0.933, 0.941] acc=1
r124 1088s L=0.01779 cov=[0.0087, 0.0061] ov=[0.0002, 0.0] P=6 S=45 arc=0.93 lr=0.0064 w_ov=6.34 iou=[0.933, 0.942] acc=3
r125 1096s L=0.01763 cov=[0.0086, 0.0061] ov=[0.00018, 0.0] P=6 S=45 arc=0.96 lr=0.0045 w_ov=6.51 iou=[0.932, 0.942] acc=1
r126 1104s L=0.01752 cov=[0.0086, 0.0061] ov=[0.00017, 0.0] P=6 S=45 arc=0.98 lr=0.0032 w_ov=6.71 iou=[0.933, 0.942] acc=0
r127 1111s L=0.01745 cov=[0.0086, 0.0061] ov=[0.00017, 0.0] P=6 S=45 arc=0.98 lr=0.0016 w_ov=6.92 iou=[0.934, 0.942] acc=0
r128 1118s L=0.01742 cov=[0.0087, 0.0061] ov=[0.00016, 0.0] P=6 S=45 arc=0.98 lr=0.0023 w_ov=7.11 iou=[0.934, 0.942] acc=0
r129 1125s L=0.01735 cov=[0.0087, 0.0061] ov=[0.00015, 0.0] P=6 S=45 arc=0.98 lr=0.0032 w_ov=7.31 iou=[0.934, 0.942] acc=0
r130 1132s L=0.01728 cov=[0.0087, 0.0061] ov=[0.00014, 0.0] P=6 S=45 arc=0.96 lr=0.0016 w_ov=7.51 iou=[0.933, 0.942] acc=2
r131 1140s L=0.01724 cov=[0.0087, 0.0061] ov=[0.00014, 0.0] P=6 S=45 arc=0.98 lr=0.0016 w_ov=7.71 iou=[0.934, 0.942] acc=0
r132 1148s L=0.01719 cov=[0.0087, 0.0061] ov=[0.00013, 0.0] P=6 S=45 arc=0.98 lr=0.0016 w_ov=7.95 iou=[0.934, 0.942] acc=0
r133 1155s L=0.01713 cov=[0.0087, 0.0061] ov=[0.00012, 0.0] P=6 S=45 arc=0.98 lr=0.0032 w_ov=8.18 iou=[0.934, 0.942] acc=0
r134 1162s L=0.01708 cov=[0.0087, 0.0061] ov=[0.00012, 0.0] P=6 S=45 arc=0.98 lr=0.0016 w_ov=8.42 iou=[0.934, 0.942] acc=1
r135 1170s L=0.01705 cov=[0.0087, 0.0061] ov=[0.00012, 0.0] P=6 S=45 arc=0.98 lr=0.0008 w_ov=8.64 iou=[0.934, 0.943] acc=1
r136 1177s L=0.01704 cov=[0.0087, 0.0061] ov=[0.00011, 0.0] P=6 S=45 arc=0.98 lr=0.00057 w_ov=8.93 iou=[0.934, 0.942] acc=0
r137 1185s L=0.01703 cov=[0.0087, 0.0061] ov=[0.00011, 0.0] P=6 S=45 arc=0.98 lr=0.00028 w_ov=9.17 iou=[0.934, 0.942] acc=0
r138 1193s L=0.01702 cov=[0.0087, 0.0061] ov=[0.00011, 0.0] P=6 S=45 arc=0.98 lr=0.0002 w_ov=9.45 iou=[0.934, 0.942] acc=0
r139 1201s L=0.01702 cov=[0.0087, 0.0061] ov=[0.00011, 0.0] P=6 S=45 arc=0.98 lr=0.00028 w_ov=9.74 iou=[0.934, 0.942] acc=0
{
 "Split": {
  "proposed": 3111,
  "accepted": 40,
  "scope": "shared",
  "rate": 0.01285760205721633
 },
 "ToArc": {
  "proposed": 274,
  "accepted": 123,
  "scope": "shared",
  "rate": 0.4489051094890511
 },
 "SwapPoses": {
  "proposed": 1053,
  "accepted": 0,
  "scope": "per-target",
  "rate": 0.0
 },
 "Merge": {
  "proposed": 1025,
  "accepted": 43,
  "scope": "shared",
  "rate": 0.041951219512195125
 },
 "Rotate": {
  "proposed": 1464,
  "accepted": 5,
  "scope": "per-target",
  "rate": 0.0034153005464480873
 },
 "MergeClose": {
  "proposed": 37,
  "accepted": 3,
  "scope": "shared",
  "rate": 0.08108108108108109
 },
 "ToLine": {
  "proposed": 1996,
  "accepted": 76,
  "scope": "shared",
  "rate": 0.03807615230460922
 },
 "forced:RemoveSmallPart": {
  "proposed": 0,
  "accepted": 2,
  "scope": "shared",
  "rate": 2.0
 }
}
EVAL avg_chamfer=5.429 avg_hausdorff=31.077 pieces=6->6 loss=0.017017
