r0 7s L=0.6531 cov=[0.0043, 0.0194] ov=[0.02611, 0.03677] P=7 S=29 arc=0.14 lr=0.35 w_ov=0.1 iou=[0.968, 0.899] acc=5
r1 13s L=0.6534 cov=[0.0024, 0.0119] ov=[0.02792, 0.03588] P=8 S=36 arc=0.28 lr=0.25 w_ov=0.106 iou=[0.982, 0.936] acc=10
r2 22s L=0.5779 cov=[0.0026, 0.0088] ov=[0.02581, 0.03073] P=11 S=48 arc=0.42 lr=0.25 w_ov=0.111 iou=[0.98, 0.95] acc=6
r3 30s L=0.522 cov=[0.0014, 0.0055] ov=[0.02554, 0.02582] P=13 S=57 arc=0.47 lr=0.25 w_ov=0.118 iou=[0.989, 0.96] acc=8
r4 40s L=0.4159 cov=[0.0013, 0.0022] ov=[0.02144, 0.0196] P=14 S=61 arc=0.44 lr=0.25 w_ov=0.126 iou=[0.993, 0.977] acc=8
r5 48s L=0.351 cov=[0.001, 0.0015] ov=[0.018, 0.01665] P=14 S=61 arc=0.51 lr=0.18 w_ov=0.136 iou=[0.994, 0.984] acc=3
r6 56s L=0.326 cov=[0.0012, 0.0015] ov=[0.01665, 0.01548] P=14 S=60 arc=0.47 lr=0.18 w_ov=0.145 iou=[0.99, 0.983] acc=11
r7 66s L=0.2844 cov=[0.0011, 0.0013] ov=[0.01456, 0.01344] P=14 S=60 arc=0.53 lr=0.063 w_ov=0.154 iou=[0.992, 0.986] acc=3
r8 76s L=0.2666 cov=[0.0011, 0.0012] ov=[0.01364, 0.01259] P=14 S=60 arc=0.55 lr=0.088 w_ov=0.167 iou=[0.991, 0.986] acc=4
r9 85s L=0.2483 cov=[0.0011, 0.0012] ov=[0.01276, 0.01164] P=14 S=60 arc=0.57 lr=0.13 w_ov=0.179 iou=[0.992, 0.985] acc=1
r10 94s L=0.2387 cov=[0.0011, 0.0012] ov=[0.01239, 0.01104] P=14 S=60 arc=0.58 lr=0.13 w_ov=0.192 iou=[0.993, 0.986] acc=3
r11 104s L=0.2124 cov=[0.0011, 0.0012] ov=[0.01091, 0.0099] P=14 S=60 arc=0.63 lr=0.088 w_ov=0.207 iou=[0.993, 0.985] acc=0
r12 112s L=0.1984 cov=[0.0011, 0.0012] ov=[0.01028, 0.00914] P=14 S=60 arc=0.62 lr=0.088 w_ov=0.222 iou=[0.992, 0.985] acc=3
r13 121s L=0.1865 cov=[0.0011, 0.0012] ov=[0.0098, 0.00842] P=14 S=60 arc=0.65 lr=0.088 w_ov=0.237 iou=[0.992, 0.984] acc=0
r14 131s L=0.1754 cov=[0.0012, 0.0012] ov=[0.00934, 0.00777] P=14 S=60 arc=0.65 lr=0.13 w_ov=0.254 iou=[0.992, 0.986] acc=2
r15 140s L=0.1629 cov=[0.0012, 0.0013] ov=[0.00851, 0.00732] P=14 S=60 arc=0.65 lr=0.13 w_ov=0.274 iou=[0.992, 0.985] acc=3
r16 149s L=0.1464 cov=[0.0012, 0.0012] ov=[0.00789, 0.00631] P=14 S=60 arc=0.67 lr=0.044 w_ov=0.292 iou=[0.992, 0.985] acc=0
r17 158s L=0.1397 cov=[0.0013, 0.0012] ov=[0.00753, 0.00599] P=14 S=60 arc=0.65 lr=0.063 w_ov=0.314 iou=[0.992, 0.985] acc=2
r18 167s L=0.1285 cov=[0.0013, 0.0012] ov=[0.00708, 0.00532] P=14 S=60 arc=0.67 lr=0.063 w_ov=0.338 iou=[0.991, 0.984] acc=3
r19 177s L=0.1173 cov=[0.0014, 0.0013] ov=[0.00643, 0.00483] P=14 S=60 arc=0.72 lr=0.063 w_ov=0.361 iou=[0.99, 0.986] acc=1
r20 186s L=0.1074 cov=[0.0014, 0.0013] ov=[0.00593, 0.00433] P=14 S=60 arc=0.73 lr=0.044 w_ov=0.389 iou=[0.99, 0.985] acc=3
r21 196s L=0.103 cov=[0.0015, 0.0013] ov=[0.00565, 0.00416] P=14 S=60 arc=0.78 lr=0.016 w_ov=0.416 iou=[0.99, 0.984] acc=4
r22 207s L=0.1 cov=[0.0015, 0.0014] ov=[0.00549, 0.00402] P=14 S=60 arc=0.85 lr=0.022 w_ov=0.45 iou=[0.99, 0.983] acc=2
r23 217s L=0.09449 cov=[0.0016, 0.0014] ov=[0.0052, 0.00375] P=14 S=60 arc=0.88 lr=0.044 w_ov=0.491 iou=[0.99, 0.984] acc=1
r24 227s L=0.08691 cov=[0.0017, 0.0015] ov=[0.00472, 0.00345] P=14 S=60 arc=0.90 lr=0.044 w_ov=0.528 iou=[0.989, 0.984] acc=0
r25 237s L=0.07995 cov=[0.0018, 0.0015] ov=[0.00434, 0.00313] P=14 S=60 arc=0.88 lr=0.044 w_ov=0.57 iou=[0.989, 0.984] acc=2
r26 246s L=0.07534 cov=[0.0018, 0.0016] ov=[0.00411, 0.00288] P=14 S=60 arc=0.88 lr=0.022 w_ov=0.615 iou=[0.988, 0.983] acc=1
r27 257s L=0.0691 cov=[0.0019, 0.0017] ov=[0.00386, 0.00248] P=14 S=60 arc=0.88 lr=0.022 w_ov=0.663 iou=[0.987, 0.982] acc=1
r28 266s L=0.06386 cov=[0.002, 0.0018] ov=[0.00361, 0.00219] P=14 S=60 arc=0.88 lr=0.031 w_ov=0.721 iou=[0.986, 0.982] acc=1
r29 275s L=0.06034 cov=[0.0021, 0.0018] ov=[0.00343, 0.00202] P=14 S=60 arc=0.88 lr=0.022 w_ov=0.768 iou=[0.986, 0.982] acc=1
r30 284s L=0.05684 cov=[0.0022, 0.0019] ov=[0.0032, 0.00188] P=14 S=60 arc=0.90 lr=0.031 w_ov=0.826 iou=[0.985, 0.982] acc=1
r31 294s L=0.05338 cov=[0.0023, 0.0019] ov=[0.00294, 0.00178] P=14 S=60 arc=0.92 lr=0.044 w_ov=0.886 iou=[0.985, 0.982] acc=2
r32 303s L=0.0497 cov=[0.0023, 0.002] ov=[0.00271, 0.00163] P=14 S=60 arc=0.92 lr=0.022 w_ov=0.954 iou=[0.987, 0.982] acc=2
r33 313s L=0.04745 cov=[0.0023, 0.0021] ov=[0.00258, 0.00153] P=14 S=60 arc=0.92 lr=0.011 w_ov=1.02 iou=[0.986, 0.982] acc=1
r34 324s L=0.04587 cov=[0.0024, 0.0021] ov=[0.00248, 0.00146] P=14 S=60 arc=0.93 lr=0.016 w_ov=1.11 iou=[0.986, 0.982] acc=0
r35 334s L=0.04328 cov=[0.0025, 0.0022] ov=[0.00232, 0.00134] P=14 S=60 arc=0.92 lr=0.016 w_ov=1.2 iou=[0.985, 0.98] acc=1
r36 344s L=0.04023 cov=[0.0026, 0.0023] ov=[0.00214, 0.00119] P=14 S=60 arc=0.88 lr=0.022 w_ov=1.3 iou=[0.983, 0.98] acc=3
r37 353s L=0.03673 cov=[0.0027, 0.0024] ov=[0.00188, 0.00108] P=14 S=60 arc=0.88 lr=0.022 w_ov=1.4 iou=[0.982, 0.979] acc=3
r38 363s L=0.03416 cov=[0.0028, 0.0025] ov=[0.00172, 0.00097] P=14 S=60 arc=0.90 lr=0.011 w_ov=1.51 iou=[0.982, 0.979] acc=1
r39 373s L=0.03228 cov=[0.0029, 0.0026] ov=[0.0016, 0.00088] P=14 S=60 arc=0.90 lr=0.011 w_ov=1.62 iou=[0.981, 0.978] acc=1
r40 383s L=0.02908 cov=[0.0031, 0.0026] ov=[0.00142, 0.00072] P=14 S=60 arc=0.92 lr=0.022 w_ov=1.76 iou=[0.98, 0.977] acc=1
r41 392s L=0.02562 cov=[0.0033, 0.0027] ov=[0.00119, 0.00057] P=14 S=60 arc=0.92 lr=0.031 w_ov=1.89 iou=[0.979, 0.976] acc=2
r42 403s L=0.02337 cov=[0.0033, 0.0028] ov=[0.00107, 0.00046] P=14 S=60 arc=0.92 lr=0.022 w_ov=2.03 iou=[0.98, 0.975] acc=1
r43 412s L=0.02208 cov=[0.0033, 0.0028] ov=[0.00097, 0.00043] P=14 S=60 arc=0.93 lr=0.011 w_ov=2.2 iou=[0.979, 0.974] acc=2
r44 422s L=0.0214 cov=[0.0034, 0.0027] ov=[0.00092, 0.00041] P=14 S=60 arc=0.93 lr=0.011 w_ov=2.36 iou=[0.979, 0.975] acc=1
r45 430s L=0.02062 cov=[0.0034, 0.0028] ov=[0.00087, 0.00037] P=13 S=57 arc=0.93 lr=0.0055 w_ov=2.55 iou=[0.975, 0.972] acc=2
r46 439s L=0.01973 cov=[0.004, 0.0032] ov=[0.00084, 0.00023] P=12 S=53 arc=0.92 lr=0.0078 w_ov=2.72 iou=[0.971, 0.968] acc=2
r47 447s L=0.01946 cov=[0.0047, 0.0041] ov=[0.00069, 0.00021] P=11 S=50 arc=0.90 lr=0.022 w_ov=2.9 iou=[0.964, 0.962] acc=3
r48 456s L=0.01892 cov=[0.0055, 0.0056] ov=[0.00047, 0.00015] P=10 S=46 arc=0.89 lr=0.0078 w_ov=3.09 iou=[0.961, 0.954] acc=1
r49 464s L=0.01924 cov=[0.0062, 0.0064] ov=[0.00038, 0.00014] P=9 S=42 arc=0.83 lr=0.022 w_ov=3.31 iou=[0.954, 0.948] acc=4
r50 472s L=0.03202 cov=[0.0081, 0.0106] ov=[0.0006, 0.00061] P=8 S=44 arc=0.82 lr=0.044 w_ov=3.52 iou=[0.934, 0.904] acc=10
r51 480s L=0.02045 cov=[0.0078, 0.0089] ov=[0.00022, 3e-05] P=7 S=41 arc=0.76 lr=0.016 w_ov=3.76 iou=[0.924, 0.922] acc=6
r52 488s L=0.02668 cov=[0.0108, 0.0126] ov=[0.00016, 5e-05] P=6 S=36 arc=0.81 lr=0.016 w_ov=3.99 iou=[0.902, 0.895] acc=5
r53 496s L=0.03622 cov=[0.0158, 0.0175] ov=[0.0001, 0.00011] P=5 S=35 arc=0.86 lr=0.031 w_ov=4.23 iou=[0.854, 0.847] acc=7
r54 504s L=0.04006 cov=[0.0177, 0.0196] ov=[7e-05, 0.00012] P=4 S=35 arc=0.83 lr=0.063 w_ov=4.5 iou=[0.814, 0.804] acc=10
r55 511s L=0.06368 cov=[0.0272, 0.0342] ov=[0.00012, 3e-05] P=4 S=39 arc=0.77 lr=0.063 w_ov=4.78 iou=[0.861, 0.833] acc=9
r56 519s L=0.05842 cov=[0.023, 0.0324] ov=[2e-05, 0.0002] P=4 S=35 arc=0.83 lr=0.031 w_ov=5.06 iou=[0.879, 0.836] acc=6
r57 527s L=0.04916 cov=[0.0194, 0.0278] ov=[4e-05, 8e-05] P=4 S=37 arc=0.73 lr=0.044 w_ov=5.39 iou=[0.898, 0.861] acc=8
r58 534s L=0.04588 cov=[0.0176, 0.0272] ov=[2e-05, 0.0] P=4 S=37 arc=0.76 lr=0.0078 w_ov=5.7 iou=[0.908, 0.859] acc=3
r59 542s L=0.04349 cov=[0.0164, 0.0259] ov=[2e-05, 1e-05] P=4 S=37 arc=0.78 lr=0.022 w_ov=6.05 iou=[0.912, 0.87] acc=8
r60 549s L=0.04224 cov=[0.016, 0.0252] ov=[2e-05, 0.0] P=4 S=36 arc=0.83 lr=0.022 w_ov=6.43 iou=[0.913, 0.872] acc=2
r61 557s L=0.04179 cov=[0.0157, 0.0251] ov=[2e-05, 0.0] P=4 S=36 arc=0.86 lr=0.0055 w_ov=6.77 iou=[0.914, 0.873] acc=3
r62 564s L=0.0409 cov=[0.0151, 0.0248] ov=[2e-05, 0.0] P=4 S=36 arc=0.92 lr=0.0078 w_ov=7.18 iou=[0.916, 0.873] acc=1
r63 572s L=0.04049 cov=[0.0149, 0.0246] ov=[2e-05, 0.0] P=4 S=35 arc=0.89 lr=0.0078 w_ov=7.6 iou=[0.917, 0.874] acc=2
r64 579s L=0.04 cov=[0.0147, 0.0243] ov=[1e-05, 1e-05] P=4 S=35 arc=0.89 lr=0.0078 w_ov=8.07 iou=[0.917, 0.875] acc=0
r65 587s L=0.03962 cov=[0.0145, 0.0242] ov=[1e-05, 0.0] P=4 S=35 arc=0.89 lr=0.0039 w_ov=8.53 iou=[0.918, 0.876] acc=1
r66 594s L=0.03935 cov=[0.0144, 0.0241] ov=[1e-05, 0.0] P=4 S=35 arc=0.91 lr=0.0055 w_ov=9.05 iou=[0.919, 0.877] acc=1
r67 602s L=0.0391 cov=[0.0142, 0.024] ov=[1e-05, 0.0] P=4 S=35 arc=0.94 lr=0.0028 w_ov=9.58 iou=[0.92, 0.877] acc=0
{
 "AddPart": {
  "proposed": 317,
  "accepted": 4,
  "scope": "shared",
  "rate": 0.012618296529968454
 },
 "ToArc": {
  "proposed": 217,
  "accepted": 86,
  "scope": "shared",
  "rate": 0.39631336405529954
 },
 "CutPart": {
  "proposed": 495,
  "accepted": 6,
  "scope": "shared",
  "rate": 0.012121212121212121
 },
 "Split": {
  "proposed": 1152,
  "accepted": 29,
  "scope": "shared",
  "rate": 0.025173611111111112
 },
 "SwapPoses": {
  "proposed": 456,
  "accepted": 1,
  "scope": "per-target",
  "rate": 0.0021929824561403508
 },
 "Rotate": {
  "proposed": 539,
  "accepted": 7,
  "scope": "per-target",
  "rate": 0.012987012987012988
 },
 "ToLine": {
  "proposed": 757,
  "accepted": 52,
  "scope": "shared",
  "rate": 0.06869220607661823
 },
 "Merge": {
  "proposed": 332,
  "accepted": 13,
  "scope": "shared",
  "rate": 0.0391566265060241
 },
 "RemoveSmallPart": {
  "proposed": 68,
  "accepted": 0,
  "scope": "shared",
  "rate": 0.0
 },
 "MergeClose": {
  "proposed": 19,
  "accepted": 0,
  "scope": "shared",
  "rate": 0.0
 },
 "forced:RemoveSmallPart": {
  "proposed": 0,
  "accepted": 10,
  "scope": "shared",
  "rate": 10.0
 }
}
EVAL avg_chamfer=12.273 avg_hausdorff=36.964 pieces=4->4 loss=0.039105
