r0 9s L=1.356 cov=[0.0145, 0.0432] ov=[0.05203, 0.07779] P=6 S=24 arc=0.17 lr=1 w_ov=0.1 iou=[0.787, 0.754] acc=4
r1 15s L=0.9293 cov=[0.0138, 0.016] ov=[0.04202, 0.04785] P=10 S=39 arc=0.15 lr=0.25 w_ov=0.107 iou=[0.929, 0.904] acc=9
r2 22s L=0.8166 cov=[0.0046, 0.0047] ov=[0.03982, 0.04076] P=11 S=44 arc=0.25 lr=0.25 w_ov=0.112 iou=[0.974, 0.967] acc=8
r3 29s L=0.7456 cov=[0.0029, 0.0029] ov=[0.03669, 0.03714] P=12 S=47 arc=0.38 lr=0.25 w_ov=0.118 iou=[0.983, 0.979] acc=7
r4 37s L=0.6856 cov=[0.0018, 0.0018] ov=[0.0334, 0.03463] P=12 S=47 arc=0.45 lr=0.18 w_ov=0.125 iou=[0.986, 0.983] acc=5
r5 45s L=0.6198 cov=[0.0014, 0.0015] ov=[0.03053, 0.031] P=12 S=46 arc=0.50 lr=0.25 w_ov=0.133 iou=[0.991, 0.985] acc=5
r6 54s L=0.5478 cov=[0.0014, 0.0012] ov=[0.02721, 0.02715] P=12 S=46 arc=0.54 lr=0.25 w_ov=0.141 iou=[0.991, 0.987] acc=6
r7 62s L=0.5244 cov=[0.0015, 0.0012] ov=[0.02601, 0.026] P=13 S=51 arc=0.61 lr=0.25 w_ov=0.151 iou=[0.991, 0.987] acc=5
r8 69s L=0.4866 cov=[0.0013, 0.0012] ov=[0.02416, 0.02408] P=14 S=54 arc=0.67 lr=0.25 w_ov=0.161 iou=[0.994, 0.988] acc=6
r9 78s L=0.4344 cov=[0.0011, 0.001] ov=[0.02165, 0.02138] P=16 S=62 arc=0.63 lr=0.35 w_ov=0.17 iou=[0.994, 0.988] acc=9
r10 87s L=0.3989 cov=[0.0011, 0.001] ov=[0.0199, 0.01956] P=16 S=62 arc=0.68 lr=0.13 w_ov=0.182 iou=[0.994, 0.988] acc=3
r11 98s L=0.3724 cov=[0.0011, 0.001] ov=[0.01863, 0.01817] P=16 S=62 arc=0.71 lr=0.13 w_ov=0.196 iou=[0.995, 0.989] acc=1
r12 107s L=0.3487 cov=[0.0012, 0.0011] ov=[0.01752, 0.01689] P=16 S=62 arc=0.71 lr=0.18 w_ov=0.212 iou=[0.994, 0.988] acc=2
r13 117s L=0.3189 cov=[0.0013, 0.0012] ov=[0.0159, 0.01552] P=17 S=66 arc=0.76 lr=0.18 w_ov=0.227 iou=[0.995, 0.99] acc=2
r14 126s L=0.2797 cov=[0.0013, 0.0013] ov=[0.01389, 0.01359] P=19 S=74 arc=0.74 lr=0.25 w_ov=0.245 iou=[0.994, 0.989] acc=2
r15 137s L=0.2508 cov=[0.0012, 0.0012] ov=[0.01251, 0.01207] P=19 S=74 arc=0.74 lr=0.18 w_ov=0.263 iou=[0.995, 0.989] acc=1
r16 147s L=0.2262 cov=[0.0013, 0.0012] ov=[0.01139, 0.01071] P=19 S=74 arc=0.76 lr=0.18 w_ov=0.287 iou=[0.994, 0.989] acc=0
r17 156s L=0.2022 cov=[0.0014, 0.0013] ov=[0.01028, 0.0094] P=19 S=74 arc=0.73 lr=0.18 w_ov=0.308 iou=[0.995, 0.99] acc=4
r18 166s L=0.1807 cov=[0.0014, 0.0014] ov=[0.00924, 0.00829] P=19 S=74 arc=0.76 lr=0.088 w_ov=0.331 iou=[0.994, 0.989] acc=1
r19 176s L=0.1625 cov=[0.0014, 0.0013] ov=[0.00844, 0.00727] P=19 S=74 arc=0.77 lr=0.088 w_ov=0.357 iou=[0.994, 0.989] acc=4
r20 185s L=0.1504 cov=[0.0015, 0.0014] ov=[0.00796, 0.00652] P=19 S=74 arc=0.81 lr=0.13 w_ov=0.385 iou=[0.993, 0.988] acc=2
r21 195s L=0.136 cov=[0.0016, 0.0013] ov=[0.00732, 0.00572] P=19 S=73 arc=0.84 lr=0.13 w_ov=0.415 iou=[0.992, 0.988] acc=3
r22 205s L=0.125 cov=[0.0017, 0.0014] ov=[0.0068, 0.00514] P=19 S=73 arc=0.86 lr=0.088 w_ov=0.446 iou=[0.992, 0.989] acc=1
r23 215s L=0.1147 cov=[0.0017, 0.0014] ov=[0.00632, 0.00457] P=19 S=73 arc=0.88 lr=0.088 w_ov=0.482 iou=[0.992, 0.988] acc=0
r24 224s L=0.1061 cov=[0.0018, 0.0015] ov=[0.00589, 0.00413] P=19 S=73 arc=0.86 lr=0.088 w_ov=0.52 iou=[0.993, 0.986] acc=2
r25 234s L=0.1 cov=[0.0018, 0.0016] ov=[0.00556, 0.00384] P=19 S=73 arc=0.88 lr=0.088 w_ov=0.56 iou=[0.993, 0.986] acc=3
r26 244s L=0.09118 cov=[0.002, 0.0018] ov=[0.00501, 0.00348] P=18 S=70 arc=0.91 lr=0.088 w_ov=0.601 iou=[0.992, 0.985] acc=1
r27 253s L=0.08234 cov=[0.0021, 0.0018] ov=[0.00453, 0.00307] P=18 S=70 arc=0.89 lr=0.044 w_ov=0.649 iou=[0.991, 0.985] acc=5
r28 263s L=0.07863 cov=[0.0021, 0.0018] ov=[0.00435, 0.00287] P=18 S=70 arc=0.90 lr=0.063 w_ov=0.697 iou=[0.991, 0.984] acc=2
r29 272s L=0.07445 cov=[0.0021, 0.0019] ov=[0.00413, 0.00266] P=18 S=70 arc=0.89 lr=0.031 w_ov=0.753 iou=[0.99, 0.983] acc=3
r30 282s L=0.0708 cov=[0.0022, 0.002] ov=[0.00396, 0.00245] P=18 S=70 arc=0.91 lr=0.031 w_ov=0.81 iou=[0.99, 0.982] acc=1
r31 291s L=0.06764 cov=[0.0023, 0.002] ov=[0.00383, 0.00226] P=18 S=70 arc=0.93 lr=0.044 w_ov=0.874 iou=[0.989, 0.982] acc=1
r32 299s L=0.06216 cov=[0.0024, 0.0021] ov=[0.00353, 0.00198] P=18 S=70 arc=0.90 lr=0.031 w_ov=0.936 iou=[0.987, 0.982] acc=4
r33 308s L=0.05847 cov=[0.0025, 0.0022] ov=[0.00332, 0.0018] P=18 S=70 arc=0.91 lr=0.044 w_ov=0.994 iou=[0.986, 0.981] acc=2
r34 318s L=0.05613 cov=[0.0025, 0.0023] ov=[0.00322, 0.00166] P=18 S=70 arc=0.93 lr=0.031 w_ov=1.06 iou=[0.986, 0.98] acc=2
r35 327s L=0.05289 cov=[0.0026, 0.0024] ov=[0.00304, 0.0015] P=18 S=70 arc=0.93 lr=0.022 w_ov=1.15 iou=[0.985, 0.981] acc=1
r36 336s L=0.05077 cov=[0.0027, 0.0025] ov=[0.00292, 0.00139] P=18 S=70 arc=0.93 lr=0.044 w_ov=1.23 iou=[0.985, 0.98] acc=1
r37 346s L=0.04691 cov=[0.0027, 0.0026] ov=[0.00269, 0.00122] P=18 S=70 arc=0.93 lr=0.031 w_ov=1.32 iou=[0.985, 0.979] acc=2
r38 357s L=0.04403 cov=[0.0028, 0.0027] ov=[0.0025, 0.0011] P=18 S=70 arc=0.96 lr=0.022 w_ov=1.43 iou=[0.985, 0.979] acc=0
r39 367s L=0.04187 cov=[0.003, 0.0028] ov=[0.00235, 0.00101] P=18 S=70 arc=0.96 lr=0.016 w_ov=1.55 iou=[0.985, 0.979] acc=0
r40 376s L=0.04039 cov=[0.003, 0.0028] ov=[0.00224, 0.00096] P=18 S=70 arc=0.96 lr=0.0078 w_ov=1.67 iou=[0.984, 0.979] acc=1
r41 385s L=0.03845 cov=[0.0032, 0.0029] ov=[0.0021, 0.00089] P=18 S=70 arc=0.94 lr=0.011 w_ov=1.79 iou=[0.983, 0.979] acc=1
r42 395s L=0.03638 cov=[0.0033, 0.003] ov=[0.00195, 0.0008] P=18 S=70 arc=0.94 lr=0.022 w_ov=1.93 iou=[0.983, 0.977] acc=1
r43 403s L=0.03461 cov=[0.0034, 0.0031] ov=[0.00185, 0.00072] P=18 S=70 arc=0.96 lr=0.016 w_ov=2.07 iou=[0.983, 0.977] acc=0
r44 413s L=0.03352 cov=[0.0034, 0.0032] ov=[0.00178, 0.00067] P=18 S=70 arc=0.93 lr=0.016 w_ov=2.21 iou=[0.975, 0.976] acc=3
r45 423s L=0.02743 cov=[0.0041, 0.0034] ov=[0.00116, 0.00059] P=18 S=70 arc=0.93 lr=0.044 w_ov=2.38 iou=[0.976, 0.975] acc=1
r46 432s L=0.02315 cov=[0.0042, 0.0035] ov=[0.00088, 0.00041] P=17 S=66 arc=0.94 lr=0.031 w_ov=2.57 iou=[0.971, 0.969] acc=2
r47 441s L=0.02213 cov=[0.0047, 0.0038] ov=[0.00077, 0.00035] P=16 S=62 arc=0.94 lr=0.022 w_ov=2.77 iou=[0.967, 0.965] acc=2
r48 450s L=0.02172 cov=[0.0052, 0.0044] ov=[0.00069, 0.0003] P=15 S=58 arc=0.91 lr=0.016 w_ov=2.95 iou=[0.961, 0.961] acc=2
r49 459s L=0.02249 cov=[0.006, 0.0049] ov=[0.00066, 0.00028] P=14 S=55 arc=0.91 lr=0.016 w_ov=3.17 iou=[0.954, 0.955] acc=1
r50 467s L=0.02321 cov=[0.0073, 0.0061] ov=[0.00055, 0.00024] P=13 S=51 arc=0.90 lr=0.031 w_ov=3.38 iou=[0.94, 0.946] acc=3
r51 475s L=0.02719 cov=[0.0098, 0.0078] ov=[0.00055, 0.00022] P=12 S=48 arc=0.88 lr=0.031 w_ov=3.59 iou=[0.924, 0.928] acc=4
r52 482s L=0.02919 cov=[0.0117, 0.0107] ov=[0.00032, 0.00019] P=11 S=45 arc=0.84 lr=0.044 w_ov=3.83 iou=[0.913, 0.913] acc=4
r53 489s L=0.03022 cov=[0.012, 0.0132] ov=[0.00021, 0.00014] P=10 S=42 arc=0.81 lr=0.044 w_ov=4.04 iou=[0.913, 0.899] acc=4
r54 496s L=0.03101 cov=[0.0114, 0.0158] ov=[0.00014, 0.00011] P=9 S=38 arc=0.79 lr=0.031 w_ov=4.26 iou=[0.9, 0.885] acc=5
r55 503s L=0.03667 cov=[0.014, 0.0182] ov=[0.00015, 0.00017] P=8 S=37 arc=0.78 lr=0.031 w_ov=4.51 iou=[0.881, 0.859] acc=7
r56 509s L=0.04745 cov=[0.0215, 0.0219] ov=[0.00019, 0.0001] P=7 S=33 arc=0.73 lr=0.044 w_ov=4.75 iou=[0.84, 0.832] acc=8
r57 516s L=0.05041 cov=[0.023, 0.0241] ov=[0.00014, 8e-05] P=6 S=31 arc=0.77 lr=0.063 w_ov=4.98 iou=[0.814, 0.801] acc=10
r58 521s L=0.059 cov=[0.0284, 0.0272] ov=[0.00011, 0.00014] P=5 S=35 arc=0.74 lr=0.088 w_ov=5.23 iou=[0.777, 0.77] acc=13
r59 529s L=0.06841 cov=[0.0321, 0.0319] ov=[0.00011, 0.00024] P=4 S=32 arc=0.72 lr=0.088 w_ov=5.46 iou=[0.72, 0.718] acc=15
r60 536s L=0.08301 cov=[0.0462, 0.0333] ov=[0.00011, 0.00017] P=4 S=35 arc=0.77 lr=0.13 w_ov=5.81 iou=[0.78, 0.824] acc=14
r61 543s L=0.06867 cov=[0.0391, 0.0273] ov=[9e-05, 7e-05] P=4 S=40 arc=0.75 lr=0.063 w_ov=6.1 iou=[0.812, 0.86] acc=10
r62 551s L=0.06399 cov=[0.0376, 0.0253] ov=[1e-05, 2e-05] P=4 S=38 arc=0.74 lr=0.044 w_ov=6.45 iou=[0.821, 0.868] acc=7
r63 558s L=0.0608 cov=[0.0359, 0.0239] ov=[0.0, 2e-05] P=4 S=39 arc=0.74 lr=0.031 w_ov=6.85 iou=[0.826, 0.872] acc=8
r64 566s L=0.05941 cov=[0.0354, 0.023] ov=[1e-05, 1e-05] P=4 S=38 arc=0.71 lr=0.016 w_ov=7.23 iou=[0.829, 0.875] acc=7
r65 574s L=0.05861 cov=[0.035, 0.0227] ov=[1e-05, 0.0] P=4 S=38 arc=0.76 lr=0.011 w_ov=7.68 iou=[0.832, 0.876] acc=3
r66 582s L=0.0578 cov=[0.0346, 0.0224] ov=[0.0, 0.0] P=4 S=37 arc=0.81 lr=0.0078 w_ov=8.19 iou=[0.834, 0.878] acc=1
r67 589s L=0.05749 cov=[0.0344, 0.0223] ov=[1e-05, 0.0] P=4 S=36 arc=0.83 lr=0.0039 w_ov=8.69 iou=[0.835, 0.879] acc=4
r68 596s L=0.05722 cov=[0.0342, 0.0222] ov=[0.0, 0.0] P=4 S=36 arc=0.89 lr=0.0039 w_ov=9.19 iou=[0.836, 0.88] acc=1
r69 605s L=0.05705 cov=[0.0341, 0.0221] ov=[0.0, 0.0] P=4 S=36 arc=0.89 lr=0.0028 w_ov=9.73 iou=[0.836, 0.88] acc=2
{
 "Split": {
  "proposed": 1200,
  "accepted": 37,
  "scope": "shared",
  "rate": 0.030833333333333334
 },
 "AddPart": {
  "proposed": 323,
  "accepted": 6,
  "scope": "shared",
  "rate": 0.018575851393188854
 },
 "SwapPoses": {
  "proposed": 518,
  "accepted": 2,
  "scope": "per-target",
  "rate": 0.003861003861003861
 },
 "CutPart": {
  "proposed": 500,
  "accepted": 10,
  "scope": "shared",
  "rate": 0.02
 },
 "Rotate": {
  "proposed": 549,
  "accepted": 8,
  "scope": "per-target",
  "rate": 0.014571948998178506
 },
 "ToArc": {
  "proposed": 217,
  "accepted": 101,
  "scope": "shared",
  "rate": 0.46543778801843316
 },
 "RemoveSmallPart": {
  "proposed": 96,
  "accepted": 1,
  "scope": "shared",
  "rate": 0.010416666666666666
 },
 "ToLine": {
  "proposed": 835,
  "accepted": 66,
  "scope": "shared",
  "rate": 0.07904191616766468
 },
 "Merge": {
  "proposed": 235,
  "accepted": 19,
  "scope": "shared",
  "rate": 0.08085106382978724
 },
 "MergeClose": {
  "proposed": 7,
  "accepted": 0,
  "scope": "shared",
  "rate": 0.0
 },
 "forced:RemoveSmallPart": {
  "proposed": 0,
  "accepted": 14,
  "scope": "shared",
  "rate": 14.0
 }
}
EVAL avg_chamfer=11.258 avg_hausdorff=39.475 pieces=4->4 loss=0.057048
