r0 8s L=0.4005 cov=[0.0041, 0.0168] ov=[0.01155, 0.02635] P=8 S=32 arc=0.12 lr=0.5 w_ov=0.1 iou=[0.972, 0.905] acc=5
r1 14s L=0.2384 cov=[0.0018, 0.0049] ov=[0.00951, 0.01356] P=11 S=45 arc=0.20 lr=0.35 w_ov=0.106 iou=[0.993, 0.969] acc=7
r2 21s L=0.1736 cov=[0.0017, 0.0026] ov=[0.00712, 0.00966] P=16 S=67 arc=0.25 lr=0.35 w_ov=0.111 iou=[0.994, 0.979] acc=8
r3 30s L=0.2654 cov=[0.0006, 0.0012] ov=[0.01204, 0.01409] P=16 S=66 arc=0.27 lr=0.0078 w_ov=0.118 iou=[0.997, 0.986] acc=8
r4 39s L=0.156 cov=[0.0006, 0.0012] ov=[0.00657, 0.00863] P=16 S=63 arc=0.35 lr=0.13 w_ov=0.126 iou=[0.997, 0.989] acc=8
r5 48s L=0.1427 cov=[0.0006, 0.001] ov=[0.00621, 0.00769] P=16 S=63 arc=0.41 lr=0.063 w_ov=0.135 iou=[0.997, 0.99] acc=5
r6 56s L=0.1177 cov=[0.0006, 0.0009] ov=[0.00503, 0.00637] P=16 S=63 arc=0.48 lr=0.088 w_ov=0.144 iou=[0.997, 0.991] acc=4
r7 66s L=0.1092 cov=[0.0006, 0.0009] ov=[0.0047, 0.00585] P=16 S=63 arc=0.51 lr=0.044 w_ov=0.154 iou=[0.998, 0.991] acc=9
r8 77s L=0.1138 cov=[0.0007, 0.001] ov=[0.00506, 0.00593] P=16 S=63 arc=0.62 lr=0.063 w_ov=0.166 iou=[0.997, 0.989] acc=1
r9 85s L=0.09866 cov=[0.0006, 0.0009] ov=[0.00427, 0.00523] P=16 S=63 arc=0.62 lr=0.063 w_ov=0.18 iou=[0.998, 0.99] acc=2
r10 95s L=0.08877 cov=[0.0006, 0.0009] ov=[0.00389, 0.00462] P=16 S=63 arc=0.65 lr=0.063 w_ov=0.192 iou=[0.997, 0.99] acc=2
r11 104s L=0.08597 cov=[0.0006, 0.0009] ov=[0.00371, 0.00451] P=16 S=63 arc=0.67 lr=0.088 w_ov=0.207 iou=[0.997, 0.99] acc=4
r12 115s L=0.07888 cov=[0.0006, 0.0009] ov=[0.00342, 0.0041] P=16 S=63 arc=0.71 lr=0.088 w_ov=0.222 iou=[0.997, 0.99] acc=1
r13 123s L=0.07344 cov=[0.0006, 0.0009] ov=[0.00321, 0.00376] P=16 S=63 arc=0.73 lr=0.031 w_ov=0.241 iou=[0.997, 0.99] acc=2
r14 133s L=0.07054 cov=[0.0006, 0.0009] ov=[0.00307, 0.0036] P=16 S=63 arc=0.76 lr=0.044 w_ov=0.258 iou=[0.997, 0.99] acc=1
r15 142s L=0.06777 cov=[0.0007, 0.001] ov=[0.00294, 0.00346] P=16 S=63 arc=0.78 lr=0.022 w_ov=0.278 iou=[0.997, 0.99] acc=2
r16 152s L=0.06579 cov=[0.0007, 0.001] ov=[0.00283, 0.00336] P=16 S=63 arc=0.81 lr=0.031 w_ov=0.298 iou=[0.997, 0.989] acc=1
r17 162s L=0.06293 cov=[0.0007, 0.001] ov=[0.00267, 0.00323] P=16 S=63 arc=0.83 lr=0.044 w_ov=0.321 iou=[0.997, 0.989] acc=1
r18 171s L=0.05773 cov=[0.0007, 0.001] ov=[0.00238, 0.003] P=16 S=63 arc=0.83 lr=0.022 w_ov=0.348 iou=[0.997, 0.989] acc=0
r19 181s L=0.05551 cov=[0.0008, 0.001] ov=[0.00225, 0.00289] P=16 S=63 arc=0.83 lr=0.031 w_ov=0.373 iou=[0.996, 0.989] acc=1
r20 192s L=0.05275 cov=[0.0008, 0.0011] ov=[0.00211, 0.00275] P=16 S=63 arc=0.84 lr=0.022 w_ov=0.402 iou=[0.996, 0.988] acc=2
r21 203s L=0.05003 cov=[0.0008, 0.0011] ov=[0.00198, 0.00262] P=16 S=63 arc=0.87 lr=0.016 w_ov=0.437 iou=[0.997, 0.989] acc=1
r22 212s L=0.0483 cov=[0.0008, 0.0011] ov=[0.00189, 0.00252] P=16 S=63 arc=0.87 lr=0.016 w_ov=0.474 iou=[0.996, 0.989] acc=2
r23 222s L=0.04635 cov=[0.0009, 0.0012] ov=[0.00177, 0.00244] P=16 S=63 arc=0.86 lr=0.031 w_ov=0.511 iou=[0.997, 0.988] acc=4
r24 231s L=0.04192 cov=[0.0009, 0.0012] ov=[0.00162, 0.00214] P=16 S=63 arc=0.87 lr=0.016 w_ov=0.55 iou=[0.996, 0.987] acc=1
r25 242s L=0.03993 cov=[0.0009, 0.0012] ov=[0.00153, 0.00202] P=16 S=63 arc=0.87 lr=0.011 w_ov=0.591 iou=[0.996, 0.987] acc=0
r26 251s L=0.0379 cov=[0.001, 0.0013] ov=[0.00145, 0.0019] P=16 S=63 arc=0.87 lr=0.016 w_ov=0.639 iou=[0.996, 0.987] acc=0
r27 259s L=0.03571 cov=[0.001, 0.0013] ov=[0.00136, 0.00175] P=16 S=63 arc=0.87 lr=0.016 w_ov=0.686 iou=[0.996, 0.987] acc=0
r28 269s L=0.03397 cov=[0.001, 0.0013] ov=[0.00129, 0.00165] P=16 S=63 arc=0.87 lr=0.016 w_ov=0.733 iou=[0.996, 0.987] acc=1
r29 278s L=0.03204 cov=[0.0011, 0.0013] ov=[0.00122, 0.00152] P=16 S=63 arc=0.87 lr=0.016 w_ov=0.786 iou=[0.996, 0.986] acc=2
r30 288s L=0.03019 cov=[0.0011, 0.0014] ov=[0.00115, 0.0014] P=16 S=63 arc=0.87 lr=0.016 w_ov=0.844 iou=[0.996, 0.986] acc=1
r31 297s L=0.02861 cov=[0.0011, 0.0014] ov=[0.00108, 0.0013] P=16 S=63 arc=0.86 lr=0.016 w_ov=0.911 iou=[0.996, 0.986] acc=1
r32 308s L=0.027 cov=[0.0012, 0.0014] ov=[0.00102, 0.0012] P=16 S=63 arc=0.86 lr=0.016 w_ov=0.981 iou=[0.995, 0.987] acc=1
r33 318s L=0.02527 cov=[0.0012, 0.0015] ov=[0.00095, 0.00108] P=16 S=63 arc=0.86 lr=0.011 w_ov=1.07 iou=[0.994, 0.985] acc=1
r34 327s L=0.02229 cov=[0.0012, 0.0017] ov=[0.00073, 0.00099] P=16 S=63 arc=0.84 lr=0.011 w_ov=1.15 iou=[0.994, 0.984] acc=2
r35 336s L=0.02111 cov=[0.0013, 0.0017] ov=[0.00067, 0.00092] P=16 S=63 arc=0.84 lr=0.016 w_ov=1.23 iou=[0.993, 0.984] acc=1
r36 345s L=0.01907 cov=[0.0013, 0.0018] ov=[0.00059, 0.00078] P=16 S=63 arc=0.83 lr=0.016 w_ov=1.32 iou=[0.992, 0.984] acc=2
r37 355s L=0.01795 cov=[0.0013, 0.0018] ov=[0.00055, 0.00071] P=16 S=63 arc=0.84 lr=0.011 w_ov=1.42 iou=[0.992, 0.983] acc=0
r38 365s L=0.01712 cov=[0.0014, 0.0018] ov=[0.00051, 0.00066] P=16 S=63 arc=0.84 lr=0.011 w_ov=1.52 iou=[0.992, 0.983] acc=3
r39 374s L=0.01599 cov=[0.0014, 0.0019] ov=[0.00047, 0.00058] P=16 S=63 arc=0.89 lr=0.011 w_ov=1.65 iou=[0.992, 0.983] acc=1
r40 384s L=0.01534 cov=[0.0014, 0.0019] ov=[0.00045, 0.00053] P=16 S=63 arc=0.90 lr=0.011 w_ov=1.77 iou=[0.992, 0.983] acc=1
r41 394s L=0.01465 cov=[0.0014, 0.0019] ov=[0.00042, 0.00048] P=16 S=63 arc=0.90 lr=0.0078 w_ov=1.91 iou=[0.991, 0.983] acc=2
r42 404s L=0.01388 cov=[0.0015, 0.002] ov=[0.00039, 0.00043] P=16 S=63 arc=0.92 lr=0.011 w_ov=2.05 iou=[0.991, 0.983] acc=1
r43 415s L=0.01274 cov=[0.0016, 0.002] ov=[0.00035, 0.00034] P=16 S=63 arc=0.92 lr=0.0055 w_ov=2.23 iou=[0.991, 0.983] acc=1
r44 424s L=0.01218 cov=[0.0016, 0.002] ov=[0.00033, 0.00031] P=16 S=63 arc=0.92 lr=0.0039 w_ov=2.42 iou=[0.991, 0.982] acc=0
r45 432s L=0.01171 cov=[0.0016, 0.002] ov=[0.00031, 0.00027] P=15 S=60 arc=0.90 lr=0.011 w_ov=2.59 iou=[0.988, 0.979] acc=4
r46 442s L=0.01169 cov=[0.002, 0.0024] ov=[0.00029, 0.00023] P=14 S=57 arc=0.89 lr=0.0055 w_ov=2.77 iou=[0.984, 0.976] acc=4
r47 451s L=0.01197 cov=[0.0025, 0.0028] ov=[0.00028, 0.00019] P=13 S=54 arc=0.89 lr=0.0078 w_ov=2.97 iou=[0.98, 0.975] acc=4
r48 460s L=0.01216 cov=[0.0033, 0.0031] ov=[0.00026, 0.00013] P=12 S=50 arc=0.86 lr=0.0078 w_ov=3.19 iou=[0.971, 0.967] acc=5
r49 469s L=0.01384 cov=[0.0046, 0.0051] ov=[0.00014, 0.00011] P=11 S=47 arc=0.87 lr=0.0078 w_ov=3.41 iou=[0.96, 0.956] acc=3
r50 478s L=0.01721 cov=[0.0064, 0.007] ov=[0.00019, 4e-05] P=10 S=43 arc=0.81 lr=0.016 w_ov=3.65 iou=[0.954, 0.942] acc=7
r51 485s L=0.01634 cov=[0.0062, 0.0076] ov=[8e-05, 4e-05] P=9 S=39 arc=0.79 lr=0.016 w_ov=3.91 iou=[0.933, 0.929] acc=5
r52 493s L=0.02559 cov=[0.01, 0.0117] ov=[7e-05, 0.00019] P=8 S=34 arc=0.79 lr=0.016 w_ov=4.15 iou=[0.914, 0.911] acc=7
r53 500s L=0.02709 cov=[0.0101, 0.0114] ov=[0.00015, 0.00029] P=7 S=35 arc=0.71 lr=0.031 w_ov=4.39 iou=[0.895, 0.888] acc=12
r54 505s L=0.03691 cov=[0.0166, 0.0189] ov=[1e-05, 3e-05] P=6 S=28 arc=0.68 lr=0.011 w_ov=4.63 iou=[0.848, 0.835] acc=8
r55 512s L=0.04418 cov=[0.0205, 0.0211] ov=[4e-05, 0.00014] P=5 S=25 arc=0.72 lr=0.063 w_ov=4.83 iou=[0.819, 0.814] acc=12
r56 519s L=0.05493 cov=[0.0269, 0.0262] ov=[7e-05, 3e-05] P=4 S=24 arc=0.83 lr=0.044 w_ov=5.1 iou=[0.742, 0.749] acc=8
r57 524s L=0.09759 cov=[0.0486, 0.0483] ov=[0.0, 0.0] P=4 S=23 arc=0.78 lr=0.022 w_ov=5.37 iou=[0.767, 0.774] acc=7
r58 530s L=0.0905 cov=[0.0449, 0.0437] ov=[9e-05, 3e-05] P=4 S=28 arc=0.89 lr=0.044 w_ov=5.58 iou=[0.785, 0.793] acc=9
r59 536s L=0.0805 cov=[0.0412, 0.0379] ov=[6e-05, 2e-05] P=4 S=30 arc=0.80 lr=0.044 w_ov=5.84 iou=[0.802, 0.817] acc=10
r60 544s L=0.07156 cov=[0.0378, 0.033] ov=[0.0, 1e-05] P=4 S=27 arc=0.78 lr=0.031 w_ov=6.13 iou=[0.816, 0.84] acc=6
r61 551s L=0.06641 cov=[0.0353, 0.0293] ov=[1e-05, 0.0001] P=4 S=32 arc=0.78 lr=0.044 w_ov=6.5 iou=[0.819, 0.85] acc=10
r62 558s L=0.06158 cov=[0.034, 0.0265] ov=[1e-05, 1e-05] P=4 S=28 arc=0.75 lr=0.022 w_ov=6.88 iou=[0.834, 0.867] acc=8
r63 566s L=0.05677 cov=[0.0319, 0.0241] ov=[1e-05, 0.0] P=4 S=27 arc=0.85 lr=0.016 w_ov=7.25 iou=[0.842, 0.875] acc=1
r64 572s L=0.0538 cov=[0.0303, 0.0226] ov=[1e-05, 0.0] P=4 S=27 arc=0.85 lr=0.016 w_ov=7.69 iou=[0.849, 0.883] acc=1
r65 580s L=0.05554 cov=[0.0329, 0.022] ov=[0.0, 0.0] P=4 S=26 arc=0.88 lr=0.016 w_ov=8.09 iou=[0.828, 0.881] acc=3
r66 586s L=0.04782 cov=[0.0272, 0.0197] ov=[1e-05, 1e-05] P=4 S=28 arc=0.86 lr=0.031 w_ov=8.55 iou=[0.863, 0.892] acc=6
r67 594s L=0.04673 cov=[0.0267, 0.0193] ov=[0.0, 1e-05] P=4 S=28 arc=0.86 lr=0.0014 w_ov=9.01 iou=[0.865, 0.895] acc=1
r68 601s L=0.04543 cov=[0.0254, 0.0188] ov=[2e-05, 3e-05] P=4 S=33 arc=0.82 lr=0.022 w_ov=9.53 iou=[0.87, 0.896] acc=7
{
 "CutPart": {
  "proposed": 513,
  "accepted": 9,
  "scope": "shared",
  "rate": 0.017543859649122806
 },
 "Split": {
  "proposed": 1095,
  "accepted": 39,
  "scope": "shared",
  "rate": 0.03561643835616438
 },
 "ToArc": {
  "proposed": 234,
  "accepted": 96,
  "scope": "shared",
  "rate": 0.41025641025641024
 },
 "Rotate": {
  "proposed": 564,
  "accepted": 4,
  "scope": "per-target",
  "rate": 0.0070921985815602835
 },
 "SwapPoses": {
  "proposed": 488,
  "accepted": 0,
  "scope": "per-target",
  "rate": 0.0
 },
 "AddPart": {
  "proposed": 331,
  "accepted": 3,
  "scope": "shared",
  "rate": 0.00906344410876133
 },
 "Merge": {
  "proposed": 278,
  "accepted": 27,
  "scope": "shared",
  "rate": 0.09712230215827339
 },
 "ToLine": {
  "proposed": 781,
  "accepted": 61,
  "scope": "shared",
  "rate": 0.07810499359795134
 },
 "RemoveSmallPart": {
  "proposed": 94,
  "accepted": 0,
  "scope": "shared",
  "rate": 0.0
 },
 "MergeClose": {
  "proposed": 38,
  "accepted": 0,
  "scope": "shared",
  "rate": 0.0
 },
 "forced:RemoveSmallPart": {
  "proposed": 0,
  "accepted": 12,
  "scope": "shared",
  "rate": 12.0
 }
}
EVAL avg_chamfer=11.993 avg_hausdorff=38.450 pieces=4->4 loss=0.045431
