r0 17s L=1.337 cov=[0.0393, 0.0622] ov=[0.0375, 0.0859] P=6 S=91 arc=0.00 lr=0.35 w_ov=0.1 iou=[0.843, 0.745] acc=10
r1 31s L=0.9075 cov=[0.0158, 0.033] ov=[0.03081, 0.05491] P=5 S=76 arc=0.04 lr=0.5 w_ov=0.103 iou=[0.919, 0.858] acc=21
r2 43s L=0.8889 cov=[0.0135, 0.0288] ov=[0.03081, 0.05373] P=5 S=73 arc=0.11 lr=0.18 w_ov=0.106 iou=[0.93, 0.876] acc=14
r3 60s L=0.9484 cov=[0.0125, 0.0232] ov=[0.03247, 0.05868] P=5 S=71 arc=0.25 lr=0.18 w_ov=0.109 iou=[0.935, 0.893] acc=11
r4 78s L=0.9126 cov=[0.0118, 0.0201] ov=[0.03228, 0.05567] P=5 S=68 arc=0.37 lr=0.18 w_ov=0.112 iou=[0.938, 0.905] acc=16
r5 95s L=0.911 cov=[0.0117, 0.0172] ov=[0.03365, 0.05445] P=5 S=67 arc=0.51 lr=0.18 w_ov=0.116 iou=[0.941, 0.915] acc=5
r6 114s L=0.8952 cov=[0.0117, 0.0159] ov=[0.03374, 0.0529] P=5 S=66 arc=0.55 lr=0.18 w_ov=0.12 iou=[0.939, 0.919] acc=11
r7 129s L=0.8614 cov=[0.0117, 0.014] ov=[0.03252, 0.05092] P=5 S=63 arc=0.62 lr=0.18 w_ov=0.124 iou=[0.939, 0.928] acc=7
r8 144s L=0.8072 cov=[0.0116, 0.0136] ov=[0.03002, 0.04805] P=5 S=59 arc=0.66 lr=0.25 w_ov=0.128 iou=[0.938, 0.93] acc=8
r9 158s L=0.7649 cov=[0.0117, 0.0129] ov=[0.02795, 0.04598] P=5 S=57 arc=0.67 lr=0.35 w_ov=0.132 iou=[0.939, 0.932] acc=5
r10 171s L=0.7306 cov=[0.0113, 0.0128] ov=[0.02637, 0.04418] P=5 S=55 arc=0.69 lr=0.13 w_ov=0.135 iou=[0.94, 0.931] acc=5
r11 183s L=0.7072 cov=[0.011, 0.0127] ov=[0.02526, 0.04297] P=5 S=55 arc=0.71 lr=0.25 w_ov=0.139 iou=[0.941, 0.934] acc=5
r12 196s L=0.686 cov=[0.0109, 0.0123] ov=[0.02458, 0.04161] P=5 S=57 arc=0.74 lr=0.25 w_ov=0.142 iou=[0.941, 0.935] acc=5
r13 209s L=0.6514 cov=[0.0109, 0.0121] ov=[0.02296, 0.03978] P=5 S=58 arc=0.74 lr=0.25 w_ov=0.146 iou=[0.941, 0.936] acc=6
r14 223s L=0.6458 cov=[0.0107, 0.0115] ov=[0.02365, 0.03861] P=5 S=57 arc=0.75 lr=0.25 w_ov=0.149 iou=[0.942, 0.938] acc=7
r15 235s L=0.6319 cov=[0.0106, 0.0115] ov=[0.02317, 0.0377] P=5 S=57 arc=0.81 lr=0.18 w_ov=0.153 iou=[0.943, 0.937] acc=4
r16 250s L=0.614 cov=[0.0107, 0.0113] ov=[0.02275, 0.03634] P=5 S=57 arc=0.79 lr=0.25 w_ov=0.157 iou=[0.941, 0.939] acc=6
r17 265s L=0.6087 cov=[0.0106, 0.0112] ov=[0.02272, 0.03586] P=5 S=57 arc=0.79 lr=0.13 w_ov=0.162 iou=[0.942, 0.939] acc=3
r18 279s L=0.6025 cov=[0.0106, 0.011] ov=[0.02268, 0.03529] P=5 S=57 arc=0.79 lr=0.18 w_ov=0.166 iou=[0.942, 0.941] acc=5
r19 295s L=0.5997 cov=[0.0105, 0.0109] ov=[0.02283, 0.03489] P=5 S=57 arc=0.82 lr=0.088 w_ov=0.171 iou=[0.943, 0.942] acc=4
r20 307s L=0.594 cov=[0.0105, 0.0109] ov=[0.02258, 0.03457] P=5 S=57 arc=0.81 lr=0.18 w_ov=0.176 iou=[0.943, 0.942] acc=5
r21 321s L=0.5863 cov=[0.0105, 0.011] ov=[0.02218, 0.0342] P=5 S=57 arc=0.84 lr=0.18 w_ov=0.18 iou=[0.943, 0.942] acc=2
r22 335s L=0.5848 cov=[0.0104, 0.011] ov=[0.02216, 0.03407] P=5 S=56 arc=0.86 lr=0.044 w_ov=0.185 iou=[0.942, 0.941] acc=4
r23 347s L=0.5774 cov=[0.0104, 0.011] ov=[0.02182, 0.03367] P=5 S=55 arc=0.89 lr=0.18 w_ov=0.19 iou=[0.942, 0.942] acc=3
r24 362s L=0.5704 cov=[0.0104, 0.011] ov=[0.02154, 0.03325] P=5 S=55 arc=0.89 lr=0.18 w_ov=0.195 iou=[0.942, 0.941] acc=2
r25 377s L=0.5631 cov=[0.0104, 0.011] ov=[0.02136, 0.03271] P=5 S=55 arc=0.87 lr=0.35 w_ov=0.2 iou=[0.943, 0.942] acc=2
r26 392s L=0.5553 cov=[0.0105, 0.011] ov=[0.02091, 0.03237] P=5 S=55 arc=0.87 lr=0.18 w_ov=0.206 iou=[0.943, 0.942] acc=1
r27 406s L=0.5498 cov=[0.0105, 0.011] ov=[0.02071, 0.03201] P=5 S=55 arc=0.85 lr=0.35 w_ov=0.212 iou=[0.943, 0.941] acc=3
r28 419s L=0.5536 cov=[0.0106, 0.0113] ov=[0.02056, 0.03251] P=5 S=53 arc=0.83 lr=0.18 w_ov=0.218 iou=[0.942, 0.94] acc=6
r29 433s L=0.5267 cov=[0.0105, 0.0111] ov=[0.01934, 0.03105] P=5 S=53 arc=0.87 lr=0.25 w_ov=0.223 iou=[0.942, 0.941] acc=1
r30 447s L=0.5222 cov=[0.0105, 0.0111] ov=[0.01908, 0.03088] P=5 S=53 arc=0.87 lr=0.25 w_ov=0.23 iou=[0.942, 0.941] acc=4
r31 461s L=0.5196 cov=[0.0106, 0.0117] ov=[0.01914, 0.03048] P=5 S=53 arc=0.87 lr=0.13 w_ov=0.236 iou=[0.942, 0.942] acc=3
r32 473s L=0.5185 cov=[0.0105, 0.011] ov=[0.01903, 0.03056] P=5 S=53 arc=0.85 lr=0.13 w_ov=0.242 iou=[0.943, 0.943] acc=3
r33 487s L=0.5096 cov=[0.0106, 0.011] ov=[0.0185, 0.0302] P=5 S=53 arc=0.87 lr=0.18 w_ov=0.248 iou=[0.942, 0.943] acc=3
r34 500s L=0.5015 cov=[0.0106, 0.0111] ov=[0.01799, 0.0299] P=5 S=53 arc=0.87 lr=0.18 w_ov=0.254 iou=[0.942, 0.942] acc=2
r35 515s L=0.4979 cov=[0.0106, 0.011] ov=[0.0178, 0.02972] P=5 S=53 arc=0.87 lr=0.18 w_ov=0.261 iou=[0.941, 0.943] acc=2
r36 528s L=0.4894 cov=[0.0106, 0.0111] ov=[0.01742, 0.02924] P=5 S=53 arc=0.91 lr=0.18 w_ov=0.268 iou=[0.941, 0.941] acc=0
r37 543s L=0.481 cov=[0.0107, 0.0112] ov=[0.01694, 0.02887] P=5 S=52 arc=0.88 lr=0.25 w_ov=0.276 iou=[0.941, 0.939] acc=4
r38 557s L=0.4773 cov=[0.0107, 0.0116] ov=[0.01693, 0.02847] P=5 S=53 arc=0.85 lr=0.25 w_ov=0.283 iou=[0.942, 0.941] acc=5
r39 572s L=0.4675 cov=[0.0106, 0.0114] ov=[0.01631, 0.02813] P=5 S=53 arc=0.83 lr=0.25 w_ov=0.291 iou=[0.94, 0.939] acc=2
r40 584s L=0.4585 cov=[0.0108, 0.0113] ov=[0.01599, 0.02755] P=5 S=53 arc=0.85 lr=0.13 w_ov=0.3 iou=[0.94, 0.941] acc=2
r41 597s L=0.4541 cov=[0.0108, 0.0113] ov=[0.01582, 0.02728] P=5 S=53 arc=0.85 lr=0.13 w_ov=0.307 iou=[0.939, 0.941] acc=2
r42 610s L=0.4506 cov=[0.0109, 0.0112] ov=[0.01567, 0.02708] P=5 S=52 arc=0.87 lr=0.063 w_ov=0.315 iou=[0.941, 0.939] acc=2
r43 622s L=0.4476 cov=[0.0104, 0.0118] ov=[0.01557, 0.02688] P=5 S=53 arc=0.89 lr=0.25 w_ov=0.322 iou=[0.941, 0.938] acc=1
r44 635s L=0.4392 cov=[0.0104, 0.0118] ov=[0.01515, 0.02645] P=5 S=53 arc=0.87 lr=0.13 w_ov=0.33 iou=[0.941, 0.938] acc=4
r45 648s L=0.4354 cov=[0.0104, 0.0119] ov=[0.01506, 0.02615] P=5 S=52 arc=0.94 lr=0.063 w_ov=0.338 iou=[0.941, 0.937] acc=2
r46 661s L=0.4337 cov=[0.0104, 0.0118] ov=[0.01516, 0.02588] P=5 S=52 arc=0.92 lr=0.25 w_ov=0.346 iou=[0.94, 0.938] acc=2
r47 676s L=0.4309 cov=[0.0105, 0.0118] ov=[0.01506, 0.0257] P=5 S=52 arc=0.92 lr=0.088 w_ov=0.356 iou=[0.94, 0.939] acc=0
r48 689s L=0.4256 cov=[0.0107, 0.0118] ov=[0.01473, 0.02547] P=5 S=51 arc=0.92 lr=0.13 w_ov=0.366 iou=[0.936, 0.937] acc=3
r49 701s L=0.4198 cov=[0.0107, 0.0117] ov=[0.01462, 0.02501] P=5 S=51 arc=0.88 lr=0.25 w_ov=0.375 iou=[0.937, 0.937] acc=4
r50 714s L=0.4134 cov=[0.0108, 0.0118] ov=[0.01439, 0.02459] P=5 S=51 arc=0.88 lr=0.13 w_ov=0.384 iou=[0.936, 0.937] acc=0
r51 727s L=0.4057 cov=[0.0109, 0.0119] ov=[0.01398, 0.02421] P=5 S=51 arc=0.86 lr=0.18 w_ov=0.394 iou=[0.935, 0.936] acc=2
r52 742s L=0.3988 cov=[0.011, 0.012] ov=[0.01363, 0.02385] P=5 S=51 arc=0.88 lr=0.088 w_ov=0.404 iou=[0.934, 0.936] acc=0
r53 755s L=0.3973 cov=[0.011, 0.012] ov=[0.01364, 0.02368] P=5 S=51 arc=0.88 lr=0.18 w_ov=0.415 iou=[0.935, 0.936] acc=1
r54 768s L=0.3953 cov=[0.0111, 0.012] ov=[0.01358, 0.02353] P=5 S=51 arc=0.88 lr=0.13 w_ov=0.425 iou=[0.934, 0.936] acc=1
r55 782s L=0.3937 cov=[0.0111, 0.012] ov=[0.01355, 0.0234] P=5 S=51 arc=0.88 lr=0.063 w_ov=0.437 iou=[0.934, 0.937] acc=1
r56 796s L=0.3926 cov=[0.0112, 0.012] ov=[0.01351, 0.02332] P=5 S=51 arc=0.90 lr=0.002 w_ov=0.449 iou=[0.933, 0.936] acc=2
r57 807s L=0.3925 cov=[0.0112, 0.012] ov=[0.01351, 0.02332] P=5 S=51 arc=0.88 lr=0.0002 w_ov=0.46 iou=[0.933, 0.937] acc=4
r58 819s L=0.3924 cov=[0.0112, 0.012] ov=[0.01351, 0.02332] P=5 S=51 arc=0.86 lr=0.0002 w_ov=0.471 iou=[0.933, 0.937] acc=4
r59 831s L=0.3921 cov=[0.0112, 0.012] ov=[0.0135, 0.02328] P=5 S=51 arc=0.84 lr=0.0002 w_ov=0.481 iou=[0.933, 0.937] acc=2
r60 842s L=0.3921 cov=[0.0112, 0.012] ov=[0.0135, 0.02329] P=5 S=51 arc=0.82 lr=0.0002 w_ov=0.493 iou=[0.933, 0.937] acc=3
r61 855s L=0.3921 cov=[0.0112, 0.012] ov=[0.01349, 0.02329] P=5 S=51 arc=0.88 lr=0.0002 w_ov=0.503 iou=[0.933, 0.937] acc=3
r62 869s L=0.3919 cov=[0.0112, 0.012] ov=[0.01349, 0.02328] P=5 S=51 arc=0.88 lr=0.0002 w_ov=0.516 iou=[0.933, 0.937] acc=2
r63 882s L=0.3918 cov=[0.0112, 0.012] ov=[0.01348, 0.02327] P=5 S=51 arc=0.88 lr=0.0002 w_ov=0.53 iou=[0.933, 0.936] acc=3
r64 896s L=0.3916 cov=[0.0112, 0.012] ov=[0.01347, 0.02326] P=5 S=51 arc=0.92 lr=0.0002 w_ov=0.543 iou=[0.933, 0.936] acc=1
r65 910s L=0.3914 cov=[0.0112, 0.012] ov=[0.01346, 0.02325] P=5 S=51 arc=0.88 lr=0.0002 w_ov=0.558 iou=[0.932, 0.936] acc=4
r66 925s L=0.3887 cov=[0.0114, 0.0121] ov=[0.01345, 0.02297] P=5 S=51 arc=0.88 lr=0.0002 w_ov=0.573 iou=[0.932, 0.936] acc=3
r67 938s L=0.3885 cov=[0.0114, 0.0121] ov=[0.01344, 0.02296] P=5 S=51 arc=0.90 lr=0.0002 w_ov=0.59 iou=[0.932, 0.936] acc=2
r68 952s L=0.3882 cov=[0.0114, 0.0121] ov=[0.01343, 0.02295] P=5 S=51 arc=0.88 lr=0.0002 w_ov=0.605 iou=[0.932, 0.936] acc=2
r69 965s L=0.388 cov=[0.0114, 0.0121] ov=[0.01342, 0.02294] P=5 S=51 arc=0.88 lr=0.0002 w_ov=0.622 iou=[0.932, 0.936] acc=2
r70 978s L=0.3877 cov=[0.0114, 0.0121] ov=[0.0134, 0.02292] P=5 S=51 arc=0.90 lr=0.0002 w_ov=0.637 iou=[0.932, 0.936] acc=1
r71 992s L=0.3874 cov=[0.0114, 0.0121] ov=[0.01338, 0.0229] P=5 S=51 arc=0.84 lr=0.0002 w_ov=0.654 iou=[0.927, 0.933] acc=5
r72 1005s L=0.3659 cov=[0.0122, 0.0127] ov=[0.01238, 0.0216] P=5 S=51 arc=0.86 lr=0.0002 w_ov=0.671 iou=[0.927, 0.933] acc=3
r73 1020s L=0.3658 cov=[0.0122, 0.0127] ov=[0.01237, 0.02161] P=5 S=51 arc=0.80 lr=0.0002 w_ov=0.688 iou=[0.927, 0.933] acc=6
r74 1033s L=0.3645 cov=[0.0123, 0.0127] ov=[0.01237, 0.02148] P=5 S=51 arc=0.76 lr=0.0002 w_ov=0.708 iou=[0.927, 0.933] acc=4
r75 1047s L=0.3643 cov=[0.0123, 0.0128] ov=[0.01235, 0.02147] P=5 S=51 arc=0.73 lr=0.0002 w_ov=0.726 iou=[0.926, 0.933] acc=8
r76 1062s L=0.3616 cov=[0.0126, 0.0127] ov=[0.01234, 0.02119] P=5 S=51 arc=0.80 lr=0.0002 w_ov=0.746 iou=[0.926, 0.933] acc=3
r77 1075s L=0.3614 cov=[0.0126, 0.0127] ov=[0.01233, 0.02118] P=5 S=51 arc=0.82 lr=0.0002 w_ov=0.767 iou=[0.927, 0.933] acc=3
r78 1088s L=0.3611 cov=[0.0126, 0.0127] ov=[0.01232, 0.02117] P=5 S=50 arc=0.78 lr=0.00028 w_ov=0.788 iou=[0.927, 0.932] acc=7
r79 1099s L=0.3596 cov=[0.0125, 0.0129] ov=[0.01208, 0.02124] P=5 S=50 arc=0.80 lr=0.0002 w_ov=0.807 iou=[0.926, 0.932] acc=4
r80 1113s L=0.3578 cov=[0.0126, 0.0129] ov=[0.01206, 0.02107] P=5 S=50 arc=0.80 lr=0.0002 w_ov=0.824 iou=[0.926, 0.932] acc=5
r81 1126s L=0.3576 cov=[0.0126, 0.0129] ov=[0.01204, 0.02107] P=5 S=50 arc=0.80 lr=0.0002 w_ov=0.846 iou=[0.926, 0.932] acc=3
r82 1139s L=0.3573 cov=[0.0126, 0.013] ov=[0.01203, 0.02105] P=5 S=50 arc=0.78 lr=0.0002 w_ov=0.868 iou=[0.926, 0.932] acc=3
r83 1153s L=0.357 cov=[0.0126, 0.013] ov=[0.01201, 0.02103] P=5 S=49 arc=0.82 lr=0.00028 w_ov=0.89 iou=[0.925, 0.932] acc=4
r84 1167s L=0.3532 cov=[0.013, 0.013] ov=[0.012, 0.02063] P=5 S=49 arc=0.84 lr=0.0002 w_ov=0.914 iou=[0.926, 0.932] acc=3
r85 1180s L=0.3526 cov=[0.013, 0.013] ov=[0.01197, 0.0206] P=5 S=49 arc=0.86 lr=0.00028 w_ov=0.938 iou=[0.926, 0.932] acc=5
r86 1193s L=0.3521 cov=[0.013, 0.013] ov=[0.01194, 0.02056] P=5 S=49 arc=0.92 lr=0.0002 w_ov=0.963 iou=[0.925, 0.931] acc=3
r87 1208s L=0.3518 cov=[0.013, 0.013] ov=[0.01192, 0.02055] P=5 S=49 arc=0.90 lr=0.00028 w_ov=0.987 iou=[0.925, 0.931] acc=2
r88 1222s L=0.3511 cov=[0.013, 0.013] ov=[0.01187, 0.02053] P=5 S=49 arc=0.88 lr=0.0002 w_ov=1.02 iou=[0.925, 0.931] acc=1
r89 1235s L=0.3505 cov=[0.013, 0.0131] ov=[0.01185, 0.02049] P=5 S=49 arc=0.88 lr=0.00028 w_ov=1.04 iou=[0.925, 0.931] acc=0
r90 1248s L=0.3498 cov=[0.0131, 0.0131] ov=[0.01181, 0.02046] P=5 S=49 arc=0.84 lr=0.0002 w_ov=1.07 iou=[0.924, 0.931] acc=3
r91 1262s L=0.349 cov=[0.0131, 0.0131] ov=[0.01177, 0.02041] P=5 S=48 arc=0.83 lr=0.0002 w_ov=1.1 iou=[0.923, 0.93] acc=4
r92 1276s L=0.3445 cov=[0.0135, 0.0133] ov=[0.01174, 0.01994] P=5 S=48 arc=0.83 lr=0.00028 w_ov=1.13 iou=[0.923, 0.93] acc=1
r93 1288s L=0.3412 cov=[0.0136, 0.0134] ov=[0.01156, 0.01977] P=5 S=48 arc=0.81 lr=0.0045 w_ov=1.16 iou=[0.922, 0.929] acc=4
r94 1301s L=0.3136 cov=[0.015, 0.0142] ov=[0.01041, 0.01793] P=5 S=48 arc=0.88 lr=0.072 w_ov=1.18 iou=[0.915, 0.927] acc=0
r95 1314s L=0.2571 cov=[0.0191, 0.0167] ov=[0.00887, 0.01317] P=5 S=51 arc=0.76 lr=0.29 w_ov=1.22 iou=[0.896, 0.914] acc=14
r96 1326s L=0.2462 cov=[0.0214, 0.0169] ov=[0.00773, 0.01296] P=5 S=58 arc=0.71 lr=0.29 w_ov=1.25 iou=[0.888, 0.916] acc=13
r97 1338s L=0.1951 cov=[0.0227, 0.0183] ov=[0.00635, 0.00896] P=5 S=64 arc=0.67 lr=0.29 w_ov=1.27 iou=[0.885, 0.909] acc=12
r98 1350s L=0.1727 cov=[0.0225, 0.0175] ov=[0.00549, 0.00766] P=5 S=57 arc=0.65 lr=0.1 w_ov=1.3 iou=[0.874, 0.914] acc=5
r99 1361s L=0.1495 cov=[0.0251, 0.0174] ov=[0.00496, 0.00563] P=5 S=55 arc=0.65 lr=0.1 w_ov=1.33 iou=[0.877, 0.911] acc=6
r100 1373s L=0.133 cov=[0.025, 0.018] ov=[0.00402, 0.00487] P=5 S=56 arc=0.70 lr=0.1 w_ov=1.36 iou=[0.879, 0.909] acc=7
r101 1386s L=0.1178 cov=[0.0252, 0.0178] ov=[0.00322, 0.00415] P=5 S=57 arc=0.75 lr=0.1 w_ov=1.39 iou=[0.877, 0.91] acc=8
r102 1398s L=0.104 cov=[0.0252, 0.0177] ov=[0.00269, 0.00331] P=5 S=57 arc=0.84 lr=0.1 w_ov=1.43 iou=[0.876, 0.912] acc=1
r103 1409s L=0.09322 cov=[0.0249, 0.0175] ov=[0.00236, 0.00261] P=5 S=56 arc=0.86 lr=0.1 w_ov=1.46 iou=[0.878, 0.912] acc=1
r104 1421s L=0.08734 cov=[0.0245, 0.0172] ov=[0.00217, 0.00228] P=5 S=56 arc=0.86 lr=0.14 w_ov=1.49 iou=[0.881, 0.913] acc=3
r105 1431s L=0.08282 cov=[0.0243, 0.0174] ov=[0.00174, 0.00227] P=5 S=56 arc=0.91 lr=0.072 w_ov=1.53 iou=[0.88, 0.912] acc=0
r106 1442s L=0.07421 cov=[0.0238, 0.017] ov=[0.00146, 0.00178] P=5 S=56 arc=0.91 lr=0.1 w_ov=1.56 iou=[0.885, 0.915] acc=1
r107 1453s L=0.07016 cov=[0.0236, 0.0166] ov=[0.0013, 0.0016] P=5 S=56 arc=0.89 lr=0.072 w_ov=1.59 iou=[0.884, 0.917] acc=2
r108 1463s L=0.06761 cov=[0.0236, 0.0164] ov=[0.00116, 0.00149] P=5 S=56 arc=0.89 lr=0.072 w_ov=1.62 iou=[0.886, 0.916] acc=1
r109 1475s L=0.06555 cov=[0.0236, 0.0162] ov=[0.00103, 0.00145] P=5 S=56 arc=0.91 lr=0.1 w_ov=1.66 iou=[0.884, 0.919] acc=0
r110 1486s L=0.06047 cov=[0.0234, 0.0161] ov=[0.00082, 0.00117] P=5 S=56 arc=0.88 lr=0.036 w_ov=1.69 iou=[0.886, 0.92] acc=3
r111 1495s L=0.05827 cov=[0.0234, 0.0159] ov=[0.00073, 0.00107] P=5 S=56 arc=0.89 lr=0.051 w_ov=1.73 iou=[0.887, 0.919] acc=2
r112 1506s L=0.05778 cov=[0.0234, 0.0159] ov=[0.00072, 0.00103] P=5 S=56 arc=0.93 lr=0.026 w_ov=1.76 iou=[0.887, 0.919] acc=1
r113 1516s L=0.05645 cov=[0.0234, 0.0157] ov=[0.00066, 0.00097] P=5 S=56 arc=0.93 lr=0.036 w_ov=1.8 iou=[0.886, 0.92] acc=2
r114 1526s L=0.05587 cov=[0.0234, 0.0156] ov=[0.00064, 0.00094] P=5 S=56 arc=0.95 lr=0.018 w_ov=1.83 iou=[0.886, 0.921] acc=2
r115 1537s L=0.05516 cov=[0.0234, 0.0156] ov=[0.00062, 0.00089] P=5 S=56 arc=0.96 lr=0.026 w_ov=1.87 iou=[0.886, 0.921] acc=1
r116 1547s L=0.05444 cov=[0.0234, 0.0155] ov=[0.0006, 0.00084] P=5 S=56 arc=0.96 lr=0.013 w_ov=1.91 iou=[0.885, 0.921] acc=1
r117 1556s L=0.0539 cov=[0.0235, 0.0155] ov=[0.00057, 0.00081] P=5 S=56 arc=0.98 lr=0.026 w_ov=1.95 iou=[0.886, 0.922] acc=0
r118 1567s L=0.05309 cov=[0.0234, 0.0155] ov=[0.00054, 0.00078] P=5 S=56 arc=0.98 lr=0.026 w_ov=1.98 iou=[0.885, 0.921] acc=0
r119 1577s L=0.05245 cov=[0.0234, 0.0154] ov=[0.0005, 0.00075] P=5 S=56 arc=0.98 lr=0.013 w_ov=2.02 iou=[0.886, 0.921] acc=0
r120 1587s L=0.05197 cov=[0.0233, 0.0154] ov=[0.0005, 0.00072] P=5 S=56 arc=0.98 lr=0.036 w_ov=2.06 iou=[0.886, 0.922] acc=0
r121 1597s L=0.0511 cov=[0.0233, 0.0153] ov=[0.00047, 0.00067] P=5 S=56 arc=0.98 lr=0.018 w_ov=2.1 iou=[0.886, 0.922] acc=0
r122 1607s L=0.05044 cov=[0.0232, 0.0152] ov=[0.00044, 0.00066] P=5 S=56 arc=0.98 lr=0.026 w_ov=2.14 iou=[0.886, 0.922] acc=0
r123 1616s L=0.04987 cov=[0.0232, 0.0152] ov=[0.00041, 0.00063] P=5 S=56 arc=0.98 lr=0.036 w_ov=2.18 iou=[0.887, 0.922] acc=0
r124 1626s L=0.0493 cov=[0.0232, 0.0152] ov=[0.00038, 0.00061] P=5 S=55 arc=0.98 lr=0.036 w_ov=2.22 iou=[0.885, 0.922] acc=1
r125 1637s L=0.04822 cov=[0.0231, 0.0151] ov=[0.00036, 0.00054] P=5 S=55 arc=0.96 lr=0.018 w_ov=2.27 iou=[0.886, 0.923] acc=1
r126 1646s L=0.04776 cov=[0.0231, 0.015] ov=[0.00033, 0.00053] P=5 S=55 arc=0.96 lr=0.026 w_ov=2.31 iou=[0.886, 0.923] acc=0
r127 1657s L=0.04729 cov=[0.0231, 0.0149] ov=[0.00032, 0.0005] P=5 S=55 arc=0.96 lr=0.0091 w_ov=2.36 iou=[0.886, 0.924] acc=1
r128 1666s L=0.04716 cov=[0.0231, 0.0149] ov=[0.00032, 0.00049] P=5 S=55 arc=0.98 lr=0.018 w_ov=2.4 iou=[0.887, 0.924] acc=0
r129 1676s L=0.04686 cov=[0.0231, 0.0149] ov=[0.00031, 0.00048] P=5 S=55 arc=0.98 lr=0.0091 w_ov=2.45 iou=[0.887, 0.924] acc=1
r130 1686s L=0.04667 cov=[0.0231, 0.0148] ov=[0.0003, 0.00047] P=5 S=55 arc=1.00 lr=0.013 w_ov=2.5 iou=[0.887, 0.924] acc=0
r131 1696s L=0.04648 cov=[0.0231, 0.0148] ov=[0.00029, 0.00046] P=5 S=55 arc=0.98 lr=0.0064 w_ov=2.54 iou=[0.887, 0.925] acc=1
r132 1706s L=0.04637 cov=[0.0231, 0.0148] ov=[0.00028, 0.00046] P=5 S=55 arc=0.98 lr=0.013 w_ov=2.59 iou=[0.887, 0.925] acc=0
r133 1717s L=0.04607 cov=[0.0231, 0.0148] ov=[0.00027, 0.00044] P=5 S=55 arc=0.98 lr=0.013 w_ov=2.64 iou=[0.887, 0.925] acc=1
r134 1727s L=0.04579 cov=[0.0231, 0.0148] ov=[0.00026, 0.00043] P=5 S=55 arc=1.00 lr=0.0064 w_ov=2.7 iou=[0.887, 0.925] acc=0
r135 1737s L=0.04556 cov=[0.0231, 0.0148] ov=[0.00025, 0.00041] P=5 S=55 arc=1.00 lr=0.013 w_ov=2.75 iou=[0.887, 0.925] acc=0
r136 1747s L=0.04539 cov=[0.0231, 0.0148] ov=[0.00024, 0.0004] P=5 S=55 arc=1.00 lr=0.0064 w_ov=2.8 iou=[0.887, 0.925] acc=0
r137 1757s L=0.04529 cov=[0.0231, 0.0148] ov=[0.00024, 0.0004] P=5 S=55 arc=1.00 lr=0.0045 w_ov=2.86 iou=[0.887, 0.925] acc=0
r138 1767s L=0.04523 cov=[0.0231, 0.0148] ov=[0.00024, 0.00039] P=5 S=55 arc=1.00 lr=0.0004 w_ov=2.91 iou=[0.887, 0.925] acc=0
r139 1777s L=0.04522 cov=[0.0231, 0.0148] ov=[0.00024, 0.00039] P=5 S=55 arc=1.00 lr=0.0002 w_ov=2.97 iou=[0.887, 0.925] acc=0
r140 1786s L=0.04522 cov=[0.0231, 0.0148] ov=[0.00024, 0.00039] P=5 S=55 arc=1.00 lr=0.0002 w_ov=3.02 iou=[0.887, 0.925] acc=0
r141 1797s L=0.04521 cov=[0.0231, 0.0148] ov=[0.00024, 0.00039] P=5 S=55 arc=1.00 lr=0.0002 w_ov=3.08 iou=[0.887, 0.925] acc=0
r142 1807s L=0.0452 cov=[0.0231, 0.0148] ov=[0.00024, 0.00039] P=5 S=55 arc=1.00 lr=0.0002 w_ov=3.14 iou=[0.887, 0.925] acc=0
r143 1816s L=0.0452 cov=[0.0231, 0.0148] ov=[0.00024, 0.00039] P=5 S=55 arc=1.00 lr=0.0002 w_ov=3.2 iou=[0.887, 0.925] acc=0
r144 1826s L=0.04519 cov=[0.0231, 0.0148] ov=[0.00024, 0.00039] P=5 S=55 arc=1.00 lr=0.0002 w_ov=3.26 iou=[0.887, 0.925] acc=0
r145 1836s L=0.04518 cov=[0.0231, 0.0148] ov=[0.00023, 0.00039] P=5 S=55 arc=1.00 lr=0.0002 w_ov=3.32 iou=[0.887, 0.925] acc=0
r146 1847s L=0.04517 cov=[0.0231, 0.0148] ov=[0.00023, 0.00039] P=5 S=55 arc=1.00 lr=0.0002 w_ov=3.39 iou=[0.887, 0.925] acc=0
r147 1857s L=0.04516 cov=[0.0231, 0.0148] ov=[0.00023, 0.00039] P=5 S=55 arc=1.00 lr=0.0002 w_ov=3.46 iou=[0.887, 0.925] acc=0
r148 1868s L=0.04514 cov=[0.0231, 0.0148] ov=[0.00023, 0.00039] P=5 S=55 arc=1.00 lr=0.0002 w_ov=3.53 iou=[0.887, 0.925] acc=0
r149 1877s L=0.04513 cov=[0.0231, 0.0148] ov=[0.00023, 0.00039] P=5 S=55 arc=1.00 lr=0.0002 w_ov=3.6 iou=[0.887, 0.925] acc=0
r150 1887s L=0.04511 cov=[0.0231, 0.0148] ov=[0.00023, 0.00039] P=5 S=55 arc=1.00 lr=0.0002 w_ov=3.67 iou=[0.887, 0.925] acc=0
r151 1898s L=0.0451 cov=[0.0231, 0.0148] ov=[0.00023, 0.00039] P=5 S=55 arc=1.00 lr=0.0002 w_ov=3.74 iou=[0.887, 0.925] acc=0
r152 1908s L=0.04508 cov=[0.0231, 0.0148] ov=[0.00023, 0.00038] P=5 S=55 arc=1.00 lr=0.0002 w_ov=3.82 iou=[0.887, 0.925] acc=0
r153 1917s L=0.04506 cov=[0.0231, 0.0148] ov=[0.00023, 0.00038] P=5 S=55 arc=1.00 lr=0.0002 w_ov=3.89 iou=[0.887, 0.925] acc=0
r154 1926s L=0.04504 cov=[0.0231, 0.0148] ov=[0.00023, 0.00038] P=5 S=55 arc=1.00 lr=0.0002 w_ov=3.96 iou=[0.887, 0.925] acc=0
r155 1936s L=0.04502 cov=[0.0231, 0.0148] ov=[0.00022, 0.00038] P=5 S=55 arc=1.00 lr=0.0002 w_ov=4.03 iou=[0.887, 0.925] acc=0
r156 1945s L=0.045 cov=[0.0231, 0.0148] ov=[0.00022, 0.00038] P=5 S=55 arc=1.00 lr=0.0002 w_ov=4.1 iou=[0.887, 0.925] acc=0
r157 1955s L=0.04498 cov=[0.0231, 0.0148] ov=[0.00022, 0.00038] P=5 S=55 arc=1.00 lr=0.00028 w_ov=4.18 iou=[0.887, 0.925] acc=0
r158 1965s L=0.04495 cov=[0.0231, 0.0148] ov=[0.00022, 0.00038] P=5 S=55 arc=1.00 lr=0.0002 w_ov=4.26 iou=[0.887, 0.925] acc=0
r159 1976s L=0.04493 cov=[0.0231, 0.0148] ov=[0.00022, 0.00038] P=5 S=55 arc=1.00 lr=0.00028 w_ov=4.34 iou=[0.887, 0.925] acc=0
r160 1986s L=0.04491 cov=[0.0231, 0.0148] ov=[0.00022, 0.00037] P=5 S=55 arc=1.00 lr=0.0002 w_ov=4.43 iou=[0.887, 0.925] acc=0
r161 1996s L=0.04488 cov=[0.0231, 0.0148] ov=[0.00022, 0.00037] P=5 S=55 arc=1.00 lr=0.0002 w_ov=4.52 iou=[0.887, 0.925] acc=0
r162 2006s L=0.04485 cov=[0.0232, 0.0148] ov=[0.00021, 0.00037] P=5 S=55 arc=1.00 lr=0.0002 w_ov=4.61 iou=[0.887, 0.925] acc=0
r163 2016s L=0.04483 cov=[0.0232, 0.0148] ov=[0.00021, 0.00037] P=5 S=55 arc=1.00 lr=0.0002 w_ov=4.7 iou=[0.887, 0.925] acc=0
r164 2026s L=0.0448 cov=[0.0232, 0.0148] ov=[0.00021, 0.00037] P=5 S=55 arc=1.00 lr=0.0002 w_ov=4.79 iou=[0.887, 0.925] acc=0
r165 2036s L=0.04476 cov=[0.0232, 0.0148] ov=[0.00021, 0.00036] P=5 S=55 arc=1.00 lr=0.0002 w_ov=4.88 iou=[0.887, 0.925] acc=0
r166 2046s L=0.04473 cov=[0.0232, 0.0148] ov=[0.00021, 0.00036] P=5 S=55 arc=1.00 lr=0.0002 w_ov=4.97 iou=[0.887, 0.925] acc=0
r167 2056s L=0.0447 cov=[0.0232, 0.0149] ov=[0.0002, 0.00036] P=5 S=55 arc=1.00 lr=0.00028 w_ov=5.07 iou=[0.887, 0.925] acc=0
r168 2065s L=0.04465 cov=[0.0232, 0.0149] ov=[0.0002, 0.00035] P=5 S=55 arc=1.00 lr=0.0002 w_ov=5.17 iou=[0.887, 0.925] acc=0
r169 2076s L=0.04461 cov=[0.0232, 0.0149] ov=[0.0002, 0.00035] P=5 S=55 arc=1.00 lr=0.0002 w_ov=5.26 iou=[0.886, 0.925] acc=0
r170 2085s L=0.04458 cov=[0.0232, 0.0149] ov=[0.00019, 0.00035] P=5 S=55 arc=1.00 lr=0.0002 w_ov=5.37 iou=[0.886, 0.925] acc=0
r171 2095s L=0.04454 cov=[0.0232, 0.0149] ov=[0.00019, 0.00035] P=5 S=55 arc=1.00 lr=0.0002 w_ov=5.47 iou=[0.886, 0.925] acc=0
r172 2105s L=0.0445 cov=[0.0232, 0.0149] ov=[0.00019, 0.00034] P=5 S=55 arc=1.00 lr=0.0002 w_ov=5.57 iou=[0.886, 0.924] acc=0
r173 2114s L=0.04446 cov=[0.0232, 0.0149] ov=[0.00018, 0.00034] P=5 S=55 arc=1.00 lr=0.0002 w_ov=5.67 iou=[0.886, 0.924] acc=0
r174 2124s L=0.04442 cov=[0.0232, 0.0149] ov=[0.00018, 0.00034] P=5 S=55 arc=1.00 lr=0.00028 w_ov=5.78 iou=[0.886, 0.924] acc=0
r175 2134s L=0.04438 cov=[0.0233, 0.0149] ov=[0.00018, 0.00034] P=5 S=55 arc=1.00 lr=0.00028 w_ov=5.89 iou=[0.886, 0.924] acc=0
r176 2144s L=0.04435 cov=[0.0233, 0.0149] ov=[0.00017, 0.00034] P=5 S=55 arc=1.00 lr=0.0002 w_ov=6.01 iou=[0.886, 0.924] acc=0
r177 2153s L=0.04432 cov=[0.0233, 0.0149] ov=[0.00017, 0.00033] P=5 S=55 arc=1.00 lr=0.0002 w_ov=6.12 iou=[0.886, 0.924] acc=0
r178 2164s L=0.04428 cov=[0.0233, 0.015] ov=[0.00017, 0.00033] P=5 S=55 arc=1.00 lr=0.0002 w_ov=6.23 iou=[0.886, 0.924] acc=0
r179 2174s L=0.04425 cov=[0.0233, 0.015] ov=[0.00017, 0.00033] P=5 S=55 arc=1.00 lr=0.0002 w_ov=6.36 iou=[0.886, 0.924] acc=0
r180 2184s L=0.04422 cov=[0.0233, 0.015] ov=[0.00016, 0.00033] P=5 S=55 arc=1.00 lr=0.00028 w_ov=6.48 iou=[0.886, 0.924] acc=0
r181 2194s L=0.04406 cov=[0.0233, 0.015] ov=[0.00015, 0.00032] P=5 S=55 arc=1.00 lr=0.0045 w_ov=6.61 iou=[0.885, 0.923] acc=0
r182 2205s L=0.04347 cov=[0.0236, 0.0152] ov=[0.0001, 0.00027] P=5 S=55 arc=1.00 lr=0.0032 w_ov=6.74 iou=[0.883, 0.923] acc=0
r183 2214s L=0.04307 cov=[0.0238, 0.0153] ov=[8e-05, 0.00021] P=5 S=55 arc=1.00 lr=0.013 w_ov=6.87 iou=[0.883, 0.922] acc=0
r184 2224s L=0.04257 cov=[0.0236, 0.0153] ov=[8e-05, 0.00018] P=5 S=55 arc=0.98 lr=0.0091 w_ov=7 iou=[0.883, 0.923] acc=1
r185 2235s L=0.04238 cov=[0.0236, 0.0152] ov=[8e-05, 0.00018] P=5 S=55 arc=0.98 lr=0.0064 w_ov=7.14 iou=[0.883, 0.924] acc=0
r186 2244s L=0.04231 cov=[0.0236, 0.0152] ov=[7e-05, 0.00018] P=5 S=55 arc=0.98 lr=0.0045 w_ov=7.28 iou=[0.884, 0.924] acc=1
r187 2254s L=0.04226 cov=[0.0236, 0.0152] ov=[7e-05, 0.00017] P=5 S=55 arc=1.00 lr=0.0011 w_ov=7.41 iou=[0.884, 0.923] acc=0
r188 2263s L=0.04224 cov=[0.0236, 0.0152] ov=[7e-05, 0.00017] P=5 S=55 arc=1.00 lr=0.00028 w_ov=7.55 iou=[0.884, 0.923] acc=0
r189 2273s L=0.04223 cov=[0.0236, 0.0152] ov=[7e-05, 0.00017] P=5 S=55 arc=1.00 lr=0.0002 w_ov=7.69 iou=[0.884, 0.923] acc=0
r190 2283s L=0.04223 cov=[0.0236, 0.0152] ov=[7e-05, 0.00017] P=5 S=55 arc=1.00 lr=0.0002 w_ov=7.84 iou=[0.884, 0.923] acc=0
r191 2292s L=0.04222 cov=[0.0236, 0.0152] ov=[7e-05, 0.00017] P=5 S=55 arc=1.00 lr=0.0002 w_ov=7.98 iou=[0.884, 0.923] acc=0
r192 2302s L=0.04222 cov=[0.0236, 0.0152] ov=[7e-05, 0.00017] P=5 S=55 arc=1.00 lr=0.0002 w_ov=8.13 iou=[0.884, 0.923] acc=0
r193 2312s L=0.04222 cov=[0.0236, 0.0152] ov=[7e-05, 0.00017] P=5 S=55 arc=1.00 lr=0.0002 w_ov=8.29 iou=[0.884, 0.923] acc=0
r194 2321s L=0.04221 cov=[0.0236, 0.0152] ov=[7e-05, 0.00017] P=5 S=55 arc=1.00 lr=0.0002 w_ov=8.44 iou=[0.883, 0.923] acc=0
r195 2331s L=0.04221 cov=[0.0236, 0.0152] ov=[7e-05, 0.00017] P=5 S=55 arc=1.00 lr=0.0002 w_ov=8.6 iou=[0.883, 0.923] acc=0
r196 2341s L=0.0422 cov=[0.0236, 0.0152] ov=[7e-05, 0.00017] P=5 S=55 arc=1.00 lr=0.0002 w_ov=8.76 iou=[0.883, 0.923] acc=0
r197 2351s L=0.0422 cov=[0.0236, 0.0152] ov=[7e-05, 0.00017] P=5 S=55 arc=1.00 lr=0.0002 w_ov=8.92 iou=[0.883, 0.923] acc=0
r198 2361s L=0.04219 cov=[0.0236, 0.0152] ov=[7e-05, 0.00017] P=5 S=55 arc=1.00 lr=0.00028 w_ov=9.1 iou=[0.883, 0.923] acc=0
r199 2370s L=0.04218 cov=[0.0236, 0.0152] ov=[7e-05, 0.00017] P=5 S=55 arc=1.00 lr=0.0002 w_ov=9.27 iou=[0.883, 0.923] acc=0
r200 2380s L=0.04218 cov=[0.0236, 0.0152] ov=[7e-05, 0.00017] P=5 S=55 arc=1.00 lr=0.00028 w_ov=9.45 iou=[0.883, 0.923] acc=0
r201 2390s L=0.04217 cov=[0.0236, 0.0152] ov=[7e-05, 0.00017] P=5 S=55 arc=1.00 lr=0.0002 w_ov=9.63 iou=[0.883, 0.923] acc=0
r202 2400s L=0.04217 cov=[0.0236, 0.0152] ov=[7e-05, 0.00017] P=5 S=55 arc=1.00 lr=0.0002 w_ov=9.81 iou=[0.883, 0.923] acc=0
{
 "SwapPoses": {
  "proposed": 1283,
  "accepted": 1,
  "scope": "per-target",
  "rate": 0.000779423226812159
 },
 "Split": {
  "proposed": 4697,
  "accepted": 36,
  "scope": "shared",
  "rate": 0.0076644666808601235
 },
 "Merge": {
  "proposed": 1320,
  "accepted": 54,
  "scope": "shared",
  "rate": 0.04090909090909091
 },
 "Rotate": {
  "proposed": 2116,
  "accepted": 3,
  "scope": "per-target",
  "rate": 0.0014177693761814746
 },
 "ToArc": {
  "proposed": 453,
  "accepted": 205,
  "scope": "shared",
  "rate": 0.45253863134657835
 },
 "MergeClose": {
  "proposed": 11,
  "accepted": 8,
  "scope": "shared",
  "rate": 0.7272727272727273
 },
 "forced:RemoveSmallPart": {
  "proposed": 0,
  "accepted": 4,
  "scope": "shared",
  "rate": 4.0
 },
 "ToLine": {
  "proposed": 3112,
  "accepted": 147,
  "scope": "shared",
  "rate": 0.04723650385604113
 }
}
EVAL avg_chamfer=8.999 avg_hausdorff=29.196 pieces=5->5 loss=0.042166
