r0 16s L=1.078 cov=[0.0135, 0.0456] ov=[0.04235, 0.05937] P=5 S=90 arc=0.00 lr=0.35 w_ov=0.1 iou=[0.926, 0.822] acc=16
r1 30s L=1.157 cov=[0.01, 0.0375] ov=[0.04954, 0.06122] P=5 S=82 arc=0.07 lr=0.35 w_ov=0.103 iou=[0.942, 0.844] acc=18
r2 44s L=1.226 cov=[0.0101, 0.0321] ov=[0.05531, 0.06292] P=5 S=82 arc=0.16 lr=0.25 w_ov=0.106 iou=[0.942, 0.863] acc=20
r3 57s L=1.296 cov=[0.0108, 0.0249] ov=[0.06391, 0.06194] P=5 S=79 arc=0.34 lr=0.25 w_ov=0.109 iou=[0.932, 0.89] acc=15
r4 72s L=1.272 cov=[0.0098, 0.0218] ov=[0.06327, 0.06063] P=5 S=75 arc=0.51 lr=0.25 w_ov=0.112 iou=[0.94, 0.9] acc=12
r5 88s L=1.192 cov=[0.0099, 0.018] ov=[0.06127, 0.055] P=5 S=71 arc=0.58 lr=0.25 w_ov=0.115 iou=[0.942, 0.914] acc=9
r6 102s L=1.125 cov=[0.0098, 0.016] ov=[0.05902, 0.05074] P=5 S=69 arc=0.62 lr=0.25 w_ov=0.118 iou=[0.943, 0.923] acc=6
r7 116s L=1.073 cov=[0.0101, 0.0144] ov=[0.05654, 0.04818] P=5 S=68 arc=0.66 lr=0.25 w_ov=0.122 iou=[0.945, 0.928] acc=8
r8 129s L=1.025 cov=[0.0096, 0.0141] ov=[0.05477, 0.04525] P=5 S=65 arc=0.68 lr=0.25 w_ov=0.125 iou=[0.945, 0.928] acc=12
r9 143s L=0.9624 cov=[0.0096, 0.0135] ov=[0.0514, 0.04241] P=5 S=65 arc=0.71 lr=0.35 w_ov=0.128 iou=[0.944, 0.932] acc=5
r10 155s L=0.8847 cov=[0.0099, 0.0127] ov=[0.04779, 0.03831] P=5 S=65 arc=0.72 lr=0.13 w_ov=0.131 iou=[0.944, 0.935] acc=6
r11 168s L=0.844 cov=[0.0106, 0.0126] ov=[0.04587, 0.0361] P=5 S=64 arc=0.77 lr=0.18 w_ov=0.135 iou=[0.938, 0.936] acc=4
r12 182s L=0.7909 cov=[0.0096, 0.0121] ov=[0.0427, 0.0341] P=5 S=65 arc=0.77 lr=0.18 w_ov=0.138 iou=[0.944, 0.937] acc=7
r13 195s L=0.7309 cov=[0.0091, 0.0111] ov=[0.03981, 0.03115] P=5 S=63 arc=0.76 lr=0.25 w_ov=0.142 iou=[0.943, 0.94] acc=10
r14 208s L=0.6586 cov=[0.0089, 0.01] ov=[0.03529, 0.02857] P=5 S=59 arc=0.90 lr=0.25 w_ov=0.145 iou=[0.945, 0.945] acc=4
r15 222s L=0.634 cov=[0.0089, 0.0092] ov=[0.03411, 0.02736] P=5 S=59 arc=0.90 lr=0.13 w_ov=0.149 iou=[0.946, 0.949] acc=2
r16 234s L=0.6164 cov=[0.0107, 0.0089] ov=[0.03187, 0.0277] P=5 S=57 arc=0.84 lr=0.35 w_ov=0.153 iou=[0.936, 0.949] acc=9
r17 245s L=0.6044 cov=[0.0091, 0.0079] ov=[0.03219, 0.02642] P=5 S=52 arc=0.85 lr=0.35 w_ov=0.157 iou=[0.914, 0.921] acc=4
r18 253s L=0.5939 cov=[0.0132, 0.0094] ov=[0.03291, 0.02412] P=5 S=54 arc=0.78 lr=0.35 w_ov=0.16 iou=[0.932, 0.944] acc=6
r19 263s L=0.5707 cov=[0.0124, 0.0094] ov=[0.03166, 0.02313] P=5 S=55 arc=0.78 lr=0.35 w_ov=0.163 iou=[0.93, 0.948] acc=7
r20 273s L=0.5456 cov=[0.0124, 0.0091] ov=[0.02949, 0.02281] P=5 S=57 arc=0.81 lr=0.35 w_ov=0.166 iou=[0.932, 0.948] acc=7
r21 283s L=0.5304 cov=[0.0116, 0.0089] ov=[0.02928, 0.02159] P=5 S=56 arc=0.84 lr=0.18 w_ov=0.169 iou=[0.936, 0.951] acc=2
r22 294s L=0.518 cov=[0.0116, 0.0088] ov=[0.02849, 0.02117] P=5 S=56 arc=0.80 lr=0.35 w_ov=0.172 iou=[0.938, 0.951] acc=6
r23 304s L=0.5019 cov=[0.0112, 0.0089] ov=[0.02717, 0.0209] P=5 S=53 arc=0.87 lr=0.18 w_ov=0.176 iou=[0.938, 0.951] acc=3
r24 313s L=0.492 cov=[0.0111, 0.0089] ov=[0.02645, 0.02065] P=5 S=52 arc=0.88 lr=0.25 w_ov=0.179 iou=[0.938, 0.95] acc=2
r25 324s L=0.4888 cov=[0.0111, 0.009] ov=[0.02588, 0.02089] P=5 S=52 arc=0.85 lr=0.35 w_ov=0.182 iou=[0.936, 0.949] acc=6
r26 333s L=0.4812 cov=[0.0112, 0.0087] ov=[0.02569, 0.02033] P=5 S=51 arc=0.84 lr=0.13 w_ov=0.186 iou=[0.936, 0.952] acc=4
r27 342s L=0.478 cov=[0.0113, 0.0086] ov=[0.02546, 0.02026] P=5 S=50 arc=0.88 lr=0.25 w_ov=0.19 iou=[0.937, 0.952] acc=2
r28 352s L=0.4753 cov=[0.0112, 0.0086] ov=[0.0254, 0.02005] P=5 S=50 arc=0.88 lr=0.35 w_ov=0.193 iou=[0.937, 0.951] acc=2
r29 361s L=0.4708 cov=[0.0112, 0.0087] ov=[0.02499, 0.02] P=5 S=50 arc=0.90 lr=0.18 w_ov=0.196 iou=[0.937, 0.951] acc=1
r30 371s L=0.4667 cov=[0.0112, 0.0087] ov=[0.02474, 0.01985] P=5 S=50 arc=0.88 lr=0.25 w_ov=0.2 iou=[0.937, 0.951] acc=2
r31 380s L=0.4601 cov=[0.0112, 0.0087] ov=[0.02425, 0.01968] P=5 S=50 arc=0.88 lr=0.25 w_ov=0.204 iou=[0.937, 0.951] acc=3
r32 389s L=0.4575 cov=[0.0112, 0.0088] ov=[0.02448, 0.01917] P=5 S=50 arc=0.90 lr=0.13 w_ov=0.207 iou=[0.938, 0.951] acc=3
r33 399s L=0.4452 cov=[0.0113, 0.0087] ov=[0.02344, 0.01899] P=5 S=50 arc=0.90 lr=0.18 w_ov=0.211 iou=[0.936, 0.952] acc=2
r34 409s L=0.4369 cov=[0.0112, 0.0087] ov=[0.02312, 0.01848] P=5 S=50 arc=0.90 lr=0.088 w_ov=0.215 iou=[0.936, 0.953] acc=1
r35 418s L=0.432 cov=[0.0113, 0.0086] ov=[0.02275, 0.01836] P=5 S=50 arc=0.90 lr=0.13 w_ov=0.219 iou=[0.936, 0.953] acc=1
r36 428s L=0.4301 cov=[0.0112, 0.0086] ov=[0.02259, 0.01834] P=5 S=50 arc=0.92 lr=0.18 w_ov=0.223 iou=[0.936, 0.953] acc=1
r37 437s L=0.4265 cov=[0.0113, 0.0086] ov=[0.02232, 0.01824] P=5 S=49 arc=0.94 lr=0.25 w_ov=0.227 iou=[0.936, 0.953] acc=1
r38 445s L=0.4184 cov=[0.0113, 0.0087] ov=[0.02177, 0.01797] P=5 S=49 arc=0.88 lr=0.13 w_ov=0.231 iou=[0.936, 0.952] acc=3
r39 453s L=0.4123 cov=[0.0113, 0.0087] ov=[0.02135, 0.01778] P=5 S=49 arc=0.88 lr=0.18 w_ov=0.235 iou=[0.935, 0.952] acc=0
r40 462s L=0.4033 cov=[0.0115, 0.0087] ov=[0.02072, 0.0175] P=5 S=49 arc=0.88 lr=0.088 w_ov=0.239 iou=[0.934, 0.952] acc=0
r41 471s L=0.3984 cov=[0.0115, 0.0087] ov=[0.02029, 0.01744] P=5 S=49 arc=0.88 lr=0.13 w_ov=0.243 iou=[0.934, 0.951] acc=1
r42 479s L=0.3895 cov=[0.0114, 0.0088] ov=[0.01974, 0.01709] P=5 S=49 arc=0.90 lr=0.13 w_ov=0.247 iou=[0.934, 0.95] acc=1
r43 488s L=0.38 cov=[0.0114, 0.0089] ov=[0.01916, 0.01671] P=5 S=48 arc=0.92 lr=0.25 w_ov=0.251 iou=[0.935, 0.952] acc=1
r44 496s L=0.375 cov=[0.0116, 0.0086] ov=[0.01859, 0.0168] P=5 S=49 arc=0.90 lr=0.25 w_ov=0.255 iou=[0.934, 0.952] acc=1
r45 505s L=0.3633 cov=[0.0117, 0.0085] ov=[0.01788, 0.01632] P=5 S=48 arc=0.88 lr=0.35 w_ov=0.259 iou=[0.933, 0.951] acc=3
r46 513s L=0.3488 cov=[0.0118, 0.0085] ov=[0.01693, 0.01583] P=5 S=48 arc=0.88 lr=0.18 w_ov=0.264 iou=[0.933, 0.952] acc=1
r47 521s L=0.3369 cov=[0.0118, 0.0084] ov=[0.01609, 0.01548] P=5 S=48 arc=0.90 lr=0.18 w_ov=0.268 iou=[0.933, 0.95] acc=0
r48 530s L=0.3316 cov=[0.0119, 0.0083] ov=[0.01569, 0.01535] P=5 S=48 arc=0.88 lr=0.25 w_ov=0.272 iou=[0.932, 0.951] acc=2
r49 538s L=0.3265 cov=[0.0119, 0.0084] ov=[0.01537, 0.01516] P=5 S=48 arc=0.90 lr=0.13 w_ov=0.276 iou=[0.932, 0.951] acc=1
r50 547s L=0.3197 cov=[0.0119, 0.0084] ov=[0.0148, 0.01504] P=5 S=48 arc=0.92 lr=0.25 w_ov=0.281 iou=[0.932, 0.95] acc=0
r51 555s L=0.3279 cov=[0.012, 0.0082] ov=[0.01557, 0.0151] P=5 S=49 arc=0.86 lr=0.18 w_ov=0.285 iou=[0.932, 0.95] acc=4
r52 564s L=0.3071 cov=[0.012, 0.0083] ov=[0.01383, 0.01475] P=5 S=49 arc=0.88 lr=0.18 w_ov=0.29 iou=[0.932, 0.951] acc=1
r53 573s L=0.304 cov=[0.012, 0.0083] ov=[0.01363, 0.01464] P=5 S=49 arc=0.88 lr=0.35 w_ov=0.295 iou=[0.933, 0.951] acc=3
r54 582s L=0.3019 cov=[0.012, 0.0083] ov=[0.01352, 0.01454] P=5 S=49 arc=0.92 lr=0.18 w_ov=0.3 iou=[0.932, 0.951] acc=1
r55 589s L=0.2986 cov=[0.0121, 0.0082] ov=[0.0133, 0.01444] P=5 S=50 arc=0.90 lr=0.25 w_ov=0.305 iou=[0.932, 0.951] acc=3
r56 598s L=0.2972 cov=[0.0121, 0.008] ov=[0.01335, 0.01426] P=5 S=50 arc=0.90 lr=0.13 w_ov=0.31 iou=[0.933, 0.953] acc=3
r57 607s L=0.2953 cov=[0.012, 0.0081] ov=[0.01322, 0.0142] P=5 S=50 arc=0.96 lr=0.063 w_ov=0.315 iou=[0.934, 0.953] acc=0
r58 616s L=0.2952 cov=[0.012, 0.0081] ov=[0.01335, 0.01406] P=5 S=49 arc=0.90 lr=0.25 w_ov=0.321 iou=[0.934, 0.952] acc=4
r59 625s L=0.2895 cov=[0.0121, 0.0081] ov=[0.01266, 0.01416] P=5 S=50 arc=0.90 lr=0.25 w_ov=0.326 iou=[0.933, 0.953] acc=2
r60 634s L=0.2871 cov=[0.012, 0.0081] ov=[0.01271, 0.01389] P=5 S=50 arc=0.92 lr=0.13 w_ov=0.332 iou=[0.934, 0.953] acc=1
r61 644s L=0.2824 cov=[0.012, 0.0082] ov=[0.01249, 0.01363] P=5 S=50 arc=0.94 lr=0.13 w_ov=0.338 iou=[0.934, 0.953] acc=1
r62 653s L=0.2774 cov=[0.012, 0.0082] ov=[0.01228, 0.01334] P=5 S=50 arc=0.94 lr=0.18 w_ov=0.344 iou=[0.934, 0.952] acc=1
r63 661s L=0.2745 cov=[0.012, 0.0082] ov=[0.01209, 0.01324] P=5 S=50 arc=0.94 lr=0.18 w_ov=0.35 iou=[0.934, 0.952] acc=2
r64 670s L=0.2721 cov=[0.012, 0.0082] ov=[0.01198, 0.0131] P=5 S=50 arc=0.98 lr=0.25 w_ov=0.356 iou=[0.933, 0.952] acc=0
r65 679s L=0.2682 cov=[0.0121, 0.0082] ov=[0.01172, 0.01297] P=5 S=50 arc=0.96 lr=0.13 w_ov=0.362 iou=[0.933, 0.952] acc=1
r66 687s L=0.2653 cov=[0.0121, 0.0082] ov=[0.01157, 0.01283] P=5 S=50 arc=0.96 lr=0.25 w_ov=0.368 iou=[0.933, 0.952] acc=1
r67 696s L=0.2616 cov=[0.0121, 0.0082] ov=[0.01132, 0.0127] P=5 S=50 arc=0.98 lr=0.13 w_ov=0.374 iou=[0.934, 0.951] acc=0
r68 704s L=0.2562 cov=[0.0122, 0.0082] ov=[0.01102, 0.01247] P=5 S=50 arc=0.98 lr=0.18 w_ov=0.38 iou=[0.935, 0.952] acc=0
r69 713s L=0.2516 cov=[0.0122, 0.0081] ov=[0.01069, 0.01233] P=5 S=50 arc=0.94 lr=0.25 w_ov=0.386 iou=[0.933, 0.952] acc=2
r70 721s L=0.2487 cov=[0.0123, 0.0081] ov=[0.0106, 0.01213] P=5 S=50 arc=0.92 lr=0.25 w_ov=0.393 iou=[0.932, 0.951] acc=1
r71 730s L=0.2434 cov=[0.0123, 0.0082] ov=[0.0101, 0.01209] P=5 S=50 arc=0.90 lr=0.25 w_ov=0.399 iou=[0.933, 0.952] acc=1
r72 739s L=0.2381 cov=[0.0122, 0.0085] ov=[0.01009, 0.01155] P=5 S=50 arc=0.88 lr=0.25 w_ov=0.406 iou=[0.931, 0.952] acc=4
r73 748s L=0.2363 cov=[0.0133, 0.0082] ov=[0.00913, 0.01226] P=5 S=50 arc=0.88 lr=0.13 w_ov=0.413 iou=[0.926, 0.951] acc=1
r74 757s L=0.2329 cov=[0.0122, 0.0083] ov=[0.00955, 0.01159] P=5 S=50 arc=0.88 lr=0.13 w_ov=0.42 iou=[0.932, 0.952] acc=1
r75 766s L=0.2272 cov=[0.0123, 0.0083] ov=[0.00915, 0.01141] P=5 S=50 arc=0.88 lr=0.18 w_ov=0.428 iou=[0.933, 0.952] acc=1
r76 775s L=0.2239 cov=[0.0122, 0.0085] ov=[0.009, 0.01123] P=5 S=51 arc=0.88 lr=0.25 w_ov=0.435 iou=[0.932, 0.952] acc=3
r77 784s L=0.2185 cov=[0.0122, 0.0085] ov=[0.00863, 0.01105] P=5 S=51 arc=0.88 lr=0.25 w_ov=0.442 iou=[0.931, 0.95] acc=3
r78 793s L=0.2135 cov=[0.0122, 0.0086] ov=[0.00839, 0.01077] P=5 S=51 arc=0.88 lr=0.25 w_ov=0.45 iou=[0.932, 0.951] acc=1
r79 802s L=0.2099 cov=[0.0123, 0.0087] ov=[0.00806, 0.01073] P=5 S=51 arc=0.88 lr=0.25 w_ov=0.458 iou=[0.931, 0.948] acc=1
r80 810s L=0.2105 cov=[0.0122, 0.0086] ov=[0.00817, 0.0107] P=5 S=51 arc=0.90 lr=0.25 w_ov=0.466 iou=[0.93, 0.948] acc=2
r81 819s L=0.2093 cov=[0.0122, 0.0087] ov=[0.0081, 0.01063] P=5 S=51 arc=0.94 lr=0.13 w_ov=0.473 iou=[0.931, 0.949] acc=1
r82 828s L=0.2058 cov=[0.0123, 0.0087] ov=[0.00786, 0.01052] P=5 S=51 arc=0.96 lr=0.13 w_ov=0.482 iou=[0.931, 0.947] acc=0
r83 836s L=0.2039 cov=[0.0123, 0.0087] ov=[0.00775, 0.01043] P=5 S=51 arc=0.96 lr=0.088 w_ov=0.49 iou=[0.93, 0.947] acc=1
r84 844s L=0.2017 cov=[0.0122, 0.0088] ov=[0.00769, 0.01027] P=5 S=51 arc=0.94 lr=0.13 w_ov=0.498 iou=[0.93, 0.947] acc=2
r85 853s L=0.1979 cov=[0.0123, 0.0088] ov=[0.00745, 0.01013] P=5 S=51 arc=0.94 lr=0.18 w_ov=0.506 iou=[0.93, 0.947] acc=0
r86 862s L=0.1951 cov=[0.0124, 0.0089] ov=[0.00727, 0.01001] P=5 S=51 arc=0.94 lr=0.088 w_ov=0.514 iou=[0.93, 0.947] acc=0
r87 871s L=0.1937 cov=[0.0124, 0.0089] ov=[0.00724, 0.0099] P=5 S=51 arc=0.92 lr=0.18 w_ov=0.523 iou=[0.929, 0.946] acc=1
r88 880s L=0.1927 cov=[0.0124, 0.0089] ov=[0.00717, 0.00987] P=5 S=51 arc=0.92 lr=0.016 w_ov=0.532 iou=[0.929, 0.945] acc=2
r89 889s L=0.1926 cov=[0.0124, 0.009] ov=[0.00716, 0.00987] P=5 S=51 arc=0.94 lr=0.0002 w_ov=0.541 iou=[0.929, 0.945] acc=1
r90 897s L=0.1926 cov=[0.0124, 0.009] ov=[0.00716, 0.00987] P=5 S=51 arc=0.94 lr=0.0002 w_ov=0.55 iou=[0.929, 0.945] acc=1
r91 907s L=0.1926 cov=[0.0124, 0.009] ov=[0.00716, 0.00987] P=5 S=51 arc=0.92 lr=0.0002 w_ov=0.56 iou=[0.929, 0.945] acc=1
r92 915s L=0.1926 cov=[0.0124, 0.009] ov=[0.00715, 0.00987] P=5 S=51 arc=0.92 lr=0.0002 w_ov=0.57 iou=[0.929, 0.945] acc=0
r93 924s L=0.1925 cov=[0.0124, 0.009] ov=[0.00715, 0.00986] P=5 S=51 arc=0.92 lr=0.0002 w_ov=0.579 iou=[0.929, 0.945] acc=1
r94 932s L=0.1925 cov=[0.0124, 0.009] ov=[0.00715, 0.00986] P=5 S=51 arc=0.96 lr=0.0002 w_ov=0.589 iou=[0.929, 0.945] acc=1
r95 941s L=0.1924 cov=[0.0124, 0.009] ov=[0.00715, 0.00986] P=5 S=51 arc=0.94 lr=0.0002 w_ov=0.598 iou=[0.929, 0.945] acc=1
r96 950s L=0.1924 cov=[0.0124, 0.009] ov=[0.00714, 0.00986] P=5 S=51 arc=0.94 lr=0.0002 w_ov=0.608 iou=[0.929, 0.945] acc=1
r97 958s L=0.1924 cov=[0.0124, 0.009] ov=[0.00714, 0.00986] P=5 S=51 arc=0.94 lr=0.0002 w_ov=0.619 iou=[0.929, 0.945] acc=2
r98 967s L=0.1923 cov=[0.0124, 0.009] ov=[0.00714, 0.00985] P=5 S=51 arc=0.94 lr=0.0002 w_ov=0.629 iou=[0.929, 0.945] acc=3
r99 975s L=0.1922 cov=[0.0124, 0.009] ov=[0.00713, 0.00985] P=5 S=51 arc=0.92 lr=0.0002 w_ov=0.639 iou=[0.929, 0.945] acc=2
r100 983s L=0.1922 cov=[0.0124, 0.009] ov=[0.00713, 0.00985] P=5 S=51 arc=0.92 lr=0.0002 w_ov=0.649 iou=[0.929, 0.945] acc=1
r101 992s L=0.1921 cov=[0.0124, 0.009] ov=[0.00712, 0.00984] P=5 S=51 arc=0.92 lr=0.0002 w_ov=0.659 iou=[0.929, 0.945] acc=0
r102 1001s L=0.192 cov=[0.0124, 0.009] ov=[0.00712, 0.00984] P=5 S=51 arc=0.92 lr=0.0002 w_ov=0.671 iou=[0.929, 0.945] acc=2
r103 1009s L=0.1919 cov=[0.0124, 0.009] ov=[0.00711, 0.00984] P=5 S=51 arc=0.94 lr=0.0002 w_ov=0.682 iou=[0.929, 0.945] acc=0
r104 1018s L=0.1918 cov=[0.0124, 0.009] ov=[0.00711, 0.00983] P=5 S=51 arc=0.94 lr=0.0002 w_ov=0.694 iou=[0.929, 0.945] acc=1
r105 1026s L=0.1917 cov=[0.0124, 0.009] ov=[0.0071, 0.00983] P=5 S=51 arc=0.98 lr=0.0002 w_ov=0.705 iou=[0.929, 0.945] acc=1
r106 1035s L=0.1916 cov=[0.0124, 0.009] ov=[0.0071, 0.00982] P=5 S=51 arc=0.96 lr=0.0002 w_ov=0.717 iou=[0.929, 0.945] acc=1
r107 1044s L=0.1915 cov=[0.0124, 0.009] ov=[0.00709, 0.00981] P=5 S=51 arc=0.96 lr=0.0002 w_ov=0.729 iou=[0.929, 0.945] acc=2
r108 1053s L=0.1913 cov=[0.0124, 0.009] ov=[0.00708, 0.00981] P=5 S=51 arc=0.94 lr=0.0002 w_ov=0.742 iou=[0.929, 0.945] acc=2
r109 1062s L=0.1912 cov=[0.0124, 0.009] ov=[0.00707, 0.0098] P=5 S=51 arc=0.92 lr=0.0002 w_ov=0.755 iou=[0.929, 0.945] acc=1
r110 1071s L=0.191 cov=[0.0124, 0.009] ov=[0.00706, 0.0098] P=5 S=51 arc=0.92 lr=0.0002 w_ov=0.768 iou=[0.929, 0.945] acc=1
r111 1080s L=0.1909 cov=[0.0124, 0.009] ov=[0.00706, 0.00979] P=5 S=51 arc=0.92 lr=0.0002 w_ov=0.781 iou=[0.929, 0.945] acc=1
r112 1089s L=0.1908 cov=[0.0124, 0.009] ov=[0.00705, 0.00978] P=5 S=51 arc=0.92 lr=0.0002 w_ov=0.794 iou=[0.929, 0.945] acc=2
r113 1097s L=0.1906 cov=[0.0125, 0.009] ov=[0.00704, 0.00977] P=5 S=51 arc=0.94 lr=0.0002 w_ov=0.808 iou=[0.929, 0.945] acc=1
r114 1106s L=0.1904 cov=[0.0125, 0.009] ov=[0.00703, 0.00977] P=5 S=51 arc=0.94 lr=0.00028 w_ov=0.821 iou=[0.929, 0.945] acc=1
r115 1115s L=0.1902 cov=[0.0125, 0.009] ov=[0.00702, 0.00976] P=5 S=51 arc=0.94 lr=0.0002 w_ov=0.835 iou=[0.929, 0.945] acc=0
r116 1124s L=0.1901 cov=[0.0125, 0.009] ov=[0.00701, 0.00975] P=5 S=51 arc=0.92 lr=0.0002 w_ov=0.85 iou=[0.929, 0.945] acc=2
r117 1133s L=0.1899 cov=[0.0125, 0.009] ov=[0.00699, 0.00974] P=5 S=51 arc=0.92 lr=0.0002 w_ov=0.865 iou=[0.929, 0.945] acc=0
r118 1143s L=0.1897 cov=[0.0125, 0.0091] ov=[0.00698, 0.00973] P=5 S=51 arc=0.92 lr=0.0002 w_ov=0.88 iou=[0.929, 0.945] acc=1
r119 1151s L=0.1895 cov=[0.0125, 0.0091] ov=[0.00697, 0.00972] P=5 S=51 arc=0.92 lr=0.0002 w_ov=0.896 iou=[0.929, 0.945] acc=2
r120 1160s L=0.1892 cov=[0.0125, 0.0091] ov=[0.00696, 0.00971] P=5 S=51 arc=0.92 lr=0.0002 w_ov=0.911 iou=[0.929, 0.945] acc=0
r121 1169s L=0.189 cov=[0.0125, 0.0091] ov=[0.00695, 0.0097] P=5 S=51 arc=0.92 lr=0.0002 w_ov=0.927 iou=[0.929, 0.945] acc=2
r122 1177s L=0.1888 cov=[0.0125, 0.0091] ov=[0.00693, 0.00969] P=5 S=51 arc=0.94 lr=0.0002 w_ov=0.942 iou=[0.929, 0.944] acc=1
r123 1186s L=0.1874 cov=[0.0125, 0.0092] ov=[0.00679, 0.00968] P=5 S=51 arc=0.94 lr=0.0002 w_ov=0.958 iou=[0.929, 0.944] acc=0
r124 1195s L=0.1872 cov=[0.0125, 0.0092] ov=[0.00678, 0.00966] P=5 S=51 arc=0.94 lr=0.00028 w_ov=0.974 iou=[0.929, 0.944] acc=1
r125 1204s L=0.1869 cov=[0.0125, 0.0092] ov=[0.00677, 0.00964] P=5 S=51 arc=0.96 lr=0.0002 w_ov=0.991 iou=[0.929, 0.944] acc=2
r126 1213s L=0.1867 cov=[0.0125, 0.0092] ov=[0.00676, 0.00963] P=5 S=51 arc=0.94 lr=0.0002 w_ov=1.01 iou=[0.929, 0.944] acc=2
r127 1222s L=0.1865 cov=[0.0125, 0.0092] ov=[0.00675, 0.00962] P=5 S=51 arc=0.92 lr=0.0002 w_ov=1.03 iou=[0.929, 0.944] acc=1
r128 1231s L=0.1862 cov=[0.0125, 0.0093] ov=[0.00674, 0.00961] P=5 S=51 arc=0.92 lr=0.00028 w_ov=1.04 iou=[0.929, 0.944] acc=0
r129 1240s L=0.186 cov=[0.0125, 0.0093] ov=[0.00672, 0.00959] P=5 S=51 arc=0.90 lr=0.0002 w_ov=1.06 iou=[0.929, 0.944] acc=1
r130 1248s L=0.1857 cov=[0.0126, 0.0093] ov=[0.00671, 0.00958] P=5 S=51 arc=0.90 lr=0.0002 w_ov=1.08 iou=[0.929, 0.944] acc=2
r131 1257s L=0.1855 cov=[0.0126, 0.0093] ov=[0.0067, 0.00956] P=5 S=51 arc=0.92 lr=0.0002 w_ov=1.1 iou=[0.929, 0.944] acc=1
r132 1266s L=0.1852 cov=[0.0126, 0.0093] ov=[0.00668, 0.00955] P=5 S=49 arc=0.92 lr=0.0002 w_ov=1.12 iou=[0.928, 0.939] acc=3
r133 1274s L=0.1758 cov=[0.0127, 0.0103] ov=[0.00564, 0.00953] P=5 S=49 arc=0.90 lr=0.0002 w_ov=1.13 iou=[0.928, 0.939] acc=1
r134 1282s L=0.1755 cov=[0.0127, 0.0103] ov=[0.00563, 0.00952] P=5 S=49 arc=0.90 lr=0.0002 w_ov=1.15 iou=[0.928, 0.939] acc=2
r135 1291s L=0.1752 cov=[0.0127, 0.0103] ov=[0.00561, 0.0095] P=5 S=49 arc=0.92 lr=0.0002 w_ov=1.17 iou=[0.928, 0.939] acc=2
r136 1300s L=0.1749 cov=[0.0127, 0.0104] ov=[0.0056, 0.00948] P=5 S=49 arc=0.92 lr=0.00028 w_ov=1.19 iou=[0.928, 0.939] acc=1
r137 1308s L=0.1732 cov=[0.0128, 0.0104] ov=[0.00551, 0.00939] P=5 S=49 arc=0.88 lr=0.0045 w_ov=1.21 iou=[0.928, 0.939] acc=3
r138 1316s L=0.1586 cov=[0.0134, 0.0109] ov=[0.00476, 0.00857] P=5 S=48 arc=0.90 lr=0.072 w_ov=1.23 iou=[0.926, 0.936] acc=3
r139 1325s L=0.1303 cov=[0.0156, 0.0115] ov=[0.00324, 0.00698] P=5 S=49 arc=0.94 lr=0.1 w_ov=1.25 iou=[0.912, 0.934] acc=2
r140 1334s L=0.1175 cov=[0.0159, 0.0114] ov=[0.00284, 0.00609] P=5 S=49 arc=0.94 lr=0.1 w_ov=1.27 iou=[0.912, 0.933] acc=2
r141 1342s L=0.1122 cov=[0.0164, 0.0113] ov=[0.00263, 0.00573] P=5 S=50 arc=0.96 lr=0.14 w_ov=1.29 iou=[0.909, 0.934] acc=1
r142 1350s L=0.1052 cov=[0.017, 0.0112] ov=[0.00233, 0.00527] P=5 S=50 arc=0.96 lr=0.072 w_ov=1.31 iou=[0.907, 0.936] acc=0
r143 1358s L=0.09803 cov=[0.0173, 0.0114] ov=[0.00216, 0.00466] P=5 S=50 arc=0.96 lr=0.1 w_ov=1.33 iou=[0.905, 0.934] acc=1
r144 1366s L=0.09566 cov=[0.0176, 0.0112] ov=[0.00201, 0.00457] P=5 S=50 arc=0.96 lr=0.1 w_ov=1.35 iou=[0.904, 0.935] acc=1
r145 1374s L=0.09027 cov=[0.0179, 0.0119] ov=[0.00207, 0.00388] P=5 S=50 arc=0.96 lr=0.072 w_ov=1.37 iou=[0.903, 0.932] acc=0
r146 1383s L=0.08615 cov=[0.0183, 0.0114] ov=[0.00191, 0.00363] P=5 S=50 arc=0.96 lr=0.1 w_ov=1.4 iou=[0.901, 0.933] acc=1
r147 1392s L=0.08336 cov=[0.0186, 0.0114] ov=[0.0018, 0.00344] P=5 S=50 arc=0.98 lr=0.036 w_ov=1.42 iou=[0.9, 0.934] acc=0
r148 1400s L=0.08216 cov=[0.0187, 0.0115] ov=[0.00176, 0.00334] P=5 S=50 arc=0.98 lr=0.051 w_ov=1.44 iou=[0.899, 0.934] acc=0
r149 1408s L=0.08048 cov=[0.0188, 0.0115] ov=[0.00167, 0.00324] P=5 S=50 arc=0.96 lr=0.026 w_ov=1.47 iou=[0.898, 0.934] acc=1
r150 1417s L=0.07984 cov=[0.0189, 0.0115] ov=[0.00164, 0.00321] P=5 S=50 arc=0.96 lr=0.051 w_ov=1.49 iou=[0.898, 0.934] acc=1
r151 1425s L=0.07885 cov=[0.0189, 0.0115] ov=[0.0016, 0.00314] P=5 S=50 arc=0.98 lr=0.026 w_ov=1.52 iou=[0.898, 0.934] acc=0
r152 1433s L=0.07742 cov=[0.019, 0.0115] ov=[0.00156, 0.00302] P=5 S=50 arc=0.98 lr=0.051 w_ov=1.54 iou=[0.897, 0.934] acc=0
r153 1441s L=0.07655 cov=[0.0191, 0.0115] ov=[0.00152, 0.00298] P=5 S=50 arc=0.98 lr=0.051 w_ov=1.56 iou=[0.897, 0.934] acc=0
r154 1449s L=0.0756 cov=[0.0191, 0.0116] ov=[0.00149, 0.0029] P=5 S=53 arc=0.96 lr=0.051 w_ov=1.59 iou=[0.897, 0.934] acc=4
r155 1458s L=0.07421 cov=[0.0191, 0.0117] ov=[0.00143, 0.0028] P=5 S=52 arc=0.96 lr=0.026 w_ov=1.61 iou=[0.897, 0.933] acc=1
r156 1467s L=0.07236 cov=[0.0193, 0.0118] ov=[0.00138, 0.00263] P=5 S=46 arc=0.96 lr=0.051 w_ov=1.64 iou=[0.879, 0.925] acc=1
r157 1474s L=0.0699 cov=[0.0252, 0.0144] ov=[0.00138, 0.00156] P=5 S=47 arc=0.89 lr=0.072 w_ov=1.67 iou=[0.881, 0.925] acc=4
r158 1482s L=0.06693 cov=[0.0249, 0.0141] ov=[0.001, 0.00171] P=5 S=50 arc=0.90 lr=0.1 w_ov=1.69 iou=[0.882, 0.925] acc=4
r159 1489s L=0.05991 cov=[0.0249, 0.0142] ov=[0.00071, 0.00127] P=5 S=50 arc=0.88 lr=0.1 w_ov=1.72 iou=[0.881, 0.925] acc=5
r160 1497s L=0.05787 cov=[0.0245, 0.0135] ov=[0.00062, 0.00126] P=5 S=50 arc=0.86 lr=0.1 w_ov=1.74 iou=[0.881, 0.927] acc=4
r161 1506s L=0.05422 cov=[0.0246, 0.0134] ov=[0.00049, 0.00104] P=5 S=50 arc=0.86 lr=0.072 w_ov=1.77 iou=[0.882, 0.926] acc=2
r162 1515s L=0.05239 cov=[0.0246, 0.0132] ov=[0.00042, 0.00094] P=5 S=50 arc=0.90 lr=0.072 w_ov=1.8 iou=[0.882, 0.926] acc=0
r163 1523s L=0.05139 cov=[0.0245, 0.0131] ov=[0.00036, 0.00092] P=5 S=50 arc=0.88 lr=0.036 w_ov=1.83 iou=[0.883, 0.928] acc=3
r164 1532s L=0.05061 cov=[0.0245, 0.0129] ov=[0.00031, 0.00091] P=5 S=50 arc=0.92 lr=0.026 w_ov=1.86 iou=[0.883, 0.929] acc=0
r165 1540s L=0.05054 cov=[0.0244, 0.0127] ov=[0.00036, 0.00089] P=5 S=50 arc=0.92 lr=0.051 w_ov=1.89 iou=[0.884, 0.929] acc=2
r166 1548s L=0.04936 cov=[0.0244, 0.0126] ov=[0.0003, 0.00084] P=5 S=50 arc=0.96 lr=0.026 w_ov=1.92 iou=[0.884, 0.929] acc=1
r167 1556s L=0.04876 cov=[0.0243, 0.0126] ov=[0.0003, 0.00079] P=5 S=50 arc=0.98 lr=0.036 w_ov=1.95 iou=[0.884, 0.929] acc=0
r168 1565s L=0.04843 cov=[0.0244, 0.0124] ov=[0.00027, 0.00079] P=5 S=50 arc=0.98 lr=0.036 w_ov=1.98 iou=[0.884, 0.93] acc=0
r169 1573s L=0.04819 cov=[0.0243, 0.0123] ov=[0.00028, 0.00077] P=5 S=50 arc=0.96 lr=0.051 w_ov=2.01 iou=[0.884, 0.93] acc=1
r170 1581s L=0.04783 cov=[0.0244, 0.0122] ov=[0.00025, 0.00077] P=5 S=50 arc=0.96 lr=0.026 w_ov=2.05 iou=[0.884, 0.93] acc=1
r171 1589s L=0.04763 cov=[0.0242, 0.0122] ov=[0.00027, 0.00075] P=5 S=50 arc=0.98 lr=0.036 w_ov=2.08 iou=[0.884, 0.93] acc=0
r172 1597s L=0.04758 cov=[0.0242, 0.0121] ov=[0.00028, 0.00075] P=5 S=50 arc=0.98 lr=0.018 w_ov=2.11 iou=[0.884, 0.93] acc=0
r173 1606s L=0.04726 cov=[0.0242, 0.012] ov=[0.00027, 0.00074] P=5 S=50 arc=0.98 lr=0.018 w_ov=2.14 iou=[0.884, 0.931] acc=0
r174 1614s L=0.04691 cov=[0.0242, 0.012] ov=[0.00026, 0.00072] P=5 S=50 arc=0.98 lr=0.026 w_ov=2.18 iou=[0.885, 0.931] acc=1
r175 1622s L=0.0465 cov=[0.0241, 0.0118] ov=[0.00025, 0.0007] P=5 S=49 arc=0.98 lr=0.026 w_ov=2.21 iou=[0.885, 0.932] acc=2
r176 1630s L=0.04584 cov=[0.0242, 0.0117] ov=[0.00025, 0.00065] P=5 S=49 arc=0.98 lr=0.026 w_ov=2.25 iou=[0.885, 0.932] acc=0
r177 1638s L=0.04525 cov=[0.0242, 0.0116] ov=[0.00023, 0.00061] P=5 S=49 arc=0.98 lr=0.013 w_ov=2.28 iou=[0.885, 0.934] acc=0
r178 1645s L=0.04503 cov=[0.0241, 0.0116] ov=[0.00024, 0.0006] P=5 S=49 arc=0.98 lr=0.018 w_ov=2.32 iou=[0.885, 0.934] acc=0
r179 1653s L=0.04449 cov=[0.0241, 0.0116] ov=[0.00022, 0.00056] P=5 S=49 arc=0.96 lr=0.026 w_ov=2.35 iou=[0.885, 0.933] acc=1
r180 1662s L=0.04442 cov=[0.024, 0.0114] ov=[0.00026, 0.00054] P=5 S=49 arc=0.96 lr=0.026 w_ov=2.39 iou=[0.886, 0.933] acc=0
r181 1670s L=0.0437 cov=[0.0241, 0.0113] ov=[0.00024, 0.00049] P=5 S=49 arc=0.96 lr=0.026 w_ov=2.43 iou=[0.886, 0.932] acc=1
r182 1678s L=0.04337 cov=[0.024, 0.0112] ov=[0.00022, 0.00049] P=5 S=49 arc=0.96 lr=0.0091 w_ov=2.47 iou=[0.886, 0.934] acc=1
r183 1687s L=0.04325 cov=[0.024, 0.0112] ov=[0.00023, 0.00048] P=5 S=49 arc=0.96 lr=0.0064 w_ov=2.5 iou=[0.887, 0.933] acc=0
r184 1695s L=0.04307 cov=[0.024, 0.0111] ov=[0.00022, 0.00048] P=5 S=49 arc=0.96 lr=0.013 w_ov=2.54 iou=[0.887, 0.934] acc=1
r185 1703s L=0.04286 cov=[0.024, 0.0111] ov=[0.00021, 0.00046] P=5 S=49 arc=0.96 lr=0.0091 w_ov=2.58 iou=[0.887, 0.934] acc=1
r186 1710s L=0.04261 cov=[0.024, 0.011] ov=[0.00021, 0.00045] P=5 S=49 arc=0.94 lr=0.013 w_ov=2.62 iou=[0.887, 0.934] acc=1
r187 1718s L=0.04241 cov=[0.0239, 0.011] ov=[0.00021, 0.00044] P=5 S=49 arc=0.94 lr=0.0091 w_ov=2.66 iou=[0.887, 0.935] acc=0
r188 1727s L=0.04212 cov=[0.0239, 0.011] ov=[0.0002, 0.00042] P=5 S=49 arc=0.94 lr=0.013 w_ov=2.7 iou=[0.888, 0.935] acc=0
r189 1735s L=0.04188 cov=[0.0239, 0.011] ov=[0.00019, 0.00041] P=5 S=49 arc=0.94 lr=0.018 w_ov=2.75 iou=[0.888, 0.935] acc=1
r190 1743s L=0.04159 cov=[0.0239, 0.0109] ov=[0.0002, 0.00038] P=5 S=49 arc=0.96 lr=0.013 w_ov=2.79 iou=[0.889, 0.935] acc=0
r191 1751s L=0.0414 cov=[0.0239, 0.0109] ov=[0.00019, 0.00037] P=5 S=49 arc=0.96 lr=0.0064 w_ov=2.84 iou=[0.889, 0.935] acc=0
r192 1760s L=0.04124 cov=[0.0239, 0.0109] ov=[0.00018, 0.00036] P=5 S=49 arc=0.96 lr=0.0045 w_ov=2.88 iou=[0.889, 0.935] acc=0
r193 1768s L=0.04109 cov=[0.0238, 0.0109] ov=[0.00019, 0.00035] P=5 S=49 arc=0.96 lr=0.0091 w_ov=2.93 iou=[0.889, 0.936] acc=0
r194 1776s L=0.04097 cov=[0.0238, 0.0109] ov=[0.00019, 0.00034] P=5 S=49 arc=0.94 lr=0.0091 w_ov=2.97 iou=[0.889, 0.936] acc=2
r195 1784s L=0.04078 cov=[0.0238, 0.0109] ov=[0.00018, 0.00033] P=5 S=49 arc=0.96 lr=0.0091 w_ov=3.02 iou=[0.889, 0.936] acc=0
r196 1792s L=0.04067 cov=[0.0238, 0.0109] ov=[0.00017, 0.00033] P=5 S=49 arc=0.96 lr=0.0045 w_ov=3.06 iou=[0.889, 0.936] acc=0
r197 1799s L=0.04063 cov=[0.0238, 0.0108] ov=[0.00017, 0.00033] P=5 S=49 arc=0.94 lr=0.0011 w_ov=3.11 iou=[0.889, 0.936] acc=2
r198 1808s L=0.04062 cov=[0.0238, 0.0109] ov=[0.00017, 0.00033] P=5 S=49 arc=0.94 lr=0.0002 w_ov=3.16 iou=[0.889, 0.936] acc=1
r199 1816s L=0.04061 cov=[0.0238, 0.0109] ov=[0.00017, 0.00033] P=5 S=49 arc=0.94 lr=0.0002 w_ov=3.21 iou=[0.889, 0.936] acc=1
r200 1825s L=0.04061 cov=[0.0238, 0.0109] ov=[0.00017, 0.00033] P=5 S=49 arc=0.94 lr=0.0002 w_ov=3.26 iou=[0.889, 0.936] acc=0
r201 1833s L=0.0406 cov=[0.0238, 0.0109] ov=[0.00017, 0.00033] P=5 S=49 arc=0.94 lr=0.0002 w_ov=3.32 iou=[0.889, 0.936] acc=0
r202 1841s L=0.0406 cov=[0.0238, 0.0109] ov=[0.00017, 0.00033] P=5 S=49 arc=0.94 lr=0.0002 w_ov=3.37 iou=[0.889, 0.936] acc=0
r203 1850s L=0.04059 cov=[0.0238, 0.0109] ov=[0.00017, 0.00033] P=5 S=49 arc=0.94 lr=0.0002 w_ov=3.42 iou=[0.889, 0.936] acc=1
r204 1858s L=0.04058 cov=[0.0238, 0.0109] ov=[0.00017, 0.00032] P=5 S=49 arc=0.94 lr=0.0002 w_ov=3.48 iou=[0.889, 0.936] acc=1
r205 1867s L=0.04058 cov=[0.0238, 0.0109] ov=[0.00017, 0.00032] P=5 S=49 arc=0.94 lr=0.0002 w_ov=3.54 iou=[0.889, 0.936] acc=0
r206 1875s L=0.04057 cov=[0.0238, 0.0109] ov=[0.00017, 0.00032] P=5 S=49 arc=0.94 lr=0.0002 w_ov=3.59 iou=[0.889, 0.936] acc=0
r207 1883s L=0.04056 cov=[0.0238, 0.0109] ov=[0.00017, 0.00032] P=5 S=49 arc=0.96 lr=0.0002 w_ov=3.65 iou=[0.889, 0.936] acc=0
r208 1891s L=0.04055 cov=[0.0238, 0.0109] ov=[0.00017, 0.00032] P=5 S=49 arc=0.96 lr=0.0002 w_ov=3.71 iou=[0.889, 0.936] acc=0
r209 1899s L=0.04055 cov=[0.0238, 0.0109] ov=[0.00017, 0.00032] P=5 S=49 arc=0.96 lr=0.0002 w_ov=3.76 iou=[0.889, 0.936] acc=0
r210 1907s L=0.04054 cov=[0.0238, 0.0109] ov=[0.00017, 0.00032] P=5 S=49 arc=0.96 lr=0.0002 w_ov=3.83 iou=[0.889, 0.936] acc=0
r211 1915s L=0.04053 cov=[0.0238, 0.0109] ov=[0.00017, 0.00032] P=5 S=49 arc=0.96 lr=0.0002 w_ov=3.88 iou=[0.889, 0.936] acc=0
r212 1923s L=0.04053 cov=[0.0238, 0.0109] ov=[0.00017, 0.00032] P=5 S=49 arc=0.96 lr=0.0002 w_ov=3.94 iou=[0.889, 0.936] acc=0
r213 1931s L=0.04052 cov=[0.0238, 0.0109] ov=[0.00017, 0.00032] P=5 S=49 arc=0.96 lr=0.0002 w_ov=4 iou=[0.889, 0.936] acc=1
r214 1940s L=0.04051 cov=[0.0238, 0.0109] ov=[0.00017, 0.00032] P=5 S=49 arc=0.94 lr=0.0002 w_ov=4.07 iou=[0.889, 0.936] acc=2
r215 1948s L=0.0405 cov=[0.0238, 0.0109] ov=[0.00016, 0.00032] P=5 S=49 arc=0.94 lr=0.0002 w_ov=4.14 iou=[0.889, 0.936] acc=0
r216 1957s L=0.0405 cov=[0.0238, 0.0109] ov=[0.00016, 0.00032] P=5 S=49 arc=0.94 lr=0.0002 w_ov=4.2 iou=[0.889, 0.936] acc=0
r217 1965s L=0.04049 cov=[0.0238, 0.0109] ov=[0.00016, 0.00032] P=5 S=49 arc=0.94 lr=0.0002 w_ov=4.27 iou=[0.889, 0.936] acc=0
r218 1974s L=0.04048 cov=[0.0238, 0.0109] ov=[0.00016, 0.00032] P=5 S=49 arc=0.94 lr=0.0002 w_ov=4.34 iou=[0.889, 0.936] acc=0
r219 1983s L=0.04047 cov=[0.0238, 0.0109] ov=[0.00016, 0.00031] P=5 S=49 arc=0.94 lr=0.0002 w_ov=4.42 iou=[0.889, 0.936] acc=0
r220 1991s L=0.04046 cov=[0.0238, 0.0109] ov=[0.00016, 0.00031] P=5 S=49 arc=0.94 lr=0.0002 w_ov=4.49 iou=[0.889, 0.936] acc=1
r221 1999s L=0.04045 cov=[0.0238, 0.0109] ov=[0.00016, 0.00031] P=5 S=49 arc=0.94 lr=0.0002 w_ov=4.56 iou=[0.889, 0.936] acc=0
r222 2007s L=0.04044 cov=[0.0238, 0.0109] ov=[0.00016, 0.00031] P=5 S=49 arc=0.96 lr=0.0002 w_ov=4.63 iou=[0.889, 0.936] acc=0
r223 2015s L=0.04043 cov=[0.0238, 0.0109] ov=[0.00016, 0.00031] P=5 S=49 arc=0.96 lr=0.0002 w_ov=4.71 iou=[0.889, 0.936] acc=0
r224 2023s L=0.04042 cov=[0.0238, 0.0109] ov=[0.00016, 0.00031] P=5 S=49 arc=0.96 lr=0.0002 w_ov=4.78 iou=[0.889, 0.936] acc=0
r225 2032s L=0.04041 cov=[0.0238, 0.0109] ov=[0.00016, 0.00031] P=5 S=49 arc=0.96 lr=0.0002 w_ov=4.86 iou=[0.889, 0.936] acc=0
r226 2040s L=0.0404 cov=[0.0238, 0.0109] ov=[0.00016, 0.00031] P=5 S=49 arc=0.96 lr=0.0002 w_ov=4.93 iou=[0.889, 0.936] acc=0
r227 2048s L=0.04039 cov=[0.0238, 0.0109] ov=[0.00016, 0.00031] P=5 S=49 arc=0.96 lr=0.0002 w_ov=5.01 iou=[0.889, 0.936] acc=0
r228 2056s L=0.04037 cov=[0.0238, 0.0109] ov=[0.00016, 0.00031] P=5 S=49 arc=0.96 lr=0.0002 w_ov=5.09 iou=[0.889, 0.936] acc=1
r229 2065s L=0.04036 cov=[0.0238, 0.0109] ov=[0.00016, 0.0003] P=5 S=49 arc=0.96 lr=0.0002 w_ov=5.17 iou=[0.889, 0.936] acc=1
r230 2073s L=0.04034 cov=[0.0238, 0.0109] ov=[0.00016, 0.0003] P=5 S=49 arc=0.96 lr=0.0002 w_ov=5.26 iou=[0.889, 0.936] acc=1
r231 2081s L=0.04033 cov=[0.0238, 0.0109] ov=[0.00016, 0.0003] P=5 S=49 arc=0.96 lr=0.0002 w_ov=5.34 iou=[0.889, 0.936] acc=0
r232 2090s L=0.04032 cov=[0.0238, 0.0109] ov=[0.00016, 0.0003] P=5 S=49 arc=0.96 lr=0.0002 w_ov=5.43 iou=[0.889, 0.936] acc=0
r233 2098s L=0.0403 cov=[0.0238, 0.0109] ov=[0.00016, 0.0003] P=5 S=49 arc=0.96 lr=0.0002 w_ov=5.52 iou=[0.888, 0.935] acc=0
r234 2106s L=0.04029 cov=[0.0238, 0.0109] ov=[0.00016, 0.0003] P=5 S=49 arc=0.96 lr=0.0002 w_ov=5.6 iou=[0.888, 0.935] acc=1
r235 2114s L=0.04027 cov=[0.0238, 0.0109] ov=[0.00016, 0.00029] P=5 S=49 arc=0.96 lr=0.0002 w_ov=5.69 iou=[0.888, 0.935] acc=1
r236 2122s L=0.04026 cov=[0.0238, 0.0109] ov=[0.00016, 0.00029] P=5 S=49 arc=0.94 lr=0.0002 w_ov=5.78 iou=[0.888, 0.935] acc=1
r237 2130s L=0.04024 cov=[0.0238, 0.0109] ov=[0.00016, 0.00029] P=5 S=49 arc=0.94 lr=0.0002 w_ov=5.87 iou=[0.888, 0.935] acc=1
r238 2138s L=0.04023 cov=[0.0238, 0.0109] ov=[0.00016, 0.00029] P=5 S=49 arc=0.96 lr=0.0002 w_ov=5.96 iou=[0.888, 0.935] acc=0
r239 2146s L=0.04021 cov=[0.0239, 0.0109] ov=[0.00016, 0.00029] P=5 S=49 arc=0.98 lr=0.0002 w_ov=6.05 iou=[0.888, 0.935] acc=0
r240 2154s L=0.04019 cov=[0.0239, 0.0109] ov=[0.00016, 0.00029] P=5 S=49 arc=0.96 lr=0.0002 w_ov=6.14 iou=[0.888, 0.935] acc=0
r241 2162s L=0.04018 cov=[0.0239, 0.0109] ov=[0.00015, 0.00028] P=5 S=49 arc=0.98 lr=0.0002 w_ov=6.24 iou=[0.888, 0.935] acc=0
r242 2171s L=0.04016 cov=[0.0239, 0.0109] ov=[0.00015, 0.00028] P=5 S=49 arc=0.98 lr=0.0002 w_ov=6.34 iou=[0.888, 0.935] acc=0
r243 2179s L=0.04014 cov=[0.0239, 0.011] ov=[0.00015, 0.00028] P=5 S=49 arc=0.98 lr=0.00028 w_ov=6.45 iou=[0.888, 0.935] acc=0
r244 2187s L=0.04012 cov=[0.0239, 0.011] ov=[0.00015, 0.00028] P=5 S=49 arc=0.98 lr=0.0002 w_ov=6.55 iou=[0.888, 0.935] acc=0
r245 2196s L=0.0401 cov=[0.0239, 0.011] ov=[0.00015, 0.00028] P=5 S=52 arc=0.98 lr=0.00028 w_ov=6.65 iou=[0.888, 0.935] acc=3
r246 2204s L=0.04011 cov=[0.0239, 0.011] ov=[0.00015, 0.00027] P=5 S=51 arc=0.98 lr=0.0002 w_ov=6.76 iou=[0.888, 0.935] acc=1
r247 2213s L=0.04008 cov=[0.0239, 0.011] ov=[0.00015, 0.00027] P=5 S=51 arc=0.96 lr=0.0002 w_ov=6.87 iou=[0.888, 0.935] acc=1
r248 2221s L=0.04001 cov=[0.0238, 0.011] ov=[0.00015, 0.00027] P=5 S=51 arc=0.96 lr=0.0002 w_ov=6.98 iou=[0.888, 0.935] acc=0
r249 2228s L=0.03998 cov=[0.0238, 0.011] ov=[0.00015, 0.00027] P=5 S=50 arc=0.94 lr=0.00028 w_ov=7.09 iou=[0.888, 0.935] acc=2
r250 2237s L=0.03994 cov=[0.0238, 0.011] ov=[0.00015, 0.00026] P=5 S=50 arc=0.94 lr=0.0002 w_ov=7.2 iou=[0.888, 0.935] acc=0
r251 2245s L=0.03991 cov=[0.0238, 0.011] ov=[0.00015, 0.00026] P=5 S=50 arc=0.94 lr=0.0002 w_ov=7.31 iou=[0.888, 0.935] acc=0
r252 2252s L=0.0399 cov=[0.0238, 0.011] ov=[0.00015, 0.00026] P=5 S=50 arc=0.94 lr=0.0002 w_ov=7.42 iou=[0.888, 0.935] acc=0
r253 2260s L=0.03988 cov=[0.0239, 0.011] ov=[0.00015, 0.00026] P=5 S=50 arc=0.94 lr=0.00028 w_ov=7.53 iou=[0.888, 0.935] acc=0
r254 2268s L=0.03987 cov=[0.0239, 0.011] ov=[0.00015, 0.00026] P=5 S=50 arc=0.92 lr=0.0002 w_ov=7.65 iou=[0.888, 0.935] acc=2
r255 2277s L=0.03985 cov=[0.0239, 0.011] ov=[0.00015, 0.00025] P=5 S=50 arc=0.94 lr=0.0002 w_ov=7.76 iou=[0.888, 0.935] acc=0
r256 2284s L=0.03984 cov=[0.0239, 0.011] ov=[0.00015, 0.00025] P=5 S=50 arc=0.94 lr=0.00028 w_ov=7.89 iou=[0.888, 0.935] acc=0
r257 2292s L=0.03982 cov=[0.0239, 0.011] ov=[0.00014, 0.00025] P=5 S=50 arc=0.94 lr=0.0002 w_ov=8.01 iou=[0.888, 0.935] acc=0
r258 2301s L=0.03981 cov=[0.0239, 0.011] ov=[0.00014, 0.00025] P=5 S=50 arc=0.94 lr=0.0002 w_ov=8.14 iou=[0.888, 0.935] acc=0
r259 2309s L=0.03979 cov=[0.0239, 0.011] ov=[0.00014, 0.00025] P=5 S=50 arc=0.94 lr=0.0002 w_ov=8.27 iou=[0.888, 0.935] acc=1
r260 2317s L=0.03977 cov=[0.0239, 0.011] ov=[0.00014, 0.00025] P=5 S=50 arc=0.94 lr=0.0002 w_ov=8.39 iou=[0.888, 0.935] acc=0
r261 2325s L=0.03976 cov=[0.0239, 0.011] ov=[0.00014, 0.00024] P=5 S=50 arc=0.94 lr=0.0002 w_ov=8.53 iou=[0.888, 0.935] acc=0
r262 2333s L=0.03974 cov=[0.0239, 0.011] ov=[0.00014, 0.00024] P=5 S=50 arc=0.94 lr=0.0002 w_ov=8.66 iou=[0.888, 0.935] acc=0
r263 2342s L=0.03972 cov=[0.0239, 0.011] ov=[0.00014, 0.00024] P=5 S=49 arc=0.94 lr=0.00028 w_ov=8.8 iou=[0.888, 0.935] acc=1
r264 2350s L=0.03965 cov=[0.0239, 0.0111] ov=[0.00014, 0.00023] P=5 S=49 arc=0.96 lr=0.00057 w_ov=8.94 iou=[0.888, 0.935] acc=0
r265 2358s L=0.03958 cov=[0.0239, 0.0111] ov=[0.00013, 0.00022] P=5 S=49 arc=0.96 lr=0.0011 w_ov=9.08 iou=[0.888, 0.935] acc=0
r266 2367s L=0.03947 cov=[0.024, 0.0111] ov=[0.00012, 0.00021] P=5 S=49 arc=0.96 lr=0.0023 w_ov=9.22 iou=[0.888, 0.935] acc=0
r267 2375s L=0.03944 cov=[0.024, 0.0112] ov=[0.00012, 0.00021] P=5 S=49 arc=0.96 lr=0.00028 w_ov=9.38 iou=[0.887, 0.935] acc=0
r268 2383s L=0.03934 cov=[0.024, 0.0112] ov=[0.00012, 0.0002] P=5 S=49 arc=0.94 lr=0.0032 w_ov=9.53 iou=[0.887, 0.934] acc=1
r269 2391s L=0.03924 cov=[0.0241, 0.0113] ov=[0.00011, 0.00018] P=5 S=49 arc=0.94 lr=0.0023 w_ov=9.68 iou=[0.887, 0.934] acc=0
r270 2399s L=0.03908 cov=[0.0241, 0.0114] ov=[0.00011, 0.00016] P=5 S=49 arc=0.94 lr=0.0011 w_ov=9.82 iou=[0.887, 0.933] acc=0
r271 2407s L=0.039 cov=[0.0242, 0.0114] ov=[0.0001, 0.00014] P=5 S=49 arc=0.94 lr=0.0016 w_ov=9.98 iou=[0.887, 0.933] acc=0
{
 "SwapPoses": {
  "proposed": 1325,
  "accepted": 0,
  "scope": "per-target",
  "rate": 0.0
 },
 "ToArc": {
  "proposed": 453,
  "accepted": 194,
  "scope": "shared",
  "rate": 0.4282560706401766
 },
 "Merge": {
  "proposed": 2565,
  "accepted": 62,
  "scope": "shared",
  "rate": 0.024171539961013646
 },
 "Split": {
  "proposed": 6559,
  "accepted": 39,
  "scope": "shared",
  "rate": 0.0059460283579814
 },
 "Rotate": {
  "proposed": 2925,
  "accepted": 4,
  "scope": "per-target",
  "rate": 0.0013675213675213675
 },
 "MergeClose": {
  "proposed": 25,
  "accepted": 8,
  "scope": "shared",
  "rate": 0.32
 },
 "forced:RemoveSmallPart": {
  "proposed": 0,
  "accepted": 4,
  "scope": "shared",
  "rate": 4.0
 },
 "ToLine": {
  "proposed": 3556,
  "accepted": 136,
  "scope": "shared",
  "rate": 0.03824521934758155
 }
}
EVAL avg_chamfer=8.295 avg_hausdorff=29.697 pieces=5->5 loss=0.039
