r0 13s L=1.032 cov=[0.0183, 0.0427] ov=[0.04775, 0.04919] P=6 S=94 arc=0.00 lr=0.71 w_ov=0.1 iou=[0.909, 0.823] acc=13
r1 30s L=0.8591 cov=[0.0176, 0.0143] ov=[0.03785, 0.04474] P=5 S=86 arc=0.03 lr=0.5 w_ov=0.103 iou=[0.912, 0.927] acc=17
r2 41s L=0.8237 cov=[0.0159, 0.0105] ov=[0.03872, 0.04087] P=5 S=79 arc=0.15 lr=0.5 w_ov=0.106 iou=[0.911, 0.942] acc=13
r3 51s L=0.8348 cov=[0.0064, 0.008] ov=[0.03996, 0.04196] P=5 S=77 arc=0.26 lr=0.35 w_ov=0.108 iou=[0.957, 0.951] acc=14
r4 62s L=0.8013 cov=[0.0055, 0.0061] ov=[0.03899, 0.03985] P=5 S=76 arc=0.36 lr=0.25 w_ov=0.11 iou=[0.963, 0.958] acc=11
r5 73s L=0.7626 cov=[0.0051, 0.0044] ov=[0.03754, 0.03764] P=5 S=75 arc=0.41 lr=0.25 w_ov=0.113 iou=[0.963, 0.969] acc=7
r6 85s L=0.7288 cov=[0.0049, 0.0042] ov=[0.03616, 0.03568] P=5 S=74 arc=0.46 lr=0.35 w_ov=0.115 iou=[0.965, 0.969] acc=12
r7 96s L=0.6997 cov=[0.0052, 0.0042] ov=[0.03473, 0.03417] P=5 S=70 arc=0.54 lr=0.35 w_ov=0.118 iou=[0.966, 0.969] acc=13
r8 107s L=0.6818 cov=[0.0043, 0.0043] ov=[0.03418, 0.03301] P=5 S=64 arc=0.61 lr=0.13 w_ov=0.12 iou=[0.967, 0.969] acc=12
r9 118s L=0.6678 cov=[0.0043, 0.0043] ov=[0.03359, 0.03222] P=5 S=62 arc=0.69 lr=0.13 w_ov=0.123 iou=[0.968, 0.97] acc=6
r10 129s L=0.6533 cov=[0.0043, 0.0041] ov=[0.03298, 0.0314] P=5 S=61 arc=0.72 lr=0.18 w_ov=0.125 iou=[0.966, 0.969] acc=6
r11 140s L=0.6608 cov=[0.0064, 0.0041] ov=[0.03251, 0.03241] P=5 S=59 arc=0.80 lr=0.25 w_ov=0.128 iou=[0.946, 0.97] acc=6
r12 150s L=0.6266 cov=[0.0047, 0.004] ov=[0.03156, 0.03013] P=5 S=58 arc=0.83 lr=0.13 w_ov=0.131 iou=[0.965, 0.971] acc=3
r13 161s L=0.6234 cov=[0.0043, 0.004] ov=[0.03155, 0.02985] P=5 S=59 arc=0.81 lr=0.13 w_ov=0.134 iou=[0.966, 0.971] acc=4
r14 172s L=0.6159 cov=[0.0043, 0.0039] ov=[0.03066, 0.02999] P=5 S=59 arc=0.80 lr=0.18 w_ov=0.136 iou=[0.967, 0.97] acc=4
r15 182s L=0.6001 cov=[0.0038, 0.0037] ov=[0.0299, 0.02924] P=5 S=59 arc=0.78 lr=0.25 w_ov=0.139 iou=[0.969, 0.971] acc=3
r16 193s L=0.5809 cov=[0.004, 0.0036] ov=[0.0287, 0.02852] P=5 S=56 arc=0.80 lr=0.25 w_ov=0.142 iou=[0.969, 0.971] acc=4
r17 204s L=0.5668 cov=[0.0039, 0.0036] ov=[0.0281, 0.02771] P=5 S=56 arc=0.80 lr=0.25 w_ov=0.145 iou=[0.97, 0.972] acc=6
r18 214s L=0.5632 cov=[0.0037, 0.0036] ov=[0.02804, 0.02744] P=5 S=55 arc=0.85 lr=0.13 w_ov=0.148 iou=[0.97, 0.971] acc=3
r19 224s L=0.5605 cov=[0.0037, 0.0035] ov=[0.0279, 0.02732] P=5 S=54 arc=0.87 lr=0.18 w_ov=0.151 iou=[0.97, 0.972] acc=4
r20 234s L=0.5555 cov=[0.0036, 0.0035] ov=[0.02765, 0.02708] P=5 S=54 arc=0.91 lr=0.18 w_ov=0.154 iou=[0.97, 0.972] acc=1
r21 244s L=0.5512 cov=[0.0036, 0.0035] ov=[0.02743, 0.02687] P=5 S=54 arc=0.93 lr=0.18 w_ov=0.157 iou=[0.97, 0.972] acc=1
r22 254s L=0.5491 cov=[0.0036, 0.0035] ov=[0.02735, 0.02676] P=5 S=54 arc=0.94 lr=0.18 w_ov=0.16 iou=[0.97, 0.972] acc=0
r23 263s L=0.5477 cov=[0.0036, 0.0034] ov=[0.02726, 0.0267] P=5 S=53 arc=0.92 lr=0.18 w_ov=0.163 iou=[0.97, 0.972] acc=2
r24 273s L=0.5455 cov=[0.0036, 0.0034] ov=[0.02713, 0.02661] P=5 S=53 arc=0.92 lr=0.18 w_ov=0.166 iou=[0.971, 0.973] acc=0
r25 283s L=0.5424 cov=[0.0036, 0.0034] ov=[0.02697, 0.02647] P=5 S=53 arc=0.92 lr=0.18 w_ov=0.169 iou=[0.971, 0.973] acc=0
r26 293s L=0.5415 cov=[0.0036, 0.0033] ov=[0.02692, 0.02643] P=5 S=53 arc=0.92 lr=0.088 w_ov=0.172 iou=[0.97, 0.974] acc=3
r27 302s L=0.5401 cov=[0.0036, 0.0033] ov=[0.02682, 0.0264] P=5 S=53 arc=0.98 lr=0.13 w_ov=0.175 iou=[0.97, 0.974] acc=0
r28 311s L=0.5383 cov=[0.0036, 0.0033] ov=[0.02681, 0.02623] P=5 S=53 arc=0.98 lr=0.063 w_ov=0.179 iou=[0.97, 0.974] acc=0
r29 321s L=0.5361 cov=[0.0036, 0.0033] ov=[0.02672, 0.0261] P=5 S=53 arc=0.98 lr=0.088 w_ov=0.182 iou=[0.97, 0.974] acc=0
r30 331s L=0.533 cov=[0.0036, 0.0033] ov=[0.02662, 0.02589] P=5 S=53 arc=0.98 lr=0.18 w_ov=0.185 iou=[0.97, 0.974] acc=1
r31 341s L=0.531 cov=[0.0036, 0.0033] ov=[0.02657, 0.02573] P=5 S=53 arc=1.00 lr=0.088 w_ov=0.189 iou=[0.97, 0.975] acc=0
r32 350s L=0.529 cov=[0.0036, 0.0033] ov=[0.02645, 0.02565] P=5 S=53 arc=0.98 lr=0.18 w_ov=0.192 iou=[0.969, 0.975] acc=1
r33 360s L=0.5288 cov=[0.0037, 0.0036] ov=[0.0261, 0.02594] P=5 S=53 arc=0.94 lr=0.25 w_ov=0.196 iou=[0.968, 0.973] acc=2
r34 370s L=0.5225 cov=[0.0035, 0.0034] ov=[0.02645, 0.02501] P=5 S=53 arc=0.92 lr=0.25 w_ov=0.199 iou=[0.969, 0.975] acc=1
r35 379s L=0.5156 cov=[0.0037, 0.0034] ov=[0.02565, 0.02509] P=5 S=51 arc=0.90 lr=0.25 w_ov=0.203 iou=[0.967, 0.974] acc=4
r36 388s L=0.5158 cov=[0.0035, 0.0033] ov=[0.02583, 0.02497] P=5 S=51 arc=0.88 lr=0.25 w_ov=0.207 iou=[0.969, 0.975] acc=1
r37 398s L=0.514 cov=[0.0035, 0.0034] ov=[0.02568, 0.02492] P=5 S=51 arc=0.86 lr=0.13 w_ov=0.211 iou=[0.969, 0.974] acc=2
r38 407s L=0.5066 cov=[0.0034, 0.0034] ov=[0.02524, 0.02464] P=5 S=51 arc=0.88 lr=0.18 w_ov=0.215 iou=[0.968, 0.974] acc=1
r39 417s L=0.5029 cov=[0.0034, 0.0034] ov=[0.02508, 0.02444] P=5 S=51 arc=0.88 lr=0.088 w_ov=0.218 iou=[0.969, 0.975] acc=2
r40 427s L=0.4999 cov=[0.0034, 0.0033] ov=[0.02496, 0.02426] P=5 S=51 arc=0.90 lr=0.13 w_ov=0.222 iou=[0.969, 0.974] acc=1
r41 436s L=0.4966 cov=[0.0034, 0.0033] ov=[0.02478, 0.0241] P=5 S=51 arc=0.92 lr=0.063 w_ov=0.227 iou=[0.969, 0.974] acc=0
r42 445s L=0.494 cov=[0.0035, 0.0033] ov=[0.0247, 0.02392] P=5 S=51 arc=0.92 lr=0.13 w_ov=0.231 iou=[0.969, 0.974] acc=1
r43 455s L=0.4908 cov=[0.0035, 0.0033] ov=[0.02457, 0.02373] P=5 S=51 arc=0.94 lr=0.063 w_ov=0.235 iou=[0.968, 0.974] acc=2
r44 465s L=0.4888 cov=[0.0035, 0.0033] ov=[0.02449, 0.0236] P=5 S=51 arc=0.92 lr=0.044 w_ov=0.24 iou=[0.967, 0.974] acc=3
r45 475s L=0.4861 cov=[0.0035, 0.0033] ov=[0.02436, 0.02346] P=5 S=51 arc=0.92 lr=0.088 w_ov=0.244 iou=[0.967, 0.974] acc=3
r46 485s L=0.4833 cov=[0.0035, 0.0034] ov=[0.02427, 0.02327] P=5 S=51 arc=0.96 lr=0.088 w_ov=0.249 iou=[0.967, 0.974] acc=1
r47 495s L=0.4803 cov=[0.0036, 0.0034] ov=[0.02415, 0.02308] P=5 S=51 arc=0.98 lr=0.088 w_ov=0.254 iou=[0.967, 0.974] acc=1
r48 505s L=0.4767 cov=[0.0036, 0.0034] ov=[0.024, 0.02287] P=5 S=51 arc=1.00 lr=0.063 w_ov=0.258 iou=[0.967, 0.974] acc=0
r49 514s L=0.4733 cov=[0.0036, 0.0034] ov=[0.02384, 0.02269] P=5 S=51 arc=1.00 lr=0.088 w_ov=0.263 iou=[0.967, 0.975] acc=0
r50 524s L=0.4694 cov=[0.0036, 0.0034] ov=[0.02367, 0.02247] P=5 S=51 arc=1.00 lr=0.088 w_ov=0.268 iou=[0.967, 0.974] acc=0
r51 534s L=0.4667 cov=[0.0036, 0.0034] ov=[0.02357, 0.0223] P=5 S=51 arc=0.98 lr=0.13 w_ov=0.273 iou=[0.966, 0.974] acc=1
r52 544s L=0.4637 cov=[0.0037, 0.0035] ov=[0.02345, 0.02211] P=5 S=51 arc=0.94 lr=0.063 w_ov=0.279 iou=[0.966, 0.975] acc=3
r53 554s L=0.4611 cov=[0.0037, 0.0035] ov=[0.02336, 0.02193] P=5 S=51 arc=0.94 lr=0.088 w_ov=0.284 iou=[0.966, 0.975] acc=1
r54 563s L=0.4583 cov=[0.0037, 0.0035] ov=[0.02326, 0.02176] P=5 S=51 arc=0.90 lr=0.13 w_ov=0.289 iou=[0.966, 0.974] acc=2
r55 573s L=0.4536 cov=[0.0037, 0.0035] ov=[0.02303, 0.02151] P=5 S=51 arc=0.90 lr=0.063 w_ov=0.295 iou=[0.966, 0.974] acc=0
r56 583s L=0.4484 cov=[0.0037, 0.0036] ov=[0.02271, 0.0213] P=5 S=51 arc=0.90 lr=0.088 w_ov=0.3 iou=[0.965, 0.974] acc=0
r57 593s L=0.4448 cov=[0.0037, 0.0036] ov=[0.02249, 0.02116] P=5 S=51 arc=0.90 lr=0.13 w_ov=0.306 iou=[0.965, 0.973] acc=3
r58 601s L=0.4411 cov=[0.0038, 0.0037] ov=[0.02238, 0.02089] P=5 S=51 arc=0.94 lr=0.13 w_ov=0.312 iou=[0.966, 0.972] acc=1
r59 611s L=0.4375 cov=[0.0038, 0.0037] ov=[0.02211, 0.02079] P=5 S=51 arc=0.94 lr=0.13 w_ov=0.317 iou=[0.966, 0.972] acc=0
r60 620s L=0.4347 cov=[0.0038, 0.0037] ov=[0.02193, 0.02069] P=5 S=51 arc=0.94 lr=0.088 w_ov=0.323 iou=[0.965, 0.973] acc=0
r61 629s L=0.432 cov=[0.0038, 0.0037] ov=[0.02181, 0.02053] P=5 S=51 arc=0.92 lr=0.088 w_ov=0.329 iou=[0.964, 0.972] acc=2
r62 638s L=0.4301 cov=[0.0038, 0.0037] ov=[0.02169, 0.02046] P=5 S=51 arc=0.94 lr=0.088 w_ov=0.335 iou=[0.964, 0.972] acc=1
r63 648s L=0.4274 cov=[0.0039, 0.0037] ov=[0.02157, 0.02031] P=5 S=51 arc=0.96 lr=0.088 w_ov=0.34 iou=[0.963, 0.972] acc=1
r64 657s L=0.4244 cov=[0.0039, 0.0037] ov=[0.02139, 0.02019] P=5 S=51 arc=0.98 lr=0.088 w_ov=0.347 iou=[0.964, 0.971] acc=0
r65 667s L=0.4206 cov=[0.0039, 0.0038] ov=[0.02113, 0.02005] P=5 S=51 arc=0.96 lr=0.088 w_ov=0.353 iou=[0.965, 0.97] acc=1
r66 676s L=0.4178 cov=[0.0039, 0.0038] ov=[0.02094, 0.01996] P=5 S=51 arc=0.96 lr=0.088 w_ov=0.359 iou=[0.964, 0.97] acc=0
r67 685s L=0.4144 cov=[0.004, 0.0038] ov=[0.02076, 0.0198] P=5 S=51 arc=0.96 lr=0.044 w_ov=0.366 iou=[0.966, 0.971] acc=0
r68 695s L=0.4128 cov=[0.004, 0.0038] ov=[0.02071, 0.01969] P=5 S=51 arc=0.96 lr=0.063 w_ov=0.372 iou=[0.966, 0.971] acc=1
r69 705s L=0.4109 cov=[0.004, 0.0038] ov=[0.02061, 0.0196] P=5 S=51 arc=0.96 lr=0.044 w_ov=0.38 iou=[0.965, 0.971] acc=1
r70 715s L=0.4075 cov=[0.0041, 0.0039] ov=[0.02039, 0.01947] P=5 S=51 arc=0.96 lr=0.088 w_ov=0.387 iou=[0.965, 0.971] acc=1
r71 724s L=0.4026 cov=[0.0041, 0.0039] ov=[0.0202, 0.01916] P=5 S=51 arc=0.96 lr=0.088 w_ov=0.394 iou=[0.964, 0.97] acc=1
r72 733s L=0.3964 cov=[0.0042, 0.0039] ov=[0.01991, 0.01882] P=5 S=51 arc=0.96 lr=0.088 w_ov=0.401 iou=[0.964, 0.971] acc=0
r73 742s L=0.3913 cov=[0.0043, 0.004] ov=[0.0196, 0.01861] P=5 S=51 arc=0.92 lr=0.088 w_ov=0.408 iou=[0.964, 0.97] acc=3
r74 751s L=0.3867 cov=[0.0044, 0.004] ov=[0.01928, 0.01845] P=5 S=51 arc=0.94 lr=0.088 w_ov=0.415 iou=[0.963, 0.97] acc=2
r75 762s L=0.3819 cov=[0.0044, 0.004] ov=[0.01902, 0.01822] P=5 S=51 arc=0.96 lr=0.088 w_ov=0.423 iou=[0.962, 0.97] acc=1
r76 771s L=0.3767 cov=[0.0045, 0.004] ov=[0.01865, 0.01807] P=5 S=51 arc=0.96 lr=0.088 w_ov=0.432 iou=[0.961, 0.971] acc=0
r77 780s L=0.3702 cov=[0.0046, 0.0041] ov=[0.01831, 0.01773] P=5 S=50 arc=0.96 lr=0.088 w_ov=0.439 iou=[0.96, 0.97] acc=1
r78 789s L=0.363 cov=[0.0047, 0.0042] ov=[0.01797, 0.01734] P=5 S=50 arc=0.96 lr=0.088 w_ov=0.447 iou=[0.959, 0.971] acc=1
r79 799s L=0.3547 cov=[0.0048, 0.0043] ov=[0.01757, 0.0169] P=5 S=50 arc=0.98 lr=0.088 w_ov=0.455 iou=[0.96, 0.97] acc=0
r80 808s L=0.3489 cov=[0.0048, 0.0044] ov=[0.01723, 0.01665] P=5 S=50 arc=0.98 lr=0.088 w_ov=0.463 iou=[0.96, 0.969] acc=0
r81 818s L=0.3436 cov=[0.0049, 0.0044] ov=[0.01693, 0.0164] P=5 S=50 arc=0.98 lr=0.088 w_ov=0.472 iou=[0.96, 0.969] acc=0
r82 827s L=0.3406 cov=[0.0049, 0.0044] ov=[0.01673, 0.0163] P=5 S=49 arc=0.98 lr=0.088 w_ov=0.48 iou=[0.961, 0.969] acc=2
r83 837s L=0.3351 cov=[0.0049, 0.0044] ov=[0.01639, 0.01608] P=5 S=49 arc=1.00 lr=0.088 w_ov=0.489 iou=[0.959, 0.969] acc=0
r84 846s L=0.3294 cov=[0.0049, 0.0045] ov=[0.01604, 0.01586] P=5 S=49 arc=0.98 lr=0.088 w_ov=0.498 iou=[0.96, 0.968] acc=1
r85 855s L=0.3252 cov=[0.0051, 0.0045] ov=[0.01573, 0.01573] P=5 S=49 arc=0.98 lr=0.088 w_ov=0.507 iou=[0.959, 0.969] acc=0
r86 864s L=0.32 cov=[0.0051, 0.0045] ov=[0.01551, 0.01543] P=5 S=49 arc=0.98 lr=0.088 w_ov=0.516 iou=[0.959, 0.968] acc=0
r87 874s L=0.3129 cov=[0.0052, 0.0045] ov=[0.01517, 0.01504] P=5 S=49 arc=0.96 lr=0.088 w_ov=0.525 iou=[0.958, 0.969] acc=2
r88 883s L=0.3072 cov=[0.0052, 0.0046] ov=[0.01479, 0.01485] P=5 S=49 arc=0.94 lr=0.063 w_ov=0.535 iou=[0.959, 0.969] acc=2
r89 892s L=0.3024 cov=[0.0053, 0.0048] ov=[0.01444, 0.0147] P=5 S=49 arc=0.92 lr=0.044 w_ov=0.544 iou=[0.958, 0.966] acc=1
r90 901s L=0.2957 cov=[0.0054, 0.0048] ov=[0.01403, 0.01442] P=5 S=49 arc=0.90 lr=0.088 w_ov=0.554 iou=[0.958, 0.968] acc=3
r91 911s L=0.2889 cov=[0.0056, 0.0049] ov=[0.01354, 0.01421] P=5 S=48 arc=0.94 lr=0.063 w_ov=0.564 iou=[0.956, 0.966] acc=1
r92 920s L=0.2826 cov=[0.0057, 0.005] ov=[0.01314, 0.01395] P=5 S=48 arc=0.96 lr=0.063 w_ov=0.574 iou=[0.955, 0.965] acc=1
r93 929s L=0.2764 cov=[0.0057, 0.0052] ov=[0.01276, 0.01369] P=5 S=48 arc=0.98 lr=0.063 w_ov=0.584 iou=[0.955, 0.964] acc=0
r94 938s L=0.2737 cov=[0.0057, 0.0052] ov=[0.01262, 0.01356] P=5 S=48 arc=0.98 lr=0.044 w_ov=0.594 iou=[0.955, 0.963] acc=0
r95 947s L=0.2717 cov=[0.0058, 0.0052] ov=[0.01254, 0.01343] P=5 S=48 arc=0.98 lr=0.044 w_ov=0.605 iou=[0.954, 0.963] acc=0
r96 956s L=0.2701 cov=[0.0058, 0.0053] ov=[0.01249, 0.01331] P=5 S=47 arc=0.96 lr=0.022 w_ov=0.616 iou=[0.954, 0.963] acc=2
r97 965s L=0.2685 cov=[0.0058, 0.0053] ov=[0.01244, 0.0132] P=5 S=46 arc=0.96 lr=0.044 w_ov=0.626 iou=[0.955, 0.962] acc=2
r98 973s L=0.264 cov=[0.006, 0.0054] ov=[0.01217, 0.01299] P=5 S=45 arc=0.96 lr=0.088 w_ov=0.637 iou=[0.953, 0.962] acc=3
r99 982s L=0.2556 cov=[0.006, 0.0056] ov=[0.01172, 0.01259] P=5 S=45 arc=0.98 lr=0.063 w_ov=0.647 iou=[0.953, 0.961] acc=0
r100 991s L=0.2506 cov=[0.006, 0.0057] ov=[0.01141, 0.01238] P=5 S=45 arc=0.98 lr=0.063 w_ov=0.658 iou=[0.953, 0.962] acc=0
r101 999s L=0.2444 cov=[0.0061, 0.0058] ov=[0.01102, 0.01213] P=5 S=45 arc=0.93 lr=0.063 w_ov=0.669 iou=[0.953, 0.961] acc=2
r102 1007s L=0.2396 cov=[0.0062, 0.0059] ov=[0.01071, 0.01194] P=5 S=45 arc=0.93 lr=0.063 w_ov=0.68 iou=[0.953, 0.96] acc=1
r103 1016s L=0.2361 cov=[0.0062, 0.006] ov=[0.0105, 0.01179] P=5 S=45 arc=0.93 lr=0.063 w_ov=0.691 iou=[0.953, 0.959] acc=1
r104 1025s L=0.2317 cov=[0.0063, 0.0061] ov=[0.01025, 0.01159] P=5 S=45 arc=0.93 lr=0.044 w_ov=0.702 iou=[0.953, 0.96] acc=2
r105 1033s L=0.2273 cov=[0.0063, 0.0062] ov=[0.00994, 0.01145] P=5 S=45 arc=0.98 lr=0.063 w_ov=0.714 iou=[0.953, 0.959] acc=1
r106 1041s L=0.2226 cov=[0.0063, 0.0063] ov=[0.00961, 0.01129] P=5 S=45 arc=0.98 lr=0.044 w_ov=0.726 iou=[0.953, 0.958] acc=1
r107 1050s L=0.2185 cov=[0.0063, 0.0064] ov=[0.00938, 0.0111] P=5 S=45 arc=0.98 lr=0.044 w_ov=0.737 iou=[0.952, 0.958] acc=0
r108 1058s L=0.2143 cov=[0.0064, 0.0065] ov=[0.00908, 0.01097] P=5 S=45 arc=0.96 lr=0.044 w_ov=0.75 iou=[0.952, 0.956] acc=2
r109 1066s L=0.2108 cov=[0.0064, 0.0066] ov=[0.00888, 0.01081] P=5 S=45 arc=0.93 lr=0.044 w_ov=0.761 iou=[0.951, 0.957] acc=2
r110 1075s L=0.2071 cov=[0.0065, 0.0066] ov=[0.00863, 0.01067] P=5 S=45 arc=0.96 lr=0.063 w_ov=0.774 iou=[0.952, 0.956] acc=0
r111 1084s L=0.1991 cov=[0.0065, 0.0069] ov=[0.00802, 0.01046] P=5 S=45 arc=0.96 lr=0.063 w_ov=0.787 iou=[0.951, 0.955] acc=2
r112 1092s L=0.1934 cov=[0.0066, 0.007] ov=[0.00772, 0.01016] P=5 S=45 arc=1.00 lr=0.063 w_ov=0.8 iou=[0.95, 0.954] acc=0
r113 1102s L=0.186 cov=[0.0067, 0.0073] ov=[0.00719, 0.00992] P=5 S=45 arc=0.93 lr=0.063 w_ov=0.814 iou=[0.949, 0.954] acc=3
r114 1111s L=0.1767 cov=[0.0069, 0.0076] ov=[0.00654, 0.00959] P=5 S=45 arc=0.93 lr=0.044 w_ov=0.829 iou=[0.948, 0.953] acc=2
r115 1121s L=0.168 cov=[0.0071, 0.0079] ov=[0.00588, 0.00932] P=5 S=45 arc=0.96 lr=0.088 w_ov=0.844 iou=[0.948, 0.952] acc=1
r116 1130s L=0.1564 cov=[0.007, 0.0082] ov=[0.00509, 0.00894] P=5 S=44 arc=0.98 lr=0.063 w_ov=0.86 iou=[0.949, 0.952] acc=1
r117 1139s L=0.1442 cov=[0.0071, 0.0086] ov=[0.00419, 0.00856] P=5 S=43 arc=0.98 lr=0.063 w_ov=0.875 iou=[0.948, 0.948] acc=1
r118 1148s L=0.1309 cov=[0.0072, 0.0092] ov=[0.00297, 0.00837] P=5 S=42 arc=0.95 lr=0.044 w_ov=0.89 iou=[0.947, 0.941] acc=3
r119 1158s L=0.1168 cov=[0.0073, 0.0107] ov=[0.0015, 0.00828] P=5 S=42 arc=0.98 lr=0.044 w_ov=0.906 iou=[0.947, 0.941] acc=0
r120 1167s L=0.1147 cov=[0.0074, 0.0108] ov=[0.00149, 0.00808] P=5 S=42 arc=0.98 lr=0.044 w_ov=0.922 iou=[0.947, 0.942] acc=0
r121 1176s L=0.1134 cov=[0.0074, 0.0108] ov=[0.00146, 0.00796] P=5 S=42 arc=0.98 lr=0.022 w_ov=0.938 iou=[0.946, 0.941] acc=0
r122 1185s L=0.1117 cov=[0.0074, 0.0109] ov=[0.00142, 0.00782] P=5 S=42 arc=0.98 lr=0.044 w_ov=0.955 iou=[0.946, 0.941] acc=0
r123 1194s L=0.1112 cov=[0.0074, 0.0108] ov=[0.00141, 0.0078] P=5 S=42 arc=0.98 lr=0.016 w_ov=0.972 iou=[0.946, 0.943] acc=1
r124 1203s L=0.1041 cov=[0.0075, 0.0096] ov=[0.00115, 0.00746] P=5 S=42 arc=0.95 lr=0.063 w_ov=0.988 iou=[0.945, 0.947] acc=1
r125 1212s L=0.09863 cov=[0.0076, 0.0089] ov=[0.00109, 0.00702] P=5 S=41 arc=0.93 lr=0.063 w_ov=1.01 iou=[0.943, 0.948] acc=3
r126 1221s L=0.09207 cov=[0.0077, 0.0089] ov=[0.00097, 0.00649] P=5 S=40 arc=0.95 lr=0.063 w_ov=1.02 iou=[0.942, 0.949] acc=2
r127 1230s L=0.08545 cov=[0.0075, 0.0087] ov=[0.00079, 0.00604] P=5 S=40 arc=0.95 lr=0.063 w_ov=1.04 iou=[0.944, 0.95] acc=0
r128 1239s L=0.0824 cov=[0.0075, 0.0087] ov=[0.00075, 0.00578] P=5 S=40 arc=0.95 lr=0.044 w_ov=1.06 iou=[0.944, 0.95] acc=0
r129 1248s L=0.08008 cov=[0.0076, 0.0087] ov=[0.00072, 0.00557] P=5 S=42 arc=0.93 lr=0.063 w_ov=1.08 iou=[0.944, 0.949] acc=3
r130 1257s L=0.07592 cov=[0.0076, 0.0086] ov=[0.00059, 0.00529] P=5 S=42 arc=0.95 lr=0.031 w_ov=1.1 iou=[0.944, 0.949] acc=1
r131 1266s L=0.07305 cov=[0.0077, 0.0086] ov=[0.00052, 0.00506] P=5 S=42 arc=0.93 lr=0.063 w_ov=1.12 iou=[0.943, 0.951] acc=3
r132 1275s L=0.06869 cov=[0.0079, 0.0084] ov=[0.00049, 0.00466] P=5 S=41 arc=0.95 lr=0.031 w_ov=1.14 iou=[0.942, 0.95] acc=1
r133 1284s L=0.06567 cov=[0.008, 0.0084] ov=[0.00048, 0.00436] P=5 S=41 arc=0.95 lr=0.063 w_ov=1.15 iou=[0.942, 0.95] acc=1
r134 1293s L=0.06346 cov=[0.008, 0.0083] ov=[0.00045, 0.00418] P=5 S=41 arc=0.98 lr=0.044 w_ov=1.18 iou=[0.941, 0.951] acc=0
r135 1303s L=0.06197 cov=[0.0081, 0.0082] ov=[0.00043, 0.00404] P=5 S=41 arc=0.98 lr=0.031 w_ov=1.2 iou=[0.942, 0.95] acc=0
r136 1312s L=0.06107 cov=[0.0082, 0.0082] ov=[0.00044, 0.00393] P=5 S=41 arc=0.98 lr=0.044 w_ov=1.22 iou=[0.941, 0.949] acc=1
r137 1322s L=0.05927 cov=[0.0082, 0.0082] ov=[0.00039, 0.00382] P=5 S=41 arc=0.98 lr=0.044 w_ov=1.24 iou=[0.94, 0.95] acc=1
r138 1331s L=0.05803 cov=[0.0082, 0.0081] ov=[0.00039, 0.00369] P=5 S=41 arc=0.95 lr=0.031 w_ov=1.26 iou=[0.941, 0.95] acc=1
r139 1340s L=0.05718 cov=[0.0083, 0.0081] ov=[0.00038, 0.00361] P=5 S=41 arc=0.95 lr=0.031 w_ov=1.29 iou=[0.941, 0.951] acc=0
r140 1350s L=0.0558 cov=[0.0083, 0.0082] ov=[0.00036, 0.00348] P=5 S=41 arc=0.95 lr=0.031 w_ov=1.31 iou=[0.94, 0.95] acc=2
r141 1359s L=0.05496 cov=[0.0084, 0.0081] ov=[0.00036, 0.0034] P=5 S=41 arc=1.00 lr=0.031 w_ov=1.33 iou=[0.94, 0.951] acc=0
r142 1369s L=0.05362 cov=[0.0085, 0.0081] ov=[0.00029, 0.00332] P=5 S=41 arc=1.00 lr=0.031 w_ov=1.36 iou=[0.939, 0.95] acc=0
r143 1378s L=0.05271 cov=[0.0085, 0.0081] ov=[0.00026, 0.00325] P=5 S=41 arc=0.98 lr=0.022 w_ov=1.38 iou=[0.938, 0.949] acc=1
r144 1388s L=0.04851 cov=[0.009, 0.0081] ov=[0.00027, 0.00278] P=5 S=41 arc=0.98 lr=0.031 w_ov=1.41 iou=[0.937, 0.95] acc=0
r145 1397s L=0.04765 cov=[0.0091, 0.0081] ov=[0.00025, 0.00271] P=5 S=41 arc=0.98 lr=0.022 w_ov=1.43 iou=[0.937, 0.95] acc=0
r146 1407s L=0.04701 cov=[0.0091, 0.0081] ov=[0.00024, 0.00265] P=5 S=41 arc=0.98 lr=0.022 w_ov=1.46 iou=[0.937, 0.95] acc=0
r147 1416s L=0.04625 cov=[0.0092, 0.0081] ov=[0.00022, 0.00258] P=5 S=41 arc=0.98 lr=0.011 w_ov=1.49 iou=[0.936, 0.95] acc=0
r148 1426s L=0.04563 cov=[0.0092, 0.0081] ov=[0.00022, 0.00251] P=5 S=41 arc=0.98 lr=0.022 w_ov=1.51 iou=[0.936, 0.95] acc=1
r149 1435s L=0.04443 cov=[0.0093, 0.0081] ov=[0.0002, 0.00241] P=5 S=41 arc=1.00 lr=0.031 w_ov=1.54 iou=[0.935, 0.951] acc=0
r150 1445s L=0.04344 cov=[0.0094, 0.0081] ov=[0.00019, 0.00232] P=5 S=41 arc=1.00 lr=0.016 w_ov=1.57 iou=[0.935, 0.951] acc=0
r151 1454s L=0.04273 cov=[0.0095, 0.0081] ov=[0.00018, 0.00225] P=5 S=41 arc=1.00 lr=0.0078 w_ov=1.6 iou=[0.935, 0.951] acc=0
r152 1463s L=0.04226 cov=[0.0096, 0.0081] ov=[0.00018, 0.0022] P=5 S=41 arc=1.00 lr=0.016 w_ov=1.63 iou=[0.935, 0.951] acc=0
r153 1472s L=0.04154 cov=[0.0097, 0.0081] ov=[0.00017, 0.00212] P=5 S=41 arc=1.00 lr=0.022 w_ov=1.66 iou=[0.934, 0.951] acc=0
r154 1481s L=0.04045 cov=[0.0098, 0.0081] ov=[0.00016, 0.00201] P=5 S=41 arc=1.00 lr=0.022 w_ov=1.69 iou=[0.934, 0.951] acc=0
r155 1491s L=0.03932 cov=[0.0099, 0.0081] ov=[0.00015, 0.0019] P=5 S=41 arc=1.00 lr=0.016 w_ov=1.72 iou=[0.934, 0.95] acc=0
r156 1500s L=0.03873 cov=[0.0099, 0.0081] ov=[0.00015, 0.00183] P=5 S=41 arc=1.00 lr=0.016 w_ov=1.75 iou=[0.934, 0.95] acc=0
r157 1510s L=0.03782 cov=[0.01, 0.0081] ov=[0.00014, 0.00174] P=5 S=41 arc=1.00 lr=0.011 w_ov=1.78 iou=[0.934, 0.95] acc=0
r158 1519s L=0.03731 cov=[0.0101, 0.0081] ov=[0.00013, 0.00169] P=5 S=41 arc=1.00 lr=0.0078 w_ov=1.81 iou=[0.933, 0.951] acc=0
r159 1529s L=0.03694 cov=[0.0101, 0.0081] ov=[0.00013, 0.00165] P=5 S=41 arc=1.00 lr=0.0055 w_ov=1.85 iou=[0.933, 0.951] acc=0
r160 1538s L=0.0364 cov=[0.0102, 0.0081] ov=[0.00013, 0.0016] P=5 S=41 arc=1.00 lr=0.011 w_ov=1.88 iou=[0.933, 0.95] acc=0
r161 1547s L=0.03608 cov=[0.0102, 0.008] ov=[0.00013, 0.00156] P=5 S=41 arc=1.00 lr=0.022 w_ov=1.91 iou=[0.933, 0.951] acc=0
r162 1556s L=0.03541 cov=[0.0103, 0.008] ov=[0.0001, 0.00151] P=5 S=41 arc=1.00 lr=0.016 w_ov=1.95 iou=[0.933, 0.95] acc=0
r163 1565s L=0.0348 cov=[0.0104, 0.008] ov=[0.0001, 0.00145] P=5 S=41 arc=1.00 lr=0.022 w_ov=1.98 iou=[0.933, 0.95] acc=0
r164 1574s L=0.03394 cov=[0.0104, 0.008] ov=[0.0001, 0.00136] P=5 S=41 arc=1.00 lr=0.031 w_ov=2.02 iou=[0.933, 0.951] acc=0
r165 1584s L=0.03296 cov=[0.0105, 0.008] ov=[0.0001, 0.00125] P=5 S=41 arc=1.00 lr=0.022 w_ov=2.05 iou=[0.933, 0.951] acc=0
r166 1593s L=0.03218 cov=[0.0105, 0.008] ov=[9e-05, 0.00118] P=5 S=41 arc=1.00 lr=0.016 w_ov=2.09 iou=[0.933, 0.952] acc=0
r167 1603s L=0.03024 cov=[0.0107, 0.008] ov=[8e-05, 0.00098] P=5 S=41 arc=0.98 lr=0.016 w_ov=2.13 iou=[0.931, 0.951] acc=1
r168 1612s L=0.02943 cov=[0.0108, 0.0081] ov=[7e-05, 0.0009] P=5 S=41 arc=0.98 lr=0.022 w_ov=2.17 iou=[0.931, 0.95] acc=0
r169 1621s L=0.02839 cov=[0.0109, 0.0081] ov=[5e-05, 0.00081] P=5 S=41 arc=0.98 lr=0.016 w_ov=2.2 iou=[0.931, 0.95] acc=0
r170 1630s L=0.02799 cov=[0.0109, 0.0081] ov=[6e-05, 0.00075] P=5 S=41 arc=0.98 lr=0.022 w_ov=2.24 iou=[0.931, 0.949] acc=0
r171 1639s L=0.02716 cov=[0.011, 0.0081] ov=[4e-05, 0.00067] P=5 S=41 arc=0.98 lr=0.016 w_ov=2.28 iou=[0.931, 0.95] acc=0
r172 1648s L=0.02689 cov=[0.011, 0.0081] ov=[5e-05, 0.00063] P=5 S=41 arc=0.98 lr=0.022 w_ov=2.32 iou=[0.93, 0.95] acc=0
r173 1657s L=0.02619 cov=[0.0111, 0.0081] ov=[3e-05, 0.00058] P=5 S=41 arc=0.98 lr=0.0078 w_ov=2.36 iou=[0.93, 0.95] acc=0
r174 1667s L=0.02599 cov=[0.0111, 0.0081] ov=[3e-05, 0.00056] P=5 S=41 arc=0.95 lr=0.0055 w_ov=2.4 iou=[0.93, 0.95] acc=1
r175 1676s L=0.02588 cov=[0.0111, 0.0081] ov=[3e-05, 0.00055] P=5 S=41 arc=0.95 lr=0.0039 w_ov=2.45 iou=[0.93, 0.951] acc=1
r176 1685s L=0.02582 cov=[0.0111, 0.0081] ov=[3e-05, 0.00054] P=5 S=41 arc=0.98 lr=0.00098 w_ov=2.49 iou=[0.93, 0.951] acc=0
r177 1695s L=0.02581 cov=[0.0111, 0.0081] ov=[3e-05, 0.00054] P=5 S=41 arc=0.98 lr=0.0002 w_ov=2.54 iou=[0.93, 0.951] acc=0
r178 1704s L=0.0258 cov=[0.0111, 0.0081] ov=[3e-05, 0.00054] P=5 S=41 arc=0.98 lr=0.0002 w_ov=2.58 iou=[0.93, 0.951] acc=0
r179 1713s L=0.02579 cov=[0.0112, 0.0081] ov=[3e-05, 0.00054] P=5 S=41 arc=0.98 lr=0.0002 w_ov=2.63 iou=[0.93, 0.951] acc=0
r180 1723s L=0.02578 cov=[0.0112, 0.0081] ov=[3e-05, 0.00054] P=5 S=41 arc=0.98 lr=0.0002 w_ov=2.68 iou=[0.93, 0.951] acc=0
r181 1732s L=0.02577 cov=[0.0112, 0.0081] ov=[3e-05, 0.00054] P=5 S=41 arc=0.98 lr=0.0002 w_ov=2.73 iou=[0.93, 0.951] acc=0
r182 1741s L=0.02575 cov=[0.0112, 0.0081] ov=[3e-05, 0.00053] P=5 S=41 arc=0.98 lr=0.0002 w_ov=2.77 iou=[0.93, 0.951] acc=0
r183 1751s L=0.02574 cov=[0.0112, 0.0081] ov=[2e-05, 0.00053] P=5 S=41 arc=0.98 lr=0.0002 w_ov=2.82 iou=[0.93, 0.951] acc=0
r184 1759s L=0.02572 cov=[0.0112, 0.0081] ov=[2e-05, 0.00053] P=5 S=41 arc=0.98 lr=0.0002 w_ov=2.88 iou=[0.93, 0.951] acc=0
r185 1769s L=0.02571 cov=[0.0112, 0.0081] ov=[2e-05, 0.00053] P=5 S=41 arc=0.98 lr=0.0002 w_ov=2.93 iou=[0.93, 0.951] acc=0
r186 1778s L=0.02569 cov=[0.0112, 0.0081] ov=[2e-05, 0.00053] P=5 S=41 arc=0.98 lr=0.0002 w_ov=2.98 iou=[0.93, 0.951] acc=0
r187 1787s L=0.02568 cov=[0.0112, 0.0081] ov=[2e-05, 0.00053] P=5 S=41 arc=0.98 lr=0.0002 w_ov=3.03 iou=[0.93, 0.951] acc=0
r188 1797s L=0.02566 cov=[0.0112, 0.0081] ov=[2e-05, 0.00053] P=5 S=41 arc=0.98 lr=0.0002 w_ov=3.09 iou=[0.93, 0.951] acc=0
r189 1806s L=0.02563 cov=[0.0112, 0.0081] ov=[2e-05, 0.00053] P=5 S=41 arc=0.98 lr=0.0002 w_ov=3.14 iou=[0.93, 0.951] acc=0
r190 1815s L=0.02561 cov=[0.0112, 0.0081] ov=[2e-05, 0.00052] P=5 S=41 arc=0.98 lr=0.0002 w_ov=3.2 iou=[0.93, 0.951] acc=0
r191 1825s L=0.02559 cov=[0.0112, 0.0081] ov=[2e-05, 0.00052] P=5 S=41 arc=0.98 lr=0.0002 w_ov=3.26 iou=[0.93, 0.951] acc=0
r192 1833s L=0.02557 cov=[0.0112, 0.0081] ov=[2e-05, 0.00052] P=5 S=41 arc=0.98 lr=0.0002 w_ov=3.32 iou=[0.93, 0.951] acc=0
r193 1842s L=0.02555 cov=[0.0112, 0.0081] ov=[2e-05, 0.00052] P=5 S=41 arc=0.98 lr=0.0002 w_ov=3.37 iou=[0.93, 0.951] acc=0
r194 1852s L=0.02553 cov=[0.0112, 0.0081] ov=[2e-05, 0.00051] P=5 S=41 arc=0.98 lr=0.0002 w_ov=3.43 iou=[0.93, 0.951] acc=0
r195 1862s L=0.0255 cov=[0.0112, 0.0081] ov=[2e-05, 0.00051] P=5 S=41 arc=0.98 lr=0.0002 w_ov=3.49 iou=[0.93, 0.951] acc=0
r196 1871s L=0.02548 cov=[0.0112, 0.0081] ov=[2e-05, 0.00051] P=5 S=41 arc=0.98 lr=0.00028 w_ov=3.56 iou=[0.93, 0.95] acc=0
r197 1881s L=0.02546 cov=[0.0112, 0.0081] ov=[2e-05, 0.00051] P=5 S=41 arc=0.98 lr=0.0002 w_ov=3.63 iou=[0.93, 0.95] acc=0
r198 1890s L=0.02543 cov=[0.0112, 0.0081] ov=[2e-05, 0.0005] P=5 S=41 arc=0.98 lr=0.0002 w_ov=3.69 iou=[0.93, 0.95] acc=0
r199 1900s L=0.0254 cov=[0.0112, 0.0081] ov=[2e-05, 0.0005] P=5 S=41 arc=0.95 lr=0.0002 w_ov=3.76 iou=[0.93, 0.95] acc=1
r200 1909s L=0.02536 cov=[0.0112, 0.0081] ov=[2e-05, 0.0005] P=5 S=41 arc=0.95 lr=0.0002 w_ov=3.83 iou=[0.93, 0.95] acc=1
r201 1918s L=0.02533 cov=[0.0112, 0.0081] ov=[1e-05, 0.00049] P=5 S=41 arc=0.98 lr=0.0002 w_ov=3.9 iou=[0.93, 0.95] acc=0
r202 1928s L=0.02529 cov=[0.0112, 0.0081] ov=[1e-05, 0.00049] P=5 S=41 arc=0.98 lr=0.00028 w_ov=3.97 iou=[0.93, 0.95] acc=0
r203 1937s L=0.02525 cov=[0.0112, 0.0081] ov=[1e-05, 0.00048] P=5 S=41 arc=0.98 lr=0.0002 w_ov=4.04 iou=[0.929, 0.949] acc=0
r204 1946s L=0.02521 cov=[0.0112, 0.0081] ov=[1e-05, 0.00048] P=5 S=41 arc=0.98 lr=0.0002 w_ov=4.11 iou=[0.929, 0.949] acc=0
r205 1955s L=0.02518 cov=[0.0113, 0.0081] ov=[1e-05, 0.00048] P=5 S=41 arc=0.98 lr=0.0002 w_ov=4.18 iou=[0.929, 0.949] acc=0
r206 1964s L=0.02516 cov=[0.0113, 0.0081] ov=[1e-05, 0.00048] P=5 S=41 arc=0.98 lr=0.0002 w_ov=4.26 iou=[0.929, 0.949] acc=0
r207 1973s L=0.02513 cov=[0.0113, 0.0081] ov=[1e-05, 0.00047] P=5 S=41 arc=0.98 lr=0.0002 w_ov=4.33 iou=[0.93, 0.949] acc=0
r208 1983s L=0.02511 cov=[0.0113, 0.0081] ov=[1e-05, 0.00047] P=5 S=41 arc=0.98 lr=0.0002 w_ov=4.41 iou=[0.93, 0.949] acc=0
r209 1992s L=0.02508 cov=[0.0113, 0.0081] ov=[1e-05, 0.00047] P=5 S=41 arc=0.98 lr=0.0002 w_ov=4.49 iou=[0.929, 0.949] acc=0
r210 2002s L=0.02507 cov=[0.0113, 0.0081] ov=[1e-05, 0.00047] P=5 S=41 arc=0.98 lr=0.0002 w_ov=4.57 iou=[0.929, 0.949] acc=0
r211 2011s L=0.02506 cov=[0.0113, 0.0081] ov=[1e-05, 0.00046] P=5 S=41 arc=0.98 lr=0.0002 w_ov=4.66 iou=[0.929, 0.949] acc=0
r212 2019s L=0.02504 cov=[0.0113, 0.0081] ov=[1e-05, 0.00046] P=5 S=41 arc=0.98 lr=0.0002 w_ov=4.74 iou=[0.929, 0.949] acc=0
r213 2028s L=0.02503 cov=[0.0113, 0.0081] ov=[1e-05, 0.00046] P=5 S=41 arc=0.98 lr=0.0002 w_ov=4.82 iou=[0.929, 0.949] acc=0
r214 2038s L=0.02501 cov=[0.0113, 0.0081] ov=[1e-05, 0.00046] P=5 S=41 arc=0.98 lr=0.0002 w_ov=4.9 iou=[0.93, 0.949] acc=0
r215 2047s L=0.025 cov=[0.0113, 0.0082] ov=[1e-05, 0.00046] P=5 S=41 arc=0.98 lr=0.0002 w_ov=4.99 iou=[0.929, 0.949] acc=0
r216 2056s L=0.02498 cov=[0.0113, 0.0082] ov=[1e-05, 0.00045] P=5 S=41 arc=0.98 lr=0.00028 w_ov=5.08 iou=[0.929, 0.949] acc=0
r217 2065s L=0.02496 cov=[0.0113, 0.0082] ov=[1e-05, 0.00045] P=5 S=41 arc=0.98 lr=0.0002 w_ov=5.17 iou=[0.929, 0.949] acc=0
r218 2074s L=0.02494 cov=[0.0113, 0.0082] ov=[1e-05, 0.00045] P=5 S=41 arc=0.98 lr=0.00028 w_ov=5.26 iou=[0.929, 0.949] acc=1
r219 2083s L=0.02492 cov=[0.0113, 0.0082] ov=[1e-05, 0.00045] P=5 S=41 arc=0.98 lr=0.0002 w_ov=5.35 iou=[0.929, 0.949] acc=1
r220 2093s L=0.02489 cov=[0.0113, 0.0082] ov=[1e-05, 0.00044] P=5 S=41 arc=0.98 lr=0.0002 w_ov=5.45 iou=[0.929, 0.949] acc=0
r221 2102s L=0.02487 cov=[0.0113, 0.0082] ov=[1e-05, 0.00044] P=5 S=41 arc=0.98 lr=0.0002 w_ov=5.54 iou=[0.929, 0.949] acc=0
r222 2111s L=0.02485 cov=[0.0113, 0.0082] ov=[0.0, 0.00044] P=5 S=41 arc=0.98 lr=0.0002 w_ov=5.64 iou=[0.93, 0.949] acc=0
r223 2120s L=0.02482 cov=[0.0113, 0.0082] ov=[0.0, 0.00043] P=5 S=41 arc=0.98 lr=0.0002 w_ov=5.74 iou=[0.93, 0.949] acc=0
r224 2130s L=0.0248 cov=[0.0113, 0.0082] ov=[0.0, 0.00043] P=5 S=41 arc=0.98 lr=0.00028 w_ov=5.84 iou=[0.93, 0.949] acc=0
r225 2138s L=0.02462 cov=[0.0113, 0.0082] ov=[0.0, 0.00041] P=5 S=41 arc=0.98 lr=0.0045 w_ov=5.95 iou=[0.93, 0.949] acc=0
r226 2147s L=0.02397 cov=[0.0115, 0.0083] ov=[0.0, 0.00033] P=5 S=41 arc=0.98 lr=0.013 w_ov=6.05 iou=[0.93, 0.948] acc=0
r227 2156s L=0.02361 cov=[0.0114, 0.0083] ov=[0.0, 0.00029] P=5 S=40 arc=1.00 lr=0.0045 w_ov=6.16 iou=[0.93, 0.948] acc=1
r228 2166s L=0.02336 cov=[0.0115, 0.0083] ov=[0.0, 0.00027] P=5 S=40 arc=1.00 lr=0.0064 w_ov=6.27 iou=[0.929, 0.949] acc=0
r229 2175s L=0.02323 cov=[0.0115, 0.0083] ov=[0.0, 0.00025] P=5 S=40 arc=1.00 lr=0.0045 w_ov=6.38 iou=[0.929, 0.949] acc=0
r230 2183s L=0.02316 cov=[0.0115, 0.0083] ov=[0.0, 0.00024] P=5 S=40 arc=1.00 lr=0.0045 w_ov=6.49 iou=[0.929, 0.949] acc=0
r231 2192s L=0.02308 cov=[0.0116, 0.0083] ov=[0.0, 0.00023] P=5 S=40 arc=1.00 lr=0.0023 w_ov=6.6 iou=[0.929, 0.949] acc=0
r232 2201s L=0.02303 cov=[0.0116, 0.0083] ov=[0.0, 0.00022] P=5 S=40 arc=1.00 lr=0.0016 w_ov=6.71 iou=[0.929, 0.95] acc=0
r233 2209s L=0.02301 cov=[0.0116, 0.0083] ov=[0.0, 0.00022] P=5 S=40 arc=1.00 lr=0.0011 w_ov=6.83 iou=[0.929, 0.95] acc=0
r234 2218s L=0.02299 cov=[0.0116, 0.0083] ov=[0.0, 0.00022] P=5 S=40 arc=1.00 lr=0.0008 w_ov=6.94 iou=[0.929, 0.949] acc=0
r235 2227s L=0.02298 cov=[0.0116, 0.0083] ov=[0.0, 0.00022] P=5 S=40 arc=1.00 lr=0.00028 w_ov=7.06 iou=[0.929, 0.95] acc=0
r236 2236s L=0.02298 cov=[0.0116, 0.0083] ov=[0.0, 0.00022] P=5 S=40 arc=1.00 lr=0.0002 w_ov=7.18 iou=[0.929, 0.95] acc=0
r237 2245s L=0.02297 cov=[0.0116, 0.0083] ov=[0.0, 0.00022] P=5 S=40 arc=1.00 lr=0.0002 w_ov=7.3 iou=[0.929, 0.95] acc=0
r238 2254s L=0.02297 cov=[0.0116, 0.0083] ov=[0.0, 0.00022] P=5 S=40 arc=1.00 lr=0.0002 w_ov=7.43 iou=[0.929, 0.95] acc=0
r239 2263s L=0.02296 cov=[0.0116, 0.0083] ov=[0.0, 0.00022] P=5 S=40 arc=1.00 lr=0.0002 w_ov=7.56 iou=[0.929, 0.95] acc=0
r240 2272s L=0.02296 cov=[0.0116, 0.0083] ov=[0.0, 0.00021] P=5 S=40 arc=1.00 lr=0.00028 w_ov=7.69 iou=[0.929, 0.95] acc=0
r241 2281s L=0.02295 cov=[0.0116, 0.0083] ov=[0.0, 0.00021] P=5 S=40 arc=1.00 lr=0.0002 w_ov=7.82 iou=[0.929, 0.95] acc=0
r242 2289s L=0.02294 cov=[0.0116, 0.0083] ov=[0.0, 0.00021] P=5 S=40 arc=1.00 lr=0.00028 w_ov=7.95 iou=[0.929, 0.949] acc=0
r243 2297s L=0.02294 cov=[0.0116, 0.0083] ov=[0.0, 0.00021] P=5 S=40 arc=1.00 lr=0.0002 w_ov=8.09 iou=[0.929, 0.949] acc=0
r244 2306s L=0.02293 cov=[0.0116, 0.0083] ov=[0.0, 0.00021] P=5 S=40 arc=1.00 lr=0.0002 w_ov=8.22 iou=[0.929, 0.949] acc=0
r245 2314s L=0.02292 cov=[0.0116, 0.0083] ov=[0.0, 0.00021] P=5 S=40 arc=1.00 lr=0.0002 w_ov=8.35 iou=[0.929, 0.949] acc=0
r246 2323s L=0.02292 cov=[0.0116, 0.0083] ov=[0.0, 0.00021] P=5 S=40 arc=1.00 lr=0.0002 w_ov=8.49 iou=[0.929, 0.949] acc=0
r247 2333s L=0.02291 cov=[0.0116, 0.0083] ov=[0.0, 0.00021] P=5 S=40 arc=1.00 lr=0.0002 w_ov=8.63 iou=[0.929, 0.949] acc=0
r248 2341s L=0.0229 cov=[0.0116, 0.0083] ov=[0.0, 0.00021] P=5 S=40 arc=1.00 lr=0.0002 w_ov=8.79 iou=[0.929, 0.949] acc=0
r249 2351s L=0.02289 cov=[0.0116, 0.0083] ov=[0.0, 0.00021] P=5 S=40 arc=1.00 lr=0.0002 w_ov=8.94 iou=[0.929, 0.949] acc=0
r250 2360s L=0.02288 cov=[0.0116, 0.0083] ov=[0.0, 0.0002] P=5 S=40 arc=1.00 lr=0.0002 w_ov=9.1 iou=[0.929, 0.949] acc=0
r251 2369s L=0.02287 cov=[0.0116, 0.0083] ov=[0.0, 0.0002] P=5 S=40 arc=1.00 lr=0.0002 w_ov=9.26 iou=[0.929, 0.949] acc=0
r252 2377s L=0.02286 cov=[0.0116, 0.0083] ov=[0.0, 0.0002] P=5 S=40 arc=1.00 lr=0.00028 w_ov=9.42 iou=[0.929, 0.949] acc=0
r253 2386s L=0.02285 cov=[0.0116, 0.0083] ov=[0.0, 0.0002] P=5 S=40 arc=1.00 lr=0.0002 w_ov=9.58 iou=[0.929, 0.949] acc=0
r254 2395s L=0.02284 cov=[0.0116, 0.0083] ov=[0.0, 0.0002] P=5 S=40 arc=1.00 lr=0.0002 w_ov=9.74 iou=[0.929, 0.949] acc=0
r255 2404s L=0.02283 cov=[0.0116, 0.0083] ov=[0.0, 0.0002] P=5 S=40 arc=1.00 lr=0.0002 w_ov=9.9 iou=[0.929, 0.949] acc=0
{
 "SwapPoses": {
  "proposed": 1158,
  "accepted": 1,
  "scope": "per-target",
  "rate": 0.0008635578583765112
 },
 "Merge": {
  "proposed": 1706,
  "accepted": 53,
  "scope": "shared",
  "rate": 0.031066822977725676
 },
 "ToArc": {
  "proposed": 325,
  "accepted": 138,
  "scope": "shared",
  "rate": 0.4246153846153846
 },
 "Rotate": {
  "proposed": 2777,
  "accepted": 6,
  "scope": "per-target",
  "rate": 0.0021606049693914295
 },
 "Split": {
  "proposed": 6377,
  "accepted": 15,
  "scope": "shared",
  "rate": 0.002352203230359103
 },
 "MergeClose": {
  "proposed": 121,
  "accepted": 5,
  "scope": "shared",
  "rate": 0.04132231404958678
 },
 "forced:RemoveSmallPart": {
  "proposed": 0,
  "accepted": 2,
  "scope": "shared",
  "rate": 2.0
 },
 "ToLine": {
  "proposed": 3920,
  "accepted": 78,
  "scope": "shared",
  "rate": 0.01989795918367347
 },
 "forced:CutPart": {
  "proposed": 0,
  "accepted": 1,
  "scope": "shared",
  "rate": 1.0
 }
}
EVAL avg_chamfer=6.405 avg_hausdorff=25.758 pieces=5->5 loss=0.022828
