r0 13s L=0.3284 cov=[0.0032, 0.0064] ov=[0.01142, 0.02033] P=6 S=74 arc=0.00 lr=0.35 w_ov=0.1 iou=[0.973, 0.967] acc=19
r1 27s L=0.3341 cov=[0.0023, 0.0054] ov=[0.01227, 0.02023] P=6 S=69 arc=0.25 lr=0.5 w_ov=0.105 iou=[0.975, 0.97] acc=10
r2 39s L=0.5246 cov=[0.0024, 0.0047] ov=[0.02258, 0.02904] P=6 S=68 arc=0.29 lr=0.1 w_ov=0.111 iou=[0.975, 0.971] acc=13
r3 64s L=0.4934 cov=[0.0022, 0.0037] ov=[0.02159, 0.02703] P=6 S=67 arc=0.43 lr=0.14 w_ov=0.116 iou=[0.977, 0.974] acc=10
r4 80s L=0.3038 cov=[0.0023, 0.0033] ov=[0.01212, 0.01759] P=6 S=65 arc=0.51 lr=0.35 w_ov=0.128 iou=[0.976, 0.974] acc=10
r5 96s L=0.4825 cov=[0.0021, 0.0024] ov=[0.02201, 0.02566] P=6 S=63 arc=0.52 lr=0.099 w_ov=0.136 iou=[0.978, 0.981] acc=9
r6 110s L=0.4782 cov=[0.002, 0.0024] ov=[0.02111, 0.02615] P=6 S=63 arc=0.57 lr=0.098 w_ov=0.145 iou=[0.979, 0.981] acc=7
r7 120s L=0.2748 cov=[0.0023, 0.0025] ov=[0.01089, 0.01599] P=6 S=64 arc=0.62 lr=0.35 w_ov=0.152 iou=[0.977, 0.979] acc=2
r8 135s L=0.4683 cov=[0.002, 0.0022] ov=[0.02095, 0.02534] P=6 S=63 arc=0.60 lr=0.098 w_ov=0.159 iou=[0.978, 0.981] acc=5
r9 149s L=0.4151 cov=[0.002, 0.0021] ov=[0.01815, 0.02282] P=6 S=61 arc=0.61 lr=0.097 w_ov=0.168 iou=[0.979, 0.981] acc=5
r10 159s L=0.3077 cov=[0.0022, 0.0027] ov=[0.01207, 0.01809] P=6 S=64 arc=0.58 lr=0.48 w_ov=0.177 iou=[0.982, 0.975] acc=16
r11 170s L=0.3357 cov=[0.0075, 0.0072] ov=[0.01097, 0.021] P=6 S=61 arc=0.54 lr=0.24 w_ov=0.185 iou=[0.954, 0.96] acc=11
r12 182s L=0.294 cov=[0.002, 0.0022] ov=[0.01197, 0.01689] P=6 S=60 arc=0.52 lr=0.17 w_ov=0.192 iou=[0.978, 0.981] acc=13
r13 194s L=0.3631 cov=[0.0019, 0.0018] ov=[0.01643, 0.01939] P=6 S=57 arc=0.63 lr=0.095 w_ov=0.201 iou=[0.981, 0.981] acc=11
r14 207s L=0.324 cov=[0.002, 0.0021] ov=[0.01396, 0.01792] P=6 S=56 arc=0.70 lr=0.094 w_ov=0.211 iou=[0.98, 0.98] acc=3
r15 217s L=0.4227 cov=[0.002, 0.002] ov=[0.01893, 0.02282] P=6 S=55 arc=0.67 lr=0.093 w_ov=0.221 iou=[0.979, 0.981] acc=8
r16 228s L=0.2538 cov=[0.0022, 0.0023] ov=[0.01016, 0.01466] P=6 S=54 arc=0.78 lr=0.13 w_ov=0.23 iou=[0.979, 0.98] acc=2
r17 239s L=0.2464 cov=[0.0022, 0.0023] ov=[0.0096, 0.01447] P=6 S=54 arc=0.80 lr=0.092 w_ov=0.24 iou=[0.978, 0.981] acc=2
r18 251s L=0.2984 cov=[0.0022, 0.0021] ov=[0.01278, 0.01652] P=6 S=54 arc=0.80 lr=0.091 w_ov=0.25 iou=[0.979, 0.981] acc=4
r19 261s L=0.31 cov=[0.0022, 0.0021] ov=[0.01356, 0.0169] P=6 S=54 arc=0.80 lr=0.09 w_ov=0.262 iou=[0.977, 0.981] acc=2
r20 274s L=0.2536 cov=[0.0024, 0.0022] ov=[0.01024, 0.01455] P=6 S=53 arc=0.81 lr=0.18 w_ov=0.273 iou=[0.977, 0.98] acc=6
r21 284s L=0.2433 cov=[0.0024, 0.0023] ov=[0.00962, 0.01412] P=6 S=53 arc=0.83 lr=0.088 w_ov=0.286 iou=[0.976, 0.98] acc=4
r22 296s L=0.2193 cov=[0.0025, 0.0027] ov=[0.00827, 0.01304] P=6 S=53 arc=0.79 lr=0.17 w_ov=0.298 iou=[0.977, 0.98] acc=7
r23 309s L=0.2092 cov=[0.0026, 0.0027] ov=[0.00777, 0.0125] P=6 S=53 arc=0.81 lr=0.086 w_ov=0.311 iou=[0.977, 0.978] acc=5
r24 319s L=0.2076 cov=[0.0026, 0.0026] ov=[0.00769, 0.01243] P=6 S=53 arc=0.83 lr=0.085 w_ov=0.327 iou=[0.977, 0.979] acc=1
r25 331s L=0.2031 cov=[0.0027, 0.0027] ov=[0.00748, 0.01217] P=6 S=53 arc=0.85 lr=0.084 w_ov=0.341 iou=[0.974, 0.978] acc=2
r26 343s L=0.178 cov=[0.003, 0.0029] ov=[0.00632, 0.01078] P=6 S=53 arc=0.85 lr=0.17 w_ov=0.357 iou=[0.973, 0.978] acc=5
r27 354s L=0.1723 cov=[0.0032, 0.0028] ov=[0.00608, 0.01044] P=6 S=53 arc=0.85 lr=0.16 w_ov=0.372 iou=[0.972, 0.978] acc=2
r28 364s L=0.1703 cov=[0.0031, 0.0029] ov=[0.0061, 0.01021] P=6 S=53 arc=0.85 lr=0.11 w_ov=0.389 iou=[0.972, 0.977] acc=5
r29 375s L=0.1609 cov=[0.0034, 0.003] ov=[0.00537, 0.00997] P=6 S=53 arc=0.85 lr=0.11 w_ov=0.405 iou=[0.97, 0.977] acc=3
r30 387s L=0.1571 cov=[0.0033, 0.0032] ov=[0.00515, 0.00979] P=6 S=53 arc=0.81 lr=0.078 w_ov=0.422 iou=[0.971, 0.976] acc=3
r31 398s L=0.1505 cov=[0.0034, 0.0034] ov=[0.00484, 0.00942] P=6 S=53 arc=0.81 lr=0.11 w_ov=0.441 iou=[0.971, 0.975] acc=3
r32 407s L=0.1507 cov=[0.0033, 0.0035] ov=[0.00511, 0.00916] P=6 S=54 arc=0.83 lr=0.11 w_ov=0.461 iou=[0.971, 0.974] acc=3
r33 418s L=0.1358 cov=[0.0036, 0.0036] ov=[0.00402, 0.00873] P=6 S=53 arc=0.83 lr=0.11 w_ov=0.477 iou=[0.969, 0.975] acc=4
r34 429s L=0.1276 cov=[0.0037, 0.0037] ov=[0.00372, 0.00818] P=6 S=53 arc=0.85 lr=0.073 w_ov=0.498 iou=[0.968, 0.974] acc=2
r35 441s L=0.1199 cov=[0.0041, 0.0036] ov=[0.00336, 0.00774] P=6 S=53 arc=0.87 lr=0.072 w_ov=0.52 iou=[0.967, 0.974] acc=0
r36 451s L=0.1164 cov=[0.0041, 0.0038] ov=[0.00321, 0.00753] P=6 S=53 arc=0.87 lr=0.071 w_ov=0.543 iou=[0.965, 0.973] acc=2
r37 462s L=0.1146 cov=[0.0043, 0.0038] ov=[0.0033, 0.00724] P=6 S=53 arc=0.89 lr=0.07 w_ov=0.566 iou=[0.965, 0.972] acc=1
r38 474s L=0.1064 cov=[0.0044, 0.0039] ov=[0.00278, 0.00691] P=6 S=53 arc=0.87 lr=0.068 w_ov=0.589 iou=[0.965, 0.972] acc=2
r39 485s L=0.1126 cov=[0.0047, 0.0041] ov=[0.00337, 0.0069] P=6 S=53 arc=0.87 lr=0.13 w_ov=0.616 iou=[0.962, 0.971] acc=4
r40 497s L=0.08899 cov=[0.005, 0.0043] ov=[0.00164, 0.00622] P=6 S=53 arc=0.87 lr=0.066 w_ov=0.643 iou=[0.963, 0.972] acc=2
r41 508s L=0.08538 cov=[0.0048, 0.0046] ov=[0.00153, 0.00596] P=6 S=53 arc=0.87 lr=0.064 w_ov=0.672 iou=[0.964, 0.97] acc=2
r42 519s L=0.08042 cov=[0.005, 0.0047] ov=[0.00141, 0.00556] P=6 S=53 arc=0.89 lr=0.063 w_ov=0.703 iou=[0.963, 0.97] acc=0
r43 529s L=0.076 cov=[0.0051, 0.0048] ov=[0.00127, 0.00523] P=6 S=53 arc=0.83 lr=0.087 w_ov=0.733 iou=[0.963, 0.97] acc=9
r44 541s L=0.07181 cov=[0.0053, 0.0047] ov=[0.00106, 0.00501] P=6 S=53 arc=0.89 lr=0.06 w_ov=0.763 iou=[0.961, 0.969] acc=2
r45 552s L=0.06887 cov=[0.0055, 0.0047] ov=[0.00095, 0.00481] P=6 S=53 arc=0.91 lr=0.059 w_ov=0.798 iou=[0.961, 0.97] acc=1
r46 563s L=0.06148 cov=[0.0056, 0.0051] ov=[0.00071, 0.00426] P=6 S=51 arc=0.92 lr=0.057 w_ov=0.831 iou=[0.96, 0.969] acc=4
r47 574s L=0.056 cov=[0.0059, 0.005] ov=[0.00051, 0.00389] P=6 S=51 arc=0.92 lr=0.079 w_ov=0.868 iou=[0.96, 0.969] acc=2
r48 585s L=0.0524 cov=[0.0061, 0.0051] ov=[0.00047, 0.00354] P=6 S=51 arc=0.94 lr=0.054 w_ov=0.906 iou=[0.958, 0.967] acc=0
r49 597s L=0.04742 cov=[0.0063, 0.0054] ov=[0.00024, 0.00322] P=6 S=51 arc=0.94 lr=0.053 w_ov=0.945 iou=[0.958, 0.968] acc=0
r50 608s L=0.04483 cov=[0.0067, 0.0055] ov=[0.00019, 0.00296] P=6 S=51 arc=0.92 lr=0.051 w_ov=0.99 iou=[0.956, 0.967] acc=1
r51 619s L=0.04329 cov=[0.0067, 0.0056] ov=[0.00015, 0.00284] P=6 S=51 arc=0.88 lr=0.071 w_ov=1.03 iou=[0.957, 0.966] acc=2
r52 630s L=0.0397 cov=[0.0067, 0.0057] ov=[0.00011, 0.00251] P=6 S=51 arc=0.88 lr=0.049 w_ov=1.08 iou=[0.956, 0.966] acc=1
r53 641s L=0.0387 cov=[0.0075, 0.0058] ov=[0.00013, 0.00228] P=6 S=51 arc=0.82 lr=0.067 w_ov=1.12 iou=[0.955, 0.966] acc=5
r54 653s L=0.03633 cov=[0.0071, 0.0061] ov=[8e-05, 0.00212] P=6 S=51 arc=0.88 lr=0.057 w_ov=1.17 iou=[0.956, 0.965] acc=1
r55 665s L=0.03238 cov=[0.0069, 0.0064] ov=[0.00011, 0.00169] P=6 S=50 arc=0.88 lr=0.044 w_ov=1.23 iou=[0.954, 0.965] acc=4
r56 676s L=0.03005 cov=[0.007, 0.0064] ov=[0.00013, 0.00142] P=6 S=50 arc=0.90 lr=0.043 w_ov=1.28 iou=[0.954, 0.964] acc=1
r57 686s L=0.02773 cov=[0.0075, 0.0062] ov=[0.0001, 0.0012] P=6 S=50 arc=0.88 lr=0.041 w_ov=1.34 iou=[0.954, 0.964] acc=2
r58 697s L=0.02676 cov=[0.0075, 0.0063] ov=[7e-05, 0.00112] P=6 S=50 arc=0.88 lr=0.04 w_ov=1.39 iou=[0.953, 0.964] acc=1
r59 709s L=0.02704 cov=[0.0077, 0.0061] ov=[0.00016, 0.00106] P=6 S=51 arc=0.86 lr=0.055 w_ov=1.45 iou=[0.953, 0.965] acc=4
r60 720s L=0.02582 cov=[0.0076, 0.0063] ov=[0.00013, 0.00095] P=6 S=50 arc=0.88 lr=0.037 w_ov=1.52 iou=[0.953, 0.963] acc=2
r61 732s L=0.0254 cov=[0.0075, 0.0064] ov=[0.00011, 0.00093] P=6 S=51 arc=0.86 lr=0.051 w_ov=1.59 iou=[0.954, 0.962] acc=3
r62 742s L=0.02476 cov=[0.0079, 0.0065] ov=[6e-05, 0.00087] P=6 S=51 arc=0.84 lr=0.049 w_ov=1.66 iou=[0.954, 0.963] acc=4
r63 754s L=0.02376 cov=[0.0077, 0.0065] ov=[5e-05, 0.00079] P=6 S=50 arc=0.86 lr=0.033 w_ov=1.73 iou=[0.952, 0.963] acc=4
r64 765s L=0.02317 cov=[0.0075, 0.0066] ov=[5e-05, 0.00074] P=6 S=50 arc=0.88 lr=0.032 w_ov=1.81 iou=[0.952, 0.962] acc=2
r65 776s L=0.02254 cov=[0.0077, 0.0066] ov=[3e-05, 0.00069] P=6 S=50 arc=0.90 lr=0.043 w_ov=1.88 iou=[0.953, 0.962] acc=0
r66 787s L=0.02168 cov=[0.0077, 0.0066] ov=[3e-05, 0.00059] P=6 S=50 arc=0.88 lr=0.041 w_ov=1.97 iou=[0.952, 0.962] acc=5
r67 796s L=0.02141 cov=[0.0079, 0.0064] ov=[5e-05, 0.00054] P=6 S=50 arc=0.88 lr=0.04 w_ov=2.05 iou=[0.951, 0.962] acc=4
r68 806s L=0.02099 cov=[0.0077, 0.0067] ov=[3e-05, 0.00052] P=6 S=49 arc=0.88 lr=0.027 w_ov=2.12 iou=[0.952, 0.962] acc=4
r69 817s L=0.02061 cov=[0.0078, 0.0068] ov=[3e-05, 0.00047] P=6 S=49 arc=0.86 lr=0.026 w_ov=2.21 iou=[0.951, 0.962] acc=5
r70 827s L=0.02 cov=[0.0079, 0.0066] ov=[4e-05, 0.00039] P=6 S=49 arc=0.86 lr=0.035 w_ov=2.3 iou=[0.951, 0.961] acc=3
r71 838s L=0.0195 cov=[0.0078, 0.0068] ov=[2e-05, 0.00036] P=6 S=49 arc=0.86 lr=0.033 w_ov=2.39 iou=[0.951, 0.96] acc=2
r72 849s L=0.01923 cov=[0.008, 0.0068] ov=[2e-05, 0.00032] P=6 S=49 arc=0.88 lr=0.022 w_ov=2.49 iou=[0.951, 0.961] acc=1
r73 859s L=0.01896 cov=[0.008, 0.0067] ov=[2e-05, 0.00029] P=6 S=50 arc=0.88 lr=0.043 w_ov=2.6 iou=[0.95, 0.96] acc=4
r74 870s L=0.01863 cov=[0.0079, 0.0069] ov=[1e-05, 0.00026] P=6 S=50 arc=0.88 lr=0.02 w_ov=2.71 iou=[0.95, 0.961] acc=2
r75 880s L=0.01854 cov=[0.008, 0.0069] ov=[1e-05, 0.00025] P=6 S=49 arc=0.88 lr=0.019 w_ov=2.82 iou=[0.951, 0.96] acc=3
r76 891s L=0.01828 cov=[0.008, 0.007] ov=[1e-05, 0.00021] P=6 S=48 arc=0.88 lr=0.018 w_ov=2.93 iou=[0.951, 0.96] acc=2
r77 902s L=0.01793 cov=[0.0081, 0.007] ov=[1e-05, 0.00018] P=6 S=48 arc=0.85 lr=0.024 w_ov=3.06 iou=[0.95, 0.96] acc=3
r78 913s L=0.01779 cov=[0.0082, 0.0068] ov=[1e-05, 0.00017] P=6 S=48 arc=0.90 lr=0.032 w_ov=3.19 iou=[0.951, 0.96] acc=1
r79 923s L=0.0176 cov=[0.0082, 0.0068] ov=[1e-05, 0.00015] P=6 S=48 arc=0.92 lr=0.015 w_ov=3.32 iou=[0.951, 0.96] acc=0
r80 934s L=0.01736 cov=[0.0083, 0.0066] ov=[0.0, 0.00013] P=6 S=48 arc=0.90 lr=0.029 w_ov=3.45 iou=[0.95, 0.962] acc=2
r81 945s L=0.01731 cov=[0.0085, 0.0064] ov=[1e-05, 0.00012] P=6 S=48 arc=0.92 lr=0.013 w_ov=3.6 iou=[0.949, 0.962] acc=1
r82 956s L=0.01715 cov=[0.0088, 0.0062] ov=[1e-05, 0.0001] P=6 S=48 arc=0.94 lr=0.013 w_ov=3.76 iou=[0.949, 0.962] acc=0
r83 967s L=0.01733 cov=[0.0086, 0.0067] ov=[0.0, 9e-05] P=6 S=48 arc=0.88 lr=0.012 w_ov=3.92 iou=[0.948, 0.961] acc=3
r84 977s L=0.01684 cov=[0.0086, 0.0063] ov=[0.0, 8e-05] P=6 S=48 arc=0.88 lr=0.027 w_ov=4.08 iou=[0.948, 0.96] acc=1
r85 988s L=0.01708 cov=[0.0088, 0.0065] ov=[0.0, 6e-05] P=6 S=48 arc=0.88 lr=0.01 w_ov=4.25 iou=[0.948, 0.962] acc=2
r86 999s L=0.01722 cov=[0.0088, 0.0067] ov=[0.0, 6e-05] P=6 S=48 arc=0.88 lr=0.0094 w_ov=4.43 iou=[0.948, 0.961] acc=3
r87 1010s L=0.017 cov=[0.0086, 0.0067] ov=[0.0, 5e-05] P=6 S=47 arc=0.89 lr=0.0086 w_ov=4.62 iou=[0.948, 0.961] acc=2
r88 1021s L=0.01688 cov=[0.0089, 0.0064] ov=[0.0, 5e-05] P=6 S=47 arc=0.87 lr=0.0079 w_ov=4.83 iou=[0.947, 0.962] acc=1
r89 1032s L=0.0167 cov=[0.0088, 0.0063] ov=[0.0, 4e-05] P=6 S=47 arc=0.87 lr=0.01 w_ov=5.03 iou=[0.948, 0.962] acc=1
r90 1043s L=0.01659 cov=[0.0088, 0.0062] ov=[0.0, 5e-05] P=6 S=47 arc=0.89 lr=0.019 w_ov=5.26 iou=[0.948, 0.961] acc=3
r91 1053s L=0.0168 cov=[0.0088, 0.0066] ov=[0.0, 3e-05] P=6 S=47 arc=0.96 lr=0.0061 w_ov=5.47 iou=[0.948, 0.961] acc=1
r92 1063s L=0.0165 cov=[0.0088, 0.0062] ov=[0.0, 4e-05] P=6 S=46 arc=0.98 lr=0.007 w_ov=5.68 iou=[0.949, 0.961] acc=1
r93 1073s L=0.01685 cov=[0.0091, 0.0065] ov=[0.0, 2e-05] P=6 S=46 arc=0.98 lr=0.0051 w_ov=5.91 iou=[0.947, 0.962] acc=0
r94 1083s L=0.01649 cov=[0.0089, 0.0062] ov=[0.0, 3e-05] P=6 S=46 arc=0.96 lr=0.0047 w_ov=6.14 iou=[0.95, 0.961] acc=1
r95 1093s L=0.01682 cov=[0.0091, 0.0064] ov=[0.0, 2e-05] P=6 S=46 arc=0.91 lr=0.0043 w_ov=6.38 iou=[0.947, 0.961] acc=3
r96 1104s L=0.01664 cov=[0.0091, 0.0062] ov=[0.0, 2e-05] P=6 S=46 arc=0.91 lr=0.0039 w_ov=6.63 iou=[0.948, 0.961] acc=2
r97 1114s L=0.01638 cov=[0.0088, 0.0061] ov=[1e-05, 3e-05] P=6 S=46 arc=0.93 lr=0.0089 w_ov=6.91 iou=[0.949, 0.961] acc=0
r98 1125s L=0.01629 cov=[0.0088, 0.0063] ov=[0.0, 1e-05] P=6 S=46 arc=0.89 lr=0.0046 w_ov=7.2 iou=[0.949, 0.961] acc=2
r99 1135s L=0.01647 cov=[0.0091, 0.0062] ov=[0.0, 1e-05] P=6 S=46 arc=0.89 lr=0.0029 w_ov=7.5 iou=[0.949, 0.961] acc=2
r100 1145s L=0.01634 cov=[0.0089, 0.0062] ov=[1e-05, 1e-05] P=6 S=46 arc=0.91 lr=0.014 w_ov=7.79 iou=[0.95, 0.961] acc=3
r101 1156s L=0.01636 cov=[0.0089, 0.0062] ov=[0.0, 1e-05] P=6 S=46 arc=0.91 lr=0.0025 w_ov=8.11 iou=[0.948, 0.962] acc=2
r102 1166s L=0.01622 cov=[0.0089, 0.0062] ov=[0.0, 1e-05] P=6 S=46 arc=0.91 lr=0.0023 w_ov=8.44 iou=[0.95, 0.961] acc=1
r103 1176s L=0.01622 cov=[0.0089, 0.0062] ov=[0.0, 0.0] P=6 S=46 arc=0.93 lr=0.0022 w_ov=8.78 iou=[0.949, 0.961] acc=0
r104 1186s L=0.01624 cov=[0.009, 0.0062] ov=[0.0, 0.0] P=6 S=46 arc=0.93 lr=0.0021 w_ov=9.12 iou=[0.95, 0.961] acc=0
r105 1197s L=0.01629 cov=[0.009, 0.0062] ov=[0.0, 0.0] P=6 S=46 arc=0.93 lr=0.002 w_ov=9.49 iou=[0.95, 0.961] acc=0
r106 1208s L=0.01615 cov=[0.0089, 0.0062] ov=[0.0, 0.0] P=6 S=46 arc=0.91 lr=0.005 w_ov=9.89 iou=[0.949, 0.961] acc=1
{
 "Rotate": {
  "proposed": 1202,
  "accepted": 0,
  "scope": "per-target",
  "rate": 0.0
 },
 "SwapPoses": {
  "proposed": 482,
  "accepted": 0,
  "scope": "per-target",
  "rate": 0.0
 },
 "Merge": {
  "proposed": 686,
  "accepted": 41,
  "scope": "shared",
  "rate": 0.0597667638483965
 },
 "ToArc": {
  "proposed": 374,
  "accepted": 178,
  "scope": "shared",
  "rate": 0.47593582887700536
 },
 "Split": {
  "proposed": 2507,
  "accepted": 14,
  "scope": "shared",
  "rate": 0.005584363781412046
 },
 "ToLine": {
  "proposed": 1565,
  "accepted": 127,
  "scope": "shared",
  "rate": 0.08115015974440895
 },
 "MergeClose": {
  "proposed": 32,
  "accepted": 2,
  "scope": "shared",
  "rate": 0.0625
 }
}
EVAL avg_chamfer=4.823 avg_hausdorff=18.304 pieces=6->6 loss=0.016154
