r0 16s L=0.3786 cov=[0.004, 0.0096] ov=[0.01305, 0.02331] P=6 S=87 arc=0.00 lr=0.25 w_ov=0.1 iou=[0.97, 0.951] acc=9
r1 31s L=0.463 cov=[0.0033, 0.0043] ov=[0.02109, 0.0243] P=6 S=83 arc=0.06 lr=0.35 w_ov=0.106 iou=[0.976, 0.97] acc=14
r2 55s L=0.5381 cov=[0.0027, 0.0163] ov=[0.0246, 0.02716] P=6 S=81 arc=0.16 lr=0.5 w_ov=0.112 iou=[0.977, 0.928] acc=10
r3 82s L=0.5403 cov=[0.0023, 0.0024] ov=[0.02668, 0.02674] P=6 S=80 arc=0.20 lr=0.35 w_ov=0.124 iou=[0.979, 0.98] acc=15
r4 103s L=0.5134 cov=[0.0078, 0.0029] ov=[0.02517, 0.02496] P=6 S=78 arc=0.32 lr=0.17 w_ov=0.137 iou=[0.954, 0.975] acc=9
r5 119s L=0.5637 cov=[0.0097, 0.0069] ov=[0.0257, 0.02887] P=6 S=76 arc=0.34 lr=0.17 w_ov=0.149 iou=[0.95, 0.96] acc=15
r6 135s L=0.522 cov=[0.0021, 0.0022] ov=[0.02626, 0.02538] P=6 S=74 arc=0.43 lr=0.49 w_ov=0.158 iou=[0.978, 0.981] acc=11
r7 152s L=0.5022 cov=[0.0019, 0.0022] ov=[0.02517, 0.0245] P=6 S=72 arc=0.43 lr=0.27 w_ov=0.168 iou=[0.981, 0.98] acc=13
r8 167s L=0.4899 cov=[0.0017, 0.0024] ov=[0.02449, 0.02396] P=6 S=69 arc=0.55 lr=0.19 w_ov=0.179 iou=[0.983, 0.98] acc=14
r9 182s L=0.4739 cov=[0.0023, 0.0044] ov=[0.02428, 0.0223] P=6 S=68 arc=0.62 lr=0.34 w_ov=0.19 iou=[0.976, 0.973] acc=17
r10 196s L=0.4631 cov=[0.0022, 0.003] ov=[0.02243, 0.02322] P=6 S=68 arc=0.53 lr=0.33 w_ov=0.201 iou=[0.978, 0.978] acc=14
r11 211s L=0.4481 cov=[0.0022, 0.0024] ov=[0.02236, 0.02187] P=6 S=68 arc=0.56 lr=0.17 w_ov=0.212 iou=[0.978, 0.979] acc=7
r12 228s L=0.4207 cov=[0.002, 0.0023] ov=[0.02135, 0.02016] P=6 S=67 arc=0.61 lr=0.37 w_ov=0.225 iou=[0.979, 0.981] acc=6
r13 244s L=0.4023 cov=[0.0022, 0.0023] ov=[0.02026, 0.0194] P=6 S=66 arc=0.68 lr=0.18 w_ov=0.24 iou=[0.979, 0.981] acc=8
r14 258s L=0.3866 cov=[0.0021, 0.0023] ov=[0.01942, 0.01867] P=6 S=64 arc=0.81 lr=0.36 w_ov=0.255 iou=[0.979, 0.981] acc=8
r15 274s L=0.37 cov=[0.0023, 0.0023] ov=[0.01856, 0.01785] P=6 S=62 arc=0.85 lr=0.25 w_ov=0.269 iou=[0.978, 0.98] acc=7
r16 288s L=0.3591 cov=[0.0026, 0.0024] ov=[0.01783, 0.01746] P=6 S=62 arc=0.87 lr=0.088 w_ov=0.286 iou=[0.977, 0.979] acc=2
r17 303s L=0.342 cov=[0.0028, 0.0025] ov=[0.01686, 0.01668] P=6 S=61 arc=0.90 lr=0.087 w_ov=0.302 iou=[0.975, 0.978] acc=3
r18 317s L=0.3195 cov=[0.0031, 0.0027] ov=[0.01604, 0.01522] P=6 S=60 arc=0.93 lr=0.17 w_ov=0.32 iou=[0.975, 0.979] acc=4
r19 333s L=0.3106 cov=[0.0031, 0.0028] ov=[0.01583, 0.01452] P=6 S=60 arc=0.95 lr=0.17 w_ov=0.338 iou=[0.974, 0.978] acc=1
r20 349s L=0.2924 cov=[0.0033, 0.003] ov=[0.01483, 0.01366] P=6 S=58 arc=0.95 lr=0.23 w_ov=0.359 iou=[0.973, 0.977] acc=2
r21 364s L=0.2784 cov=[0.0036, 0.0031] ov=[0.01426, 0.01278] P=6 S=58 arc=0.93 lr=0.16 w_ov=0.382 iou=[0.971, 0.978] acc=1
r22 378s L=0.2566 cov=[0.0039, 0.0034] ov=[0.01272, 0.01209] P=6 S=57 arc=0.93 lr=0.11 w_ov=0.405 iou=[0.969, 0.977] acc=2
r23 391s L=0.2797 cov=[0.0032, 0.0037] ov=[0.01291, 0.01426] P=6 S=56 arc=0.91 lr=0.078 w_ov=0.427 iou=[0.974, 0.976] acc=4
r24 404s L=0.2841 cov=[0.0079, 0.0072] ov=[0.01321, 0.01358] P=6 S=54 arc=0.83 lr=0.14 w_ov=0.449 iou=[0.95, 0.96] acc=7
r25 416s L=0.1947 cov=[0.0048, 0.0045] ov=[0.00958, 0.00884] P=6 S=54 arc=0.78 lr=0.27 w_ov=0.472 iou=[0.967, 0.971] acc=5
r26 429s L=0.238 cov=[0.0048, 0.0057] ov=[0.00943, 0.01321] P=6 S=54 arc=0.81 lr=0.074 w_ov=0.494 iou=[0.966, 0.967] acc=2
r27 444s L=0.1646 cov=[0.0047, 0.0051] ov=[0.00773, 0.00764] P=6 S=53 arc=0.83 lr=0.26 w_ov=0.52 iou=[0.967, 0.971] acc=4
r28 457s L=0.1535 cov=[0.0051, 0.0052] ov=[0.00725, 0.00696] P=6 S=52 arc=0.85 lr=0.1 w_ov=0.55 iou=[0.965, 0.969] acc=3
r29 470s L=0.1359 cov=[0.0051, 0.0057] ov=[0.00627, 0.00612] P=6 S=52 arc=0.87 lr=0.2 w_ov=0.577 iou=[0.964, 0.97] acc=3
r30 483s L=0.1259 cov=[0.0054, 0.006] ov=[0.00564, 0.0057] P=6 S=52 arc=0.90 lr=0.095 w_ov=0.607 iou=[0.962, 0.967] acc=3
r31 496s L=0.1095 cov=[0.0058, 0.0064] ov=[0.00481, 0.00481] P=6 S=52 arc=0.94 lr=0.066 w_ov=0.638 iou=[0.961, 0.964] acc=1
r32 509s L=0.1016 cov=[0.0059, 0.0066] ov=[0.00435, 0.00444] P=6 S=52 arc=0.90 lr=0.13 w_ov=0.672 iou=[0.96, 0.963] acc=3
r33 522s L=0.08989 cov=[0.0064, 0.0067] ov=[0.00382, 0.00375] P=6 S=52 arc=0.90 lr=0.12 w_ov=0.707 iou=[0.957, 0.962] acc=2
r34 535s L=0.08035 cov=[0.0065, 0.0072] ov=[0.00328, 0.00327] P=6 S=52 arc=0.90 lr=0.061 w_ov=0.741 iou=[0.959, 0.96] acc=3
r35 547s L=0.07056 cov=[0.0064, 0.0074] ov=[0.00287, 0.00269] P=6 S=51 arc=0.94 lr=0.074 w_ov=0.779 iou=[0.958, 0.959] acc=2
r36 561s L=0.06218 cov=[0.0069, 0.0074] ov=[0.00237, 0.0023] P=6 S=51 arc=0.94 lr=0.12 w_ov=0.817 iou=[0.955, 0.959] acc=3
r37 574s L=0.05456 cov=[0.0064, 0.0085] ov=[0.00171, 0.00214] P=6 S=51 arc=0.98 lr=0.079 w_ov=0.861 iou=[0.957, 0.954] acc=0
r38 586s L=0.05113 cov=[0.0073, 0.0086] ov=[0.00153, 0.00189] P=6 S=50 arc=0.98 lr=0.054 w_ov=0.906 iou=[0.954, 0.953] acc=1
r39 599s L=0.04624 cov=[0.0074, 0.008] ov=[0.00137, 0.0016] P=6 S=49 arc=0.98 lr=0.11 w_ov=0.95 iou=[0.953, 0.957] acc=1
r40 612s L=0.04199 cov=[0.0073, 0.008] ov=[0.00126, 0.0013] P=6 S=47 arc=0.96 lr=0.09 w_ov=0.996 iou=[0.954, 0.957] acc=3
r41 625s L=0.04132 cov=[0.0068, 0.0084] ov=[0.00111, 0.00139] P=6 S=47 arc=0.96 lr=0.099 w_ov=1.05 iou=[0.956, 0.954] acc=0
r42 639s L=0.0379 cov=[0.0071, 0.0084] ov=[0.00097, 0.00116] P=6 S=47 arc=0.96 lr=0.095 w_ov=1.1 iou=[0.955, 0.955] acc=1
r43 652s L=0.03552 cov=[0.0072, 0.0085] ov=[0.00083, 0.00105] P=6 S=47 arc=0.96 lr=0.065 w_ov=1.16 iou=[0.954, 0.954] acc=2
r44 665s L=0.03192 cov=[0.0075, 0.0082] ov=[0.00062, 0.0009] P=6 S=47 arc=0.98 lr=0.044 w_ov=1.22 iou=[0.953, 0.954] acc=0
r45 678s L=0.0301 cov=[0.0078, 0.0077] ov=[0.00055, 0.0008] P=6 S=47 arc=0.96 lr=0.053 w_ov=1.28 iou=[0.951, 0.956] acc=1
r46 691s L=0.02846 cov=[0.008, 0.0078] ov=[0.0005, 0.00066] P=6 S=47 arc=0.96 lr=0.041 w_ov=1.35 iou=[0.951, 0.956] acc=0
r47 703s L=0.02861 cov=[0.008, 0.0077] ov=[0.00041, 0.00077] P=6 S=45 arc=0.96 lr=0.079 w_ov=1.42 iou=[0.951, 0.957] acc=3
r48 714s L=0.02565 cov=[0.0078, 0.0084] ov=[0.00026, 0.00058] P=6 S=45 arc=0.93 lr=0.054 w_ov=1.49 iou=[0.951, 0.954] acc=2
r49 726s L=0.03089 cov=[0.0077, 0.008] ov=[0.00035, 0.00106] P=6 S=44 arc=0.91 lr=0.037 w_ov=1.55 iou=[0.951, 0.955] acc=2
r50 739s L=0.02689 cov=[0.008, 0.0082] ov=[0.00033, 0.00064] P=6 S=45 arc=0.91 lr=0.099 w_ov=1.62 iou=[0.95, 0.955] acc=2
r51 750s L=0.02355 cov=[0.008, 0.0086] ov=[0.00021, 0.00038] P=6 S=45 arc=0.89 lr=0.047 w_ov=1.71 iou=[0.95, 0.955] acc=3
r52 762s L=0.02329 cov=[0.0083, 0.0077] ov=[0.00024, 0.00038] P=6 S=46 arc=0.89 lr=0.057 w_ov=1.78 iou=[0.95, 0.958] acc=3
r53 775s L=0.02235 cov=[0.0077, 0.0086] ov=[0.00016, 0.00034] P=6 S=46 arc=0.91 lr=0.031 w_ov=1.86 iou=[0.952, 0.955] acc=1
r54 787s L=0.02179 cov=[0.0083, 0.008] ov=[0.00016, 0.00029] P=6 S=46 arc=0.87 lr=0.029 w_ov=1.96 iou=[0.949, 0.956] acc=3
r55 799s L=0.02205 cov=[0.0083, 0.008] ov=[0.00015, 0.00032] P=6 S=46 arc=0.87 lr=0.028 w_ov=2.05 iou=[0.95, 0.957] acc=2
r56 812s L=0.0212 cov=[0.0086, 0.008] ov=[0.00014, 0.00022] P=6 S=46 arc=0.91 lr=0.027 w_ov=2.15 iou=[0.949, 0.957] acc=0
r57 825s L=0.0208 cov=[0.0084, 0.0083] ov=[0.00013, 0.00018] P=6 S=46 arc=0.89 lr=0.025 w_ov=2.26 iou=[0.949, 0.953] acc=2
r58 838s L=0.02064 cov=[0.0084, 0.0082] ov=[0.00013, 0.00017] P=6 S=46 arc=0.89 lr=0.024 w_ov=2.38 iou=[0.949, 0.954] acc=4
r59 852s L=0.02094 cov=[0.0084, 0.0082] ov=[0.00013, 0.0002] P=6 S=45 arc=0.98 lr=0.022 w_ov=2.5 iou=[0.949, 0.954] acc=1
r60 864s L=0.02078 cov=[0.0089, 0.0076] ov=[0.00011, 0.00021] P=6 S=46 arc=0.96 lr=0.03 w_ov=2.63 iou=[0.945, 0.955] acc=3
r61 875s L=0.02096 cov=[0.0085, 0.0079] ov=[0.00016, 0.00019] P=6 S=46 arc=0.98 lr=0.04 w_ov=2.75 iou=[0.948, 0.954] acc=1
r62 887s L=0.01977 cov=[0.0088, 0.0079] ov=[8e-05, 0.00012] P=6 S=46 arc=0.93 lr=0.026 w_ov=2.87 iou=[0.946, 0.954] acc=3
r63 899s L=0.01977 cov=[0.0089, 0.0077] ov=[0.0001, 0.00011] P=6 S=46 arc=0.91 lr=0.018 w_ov=3.01 iou=[0.945, 0.956] acc=2
r64 911s L=0.01942 cov=[0.0083, 0.008] ov=[8e-05, 0.00012] P=6 S=45 arc=0.93 lr=0.016 w_ov=3.16 iou=[0.951, 0.954] acc=1
r65 924s L=0.0191 cov=[0.0085, 0.0082] ov=[4e-05, 9e-05] P=6 S=45 arc=0.91 lr=0.015 w_ov=3.3 iou=[0.949, 0.953] acc=2
r66 934s L=0.01925 cov=[0.0084, 0.0082] ov=[5e-05, 0.00011] P=6 S=45 arc=0.93 lr=0.014 w_ov=3.47 iou=[0.951, 0.954] acc=2
r67 946s L=0.01873 cov=[0.0084, 0.0079] ov=[4e-05, 9e-05] P=6 S=45 arc=0.98 lr=0.013 w_ov=3.61 iou=[0.95, 0.954] acc=0
r68 958s L=0.01858 cov=[0.0087, 0.0078] ov=[2e-05, 9e-05] P=6 S=45 arc=0.96 lr=0.018 w_ov=3.77 iou=[0.949, 0.955] acc=2
r69 969s L=0.01853 cov=[0.0086, 0.0079] ov=[2e-05, 8e-05] P=6 S=45 arc=0.96 lr=0.011 w_ov=3.95 iou=[0.95, 0.955] acc=1
r70 981s L=0.01853 cov=[0.0088, 0.0078] ov=[2e-05, 7e-05] P=6 S=45 arc=0.96 lr=0.011 w_ov=4.12 iou=[0.948, 0.955] acc=1
r71 993s L=0.01841 cov=[0.0088, 0.0078] ov=[1e-05, 6e-05] P=6 S=45 arc=0.98 lr=0.0099 w_ov=4.31 iou=[0.949, 0.955] acc=1
r72 1004s L=0.01845 cov=[0.0088, 0.0076] ov=[1e-05, 8e-05] P=6 S=45 arc=0.98 lr=0.016 w_ov=4.51 iou=[0.949, 0.956] acc=1
r73 1016s L=0.01817 cov=[0.0088, 0.0075] ov=[1e-05, 6e-05] P=6 S=45 arc=0.96 lr=0.017 w_ov=4.71 iou=[0.949, 0.956] acc=1
r74 1027s L=0.01819 cov=[0.0089, 0.0075] ov=[2e-05, 6e-05] P=6 S=45 arc=0.96 lr=0.0076 w_ov=4.93 iou=[0.949, 0.957] acc=0
r75 1039s L=0.01813 cov=[0.009, 0.0075] ov=[1e-05, 5e-05] P=6 S=45 arc=0.96 lr=0.007 w_ov=5.14 iou=[0.949, 0.956] acc=2
r76 1049s L=0.01808 cov=[0.009, 0.0074] ov=[1e-05, 6e-05] P=6 S=45 arc=1.00 lr=0.0089 w_ov=5.38 iou=[0.949, 0.957] acc=0
r77 1060s L=0.01795 cov=[0.009, 0.0073] ov=[1e-05, 5e-05] P=6 S=45 arc=1.00 lr=0.0081 w_ov=5.61 iou=[0.949, 0.956] acc=0
r78 1073s L=0.01799 cov=[0.0089, 0.0074] ov=[1e-05, 5e-05] P=6 S=45 arc=1.00 lr=0.0052 w_ov=5.86 iou=[0.95, 0.956] acc=0
r79 1084s L=0.01807 cov=[0.009, 0.0075] ov=[1e-05, 5e-05] P=6 S=45 arc=1.00 lr=0.0047 w_ov=6.14 iou=[0.949, 0.957] acc=0
r80 1095s L=0.0179 cov=[0.009, 0.0073] ov=[1e-05, 5e-05] P=6 S=45 arc=1.00 lr=0.0053 w_ov=6.41 iou=[0.949, 0.956] acc=0
r81 1107s L=0.01785 cov=[0.009, 0.0073] ov=[0.0, 5e-05] P=6 S=45 arc=1.00 lr=0.0054 w_ov=6.68 iou=[0.949, 0.957] acc=0
r82 1120s L=0.01786 cov=[0.009, 0.0073] ov=[1e-05, 4e-05] P=6 S=45 arc=1.00 lr=0.0034 w_ov=7 iou=[0.949, 0.957] acc=0
r83 1132s L=0.01791 cov=[0.009, 0.0074] ov=[0.0, 4e-05] P=6 S=45 arc=1.00 lr=0.0031 w_ov=7.35 iou=[0.948, 0.956] acc=0
r84 1144s L=0.0178 cov=[0.009, 0.0073] ov=[0.0, 5e-05] P=6 S=45 arc=1.00 lr=0.0069 w_ov=7.72 iou=[0.949, 0.956] acc=0
r85 1155s L=0.01785 cov=[0.009, 0.0074] ov=[0.0, 4e-05] P=6 S=45 arc=1.00 lr=0.0025 w_ov=8.08 iou=[0.949, 0.956] acc=0
r86 1166s L=0.01781 cov=[0.009, 0.0073] ov=[0.0, 4e-05] P=6 S=45 arc=1.00 lr=0.0066 w_ov=8.41 iou=[0.949, 0.956] acc=0
r87 1178s L=0.01781 cov=[0.009, 0.0074] ov=[0.0, 4e-05] P=6 S=45 arc=1.00 lr=0.0022 w_ov=8.8 iou=[0.949, 0.956] acc=0
r88 1190s L=0.01775 cov=[0.009, 0.0073] ov=[0.0, 4e-05] P=6 S=45 arc=1.00 lr=0.0021 w_ov=9.2 iou=[0.95, 0.957] acc=0
r89 1202s L=0.01782 cov=[0.009, 0.0074] ov=[0.0, 4e-05] P=6 S=45 arc=1.00 lr=0.002 w_ov=9.63 iou=[0.949, 0.956] acc=0
{
 "Rotate": {
  "proposed": 948,
  "accepted": 0,
  "scope": "per-target",
  "rate": 0.0
 },
 "ToArc": {
  "proposed": 251,
  "accepted": 145,
  "scope": "shared",
  "rate": 0.5776892430278885
 },
 "Merge": {
  "proposed": 702,
  "accepted": 52,
  "scope": "shared",
  "rate": 0.07407407407407407
 },
 "Split": {
  "proposed": 1967,
  "accepted": 16,
  "scope": "shared",
  "rate": 0.00813421453990849
 },
 "SwapPoses": {
  "proposed": 703,
  "accepted": 0,
  "scope": "per-target",
  "rate": 0.0
 },
 "MergeClose": {
  "proposed": 10,
  "accepted": 6,
  "scope": "shared",
  "rate": 0.6
 },
 "ToLine": {
  "proposed": 1179,
  "accepted": 77,
  "scope": "shared",
  "rate": 0.06530958439355386
 },
 "forced:RemoveSmallPart": {
  "proposed": 0,
  "accepted": 1,
  "scope": "shared",
  "rate": 1.0
 }
}
EVAL avg_chamfer=5.149 avg_hausdorff=20.673 pieces=6->6 loss=0.017749
