r0 11s L=0.3559 cov=[0.0019, 0.007] ov=[0.01353, 0.02102] P=6 S=83 arc=0.00 lr=0.25 w_ov=0.1 iou=[0.967, 0.942] acc=16
r1 22s L=0.3468 cov=[0.0017, 0.0046] ov=[0.01385, 0.02006] P=6 S=79 arc=0.16 lr=0.35 w_ov=0.104 iou=[0.968, 0.953] acc=13
r2 31s L=0.3417 cov=[0.0015, 0.0037] ov=[0.01415, 0.01934] P=7 S=74 arc=0.32 lr=0.35 w_ov=0.109 iou=[0.966, 0.959] acc=16
r3 42s L=0.3686 cov=[0.0016, 0.0028] ov=[0.01626, 0.02001] P=6 S=64 arc=0.44 lr=0.4 w_ov=0.113 iou=[0.962, 0.963] acc=11
r4 53s L=0.3501 cov=[0.0016, 0.0023] ov=[0.01557, 0.01893] P=6 S=61 arc=0.49 lr=0.35 w_ov=0.117 iou=[0.969, 0.967] acc=15
r5 64s L=0.3613 cov=[0.0015, 0.0021] ov=[0.01621, 0.01945] P=6 S=60 arc=0.63 lr=0.2 w_ov=0.122 iou=[0.969, 0.971] acc=5
r6 75s L=0.327 cov=[0.0022, 0.0024] ov=[0.01467, 0.01746] P=6 S=60 arc=0.72 lr=0.5 w_ov=0.128 iou=[0.961, 0.967] acc=10
r7 86s L=0.3472 cov=[0.0016, 0.0021] ov=[0.01581, 0.01842] P=6 S=58 arc=0.69 lr=0.5 w_ov=0.133 iou=[0.97, 0.967] acc=13
r8 97s L=0.3188 cov=[0.0014, 0.0024] ov=[0.01423, 0.01715] P=6 S=56 arc=0.66 lr=0.49 w_ov=0.139 iou=[0.969, 0.964] acc=15
r9 107s L=0.3178 cov=[0.0016, 0.0063] ov=[0.01404, 0.01683] P=6 S=59 arc=0.66 lr=0.49 w_ov=0.145 iou=[0.971, 0.944] acc=13
r10 118s L=0.3172 cov=[0.0018, 0.0053] ov=[0.01384, 0.01705] P=6 S=58 arc=0.69 lr=0.17 w_ov=0.151 iou=[0.971, 0.947] acc=2
r11 129s L=0.2997 cov=[0.0013, 0.0023] ov=[0.01316, 0.01634] P=6 S=54 arc=0.72 lr=0.35 w_ov=0.158 iou=[0.973, 0.969] acc=8
r12 140s L=0.3276 cov=[0.0013, 0.0018] ov=[0.01494, 0.01739] P=6 S=51 arc=0.82 lr=0.097 w_ov=0.164 iou=[0.972, 0.973] acc=6
r13 152s L=0.3295 cov=[0.0013, 0.0018] ov=[0.01514, 0.01739] P=6 S=51 arc=0.80 lr=0.097 w_ov=0.171 iou=[0.972, 0.973] acc=5
r14 162s L=0.2977 cov=[0.0014, 0.0018] ov=[0.01348, 0.01586] P=6 S=49 arc=0.82 lr=0.096 w_ov=0.179 iou=[0.971, 0.973] acc=7
r15 172s L=0.2848 cov=[0.0014, 0.0018] ov=[0.01289, 0.01516] P=6 S=49 arc=0.86 lr=0.096 w_ov=0.186 iou=[0.973, 0.974] acc=3
r16 182s L=0.2687 cov=[0.0014, 0.0019] ov=[0.01184, 0.01459] P=6 S=49 arc=0.84 lr=0.095 w_ov=0.194 iou=[0.971, 0.972] acc=4
r17 194s L=0.2619 cov=[0.0015, 0.0018] ov=[0.0116, 0.01415] P=6 S=49 arc=0.86 lr=0.095 w_ov=0.201 iou=[0.97, 0.972] acc=2
r18 204s L=0.2515 cov=[0.0016, 0.0018] ov=[0.01131, 0.01339] P=6 S=48 arc=0.90 lr=0.094 w_ov=0.21 iou=[0.966, 0.973] acc=2
r19 214s L=0.2164 cov=[0.0019, 0.0021] ov=[0.00973, 0.01141] P=6 S=46 arc=0.93 lr=0.26 w_ov=0.219 iou=[0.966, 0.971] acc=3
r20 223s L=0.2 cov=[0.0019, 0.0023] ov=[0.00876, 0.01072] P=6 S=45 arc=0.96 lr=0.18 w_ov=0.227 iou=[0.966, 0.968] acc=2
r21 232s L=0.1945 cov=[0.0019, 0.0022] ov=[0.00849, 0.01045] P=6 S=44 arc=0.93 lr=0.092 w_ov=0.236 iou=[0.967, 0.969] acc=2
r22 241s L=0.1862 cov=[0.0018, 0.0023] ov=[0.0082, 0.00991] P=6 S=44 arc=0.93 lr=0.091 w_ov=0.244 iou=[0.967, 0.97] acc=0
r23 251s L=0.1815 cov=[0.0019, 0.0022] ov=[0.008, 0.00963] P=6 S=44 arc=0.91 lr=0.091 w_ov=0.253 iou=[0.966, 0.97] acc=1
r24 261s L=0.1642 cov=[0.002, 0.0022] ov=[0.00726, 0.00864] P=6 S=43 arc=0.91 lr=0.18 w_ov=0.262 iou=[0.967, 0.97] acc=2
r25 272s L=0.1657 cov=[0.0019, 0.0023] ov=[0.00725, 0.00879] P=6 S=43 arc=0.91 lr=0.089 w_ov=0.272 iou=[0.966, 0.97] acc=2
r26 281s L=0.1591 cov=[0.0019, 0.0024] ov=[0.0068, 0.00859] P=6 S=43 arc=0.91 lr=0.088 w_ov=0.284 iou=[0.966, 0.969] acc=4
r27 290s L=0.1567 cov=[0.002, 0.0022] ov=[0.0069, 0.00824] P=6 S=43 arc=0.98 lr=0.087 w_ov=0.294 iou=[0.967, 0.97] acc=1
r28 300s L=0.1509 cov=[0.002, 0.0023] ov=[0.00674, 0.00781] P=6 S=43 arc=0.95 lr=0.087 w_ov=0.304 iou=[0.966, 0.97] acc=2
r29 309s L=0.1381 cov=[0.0019, 0.0025] ov=[0.00583, 0.00743] P=6 S=43 arc=0.93 lr=0.17 w_ov=0.316 iou=[0.968, 0.965] acc=2
r30 318s L=0.1329 cov=[0.0021, 0.0023] ov=[0.00576, 0.00698] P=6 S=43 arc=0.95 lr=0.085 w_ov=0.327 iou=[0.966, 0.97] acc=1
r31 328s L=0.1311 cov=[0.0019, 0.0025] ov=[0.00558, 0.00699] P=6 S=43 arc=0.98 lr=0.084 w_ov=0.339 iou=[0.967, 0.967] acc=0
r32 337s L=0.128 cov=[0.002, 0.0025] ov=[0.00534, 0.00691] P=6 S=43 arc=0.95 lr=0.083 w_ov=0.352 iou=[0.967, 0.967] acc=1
r33 346s L=0.12 cov=[0.0021, 0.0025] ov=[0.005, 0.00645] P=6 S=43 arc=0.88 lr=0.082 w_ov=0.365 iou=[0.966, 0.967] acc=3
r34 355s L=0.1163 cov=[0.0021, 0.0023] ov=[0.00482, 0.00626] P=6 S=43 arc=0.84 lr=0.23 w_ov=0.378 iou=[0.967, 0.968] acc=4
r35 364s L=0.1139 cov=[0.0021, 0.0024] ov=[0.00469, 0.00614] P=6 S=43 arc=0.88 lr=0.08 w_ov=0.391 iou=[0.967, 0.969] acc=1
r36 373s L=0.1112 cov=[0.0022, 0.0023] ov=[0.00464, 0.00593] P=6 S=43 arc=0.91 lr=0.16 w_ov=0.404 iou=[0.967, 0.969] acc=1
r37 383s L=0.1071 cov=[0.0022, 0.0025] ov=[0.00443, 0.00571] P=6 S=43 arc=0.91 lr=0.078 w_ov=0.418 iou=[0.966, 0.968] acc=4
r38 392s L=0.1037 cov=[0.0021, 0.0028] ov=[0.00412, 0.00566] P=6 S=43 arc=0.98 lr=0.077 w_ov=0.435 iou=[0.968, 0.966] acc=1
r39 400s L=0.1031 cov=[0.0022, 0.0026] ov=[0.00414, 0.00558] P=6 S=43 arc=1.00 lr=0.076 w_ov=0.45 iou=[0.965, 0.967] acc=0
r40 409s L=0.1027 cov=[0.0023, 0.0025] ov=[0.00426, 0.00543] P=6 S=43 arc=1.00 lr=0.076 w_ov=0.464 iou=[0.965, 0.968] acc=0
r41 418s L=0.09906 cov=[0.0023, 0.0026] ov=[0.00394, 0.00537] P=6 S=43 arc=1.00 lr=0.074 w_ov=0.481 iou=[0.966, 0.969] acc=0
r42 428s L=0.09586 cov=[0.0025, 0.0026] ov=[0.00379, 0.00519] P=6 S=43 arc=0.95 lr=0.073 w_ov=0.498 iou=[0.964, 0.963] acc=2
r43 436s L=0.09208 cov=[0.0026, 0.0027] ov=[0.00357, 0.00501] P=6 S=42 arc=0.98 lr=0.1 w_ov=0.516 iou=[0.963, 0.964] acc=1
r44 445s L=0.09187 cov=[0.0026, 0.0028] ov=[0.00368, 0.00487] P=6 S=42 arc=0.88 lr=0.2 w_ov=0.533 iou=[0.964, 0.965] acc=5
r45 454s L=0.08606 cov=[0.0026, 0.003] ov=[0.00335, 0.00459] P=6 S=42 arc=0.90 lr=0.14 w_ov=0.552 iou=[0.964, 0.959] acc=1
r46 464s L=0.08541 cov=[0.0027, 0.0029] ov=[0.00342, 0.00446] P=6 S=42 arc=0.90 lr=0.069 w_ov=0.572 iou=[0.963, 0.96] acc=2
r47 473s L=0.08422 cov=[0.0026, 0.0029] ov=[0.00333, 0.00443] P=6 S=42 arc=0.93 lr=0.14 w_ov=0.593 iou=[0.964, 0.963] acc=1
r48 482s L=0.07988 cov=[0.0027, 0.0032] ov=[0.00297, 0.00433] P=6 S=42 arc=0.95 lr=0.067 w_ov=0.614 iou=[0.964, 0.962] acc=2
r49 492s L=0.07849 cov=[0.0032, 0.0028] ov=[0.00294, 0.00421] P=6 S=42 arc=1.00 lr=0.066 w_ov=0.637 iou=[0.961, 0.965] acc=0
r50 500s L=0.07453 cov=[0.0029, 0.0033] ov=[0.00263, 0.00411] P=6 S=42 arc=1.00 lr=0.13 w_ov=0.66 iou=[0.961, 0.962] acc=0
r51 510s L=0.07226 cov=[0.0029, 0.0034] ov=[0.00247, 0.00403] P=6 S=42 arc=1.00 lr=0.09 w_ov=0.682 iou=[0.959, 0.96] acc=0
r52 519s L=0.0681 cov=[0.0031, 0.0035] ov=[0.00232, 0.00372] P=6 S=42 arc=1.00 lr=0.062 w_ov=0.707 iou=[0.959, 0.959] acc=0
r53 528s L=0.06754 cov=[0.0031, 0.0036] ov=[0.00232, 0.00366] P=6 S=42 arc=0.95 lr=0.061 w_ov=0.734 iou=[0.96, 0.958] acc=2
r54 538s L=0.06565 cov=[0.0033, 0.0035] ov=[0.00244, 0.00334] P=6 S=42 arc=0.93 lr=0.06 w_ov=0.76 iou=[0.958, 0.958] acc=2
r55 547s L=0.06279 cov=[0.0031, 0.0039] ov=[0.00215, 0.00332] P=6 S=42 arc=0.93 lr=0.083 w_ov=0.789 iou=[0.959, 0.956] acc=1
r56 557s L=0.06123 cov=[0.0035, 0.0037] ov=[0.00216, 0.00314] P=6 S=42 arc=0.93 lr=0.058 w_ov=0.817 iou=[0.956, 0.957] acc=1
r57 566s L=0.05649 cov=[0.0038, 0.0039] ov=[0.00187, 0.00291] P=6 S=42 arc=0.95 lr=0.057 w_ov=0.847 iou=[0.955, 0.956] acc=0
r58 576s L=0.0556 cov=[0.0038, 0.0039] ov=[0.0019, 0.00279] P=6 S=42 arc=0.95 lr=0.055 w_ov=0.877 iou=[0.953, 0.955] acc=1
r59 585s L=0.05299 cov=[0.0039, 0.0041] ov=[0.00172, 0.00268] P=6 S=42 arc=0.98 lr=0.054 w_ov=0.911 iou=[0.954, 0.956] acc=0
r60 595s L=0.05135 cov=[0.0038, 0.0042] ov=[0.00156, 0.00267] P=6 S=42 arc=0.98 lr=0.11 w_ov=0.945 iou=[0.953, 0.954] acc=0
r61 605s L=0.04466 cov=[0.0041, 0.0047] ov=[0.00122, 0.00227] P=6 S=42 arc=0.98 lr=0.052 w_ov=0.98 iou=[0.953, 0.951] acc=1
r62 614s L=0.04134 cov=[0.0043, 0.0047] ov=[0.00115, 0.00199] P=6 S=42 arc=1.00 lr=0.089 w_ov=1.02 iou=[0.952, 0.951] acc=0
r63 624s L=0.03865 cov=[0.0045, 0.0048] ov=[0.001, 0.00184] P=6 S=42 arc=1.00 lr=0.098 w_ov=1.06 iou=[0.951, 0.95] acc=0
r64 633s L=0.0351 cov=[0.0047, 0.005] ov=[0.00082, 0.00162] P=6 S=42 arc=1.00 lr=0.14 w_ov=1.1 iou=[0.951, 0.95] acc=0
r65 642s L=0.03397 cov=[0.005, 0.0048] ov=[0.0008, 0.00151] P=6 S=42 arc=1.00 lr=0.047 w_ov=1.14 iou=[0.95, 0.95] acc=0
r66 651s L=0.03233 cov=[0.0051, 0.0049] ov=[0.00067, 0.00146] P=6 S=41 arc=1.00 lr=0.046 w_ov=1.17 iou=[0.95, 0.95] acc=1
r67 660s L=0.02887 cov=[0.0055, 0.0049] ov=[0.00063, 0.00112] P=6 S=41 arc=1.00 lr=0.13 w_ov=1.22 iou=[0.949, 0.949] acc=0
r68 670s L=0.02779 cov=[0.0054, 0.0051] ov=[0.00055, 0.00108] P=6 S=41 arc=1.00 lr=0.087 w_ov=1.26 iou=[0.949, 0.946] acc=0
r69 680s L=0.02787 cov=[0.0056, 0.0052] ov=[0.00059, 0.00102] P=6 S=41 arc=0.98 lr=0.059 w_ov=1.31 iou=[0.948, 0.946] acc=1
r70 689s L=0.02512 cov=[0.0057, 0.0051] ov=[0.00043, 0.0009] P=6 S=41 arc=0.98 lr=0.072 w_ov=1.36 iou=[0.948, 0.948] acc=0
r71 697s L=0.02443 cov=[0.0056, 0.0052] ov=[0.00032, 0.00094] P=6 S=41 arc=0.98 lr=0.07 w_ov=1.41 iou=[0.948, 0.946] acc=0
r72 706s L=0.02391 cov=[0.0056, 0.0052] ov=[0.00032, 0.00088] P=6 S=41 arc=0.98 lr=0.055 w_ov=1.45 iou=[0.947, 0.946] acc=0
r73 715s L=0.02289 cov=[0.0057, 0.0052] ov=[0.00025, 0.00084] P=6 S=41 arc=0.95 lr=0.11 w_ov=1.5 iou=[0.946, 0.947] acc=2
r74 724s L=0.0226 cov=[0.0056, 0.0053] ov=[0.00024, 0.00082] P=6 S=41 arc=0.98 lr=0.051 w_ov=1.56 iou=[0.946, 0.947] acc=0
r75 732s L=0.02167 cov=[0.0056, 0.0055] ov=[0.0002, 0.00075] P=6 S=39 arc=0.97 lr=0.071 w_ov=1.61 iou=[0.943, 0.944] acc=3
r76 741s L=0.01926 cov=[0.0059, 0.0064] ov=[0.00014, 0.00046] P=6 S=39 arc=0.95 lr=0.061 w_ov=1.66 iou=[0.944, 0.941] acc=1
r77 750s L=0.01874 cov=[0.0056, 0.0062] ov=[0.00018, 0.00042] P=6 S=39 arc=0.95 lr=0.042 w_ov=1.72 iou=[0.945, 0.941] acc=0
r78 758s L=0.01833 cov=[0.0056, 0.0062] ov=[0.00015, 0.00041] P=6 S=39 arc=0.95 lr=0.065 w_ov=1.78 iou=[0.943, 0.942] acc=1
r79 767s L=0.01793 cov=[0.0055, 0.0063] ov=[0.00012, 0.00039] P=6 S=39 arc=0.95 lr=0.088 w_ov=1.84 iou=[0.943, 0.94] acc=1
r80 775s L=0.01759 cov=[0.0055, 0.0063] ov=[0.00012, 0.00035] P=6 S=38 arc=0.97 lr=0.086 w_ov=1.9 iou=[0.943, 0.939] acc=2
r81 784s L=0.01719 cov=[0.0056, 0.0063] ov=[8e-05, 0.00035] P=6 S=37 arc=0.97 lr=0.083 w_ov=1.96 iou=[0.941, 0.94] acc=2
r82 792s L=0.0168 cov=[0.0055, 0.0064] ov=[7e-05, 0.00032] P=6 S=37 arc=0.97 lr=0.08 w_ov=2.02 iou=[0.944, 0.938] acc=0
r83 800s L=0.01606 cov=[0.0055, 0.0064] ov=[4e-05, 0.00028] P=6 S=37 arc=0.97 lr=0.048 w_ov=2.09 iou=[0.945, 0.937] acc=0
r84 810s L=0.01587 cov=[0.0056, 0.0063] ov=[3e-05, 0.00027] P=6 S=37 arc=0.97 lr=0.053 w_ov=2.16 iou=[0.943, 0.94] acc=0
r85 819s L=0.01586 cov=[0.0055, 0.0064] ov=[4e-05, 0.00026] P=6 S=37 arc=0.95 lr=0.036 w_ov=2.24 iou=[0.945, 0.938] acc=1
r86 827s L=0.01566 cov=[0.0055, 0.0064] ov=[2e-05, 0.00025] P=6 S=37 arc=0.95 lr=0.035 w_ov=2.32 iou=[0.942, 0.938] acc=2
r87 836s L=0.01561 cov=[0.0056, 0.0063] ov=[4e-05, 0.00024] P=6 S=37 arc=1.00 lr=0.033 w_ov=2.39 iou=[0.943, 0.939] acc=0
r88 845s L=0.01555 cov=[0.0056, 0.0063] ov=[3e-05, 0.00023] P=6 S=37 arc=1.00 lr=0.023 w_ov=2.47 iou=[0.941, 0.938] acc=0
r89 853s L=0.01542 cov=[0.0055, 0.0064] ov=[2e-05, 0.00023] P=6 S=37 arc=0.97 lr=0.031 w_ov=2.56 iou=[0.943, 0.938] acc=1
r90 862s L=0.01544 cov=[0.0056, 0.0064] ov=[3e-05, 0.00023] P=6 S=37 arc=0.95 lr=0.021 w_ov=2.64 iou=[0.944, 0.938] acc=1
r91 871s L=0.01512 cov=[0.0056, 0.0064] ov=[1e-05, 0.00021] P=6 S=37 arc=0.95 lr=0.02 w_ov=2.73 iou=[0.942, 0.938] acc=1
r92 881s L=0.015 cov=[0.0056, 0.0064] ov=[1e-05, 0.00019] P=6 S=37 arc=0.97 lr=0.019 w_ov=2.83 iou=[0.942, 0.938] acc=0
r93 889s L=0.01494 cov=[0.0057, 0.0063] ov=[1e-05, 0.00018] P=6 S=37 arc=0.97 lr=0.026 w_ov=2.94 iou=[0.942, 0.939] acc=1
r94 898s L=0.01478 cov=[0.0057, 0.0063] ov=[1e-05, 0.00017] P=6 S=37 arc=1.00 lr=0.017 w_ov=3.04 iou=[0.943, 0.939] acc=0
r95 907s L=0.01463 cov=[0.0057, 0.0063] ov=[1e-05, 0.00016] P=6 S=37 arc=1.00 lr=0.017 w_ov=3.14 iou=[0.942, 0.939] acc=0
r96 915s L=0.01461 cov=[0.0057, 0.0064] ov=[1e-05, 0.00015] P=6 S=37 arc=1.00 lr=0.016 w_ov=3.24 iou=[0.941, 0.937] acc=0
r97 924s L=0.01454 cov=[0.0057, 0.0064] ov=[1e-05, 0.00014] P=6 S=37 arc=1.00 lr=0.015 w_ov=3.35 iou=[0.941, 0.938] acc=0
r98 933s L=0.01448 cov=[0.0057, 0.0063] ov=[1e-05, 0.00014] P=6 S=37 arc=1.00 lr=0.014 w_ov=3.47 iou=[0.942, 0.939] acc=0
r99 942s L=0.01443 cov=[0.0057, 0.0064] ov=[1e-05, 0.00013] P=6 S=37 arc=1.00 lr=0.014 w_ov=3.59 iou=[0.942, 0.939] acc=0
r100 950s L=0.01435 cov=[0.0057, 0.0063] ov=[1e-05, 0.00013] P=6 S=37 arc=1.00 lr=0.018 w_ov=3.71 iou=[0.943, 0.939] acc=0
r101 959s L=0.0142 cov=[0.0057, 0.0064] ov=[1e-05, 0.00011] P=6 S=37 arc=1.00 lr=0.012 w_ov=3.84 iou=[0.943, 0.938] acc=0
r102 968s L=0.01419 cov=[0.0057, 0.0064] ov=[0.0, 0.00011] P=6 S=37 arc=1.00 lr=0.011 w_ov=3.97 iou=[0.942, 0.937] acc=0
r103 977s L=0.01409 cov=[0.0058, 0.0064] ov=[1e-05, 9e-05] P=6 S=37 arc=1.00 lr=0.011 w_ov=4.11 iou=[0.941, 0.937] acc=0
r104 986s L=0.01401 cov=[0.0057, 0.0064] ov=[1e-05, 9e-05] P=6 S=37 arc=1.00 lr=0.02 w_ov=4.26 iou=[0.943, 0.937] acc=0
r105 995s L=0.01399 cov=[0.0057, 0.0064] ov=[0.0, 9e-05] P=6 S=37 arc=1.00 lr=0.0095 w_ov=4.4 iou=[0.942, 0.937] acc=0
r106 1003s L=0.01386 cov=[0.0056, 0.0063] ov=[0.0, 9e-05] P=6 S=37 arc=1.00 lr=0.011 w_ov=4.56 iou=[0.943, 0.937] acc=0
r107 1012s L=0.01387 cov=[0.0057, 0.0064] ov=[0.0, 8e-05] P=6 S=37 arc=1.00 lr=0.0083 w_ov=4.7 iou=[0.942, 0.937] acc=0
r108 1021s L=0.01383 cov=[0.0056, 0.0064] ov=[0.0, 8e-05] P=6 S=37 arc=1.00 lr=0.0078 w_ov=4.86 iou=[0.942, 0.937] acc=0
r109 1030s L=0.01377 cov=[0.0056, 0.0064] ov=[0.0, 8e-05] P=6 S=37 arc=1.00 lr=0.0091 w_ov=5.04 iou=[0.942, 0.937] acc=0
r110 1039s L=0.01382 cov=[0.0057, 0.0064] ov=[0.0, 8e-05] P=6 S=37 arc=1.00 lr=0.0068 w_ov=5.22 iou=[0.941, 0.936] acc=0
r111 1048s L=0.01374 cov=[0.0056, 0.0063] ov=[0.0, 8e-05] P=6 S=37 arc=1.00 lr=0.0078 w_ov=5.39 iou=[0.942, 0.937] acc=0
r112 1057s L=0.01378 cov=[0.0057, 0.0064] ov=[0.0, 7e-05] P=6 S=37 arc=1.00 lr=0.0058 w_ov=5.58 iou=[0.943, 0.937] acc=0
r113 1066s L=0.01371 cov=[0.0056, 0.0063] ov=[0.0, 7e-05] P=6 S=37 arc=1.00 lr=0.013 w_ov=5.78 iou=[0.941, 0.937] acc=0
r114 1075s L=0.01364 cov=[0.0056, 0.0063] ov=[0.0, 7e-05] P=6 S=37 arc=1.00 lr=0.007 w_ov=5.98 iou=[0.942, 0.937] acc=0
r115 1083s L=0.01368 cov=[0.0057, 0.0063] ov=[0.0, 7e-05] P=6 S=37 arc=1.00 lr=0.0046 w_ov=6.18 iou=[0.941, 0.937] acc=0
r116 1092s L=0.01359 cov=[0.0056, 0.0063] ov=[0.0, 7e-05] P=6 S=37 arc=1.00 lr=0.0076 w_ov=6.38 iou=[0.942, 0.937] acc=0
r117 1100s L=0.01358 cov=[0.0056, 0.0063] ov=[0.0, 7e-05] P=6 S=37 arc=1.00 lr=0.0056 w_ov=6.6 iou=[0.942, 0.936] acc=0
r118 1109s L=0.01363 cov=[0.0057, 0.0063] ov=[0.0, 7e-05] P=6 S=37 arc=1.00 lr=0.0037 w_ov=6.82 iou=[0.942, 0.937] acc=0
r119 1118s L=0.01357 cov=[0.0056, 0.0063] ov=[0.0, 7e-05] P=6 S=37 arc=1.00 lr=0.0085 w_ov=7.05 iou=[0.942, 0.937] acc=0
r120 1127s L=0.01353 cov=[0.0056, 0.0063] ov=[0.0, 6e-05] P=6 S=37 arc=1.00 lr=0.0031 w_ov=7.31 iou=[0.942, 0.937] acc=0
r121 1136s L=0.0136 cov=[0.0057, 0.0063] ov=[0.0, 6e-05] P=6 S=37 arc=1.00 lr=0.0029 w_ov=7.57 iou=[0.941, 0.936] acc=0
r122 1145s L=0.01352 cov=[0.0056, 0.0063] ov=[0.0, 6e-05] P=6 S=37 arc=1.00 lr=0.0034 w_ov=7.82 iou=[0.942, 0.937] acc=0
r123 1154s L=0.01351 cov=[0.0056, 0.0063] ov=[0.0, 6e-05] P=6 S=37 arc=1.00 lr=0.0035 w_ov=8.1 iou=[0.941, 0.937] acc=0
r124 1163s L=0.01358 cov=[0.0057, 0.0063] ov=[0.0, 6e-05] P=6 S=37 arc=1.00 lr=0.0024 w_ov=8.38 iou=[0.942, 0.936] acc=0
r125 1172s L=0.01348 cov=[0.0056, 0.0063] ov=[0.0, 6e-05] P=6 S=37 arc=1.00 lr=0.0039 w_ov=8.69 iou=[0.941, 0.937] acc=0
r126 1180s L=0.01357 cov=[0.0057, 0.0063] ov=[0.0, 6e-05] P=6 S=37 arc=1.00 lr=0.0021 w_ov=8.98 iou=[0.941, 0.937] acc=0
r127 1189s L=0.01349 cov=[0.0056, 0.0063] ov=[0.0, 6e-05] P=6 S=37 arc=1.00 lr=0.0073 w_ov=9.28 iou=[0.941, 0.937] acc=0
r128 1197s L=0.01346 cov=[0.0056, 0.0063] ov=[0.0, 6e-05] P=6 S=37 arc=1.00 lr=0.002 w_ov=9.6 iou=[0.941, 0.937] acc=0
r129 1206s L=0.01346 cov=[0.0056, 0.0063] ov=[0.0, 6e-05] P=6 S=37 arc=1.00 lr=0.002 w_ov=9.9 iou=[0.941, 0.937] acc=0
{
 "Rotate": {
  "proposed": 1446,
  "accepted": 4,
  "scope": "per-target",
  "rate": 0.0027662517289073307
 },
 "ToArc": {
  "proposed": 185,
  "accepted": 111,
  "scope": "shared",
  "rate": 0.6
 },
 "Split": {
  "proposed": 3004,
  "accepted": 16,
  "scope": "shared",
  "rate": 0.005326231691078562
 },
 "Merge": {
  "proposed": 1011,
  "accepted": 48,
  "scope": "shared",
  "rate": 0.04747774480712166
 },
 "SwapPoses": {
  "proposed": 833,
  "accepted": 0,
  "scope": "per-target",
  "rate": 0.0
 },
 "ToLine": {
  "proposed": 1778,
  "accepted": 59,
  "scope": "shared",
  "rate": 0.033183352080989874
 },
 "MergeClose": {
  "proposed": 63,
  "accepted": 4,
  "scope": "shared",
  "rate": 0.06349206349206349
 },
 "forced:RemoveSmallPart": {
  "proposed": 0,
  "accepted": 4,
  "scope": "shared",
  "rate": 4.0
 }
}
EVAL avg_chamfer=3.319 avg_hausdorff=15.502 pieces=6->6 loss=0.01346
