r0 11s L=1.03 cov=[0.0066, 0.0085] ov=[0.04795, 0.05342] P=6 S=78 arc=0.00 lr=0.1 w_ov=0.1 iou=[0.943, 0.931] acc=15
r1 21s L=0.7356 cov=[0.004, 0.0055] ov=[0.03453, 0.03793] P=6 S=78 arc=0.17 lr=0.35 w_ov=0.104 iou=[0.953, 0.948] acc=11
r2 31s L=0.4291 cov=[0.0032, 0.0046] ov=[0.01933, 0.02266] P=6 S=75 arc=0.28 lr=0.25 w_ov=0.108 iou=[0.96, 0.954] acc=14
r3 41s L=0.4557 cov=[0.0031, 0.0047] ov=[0.01907, 0.02558] P=6 S=74 arc=0.43 lr=0.1 w_ov=0.113 iou=[0.964, 0.952] acc=9
r4 52s L=0.7123 cov=[0.0034, 0.0083] ov=[0.0294, 0.04053] P=6 S=72 arc=0.50 lr=0.1 w_ov=0.117 iou=[0.964, 0.933] acc=10
r5 63s L=0.3371 cov=[0.003, 0.0039] ov=[0.01376, 0.01913] P=6 S=69 arc=0.57 lr=0.25 w_ov=0.122 iou=[0.963, 0.96] acc=8
r6 72s L=0.4522 cov=[0.0028, 0.0045] ov=[0.01838, 0.026] P=6 S=68 arc=0.60 lr=0.099 w_ov=0.127 iou=[0.966, 0.954] acc=5
r7 83s L=0.333 cov=[0.003, 0.0035] ov=[0.01362, 0.01891] P=6 S=66 arc=0.64 lr=0.099 w_ov=0.132 iou=[0.965, 0.962] acc=9
r8 93s L=0.4259 cov=[0.0028, 0.0034] ov=[0.01877, 0.02307] P=6 S=66 arc=0.67 lr=0.099 w_ov=0.137 iou=[0.963, 0.963] acc=6
r9 104s L=0.2986 cov=[0.0034, 0.0048] ov=[0.01325, 0.01567] P=6 S=67 arc=0.66 lr=0.49 w_ov=0.143 iou=[0.957, 0.948] acc=9
r10 115s L=0.3613 cov=[0.0027, 0.0036] ov=[0.01467, 0.0207] P=6 S=66 arc=0.68 lr=0.2 w_ov=0.149 iou=[0.964, 0.958] acc=5
r11 126s L=0.2774 cov=[0.0028, 0.0034] ov=[0.01089, 0.0161] P=6 S=65 arc=0.72 lr=0.2 w_ov=0.156 iou=[0.964, 0.963] acc=6
r12 136s L=0.2898 cov=[0.0027, 0.0033] ov=[0.0119, 0.01636] P=6 S=62 arc=0.81 lr=0.097 w_ov=0.162 iou=[0.965, 0.965] acc=4
r13 146s L=0.2574 cov=[0.0028, 0.0032] ov=[0.00995, 0.01507] P=6 S=62 arc=0.81 lr=0.14 w_ov=0.169 iou=[0.964, 0.966] acc=2
r14 156s L=0.2653 cov=[0.0026, 0.0033] ov=[0.01053, 0.01529] P=6 S=62 arc=0.79 lr=0.096 w_ov=0.175 iou=[0.965, 0.966] acc=4
r15 165s L=0.2842 cov=[0.0026, 0.0032] ov=[0.01125, 0.01647] P=6 S=62 arc=0.82 lr=0.096 w_ov=0.182 iou=[0.967, 0.962] acc=0
r16 176s L=0.2487 cov=[0.0026, 0.0033] ov=[0.00983, 0.01433] P=6 S=62 arc=0.82 lr=0.14 w_ov=0.189 iou=[0.966, 0.966] acc=1
r17 187s L=0.2547 cov=[0.0024, 0.0034] ov=[0.01004, 0.01473] P=6 S=61 arc=0.82 lr=0.095 w_ov=0.197 iou=[0.968, 0.965] acc=4
r18 197s L=0.2683 cov=[0.0025, 0.0032] ov=[0.01049, 0.01564] P=6 S=61 arc=0.82 lr=0.094 w_ov=0.205 iou=[0.967, 0.962] acc=4
r19 208s L=0.217 cov=[0.0026, 0.0031] ov=[0.00823, 0.01278] P=6 S=61 arc=0.84 lr=0.26 w_ov=0.213 iou=[0.965, 0.966] acc=3
r20 219s L=0.2351 cov=[0.0027, 0.0032] ov=[0.00892, 0.01388] P=6 S=60 arc=0.87 lr=0.093 w_ov=0.222 iou=[0.965, 0.962] acc=2
r21 229s L=0.2231 cov=[0.0026, 0.003] ov=[0.00874, 0.01289] P=6 S=60 arc=0.85 lr=0.092 w_ov=0.232 iou=[0.968, 0.962] acc=2
r22 238s L=0.1973 cov=[0.0026, 0.0031] ov=[0.00731, 0.01173] P=6 S=59 arc=0.85 lr=0.26 w_ov=0.241 iou=[0.968, 0.962] acc=3
r23 249s L=0.1971 cov=[0.0027, 0.003] ov=[0.00733, 0.01169] P=6 S=58 arc=0.86 lr=0.091 w_ov=0.25 iou=[0.968, 0.964] acc=3
r24 259s L=0.1937 cov=[0.0027, 0.0031] ov=[0.00738, 0.0113] P=6 S=58 arc=0.88 lr=0.09 w_ov=0.26 iou=[0.966, 0.963] acc=2
r25 269s L=0.1796 cov=[0.0028, 0.0031] ov=[0.00676, 0.01049] P=6 S=57 arc=0.89 lr=0.18 w_ov=0.27 iou=[0.965, 0.961] acc=4
r26 278s L=0.1667 cov=[0.0027, 0.0034] ov=[0.00591, 0.01003] P=6 S=57 arc=0.91 lr=0.12 w_ov=0.281 iou=[0.965, 0.961] acc=1
r27 287s L=0.1673 cov=[0.0027, 0.0033] ov=[0.00597, 0.01003] P=6 S=57 arc=0.91 lr=0.088 w_ov=0.29 iou=[0.965, 0.961] acc=1
r28 296s L=0.1601 cov=[0.0028, 0.0033] ov=[0.00548, 0.0098] P=6 S=56 arc=0.91 lr=0.17 w_ov=0.3 iou=[0.965, 0.96] acc=2
r29 305s L=0.1534 cov=[0.003, 0.0035] ov=[0.00538, 0.00919] P=6 S=56 arc=0.91 lr=0.086 w_ov=0.311 iou=[0.965, 0.958] acc=1
r30 315s L=0.151 cov=[0.0032, 0.0035] ov=[0.00526, 0.00904] P=6 S=56 arc=0.91 lr=0.085 w_ov=0.323 iou=[0.962, 0.96] acc=1
r31 325s L=0.1451 cov=[0.0029, 0.0035] ov=[0.00508, 0.00868] P=6 S=56 arc=0.91 lr=0.17 w_ov=0.335 iou=[0.966, 0.96] acc=2
r32 334s L=0.1347 cov=[0.0039, 0.0038] ov=[0.00485, 0.00773] P=6 S=52 arc=0.87 lr=0.24 w_ov=0.348 iou=[0.957, 0.954] acc=8
r33 342s L=0.1296 cov=[0.0031, 0.0037] ov=[0.00409, 0.00808] P=6 S=52 arc=0.87 lr=0.1 w_ov=0.36 iou=[0.964, 0.962] acc=2
r34 350s L=0.1253 cov=[0.0032, 0.0038] ov=[0.00406, 0.00765] P=6 S=51 arc=0.86 lr=0.12 w_ov=0.371 iou=[0.962, 0.958] acc=4
r35 359s L=0.1271 cov=[0.0033, 0.0036] ov=[0.00459, 0.00733] P=6 S=51 arc=0.88 lr=0.081 w_ov=0.383 iou=[0.961, 0.96] acc=2
r36 367s L=0.1174 cov=[0.0031, 0.0037] ov=[0.00378, 0.00717] P=6 S=50 arc=0.92 lr=0.1 w_ov=0.396 iou=[0.965, 0.959] acc=2
r37 376s L=0.1094 cov=[0.0035, 0.0039] ov=[0.00356, 0.00654] P=6 S=49 arc=0.92 lr=0.079 w_ov=0.41 iou=[0.96, 0.957] acc=2
r38 384s L=0.1099 cov=[0.0034, 0.0041] ov=[0.00351, 0.00663] P=6 S=49 arc=0.90 lr=0.14 w_ov=0.423 iou=[0.961, 0.956] acc=2
r39 393s L=0.157 cov=[0.0058, 0.0067] ov=[0.00535, 0.00899] P=6 S=50 arc=0.88 lr=0.14 w_ov=0.437 iou=[0.943, 0.943] acc=5
r40 402s L=0.1009 cov=[0.0033, 0.004] ov=[0.00326, 0.00599] P=6 S=51 arc=0.90 lr=0.19 w_ov=0.452 iou=[0.966, 0.957] acc=2
r41 411s L=0.0917 cov=[0.0034, 0.0039] ov=[0.00273, 0.0056] P=6 S=51 arc=0.90 lr=0.094 w_ov=0.467 iou=[0.964, 0.956] acc=1
r42 419s L=0.08473 cov=[0.0035, 0.004] ov=[0.00242, 0.0052] P=6 S=50 arc=0.94 lr=0.21 w_ov=0.484 iou=[0.962, 0.955] acc=3
r43 428s L=0.07946 cov=[0.0036, 0.0041] ov=[0.00213, 0.00494] P=6 S=50 arc=0.98 lr=0.21 w_ov=0.5 iou=[0.959, 0.954] acc=0
r44 437s L=0.07453 cov=[0.0036, 0.0042] ov=[0.00206, 0.0045] P=6 S=51 arc=0.96 lr=0.2 w_ov=0.518 iou=[0.956, 0.955] acc=6
r45 447s L=0.07013 cov=[0.0036, 0.0042] ov=[0.00213, 0.00399] P=6 S=51 arc=0.94 lr=0.13 w_ov=0.536 iou=[0.958, 0.956] acc=3
r46 456s L=0.05614 cov=[0.0041, 0.0042] ov=[0.00124, 0.00343] P=6 S=51 arc=0.90 lr=0.18 w_ov=0.556 iou=[0.959, 0.956] acc=6
r47 465s L=0.05021 cov=[0.0037, 0.0042] ov=[0.00101, 0.00311] P=6 S=51 arc=0.88 lr=0.12 w_ov=0.575 iou=[0.96, 0.956] acc=1
r48 474s L=0.04746 cov=[0.0038, 0.0042] ov=[0.00094, 0.00289] P=6 S=51 arc=0.88 lr=0.19 w_ov=0.595 iou=[0.959, 0.956] acc=2
r49 484s L=0.04545 cov=[0.0038, 0.0042] ov=[0.00083, 0.00279] P=6 S=51 arc=0.90 lr=0.095 w_ov=0.616 iou=[0.96, 0.957] acc=2
r50 492s L=0.04134 cov=[0.0038, 0.0043] ov=[0.00068, 0.00253] P=6 S=51 arc=0.92 lr=0.066 w_ov=0.64 iou=[0.959, 0.954] acc=1
r51 503s L=0.04234 cov=[0.0038, 0.0045] ov=[0.00073, 0.00257] P=6 S=51 arc=0.94 lr=0.065 w_ov=0.662 iou=[0.958, 0.954] acc=0
r52 511s L=0.03817 cov=[0.0037, 0.0044] ov=[0.00061, 0.00229] P=6 S=51 arc=0.92 lr=0.11 w_ov=0.688 iou=[0.96, 0.953] acc=2
r53 521s L=0.03649 cov=[0.0038, 0.0044] ov=[0.00055, 0.00217] P=6 S=51 arc=0.92 lr=0.062 w_ov=0.712 iou=[0.96, 0.952] acc=2
r54 529s L=0.03407 cov=[0.0038, 0.0043] ov=[0.00046, 0.00202] P=6 S=51 arc=0.94 lr=0.061 w_ov=0.738 iou=[0.959, 0.954] acc=2
r55 539s L=0.03288 cov=[0.0037, 0.0045] ov=[0.00038, 0.00198] P=6 S=51 arc=0.98 lr=0.085 w_ov=0.76 iou=[0.958, 0.951] acc=0
r56 548s L=0.0309 cov=[0.0038, 0.0044] ov=[0.00035, 0.0018] P=6 S=51 arc=0.96 lr=0.083 w_ov=0.791 iou=[0.956, 0.952] acc=1
r57 557s L=0.02908 cov=[0.0042, 0.0046] ov=[0.00027, 0.00165] P=6 S=49 arc=0.94 lr=0.058 w_ov=0.819 iou=[0.955, 0.952] acc=1
r58 565s L=0.02832 cov=[0.0039, 0.0045] ov=[0.00024, 0.00165] P=6 S=49 arc=0.94 lr=0.071 w_ov=0.848 iou=[0.955, 0.951] acc=2
r59 575s L=0.02775 cov=[0.0039, 0.0045] ov=[0.00025, 0.00158] P=6 S=49 arc=0.94 lr=0.078 w_ov=0.875 iou=[0.955, 0.951] acc=3
r60 584s L=0.02537 cov=[0.004, 0.0043] ov=[0.00021, 0.00139] P=6 S=49 arc=0.94 lr=0.054 w_ov=0.909 iou=[0.955, 0.954] acc=1
r61 593s L=0.02523 cov=[0.0038, 0.0044] ov=[0.00018, 0.00141] P=6 S=49 arc=0.90 lr=0.053 w_ov=0.941 iou=[0.954, 0.952] acc=2
r62 603s L=0.02343 cov=[0.0038, 0.0045] ov=[0.00015, 0.00125] P=6 S=49 arc=0.90 lr=0.073 w_ov=0.976 iou=[0.955, 0.951] acc=1
r63 612s L=0.0223 cov=[0.0039, 0.0045] ov=[0.00017, 0.0011] P=6 S=49 arc=0.92 lr=0.051 w_ov=1.01 iou=[0.954, 0.952] acc=0
r64 621s L=0.02194 cov=[0.0039, 0.0045] ov=[0.00017, 0.00107] P=6 S=49 arc=0.92 lr=0.049 w_ov=1.05 iou=[0.955, 0.95] acc=1
r65 631s L=0.0219 cov=[0.004, 0.0044] ov=[0.00017, 0.00107] P=6 S=49 arc=0.92 lr=0.068 w_ov=1.08 iou=[0.955, 0.949] acc=4
r66 640s L=0.01539 cov=[0.0038, 0.0048] ov=[0.00013, 0.00045] P=6 S=49 arc=0.96 lr=0.094 w_ov=1.13 iou=[0.956, 0.949] acc=2
r67 649s L=0.01443 cov=[0.0038, 0.0047] ov=[0.00011, 0.00038] P=6 S=49 arc=1.00 lr=0.065 w_ov=1.17 iou=[0.956, 0.948] acc=0
r68 659s L=0.01405 cov=[0.0038, 0.0046] ov=[0.00012, 0.00034] P=6 S=48 arc=1.00 lr=0.089 w_ov=1.21 iou=[0.956, 0.949] acc=1
r69 668s L=0.01459 cov=[0.0038, 0.0047] ov=[9e-05, 0.00041] P=6 S=47 arc=0.98 lr=0.087 w_ov=1.25 iou=[0.958, 0.948] acc=1
r70 677s L=0.01292 cov=[0.0039, 0.0047] ov=[0.0001, 0.00023] P=6 S=47 arc=0.98 lr=0.042 w_ov=1.3 iou=[0.957, 0.949] acc=0
r71 686s L=0.0234 cov=[0.0042, 0.0052] ov=[0.00018, 0.00111] P=6 S=46 arc=0.93 lr=0.058 w_ov=1.34 iou=[0.955, 0.947] acc=3
r72 695s L=0.01336 cov=[0.0038, 0.0047] ov=[0.00017, 0.00021] P=6 S=47 arc=0.94 lr=0.1 w_ov=1.39 iou=[0.956, 0.947] acc=3
r73 704s L=0.01394 cov=[0.0039, 0.0047] ov=[6e-05, 0.00037] P=6 S=49 arc=0.96 lr=0.078 w_ov=1.44 iou=[0.955, 0.948] acc=3
r74 714s L=0.01185 cov=[0.0038, 0.0047] ov=[6e-05, 0.00017] P=6 S=47 arc=0.96 lr=0.047 w_ov=1.49 iou=[0.958, 0.949] acc=2
r75 723s L=0.01286 cov=[0.0038, 0.0048] ov=[4e-05, 0.00029] P=6 S=47 arc=0.96 lr=0.037 w_ov=1.55 iou=[0.958, 0.948] acc=0
r76 732s L=0.01161 cov=[0.0037, 0.0047] ov=[5e-05, 0.00016] P=6 S=47 arc=0.96 lr=0.044 w_ov=1.61 iou=[0.959, 0.948] acc=0
r77 742s L=0.01143 cov=[0.0038, 0.0046] ov=[5e-05, 0.00014] P=6 S=47 arc=0.96 lr=0.069 w_ov=1.66 iou=[0.957, 0.949] acc=0
r78 751s L=0.01122 cov=[0.0037, 0.0048] ov=[4e-05, 0.00013] P=6 S=47 arc=0.96 lr=0.033 w_ov=1.72 iou=[0.957, 0.948] acc=0
r79 760s L=0.01426 cov=[0.0037, 0.005] ov=[2e-05, 0.00043] P=6 S=47 arc=0.96 lr=0.045 w_ov=1.79 iou=[0.959, 0.946] acc=0
r80 769s L=0.01077 cov=[0.0037, 0.0048] ov=[3e-05, 9e-05] P=6 S=47 arc=0.94 lr=0.044 w_ov=1.85 iou=[0.961, 0.946] acc=2
r81 778s L=0.0112 cov=[0.0037, 0.0049] ov=[5e-05, 0.0001] P=6 S=47 arc=0.94 lr=0.03 w_ov=1.91 iou=[0.961, 0.948] acc=0
r82 789s L=0.01013 cov=[0.0037, 0.0048] ov=[4e-05, 2e-05] P=6 S=47 arc=0.91 lr=0.029 w_ov=1.98 iou=[0.961, 0.947] acc=1
r83 798s L=0.01004 cov=[0.0037, 0.0047] ov=[3e-05, 3e-05] P=6 S=47 arc=0.91 lr=0.056 w_ov=2.06 iou=[0.96, 0.948] acc=0
r84 807s L=0.01002 cov=[0.0036, 0.0048] ov=[3e-05, 3e-05] P=6 S=47 arc=0.91 lr=0.027 w_ov=2.14 iou=[0.961, 0.947] acc=1
r85 817s L=0.0104 cov=[0.0036, 0.0047] ov=[2e-05, 8e-05] P=6 S=48 arc=0.94 lr=0.051 w_ov=2.21 iou=[0.962, 0.947] acc=1
r86 826s L=0.009973 cov=[0.0036, 0.0048] ov=[2e-05, 3e-05] P=6 S=47 arc=0.94 lr=0.035 w_ov=2.3 iou=[0.963, 0.947] acc=2
r87 836s L=0.009937 cov=[0.0037, 0.0048] ov=[2e-05, 2e-05] P=6 S=47 arc=0.96 lr=0.024 w_ov=2.38 iou=[0.961, 0.948] acc=0
r88 845s L=0.009889 cov=[0.0037, 0.0047] ov=[2e-05, 2e-05] P=6 S=47 arc=0.94 lr=0.023 w_ov=2.47 iou=[0.962, 0.949] acc=2
r89 854s L=0.009802 cov=[0.0037, 0.0047] ov=[2e-05, 2e-05] P=6 S=47 arc=0.96 lr=0.043 w_ov=2.56 iou=[0.962, 0.95] acc=0
r90 863s L=0.009708 cov=[0.0035, 0.0048] ov=[1e-05, 2e-05] P=6 S=47 arc=0.94 lr=0.042 w_ov=2.65 iou=[0.962, 0.949] acc=1
r91 872s L=0.009859 cov=[0.0037, 0.0048] ov=[1e-05, 2e-05] P=6 S=47 arc=0.91 lr=0.02 w_ov=2.74 iou=[0.961, 0.95] acc=2
r92 881s L=0.009695 cov=[0.0036, 0.0047] ov=[1e-05, 2e-05] P=6 S=47 arc=0.94 lr=0.038 w_ov=2.84 iou=[0.962, 0.949] acc=0
r93 891s L=0.009738 cov=[0.0037, 0.0047] ov=[1e-05, 1e-05] P=6 S=47 arc=0.94 lr=0.018 w_ov=2.94 iou=[0.962, 0.95] acc=1
r94 900s L=0.009832 cov=[0.0037, 0.0048] ov=[0.0, 1e-05] P=6 S=47 arc=0.94 lr=0.017 w_ov=3.05 iou=[0.961, 0.949] acc=1
r95 909s L=0.009641 cov=[0.0036, 0.0047] ov=[0.0, 2e-05] P=6 S=47 arc=0.94 lr=0.046 w_ov=3.16 iou=[0.962, 0.95] acc=2
r96 918s L=0.009649 cov=[0.0037, 0.0047] ov=[0.0, 1e-05] P=6 S=47 arc=0.91 lr=0.016 w_ov=3.27 iou=[0.961, 0.95] acc=3
r97 927s L=0.009665 cov=[0.0035, 0.0048] ov=[1e-05, 2e-05] P=6 S=47 arc=0.91 lr=0.029 w_ov=3.39 iou=[0.962, 0.949] acc=0
r98 937s L=0.009707 cov=[0.0038, 0.0047] ov=[0.0, 1e-05] P=6 S=47 arc=0.89 lr=0.014 w_ov=3.51 iou=[0.961, 0.949] acc=3
r99 946s L=0.009462 cov=[0.0035, 0.0048] ov=[1e-05, 1e-05] P=6 S=47 arc=0.94 lr=0.023 w_ov=3.65 iou=[0.962, 0.949] acc=1
r100 956s L=0.009798 cov=[0.0039, 0.0048] ov=[0.0, 1e-05] P=6 S=47 arc=0.91 lr=0.012 w_ov=3.78 iou=[0.961, 0.949] acc=2
r101 966s L=0.009837 cov=[0.0039, 0.0048] ov=[0.0, 0.0] P=6 S=47 arc=0.91 lr=0.012 w_ov=3.92 iou=[0.958, 0.95] acc=2
r102 973s L=0.009488 cov=[0.0036, 0.0048] ov=[0.0, 1e-05] P=6 S=47 arc=0.91 lr=0.022 w_ov=4.07 iou=[0.962, 0.951] acc=2
r103 983s L=0.009815 cov=[0.0039, 0.0048] ov=[0.0, 0.0] P=6 S=47 arc=0.91 lr=0.01 w_ov=4.19 iou=[0.958, 0.949] acc=3
r104 992s L=0.009457 cov=[0.0035, 0.0047] ov=[0.0, 1e-05] P=6 S=47 arc=0.98 lr=0.027 w_ov=4.35 iou=[0.962, 0.95] acc=0
r105 1002s L=0.009835 cov=[0.004, 0.0047] ov=[0.0, 0.0] P=6 S=46 arc=0.91 lr=0.0091 w_ov=4.5 iou=[0.959, 0.95] acc=4
r106 1011s L=0.009665 cov=[0.0038, 0.0048] ov=[0.0, 0.0] P=6 S=46 arc=0.91 lr=0.0084 w_ov=4.67 iou=[0.961, 0.952] acc=0
r107 1021s L=0.009701 cov=[0.0038, 0.0048] ov=[0.0, 0.0] P=6 S=46 arc=0.91 lr=0.0078 w_ov=4.85 iou=[0.961, 0.951] acc=1
r108 1030s L=0.00943 cov=[0.0036, 0.0047] ov=[0.0, 0.0] P=6 S=46 arc=0.93 lr=0.021 w_ov=5.02 iou=[0.962, 0.951] acc=0
r109 1039s L=0.009703 cov=[0.0039, 0.0047] ov=[0.0, 0.0] P=6 S=46 arc=0.93 lr=0.0068 w_ov=5.2 iou=[0.961, 0.951] acc=0
r110 1049s L=0.009432 cov=[0.0036, 0.0048] ov=[0.0, 0.0] P=6 S=46 arc=0.93 lr=0.013 w_ov=5.4 iou=[0.961, 0.951] acc=0
r111 1059s L=0.009357 cov=[0.0036, 0.0047] ov=[0.0, 0.0] P=6 S=46 arc=0.93 lr=0.012 w_ov=5.61 iou=[0.962, 0.951] acc=1
r112 1069s L=0.009343 cov=[0.0036, 0.0047] ov=[0.0, 0.0] P=6 S=46 arc=0.91 lr=0.0053 w_ov=5.82 iou=[0.962, 0.95] acc=2
r113 1078s L=0.009337 cov=[0.0036, 0.0046] ov=[0.0, 0.0] P=6 S=46 arc=0.91 lr=0.0049 w_ov=6.04 iou=[0.962, 0.95] acc=0
r114 1088s L=0.009348 cov=[0.0036, 0.0047] ov=[0.0, 0.0] P=6 S=46 arc=0.91 lr=0.0045 w_ov=6.27 iou=[0.961, 0.95] acc=0
r115 1097s L=0.009324 cov=[0.0036, 0.0046] ov=[0.0, 0.0] P=6 S=46 arc=0.91 lr=0.012 w_ov=6.51 iou=[0.963, 0.95] acc=0
r116 1106s L=0.009243 cov=[0.0035, 0.0046] ov=[0.0, 0.0] P=6 S=46 arc=0.91 lr=0.0067 w_ov=6.74 iou=[0.962, 0.95] acc=0
r117 1116s L=0.009368 cov=[0.0036, 0.0047] ov=[0.0, 0.0] P=6 S=46 arc=0.91 lr=0.0035 w_ov=6.98 iou=[0.961, 0.95] acc=0
r118 1125s L=0.009245 cov=[0.0036, 0.0046] ov=[0.0, 0.0] P=6 S=46 arc=0.91 lr=0.0079 w_ov=7.25 iou=[0.962, 0.95] acc=0
r119 1135s L=0.009237 cov=[0.0035, 0.0046] ov=[0.0, 0.0] P=6 S=46 arc=0.91 lr=0.0029 w_ov=7.51 iou=[0.962, 0.95] acc=0
r120 1145s L=0.009228 cov=[0.0035, 0.0046] ov=[0.0, 0.0] P=6 S=46 arc=0.91 lr=0.0038 w_ov=7.8 iou=[0.962, 0.95] acc=1
r121 1155s L=0.009209 cov=[0.0035, 0.0046] ov=[0.0, 0.0] P=6 S=46 arc=0.93 lr=0.005 w_ov=8.1 iou=[0.963, 0.95] acc=1
r122 1165s L=0.00924 cov=[0.0036, 0.0046] ov=[0.0, 0.0] P=6 S=46 arc=0.96 lr=0.0023 w_ov=8.42 iou=[0.962, 0.95] acc=0
r123 1175s L=0.009275 cov=[0.0035, 0.0047] ov=[0.0, 0.0] P=6 S=46 arc=0.96 lr=0.011 w_ov=8.74 iou=[0.963, 0.951] acc=0
r124 1184s L=0.009193 cov=[0.0035, 0.0046] ov=[0.0, 0.0] P=6 S=46 arc=0.96 lr=0.0037 w_ov=9.09 iou=[0.963, 0.95] acc=0
r125 1193s L=0.009286 cov=[0.0036, 0.0047] ov=[0.0, 0.0] P=6 S=46 arc=0.93 lr=0.002 w_ov=9.41 iou=[0.962, 0.95] acc=1
r126 1201s L=0.009178 cov=[0.0035, 0.0046] ov=[0.0, 0.0] P=6 S=46 arc=0.93 lr=0.0071 w_ov=9.73 iou=[0.963, 0.95] acc=0
{
 "Split": {
  "proposed": 2719,
  "accepted": 14,
  "scope": "shared",
  "rate": 0.0051489518205222505
 },
 "ToArc": {
  "proposed": 279,
  "accepted": 144,
  "scope": "shared",
  "rate": 0.5161290322580645
 },
 "SwapPoses": {
  "proposed": 913,
  "accepted": 0,
  "scope": "per-target",
  "rate": 0.0
 },
 "Merge": {
  "proposed": 1037,
  "accepted": 35,
  "scope": "shared",
  "rate": 0.033751205400192864
 },
 "Rotate": {
  "proposed": 1346,
  "accepted": 4,
  "scope": "per-target",
  "rate": 0.0029717682020802376
 },
 "MergeClose": {
  "proposed": 9,
  "accepted": 3,
  "scope": "shared",
  "rate": 0.3333333333333333
 },
 "ToLine": {
  "proposed": 1825,
  "accepted": 86,
  "scope": "shared",
  "rate": 0.047123287671232875
 },
 "forced:RemoveSmallPart": {
  "proposed": 0,
  "accepted": 1,
  "scope": "shared",
  "rate": 1.0
 }
}
EVAL avg_chamfer=3.587 avg_hausdorff=15.890 pieces=6->6 loss=0.009178
