r0 11s L=0.2792 cov=[0.0031, 0.0128] ov=[0.00369, 0.0225] P=6 S=84 arc=0.00 lr=0.35 w_ov=0.1 iou=[0.964, 0.914] acc=18
r1 22s L=0.298 cov=[0.004, 0.0157] ov=[0.00584, 0.02185] P=6 S=81 arc=0.12 lr=0.18 w_ov=0.104 iou=[0.959, 0.893] acc=13
r2 33s L=0.319 cov=[0.0044, 0.0101] ov=[0.00749, 0.02282] P=6 S=81 arc=0.25 lr=0.35 w_ov=0.109 iou=[0.956, 0.927] acc=13
r3 43s L=0.3246 cov=[0.0048, 0.011] ov=[0.00737, 0.02337] P=6 S=78 arc=0.32 lr=0.35 w_ov=0.114 iou=[0.955, 0.913] acc=19
r4 55s L=0.321 cov=[0.005, 0.0084] ov=[0.00805, 0.02258] P=6 S=78 arc=0.40 lr=0.35 w_ov=0.118 iou=[0.956, 0.935] acc=8
r5 67s L=0.3083 cov=[0.0048, 0.0084] ov=[0.00776, 0.02161] P=6 S=75 arc=0.43 lr=0.28 w_ov=0.124 iou=[0.958, 0.934] acc=11
r6 78s L=0.3145 cov=[0.0044, 0.0086] ov=[0.00841, 0.0216] P=6 S=74 arc=0.49 lr=0.099 w_ov=0.129 iou=[0.959, 0.932] acc=11
r7 89s L=0.2863 cov=[0.0053, 0.0075] ov=[0.00696, 0.02025] P=6 S=74 arc=0.61 lr=0.28 w_ov=0.135 iou=[0.954, 0.941] acc=6
r8 102s L=0.3314 cov=[0.0049, 0.0076] ov=[0.00968, 0.02207] P=6 S=72 arc=0.69 lr=0.099 w_ov=0.141 iou=[0.956, 0.941] acc=5
r9 113s L=0.2933 cov=[0.0046, 0.0078] ov=[0.00776, 0.0202] P=6 S=69 arc=0.72 lr=0.2 w_ov=0.148 iou=[0.959, 0.939] acc=6
r10 124s L=0.2874 cov=[0.0042, 0.0081] ov=[0.00756, 0.01981] P=6 S=66 arc=0.74 lr=0.098 w_ov=0.155 iou=[0.958, 0.937] acc=8
r11 135s L=0.2908 cov=[0.004, 0.0082] ov=[0.0082, 0.01953] P=6 S=66 arc=0.74 lr=0.097 w_ov=0.161 iou=[0.962, 0.935] acc=5
r12 145s L=0.2629 cov=[0.004, 0.0083] ov=[0.00652, 0.01842] P=6 S=64 arc=0.80 lr=0.19 w_ov=0.168 iou=[0.962, 0.935] acc=4
r13 155s L=0.2633 cov=[0.0043, 0.008] ov=[0.00651, 0.01846] P=6 S=64 arc=0.80 lr=0.097 w_ov=0.175 iou=[0.956, 0.937] acc=4
r14 167s L=0.2583 cov=[0.0042, 0.0081] ov=[0.00647, 0.018] P=6 S=63 arc=0.83 lr=0.096 w_ov=0.182 iou=[0.96, 0.936] acc=4
r15 177s L=0.239 cov=[0.004, 0.0083] ov=[0.00501, 0.01752] P=6 S=61 arc=0.87 lr=0.38 w_ov=0.19 iou=[0.955, 0.935] acc=4
r16 188s L=0.2355 cov=[0.0042, 0.0082] ov=[0.00503, 0.01715] P=6 S=60 arc=0.87 lr=0.13 w_ov=0.197 iou=[0.955, 0.937] acc=3
r17 198s L=0.2284 cov=[0.0046, 0.0078] ov=[0.00481, 0.01666] P=6 S=60 arc=0.85 lr=0.19 w_ov=0.206 iou=[0.956, 0.938] acc=1
r18 208s L=0.2292 cov=[0.0047, 0.0078] ov=[0.00484, 0.01671] P=6 S=60 arc=0.83 lr=0.094 w_ov=0.214 iou=[0.956, 0.937] acc=4
r19 217s L=0.229 cov=[0.0047, 0.0078] ov=[0.00518, 0.01634] P=6 S=60 arc=0.87 lr=0.093 w_ov=0.222 iou=[0.956, 0.936] acc=4
r20 227s L=0.2108 cov=[0.0053, 0.0075] ov=[0.00412, 0.01557] P=6 S=60 arc=0.92 lr=0.092 w_ov=0.23 iou=[0.954, 0.938] acc=1
r21 238s L=0.2053 cov=[0.0053, 0.0076] ov=[0.00377, 0.01534] P=6 S=60 arc=0.92 lr=0.092 w_ov=0.239 iou=[0.952, 0.938] acc=2
r22 247s L=0.208 cov=[0.0053, 0.0076] ov=[0.00395, 0.01544] P=6 S=60 arc=0.90 lr=0.091 w_ov=0.249 iou=[0.954, 0.939] acc=4
r23 257s L=0.2036 cov=[0.0054, 0.0075] ov=[0.00371, 0.01524] P=6 S=59 arc=0.93 lr=0.09 w_ov=0.258 iou=[0.952, 0.936] acc=2
r24 267s L=0.203 cov=[0.0055, 0.0073] ov=[0.00384, 0.01506] P=6 S=58 arc=0.93 lr=0.089 w_ov=0.268 iou=[0.951, 0.939] acc=3
r25 278s L=0.1949 cov=[0.0057, 0.0072] ov=[0.00356, 0.01453] P=6 S=58 arc=0.93 lr=0.13 w_ov=0.279 iou=[0.95, 0.94] acc=1
r26 288s L=0.1991 cov=[0.0055, 0.0073] ov=[0.00397, 0.01455] P=6 S=58 arc=0.93 lr=0.088 w_ov=0.291 iou=[0.952, 0.938] acc=0
r27 298s L=0.1886 cov=[0.0055, 0.0075] ov=[0.00331, 0.01413] P=6 S=58 arc=0.91 lr=0.087 w_ov=0.302 iou=[0.952, 0.937] acc=3
r28 309s L=0.1821 cov=[0.0057, 0.0075] ov=[0.00307, 0.01371] P=6 S=58 arc=0.93 lr=0.086 w_ov=0.314 iou=[0.95, 0.938] acc=1
r29 320s L=0.1814 cov=[0.0054, 0.0077] ov=[0.00294, 0.01376] P=6 S=57 arc=0.91 lr=0.085 w_ov=0.328 iou=[0.953, 0.936] acc=2
r30 330s L=0.1745 cov=[0.0056, 0.0077] ov=[0.00295, 0.01306] P=6 S=56 arc=0.89 lr=0.17 w_ov=0.342 iou=[0.95, 0.937] acc=2
r31 341s L=0.1731 cov=[0.0056, 0.0077] ov=[0.00292, 0.01295] P=6 S=56 arc=0.86 lr=0.083 w_ov=0.355 iou=[0.95, 0.937] acc=4
r32 350s L=0.1861 cov=[0.0064, 0.0079] ov=[0.00418, 0.01288] P=6 S=56 arc=0.86 lr=0.14 w_ov=0.37 iou=[0.944, 0.935] acc=3
r33 360s L=0.1646 cov=[0.0058, 0.0078] ov=[0.00253, 0.01245] P=6 S=54 arc=0.85 lr=0.2 w_ov=0.384 iou=[0.948, 0.937] acc=5
r34 370s L=0.1587 cov=[0.0063, 0.0076] ov=[0.00215, 0.01221] P=6 S=54 arc=0.85 lr=0.08 w_ov=0.399 iou=[0.948, 0.936] acc=2
r35 379s L=0.1571 cov=[0.0063, 0.0075] ov=[0.00221, 0.01201] P=6 S=54 arc=0.87 lr=0.11 w_ov=0.414 iou=[0.947, 0.937] acc=0
r36 389s L=0.1505 cov=[0.0066, 0.0074] ov=[0.00214, 0.0114] P=6 S=53 arc=0.83 lr=0.22 w_ov=0.429 iou=[0.945, 0.937] acc=4
r37 398s L=0.149 cov=[0.0066, 0.0074] ov=[0.00204, 0.01134] P=6 S=53 arc=0.83 lr=0.11 w_ov=0.444 iou=[0.946, 0.938] acc=3
r38 408s L=0.1489 cov=[0.0065, 0.0075] ov=[0.00205, 0.01133] P=6 S=53 arc=0.85 lr=0.076 w_ov=0.461 iou=[0.946, 0.938] acc=3
r39 417s L=0.1415 cov=[0.0069, 0.0074] ov=[0.00164, 0.01096] P=6 S=53 arc=0.87 lr=0.075 w_ov=0.479 iou=[0.945, 0.937] acc=2
r40 426s L=0.1379 cov=[0.0068, 0.0077] ov=[0.00155, 0.01068] P=6 S=53 arc=0.85 lr=0.1 w_ov=0.496 iou=[0.945, 0.935] acc=4
r41 436s L=0.1368 cov=[0.0068, 0.0076] ov=[0.00163, 0.0105] P=6 S=52 arc=0.88 lr=0.15 w_ov=0.514 iou=[0.945, 0.936] acc=3
r42 446s L=0.1342 cov=[0.0068, 0.0077] ov=[0.00155, 0.01031] P=6 S=51 arc=0.90 lr=0.14 w_ov=0.532 iou=[0.945, 0.935] acc=1
r43 455s L=0.129 cov=[0.007, 0.0077] ov=[0.00131, 0.01] P=6 S=51 arc=0.90 lr=0.07 w_ov=0.553 iou=[0.943, 0.937] acc=3
r44 465s L=0.1239 cov=[0.0072, 0.0077] ov=[0.00136, 0.00942] P=6 S=50 arc=0.94 lr=0.14 w_ov=0.574 iou=[0.942, 0.935] acc=2
r45 474s L=0.1225 cov=[0.0071, 0.0079] ov=[0.00128, 0.00937] P=6 S=50 arc=0.92 lr=0.19 w_ov=0.596 iou=[0.942, 0.934] acc=1
r46 483s L=0.1193 cov=[0.0071, 0.008] ov=[0.00125, 0.00906] P=6 S=50 arc=0.92 lr=0.095 w_ov=0.617 iou=[0.94, 0.933] acc=2
r47 492s L=0.1159 cov=[0.0073, 0.008] ov=[0.00119, 0.00875] P=6 S=50 arc=0.96 lr=0.066 w_ov=0.639 iou=[0.939, 0.934] acc=0
r48 501s L=0.1134 cov=[0.0072, 0.0082] ov=[0.00116, 0.00853] P=6 S=50 arc=0.96 lr=0.13 w_ov=0.661 iou=[0.94, 0.934] acc=0
r49 510s L=0.1105 cov=[0.0074, 0.008] ov=[0.00117, 0.00822] P=6 S=50 arc=0.96 lr=0.079 w_ov=0.684 iou=[0.937, 0.934] acc=1
r50 519s L=0.1044 cov=[0.0083, 0.008] ov=[0.00092, 0.00777] P=6 S=50 arc=0.94 lr=0.088 w_ov=0.708 iou=[0.933, 0.933] acc=2
r51 528s L=0.1093 cov=[0.0079, 0.0083] ov=[0.00189, 0.00731] P=6 S=52 arc=0.90 lr=0.22 w_ov=0.733 iou=[0.932, 0.932] acc=8
r52 539s L=0.09781 cov=[0.0078, 0.0084] ov=[0.00116, 0.0069] P=6 S=52 arc=0.92 lr=0.21 w_ov=0.76 iou=[0.934, 0.931] acc=3
r53 550s L=0.09029 cov=[0.008, 0.0084] ov=[0.00077, 0.0065] P=6 S=51 arc=0.90 lr=0.1 w_ov=0.792 iou=[0.933, 0.931] acc=3
r54 560s L=0.08888 cov=[0.0079, 0.0085] ov=[0.0007, 0.00644] P=6 S=51 arc=0.92 lr=0.11 w_ov=0.825 iou=[0.933, 0.931] acc=2
r55 570s L=0.08532 cov=[0.008, 0.0086] ov=[0.00068, 0.00609] P=6 S=51 arc=0.92 lr=0.099 w_ov=0.857 iou=[0.931, 0.93] acc=3
r56 580s L=0.08024 cov=[0.0082, 0.0087] ov=[0.00058, 0.00564] P=6 S=51 arc=0.94 lr=0.097 w_ov=0.89 iou=[0.93, 0.929] acc=0
r57 590s L=0.07562 cov=[0.0085, 0.0087] ov=[0.0006, 0.00514] P=6 S=51 arc=0.94 lr=0.067 w_ov=0.925 iou=[0.929, 0.929] acc=1
r58 599s L=0.07248 cov=[0.0085, 0.0088] ov=[0.00051, 0.00489] P=6 S=51 arc=0.94 lr=0.093 w_ov=0.961 iou=[0.929, 0.928] acc=2
r59 609s L=0.06776 cov=[0.0088, 0.0089] ov=[0.00051, 0.00439] P=6 S=51 arc=0.94 lr=0.064 w_ov=0.995 iou=[0.927, 0.927] acc=1
r60 619s L=0.06401 cov=[0.0089, 0.009] ov=[0.00041, 0.00409] P=6 S=51 arc=0.94 lr=0.088 w_ov=1.04 iou=[0.926, 0.926] acc=0
r61 630s L=0.06018 cov=[0.0089, 0.0092] ov=[0.00036, 0.00373] P=6 S=51 arc=0.94 lr=0.069 w_ov=1.08 iou=[0.927, 0.924] acc=0
r62 640s L=0.05633 cov=[0.0095, 0.0091] ov=[0.00032, 0.00335] P=6 S=51 arc=0.92 lr=0.094 w_ov=1.12 iou=[0.928, 0.924] acc=1
r63 650s L=0.05313 cov=[0.0094, 0.0094] ov=[0.00034, 0.00299] P=6 S=51 arc=0.90 lr=0.081 w_ov=1.16 iou=[0.925, 0.923] acc=3
r64 660s L=0.05124 cov=[0.0094, 0.0094] ov=[0.00037, 0.00277] P=6 S=50 arc=0.92 lr=0.056 w_ov=1.21 iou=[0.924, 0.922] acc=2
r65 670s L=0.04634 cov=[0.0099, 0.0093] ov=[0.00028, 0.00232] P=6 S=50 arc=0.90 lr=0.077 w_ov=1.26 iou=[0.922, 0.921] acc=2
r66 680s L=0.04341 cov=[0.0101, 0.0094] ov=[0.00027, 0.00202] P=6 S=50 arc=0.92 lr=0.053 w_ov=1.31 iou=[0.92, 0.921] acc=1
r67 690s L=0.04039 cov=[0.0101, 0.0096] ov=[0.00021, 0.00175] P=6 S=50 arc=0.92 lr=0.072 w_ov=1.36 iou=[0.919, 0.919] acc=1
r68 700s L=0.03774 cov=[0.0102, 0.0097] ov=[0.00016, 0.00151] P=6 S=50 arc=0.92 lr=0.07 w_ov=1.41 iou=[0.917, 0.918] acc=1
r69 709s L=0.03697 cov=[0.0103, 0.0097] ov=[0.00019, 0.00139] P=6 S=49 arc=0.96 lr=0.077 w_ov=1.47 iou=[0.917, 0.92] acc=1
r70 719s L=0.0354 cov=[0.0106, 0.0096] ov=[0.00019, 0.00123] P=6 S=49 arc=0.94 lr=0.037 w_ov=1.52 iou=[0.916, 0.92] acc=1
r71 728s L=0.03456 cov=[0.0108, 0.0094] ov=[0.00017, 0.00115] P=6 S=49 arc=0.90 lr=0.036 w_ov=1.58 iou=[0.915, 0.919] acc=3
r72 737s L=0.033 cov=[0.0109, 0.0095] ov=[0.00015, 0.00101] P=6 S=49 arc=0.92 lr=0.035 w_ov=1.63 iou=[0.915, 0.92] acc=1
r73 747s L=0.03192 cov=[0.0108, 0.0097] ov=[0.00016, 0.00088] P=6 S=49 arc=0.94 lr=0.068 w_ov=1.69 iou=[0.915, 0.92] acc=0
r74 756s L=0.03099 cov=[0.0108, 0.0098] ov=[0.00013, 0.0008] P=6 S=49 arc=0.94 lr=0.033 w_ov=1.76 iou=[0.914, 0.92] acc=1
r75 765s L=0.03017 cov=[0.0111, 0.0097] ov=[0.0001, 0.00073] P=6 S=49 arc=0.92 lr=0.063 w_ov=1.82 iou=[0.914, 0.919] acc=2
r76 774s L=0.02894 cov=[0.0109, 0.0098] ov=[0.00013, 0.00058] P=6 S=49 arc=0.92 lr=0.054 w_ov=1.88 iou=[0.916, 0.917] acc=0
r77 784s L=0.02842 cov=[0.011, 0.0098] ov=[0.0001, 0.00055] P=6 S=49 arc=0.92 lr=0.059 w_ov=1.95 iou=[0.916, 0.919] acc=1
r78 792s L=0.02811 cov=[0.0109, 0.0099] ov=[8e-05, 0.00054] P=6 S=49 arc=0.94 lr=0.057 w_ov=2.02 iou=[0.916, 0.919] acc=1
r79 801s L=0.02728 cov=[0.0109, 0.0101] ov=[6e-05, 0.00046] P=6 S=49 arc=0.94 lr=0.055 w_ov=2.09 iou=[0.916, 0.918] acc=1
r80 811s L=0.02705 cov=[0.011, 0.0101] ov=[3e-05, 0.00045] P=6 S=49 arc=0.94 lr=0.037 w_ov=2.16 iou=[0.916, 0.918] acc=0
r81 820s L=0.02682 cov=[0.011, 0.0101] ov=[5e-05, 0.00042] P=6 S=49 arc=0.92 lr=0.036 w_ov=2.25 iou=[0.916, 0.918] acc=1
r82 831s L=0.02657 cov=[0.011, 0.01] ov=[6e-05, 0.00039] P=6 S=49 arc=0.92 lr=0.049 w_ov=2.33 iou=[0.915, 0.919] acc=2
r83 841s L=0.02626 cov=[0.0112, 0.0099] ov=[5e-05, 0.00036] P=6 S=49 arc=0.96 lr=0.046 w_ov=2.42 iou=[0.914, 0.919] acc=1
r84 851s L=0.026 cov=[0.0111, 0.01] ov=[3e-05, 0.00035] P=6 S=49 arc=0.98 lr=0.044 w_ov=2.52 iou=[0.914, 0.919] acc=0
r85 859s L=0.026 cov=[0.0111, 0.01] ov=[4e-05, 0.00034] P=6 S=49 arc=0.98 lr=0.021 w_ov=2.62 iou=[0.914, 0.919] acc=0
r86 868s L=0.02577 cov=[0.011, 0.0101] ov=[3e-05, 0.00033] P=6 S=49 arc=0.98 lr=0.041 w_ov=2.7 iou=[0.915, 0.92] acc=1
r87 878s L=0.02553 cov=[0.0111, 0.01] ov=[2e-05, 0.00031] P=6 S=49 arc=0.96 lr=0.027 w_ov=2.8 iou=[0.915, 0.919] acc=2
r88 888s L=0.02532 cov=[0.0109, 0.0101] ov=[2e-05, 0.00029] P=6 S=49 arc=0.96 lr=0.018 w_ov=2.91 iou=[0.914, 0.918] acc=1
r89 897s L=0.02509 cov=[0.011, 0.0101] ov=[1e-05, 0.00028] P=6 S=49 arc=0.96 lr=0.049 w_ov=3.02 iou=[0.915, 0.917] acc=1
r90 906s L=0.02501 cov=[0.0111, 0.0101] ov=[1e-05, 0.00027] P=6 S=49 arc=0.96 lr=0.017 w_ov=3.13 iou=[0.915, 0.918] acc=0
r91 915s L=0.02489 cov=[0.011, 0.0101] ov=[0.0, 0.00026] P=6 S=49 arc=0.96 lr=0.032 w_ov=3.24 iou=[0.914, 0.919] acc=0
r92 925s L=0.02483 cov=[0.011, 0.0102] ov=[1e-05, 0.00024] P=6 S=49 arc=0.94 lr=0.015 w_ov=3.35 iou=[0.915, 0.918] acc=1
r93 935s L=0.02473 cov=[0.011, 0.0102] ov=[1e-05, 0.00024] P=6 S=49 arc=0.92 lr=0.028 w_ov=3.48 iou=[0.915, 0.918] acc=1
r94 944s L=0.02461 cov=[0.011, 0.0102] ov=[1e-05, 0.00022] P=6 S=49 arc=0.92 lr=0.019 w_ov=3.61 iou=[0.914, 0.918] acc=0
r95 953s L=0.02453 cov=[0.0109, 0.0102] ov=[1e-05, 0.00022] P=6 S=49 arc=0.92 lr=0.025 w_ov=3.74 iou=[0.914, 0.918] acc=3
r96 962s L=0.02442 cov=[0.011, 0.0102] ov=[1e-05, 0.00021] P=6 S=49 arc=0.98 lr=0.012 w_ov=3.87 iou=[0.915, 0.917] acc=0
r97 971s L=0.02428 cov=[0.011, 0.0103] ov=[1e-05, 0.00019] P=6 S=49 arc=0.94 lr=0.016 w_ov=4.02 iou=[0.914, 0.917] acc=3
r98 981s L=0.02415 cov=[0.011, 0.0102] ov=[0.0, 0.00018] P=6 S=49 arc=0.96 lr=0.019 w_ov=4.16 iou=[0.913, 0.918] acc=0
r99 990s L=0.02407 cov=[0.011, 0.0103] ov=[0.0, 0.00017] P=6 S=49 arc=0.96 lr=0.014 w_ov=4.31 iou=[0.913, 0.918] acc=0
r100 999s L=0.02396 cov=[0.011, 0.0103] ov=[0.0, 0.00016] P=6 S=49 arc=0.96 lr=0.016 w_ov=4.46 iou=[0.914, 0.918] acc=1
r101 1009s L=0.02388 cov=[0.011, 0.0103] ov=[0.0, 0.00015] P=6 S=49 arc=0.98 lr=0.017 w_ov=4.62 iou=[0.914, 0.917] acc=1
r102 1018s L=0.02372 cov=[0.011, 0.0103] ov=[0.0, 0.00013] P=6 S=49 arc=1.00 lr=0.01 w_ov=4.8 iou=[0.914, 0.917] acc=0
r103 1028s L=0.02366 cov=[0.011, 0.0103] ov=[0.0, 0.00012] P=6 S=49 arc=0.98 lr=0.011 w_ov=4.98 iou=[0.914, 0.917] acc=1
r104 1036s L=0.02361 cov=[0.011, 0.0103] ov=[0.0, 0.00011] P=6 S=49 arc=0.98 lr=0.0069 w_ov=5.16 iou=[0.913, 0.916] acc=0
r105 1045s L=0.02356 cov=[0.011, 0.0103] ov=[0.0, 0.00011] P=6 S=49 arc=0.98 lr=0.013 w_ov=5.33 iou=[0.913, 0.918] acc=0
r106 1055s L=0.02349 cov=[0.011, 0.0103] ov=[0.0, 0.0001] P=6 S=49 arc=0.98 lr=0.006 w_ov=5.52 iou=[0.914, 0.917] acc=0
r107 1064s L=0.02348 cov=[0.011, 0.0103] ov=[0.0, 0.0001] P=6 S=49 arc=0.98 lr=0.0055 w_ov=5.73 iou=[0.913, 0.916] acc=0
r108 1073s L=0.02348 cov=[0.011, 0.0103] ov=[0.0, 0.0001] P=6 S=49 arc=0.98 lr=0.0051 w_ov=5.93 iou=[0.914, 0.917] acc=1
r109 1083s L=0.02343 cov=[0.011, 0.0103] ov=[0.0, 0.0001] P=6 S=49 arc=1.00 lr=0.0047 w_ov=6.15 iou=[0.914, 0.916] acc=0
r110 1093s L=0.0234 cov=[0.0111, 0.0103] ov=[0.0, 9e-05] P=6 S=49 arc=1.00 lr=0.0043 w_ov=6.39 iou=[0.914, 0.916] acc=0
r111 1101s L=0.02337 cov=[0.011, 0.0104] ov=[0.0, 9e-05] P=6 S=49 arc=0.98 lr=0.0078 w_ov=6.63 iou=[0.914, 0.917] acc=1
r112 1110s L=0.02322 cov=[0.011, 0.0104] ov=[0.0, 7e-05] P=6 S=49 arc=0.98 lr=0.0091 w_ov=6.85 iou=[0.914, 0.917] acc=0
r113 1118s L=0.02308 cov=[0.011, 0.0104] ov=[0.0, 5e-05] P=6 S=49 arc=0.98 lr=0.0059 w_ov=7.08 iou=[0.913, 0.916] acc=0
r114 1127s L=0.02298 cov=[0.0111, 0.0104] ov=[0.0, 4e-05] P=6 S=49 arc=0.98 lr=0.011 w_ov=7.31 iou=[0.913, 0.916] acc=0
r115 1136s L=0.02294 cov=[0.0111, 0.0104] ov=[0.0, 3e-05] P=6 S=49 arc=0.98 lr=0.0041 w_ov=7.56 iou=[0.913, 0.916] acc=0
r116 1145s L=0.0229 cov=[0.0111, 0.0104] ov=[0.0, 3e-05] P=6 S=49 arc=0.98 lr=0.0048 w_ov=7.82 iou=[0.912, 0.916] acc=1
r117 1154s L=0.0229 cov=[0.0111, 0.0104] ov=[0.0, 3e-05] P=6 S=49 arc=1.00 lr=0.005 w_ov=8.11 iou=[0.912, 0.917] acc=0
r118 1164s L=0.02287 cov=[0.0111, 0.0104] ov=[0.0, 2e-05] P=6 S=49 arc=1.00 lr=0.0041 w_ov=8.4 iou=[0.912, 0.916] acc=0
r119 1173s L=0.02283 cov=[0.0111, 0.0104] ov=[0.0, 2e-05] P=6 S=49 arc=1.00 lr=0.0028 w_ov=8.71 iou=[0.912, 0.916] acc=0
r120 1182s L=0.02283 cov=[0.0111, 0.0105] ov=[0.0, 2e-05] P=6 S=49 arc=1.00 lr=0.0021 w_ov=9.01 iou=[0.912, 0.916] acc=0
r121 1192s L=0.02281 cov=[0.0111, 0.0104] ov=[0.0, 1e-05] P=6 S=49 arc=1.00 lr=0.0021 w_ov=9.35 iou=[0.912, 0.916] acc=0
r122 1201s L=0.02276 cov=[0.0111, 0.0104] ov=[0.0, 1e-05] P=6 S=49 arc=1.00 lr=0.005 w_ov=9.69 iou=[0.913, 0.915] acc=0
{
 "Split": {
  "proposed": 2732,
  "accepted": 10,
  "scope": "shared",
  "rate": 0.0036603221083455345
 },
 "ToArc": {
  "proposed": 274,
  "accepted": 147,
  "scope": "shared",
  "rate": 0.5364963503649635
 },
 "Rotate": {
  "proposed": 1342,
  "accepted": 0,
  "scope": "per-target",
  "rate": 0.0
 },
 "SwapPoses": {
  "proposed": 724,
  "accepted": 1,
  "scope": "per-target",
  "rate": 0.0013812154696132596
 },
 "Merge": {
  "proposed": 881,
  "accepted": 45,
  "scope": "shared",
  "rate": 0.0510783200908059
 },
 "MergeClose": {
  "proposed": 9,
  "accepted": 1,
  "scope": "shared",
  "rate": 0.1111111111111111
 },
 "ToLine": {
  "proposed": 1910,
  "accepted": 82,
  "scope": "shared",
  "rate": 0.04293193717277487
 }
}
EVAL avg_chamfer=4.118 avg_hausdorff=18.963 pieces=6->6 loss=0.022755
